Copyright 1986-2020 Xilinx, Inc. All Rights Reserved.
-----------------------------------------------------------------------------------------------------------------------------------------------------------------------------------------------------------------------
| Tool Version : Vivado v.2020.2 (win64) Build 3064766 Wed Nov 18 09:12:45 MST 2020
| Date         : Sat Sep 26 20:03:53 2026
| Host         : DESKTOP-7CFQ9ND running 64-bit major release  (build 9200)
| Command      : report_timing -from {{u_enc_rq/param3_reg[69]/C}} -max_paths 3 -nworst 1 -input_pins -delay_type max -file D:/2609_final_project/cnn_rtl/docs/E-02a_runs/encoder_performance_10.000/requant_paths.rpt
| Design       : CNN_Encoder
| Device       : 7z020-clg400
| Speed File   : -1  PRODUCTION 1.12 2019-11-22
-----------------------------------------------------------------------------------------------------------------------------------------------------------------------------------------------------------------------

Timing Report

Slack (VIOLATED) :        -2.986ns  (required time - arrival time)
  Source:                 u_enc_rq/param3_reg[69]/C
                            (rising edge-triggered cell FDRE clocked by ACLK  {rise@0.000ns fall@5.000ns period=10.000ns})
  Destination:            u_enc_rq/rq_reg[2]/R
                            (rising edge-triggered cell FDRE clocked by ACLK  {rise@0.000ns fall@5.000ns period=10.000ns})
  Path Group:             ACLK
  Path Type:              Setup (Max at Slow Process Corner)
  Requirement:            10.000ns  (ACLK rise@10.000ns - ACLK rise@0.000ns)
  Data Path Delay:        12.378ns  (logic 4.939ns (39.901%)  route 7.439ns (60.099%))
  Logic Levels:           28  (CARRY4=20 LUT2=1 LUT3=1 LUT5=1 LUT6=5)
  Clock Path Skew:        -0.049ns (DCD - SCD + CPR)
    Destination Clock Delay (DCD):    0.924ns = ( 10.924 - 10.000 ) 
    Source Clock Delay      (SCD):    0.973ns
    Clock Pessimism Removal (CPR):    0.000ns
  Clock Uncertainty:      0.035ns  ((TSJ^2 + TIJ^2)^1/2 + DJ) / 2 + PE
    Total System Jitter     (TSJ):    0.071ns
    Total Input Jitter      (TIJ):    0.000ns
    Discrete Jitter          (DJ):    0.000ns
    Phase Error              (PE):    0.000ns

    Location             Delay type                Incr(ns)  Path(ns)    Netlist Resource(s)
  -------------------------------------------------------------------    -------------------
                         (clock ACLK rise edge)       0.000     0.000 r  
                                                      0.000     0.000 r  clk (IN)
                         net (fo=3715, unset)         0.973     0.973    u_enc_rq/clk
    SLICE_X29Y62         FDRE                                         r  u_enc_rq/param3_reg[69]/C
  -------------------------------------------------------------------    -------------------
    SLICE_X29Y62         FDRE (Prop_fdre_C_Q)         0.456     1.429 r  u_enc_rq/param3_reg[69]/Q
                         net (fo=160, routed)         1.072     2.501    u_enc_rq/p_0_in[5]
    SLICE_X29Y63                                                      r  u_enc_rq/rq[7]_i_695/I0
    SLICE_X29Y63         LUT6 (Prop_lut6_I0_O)        0.124     2.625 r  u_enc_rq/rq[7]_i_695/O
                         net (fo=16, routed)          0.701     3.327    u_enc_rq/rq[7]_i_695_n_0
    SLICE_X28Y62                                                      r  u_enc_rq/rq[7]_i_562/I4
    SLICE_X28Y62         LUT5 (Prop_lut5_I4_O)        0.124     3.451 r  u_enc_rq/rq[7]_i_562/O
                         net (fo=1, routed)           0.000     3.451    u_enc_rq/rq[7]_i_562_n_0
    SLICE_X28Y62                                                      r  u_enc_rq/rq_reg[7]_i_334/S[0]
    SLICE_X28Y62         CARRY4 (Prop_carry4_S[0]_CO[3])
                                                      0.532     3.983 r  u_enc_rq/rq_reg[7]_i_334/CO[3]
                         net (fo=1, routed)           0.000     3.983    u_enc_rq/rq_reg[7]_i_334_n_0
    SLICE_X28Y63                                                      r  u_enc_rq/rq_reg[7]_i_328/CI
    SLICE_X28Y63         CARRY4 (Prop_carry4_CI_CO[3])
                                                      0.114     4.097 r  u_enc_rq/rq_reg[7]_i_328/CO[3]
                         net (fo=1, routed)           0.000     4.097    u_enc_rq/rq_reg[7]_i_328_n_0
    SLICE_X28Y64                                                      r  u_enc_rq/rq_reg[7]_i_331/CI
    SLICE_X28Y64         CARRY4 (Prop_carry4_CI_CO[3])
                                                      0.114     4.211 r  u_enc_rq/rq_reg[7]_i_331/CO[3]
                         net (fo=1, routed)           0.000     4.211    u_enc_rq/rq_reg[7]_i_331_n_0
    SLICE_X28Y65                                                      r  u_enc_rq/rq_reg[7]_i_325/CI
    SLICE_X28Y65         CARRY4 (Prop_carry4_CI_CO[3])
                                                      0.114     4.325 r  u_enc_rq/rq_reg[7]_i_325/CO[3]
                         net (fo=1, routed)           0.000     4.325    u_enc_rq/rq_reg[7]_i_325_n_0
    SLICE_X28Y66                                                      r  u_enc_rq/rq_reg[7]_i_332/CI
    SLICE_X28Y66         CARRY4 (Prop_carry4_CI_CO[3])
                                                      0.114     4.439 r  u_enc_rq/rq_reg[7]_i_332/CO[3]
                         net (fo=1, routed)           0.000     4.439    u_enc_rq/rq_reg[7]_i_332_n_0
    SLICE_X28Y67                                                      r  u_enc_rq/rq_reg[7]_i_326/CI
    SLICE_X28Y67         CARRY4 (Prop_carry4_CI_CO[3])
                                                      0.114     4.553 r  u_enc_rq/rq_reg[7]_i_326/CO[3]
                         net (fo=1, routed)           0.000     4.553    u_enc_rq/rq_reg[7]_i_326_n_0
    SLICE_X28Y68                                                      r  u_enc_rq/rq_reg[7]_i_329/CI
    SLICE_X28Y68         CARRY4 (Prop_carry4_CI_CO[3])
                                                      0.114     4.667 r  u_enc_rq/rq_reg[7]_i_329/CO[3]
                         net (fo=1, routed)           0.000     4.667    u_enc_rq/rq_reg[7]_i_329_n_0
    SLICE_X28Y69                                                      r  u_enc_rq/rq_reg[7]_i_323/CI
    SLICE_X28Y69         CARRY4 (Prop_carry4_CI_CO[3])
                                                      0.114     4.781 r  u_enc_rq/rq_reg[7]_i_323/CO[3]
                         net (fo=1, routed)           0.000     4.781    u_enc_rq/rq_reg[7]_i_323_n_0
    SLICE_X28Y70                                                      r  u_enc_rq/rq_reg[7]_i_333/CI
    SLICE_X28Y70         CARRY4 (Prop_carry4_CI_CO[3])
                                                      0.114     4.895 r  u_enc_rq/rq_reg[7]_i_333/CO[3]
                         net (fo=1, routed)           0.000     4.895    u_enc_rq/rq_reg[7]_i_333_n_0
    SLICE_X28Y71                                                      r  u_enc_rq/rq_reg[7]_i_327/CI
    SLICE_X28Y71         CARRY4 (Prop_carry4_CI_CO[3])
                                                      0.114     5.009 r  u_enc_rq/rq_reg[7]_i_327/CO[3]
                         net (fo=1, routed)           0.000     5.009    u_enc_rq/rq_reg[7]_i_327_n_0
    SLICE_X28Y72                                                      r  u_enc_rq/rq_reg[7]_i_330/CI
    SLICE_X28Y72         CARRY4 (Prop_carry4_CI_CO[3])
                                                      0.114     5.123 r  u_enc_rq/rq_reg[7]_i_330/CO[3]
                         net (fo=1, routed)           0.000     5.123    u_enc_rq/rq_reg[7]_i_330_n_0
    SLICE_X28Y73                                                      r  u_enc_rq/rq_reg[7]_i_324/CI
    SLICE_X28Y73         CARRY4 (Prop_carry4_CI_CO[3])
                                                      0.114     5.237 r  u_enc_rq/rq_reg[7]_i_324/CO[3]
                         net (fo=1, routed)           0.000     5.237    u_enc_rq/rq_reg[7]_i_324_n_0
    SLICE_X28Y74                                                      r  u_enc_rq/rq_reg[7]_i_253/CI
    SLICE_X28Y74         CARRY4 (Prop_carry4_CI_CO[3])
                                                      0.114     5.351 r  u_enc_rq/rq_reg[7]_i_253/CO[3]
                         net (fo=1, routed)           0.009     5.360    u_enc_rq/rq_reg[7]_i_253_n_0
    SLICE_X28Y75                                                      r  u_enc_rq/rq_reg[7]_i_115/CI
    SLICE_X28Y75         CARRY4 (Prop_carry4_CI_O[3])
                                                      0.313     5.673 f  u_enc_rq/rq_reg[7]_i_115/O[3]
                         net (fo=64, routed)          0.792     6.465    u_enc_rq/rq_reg[7]_i_115_n_4
    SLICE_X27Y73                                                      f  u_enc_rq/rq[7]_i_166/I0
    SLICE_X27Y73         LUT6 (Prop_lut6_I0_O)        0.306     6.771 f  u_enc_rq/rq[7]_i_166/O
                         net (fo=4, routed)           0.716     7.487    u_enc_rq/rq[7]_i_166_n_0
    SLICE_X27Y75                                                      f  u_enc_rq/rq[7]_i_965/I1
    SLICE_X27Y75         LUT6 (Prop_lut6_I1_O)        0.124     7.611 f  u_enc_rq/rq[7]_i_965/O
                         net (fo=2, routed)           0.590     8.201    u_enc_rq/rq[7]_i_965_n_0
    SLICE_X29Y77                                                      f  u_enc_rq/rq[7]_i_855/I2
    SLICE_X29Y77         LUT3 (Prop_lut3_I2_O)        0.124     8.325 f  u_enc_rq/rq[7]_i_855/O
                         net (fo=2, routed)           1.281     9.606    u_enc_rq/rq[7]_i_855_n_0
    SLICE_X39Y75                                                      f  u_enc_rq/rq[7]_i_729/I3
    SLICE_X39Y75         LUT6 (Prop_lut6_I3_O)        0.124     9.730 f  u_enc_rq/rq[7]_i_729/O
                         net (fo=4, routed)           0.721    10.451    u_enc_rq/rq[7]_i_729_n_0
    SLICE_X36Y77                                                      f  u_enc_rq/rq[7]_i_580/I2
    SLICE_X36Y77         LUT6 (Prop_lut6_I2_O)        0.124    10.575 r  u_enc_rq/rq[7]_i_580/O
                         net (fo=1, routed)           0.379    10.954    u_enc_rq/rq[7]_i_580_n_0
    SLICE_X37Y77                                                      r  u_enc_rq/rq_reg[7]_i_369/DI[0]
    SLICE_X37Y77         CARRY4 (Prop_carry4_DI[0]_CO[3])
                                                      0.526    11.480 r  u_enc_rq/rq_reg[7]_i_369/CO[3]
                         net (fo=1, routed)           0.000    11.480    u_enc_rq/rq_reg[7]_i_369_n_0
    SLICE_X37Y78                                                      r  u_enc_rq/rq_reg[7]_i_208/CI
    SLICE_X37Y78         CARRY4 (Prop_carry4_CI_CO[3])
                                                      0.114    11.594 r  u_enc_rq/rq_reg[7]_i_208/CO[3]
                         net (fo=1, routed)           0.000    11.594    u_enc_rq/rq_reg[7]_i_208_n_0
    SLICE_X37Y79                                                      r  u_enc_rq/rq_reg[7]_i_97/CI
    SLICE_X37Y79         CARRY4 (Prop_carry4_CI_CO[3])
                                                      0.114    11.708 r  u_enc_rq/rq_reg[7]_i_97/CO[3]
                         net (fo=1, routed)           0.000    11.708    u_enc_rq/rq_reg[7]_i_97_n_0
    SLICE_X37Y80                                                      r  u_enc_rq/rq_reg[7]_i_34/CI
    SLICE_X37Y80         CARRY4 (Prop_carry4_CI_CO[3])
                                                      0.114    11.822 r  u_enc_rq/rq_reg[7]_i_34/CO[3]
                         net (fo=1, routed)           0.000    11.822    u_enc_rq/rq_reg[7]_i_34_n_0
    SLICE_X37Y81                                                      r  u_enc_rq/rq_reg[7]_i_8/CI
    SLICE_X37Y81         CARRY4 (Prop_carry4_CI_CO[3])
                                                      0.114    11.936 r  u_enc_rq/rq_reg[7]_i_8/CO[3]
                         net (fo=1, routed)           0.000    11.936    u_enc_rq/rq_reg[7]_i_8_n_0
    SLICE_X37Y82                                                      r  u_enc_rq/rq_reg[7]_i_3/CI
    SLICE_X37Y82         CARRY4 (Prop_carry4_CI_CO[3])
                                                      0.114    12.050 r  u_enc_rq/rq_reg[7]_i_3/CO[3]
                         net (fo=2, routed)           0.631    12.681    u_enc_rq/acc_sat1
    SLICE_X36Y83                                                      r  u_enc_rq/rq[7]_i_1/I1
    SLICE_X36Y83         LUT2 (Prop_lut2_I1_O)        0.124    12.805 r  u_enc_rq/rq[7]_i_1/O
                         net (fo=7, routed)           0.546    13.351    u_enc_rq/rq[7]_i_1_n_0
    SLICE_X38Y84         FDRE                                         r  u_enc_rq/rq_reg[2]/R
  -------------------------------------------------------------------    -------------------

                         (clock ACLK rise edge)      10.000    10.000 r  
                                                      0.000    10.000 r  clk (IN)
                         net (fo=3715, unset)         0.924    10.924    u_enc_rq/clk
    SLICE_X38Y84         FDRE                                         r  u_enc_rq/rq_reg[2]/C
                         clock pessimism              0.000    10.924    
                         clock uncertainty           -0.035    10.889    
    SLICE_X38Y84         FDRE (Setup_fdre_C_R)       -0.524    10.365    u_enc_rq/rq_reg[2]
  -------------------------------------------------------------------
                         required time                         10.365    
                         arrival time                         -13.351    
  -------------------------------------------------------------------
                         slack                                 -2.986    

Slack (VIOLATED) :        -2.986ns  (required time - arrival time)
  Source:                 u_enc_rq/param3_reg[69]/C
                            (rising edge-triggered cell FDRE clocked by ACLK  {rise@0.000ns fall@5.000ns period=10.000ns})
  Destination:            u_enc_rq/rq_reg[3]/R
                            (rising edge-triggered cell FDRE clocked by ACLK  {rise@0.000ns fall@5.000ns period=10.000ns})
  Path Group:             ACLK
  Path Type:              Setup (Max at Slow Process Corner)
  Requirement:            10.000ns  (ACLK rise@10.000ns - ACLK rise@0.000ns)
  Data Path Delay:        12.378ns  (logic 4.939ns (39.901%)  route 7.439ns (60.099%))
  Logic Levels:           28  (CARRY4=20 LUT2=1 LUT3=1 LUT5=1 LUT6=5)
  Clock Path Skew:        -0.049ns (DCD - SCD + CPR)
    Destination Clock Delay (DCD):    0.924ns = ( 10.924 - 10.000 ) 
    Source Clock Delay      (SCD):    0.973ns
    Clock Pessimism Removal (CPR):    0.000ns
  Clock Uncertainty:      0.035ns  ((TSJ^2 + TIJ^2)^1/2 + DJ) / 2 + PE
    Total System Jitter     (TSJ):    0.071ns
    Total Input Jitter      (TIJ):    0.000ns
    Discrete Jitter          (DJ):    0.000ns
    Phase Error              (PE):    0.000ns

    Location             Delay type                Incr(ns)  Path(ns)    Netlist Resource(s)
  -------------------------------------------------------------------    -------------------
                         (clock ACLK rise edge)       0.000     0.000 r  
                                                      0.000     0.000 r  clk (IN)
                         net (fo=3715, unset)         0.973     0.973    u_enc_rq/clk
    SLICE_X29Y62         FDRE                                         r  u_enc_rq/param3_reg[69]/C
  -------------------------------------------------------------------    -------------------
    SLICE_X29Y62         FDRE (Prop_fdre_C_Q)         0.456     1.429 r  u_enc_rq/param3_reg[69]/Q
                         net (fo=160, routed)         1.072     2.501    u_enc_rq/p_0_in[5]
    SLICE_X29Y63                                                      r  u_enc_rq/rq[7]_i_695/I0
    SLICE_X29Y63         LUT6 (Prop_lut6_I0_O)        0.124     2.625 r  u_enc_rq/rq[7]_i_695/O
                         net (fo=16, routed)          0.701     3.327    u_enc_rq/rq[7]_i_695_n_0
    SLICE_X28Y62                                                      r  u_enc_rq/rq[7]_i_562/I4
    SLICE_X28Y62         LUT5 (Prop_lut5_I4_O)        0.124     3.451 r  u_enc_rq/rq[7]_i_562/O
                         net (fo=1, routed)           0.000     3.451    u_enc_rq/rq[7]_i_562_n_0
    SLICE_X28Y62                                                      r  u_enc_rq/rq_reg[7]_i_334/S[0]
    SLICE_X28Y62         CARRY4 (Prop_carry4_S[0]_CO[3])
                                                      0.532     3.983 r  u_enc_rq/rq_reg[7]_i_334/CO[3]
                         net (fo=1, routed)           0.000     3.983    u_enc_rq/rq_reg[7]_i_334_n_0
    SLICE_X28Y63                                                      r  u_enc_rq/rq_reg[7]_i_328/CI
    SLICE_X28Y63         CARRY4 (Prop_carry4_CI_CO[3])
                                                      0.114     4.097 r  u_enc_rq/rq_reg[7]_i_328/CO[3]
                         net (fo=1, routed)           0.000     4.097    u_enc_rq/rq_reg[7]_i_328_n_0
    SLICE_X28Y64                                                      r  u_enc_rq/rq_reg[7]_i_331/CI
    SLICE_X28Y64         CARRY4 (Prop_carry4_CI_CO[3])
                                                      0.114     4.211 r  u_enc_rq/rq_reg[7]_i_331/CO[3]
                         net (fo=1, routed)           0.000     4.211    u_enc_rq/rq_reg[7]_i_331_n_0
    SLICE_X28Y65                                                      r  u_enc_rq/rq_reg[7]_i_325/CI
    SLICE_X28Y65         CARRY4 (Prop_carry4_CI_CO[3])
                                                      0.114     4.325 r  u_enc_rq/rq_reg[7]_i_325/CO[3]
                         net (fo=1, routed)           0.000     4.325    u_enc_rq/rq_reg[7]_i_325_n_0
    SLICE_X28Y66                                                      r  u_enc_rq/rq_reg[7]_i_332/CI
    SLICE_X28Y66         CARRY4 (Prop_carry4_CI_CO[3])
                                                      0.114     4.439 r  u_enc_rq/rq_reg[7]_i_332/CO[3]
                         net (fo=1, routed)           0.000     4.439    u_enc_rq/rq_reg[7]_i_332_n_0
    SLICE_X28Y67                                                      r  u_enc_rq/rq_reg[7]_i_326/CI
    SLICE_X28Y67         CARRY4 (Prop_carry4_CI_CO[3])
                                                      0.114     4.553 r  u_enc_rq/rq_reg[7]_i_326/CO[3]
                         net (fo=1, routed)           0.000     4.553    u_enc_rq/rq_reg[7]_i_326_n_0
    SLICE_X28Y68                                                      r  u_enc_rq/rq_reg[7]_i_329/CI
    SLICE_X28Y68         CARRY4 (Prop_carry4_CI_CO[3])
                                                      0.114     4.667 r  u_enc_rq/rq_reg[7]_i_329/CO[3]
                         net (fo=1, routed)           0.000     4.667    u_enc_rq/rq_reg[7]_i_329_n_0
    SLICE_X28Y69                                                      r  u_enc_rq/rq_reg[7]_i_323/CI
    SLICE_X28Y69         CARRY4 (Prop_carry4_CI_CO[3])
                                                      0.114     4.781 r  u_enc_rq/rq_reg[7]_i_323/CO[3]
                         net (fo=1, routed)           0.000     4.781    u_enc_rq/rq_reg[7]_i_323_n_0
    SLICE_X28Y70                                                      r  u_enc_rq/rq_reg[7]_i_333/CI
    SLICE_X28Y70         CARRY4 (Prop_carry4_CI_CO[3])
                                                      0.114     4.895 r  u_enc_rq/rq_reg[7]_i_333/CO[3]
                         net (fo=1, routed)           0.000     4.895    u_enc_rq/rq_reg[7]_i_333_n_0
    SLICE_X28Y71                                                      r  u_enc_rq/rq_reg[7]_i_327/CI
    SLICE_X28Y71         CARRY4 (Prop_carry4_CI_CO[3])
                                                      0.114     5.009 r  u_enc_rq/rq_reg[7]_i_327/CO[3]
                         net (fo=1, routed)           0.000     5.009    u_enc_rq/rq_reg[7]_i_327_n_0
    SLICE_X28Y72                                                      r  u_enc_rq/rq_reg[7]_i_330/CI
    SLICE_X28Y72         CARRY4 (Prop_carry4_CI_CO[3])
                                                      0.114     5.123 r  u_enc_rq/rq_reg[7]_i_330/CO[3]
                         net (fo=1, routed)           0.000     5.123    u_enc_rq/rq_reg[7]_i_330_n_0
    SLICE_X28Y73                                                      r  u_enc_rq/rq_reg[7]_i_324/CI
    SLICE_X28Y73         CARRY4 (Prop_carry4_CI_CO[3])
                                                      0.114     5.237 r  u_enc_rq/rq_reg[7]_i_324/CO[3]
                         net (fo=1, routed)           0.000     5.237    u_enc_rq/rq_reg[7]_i_324_n_0
    SLICE_X28Y74                                                      r  u_enc_rq/rq_reg[7]_i_253/CI
    SLICE_X28Y74         CARRY4 (Prop_carry4_CI_CO[3])
                                                      0.114     5.351 r  u_enc_rq/rq_reg[7]_i_253/CO[3]
                         net (fo=1, routed)           0.009     5.360    u_enc_rq/rq_reg[7]_i_253_n_0
    SLICE_X28Y75                                                      r  u_enc_rq/rq_reg[7]_i_115/CI
    SLICE_X28Y75         CARRY4 (Prop_carry4_CI_O[3])
                                                      0.313     5.673 f  u_enc_rq/rq_reg[7]_i_115/O[3]
                         net (fo=64, routed)          0.792     6.465    u_enc_rq/rq_reg[7]_i_115_n_4
    SLICE_X27Y73                                                      f  u_enc_rq/rq[7]_i_166/I0
    SLICE_X27Y73         LUT6 (Prop_lut6_I0_O)        0.306     6.771 f  u_enc_rq/rq[7]_i_166/O
                         net (fo=4, routed)           0.716     7.487    u_enc_rq/rq[7]_i_166_n_0
    SLICE_X27Y75                                                      f  u_enc_rq/rq[7]_i_965/I1
    SLICE_X27Y75         LUT6 (Prop_lut6_I1_O)        0.124     7.611 f  u_enc_rq/rq[7]_i_965/O
                         net (fo=2, routed)           0.590     8.201    u_enc_rq/rq[7]_i_965_n_0
    SLICE_X29Y77                                                      f  u_enc_rq/rq[7]_i_855/I2
    SLICE_X29Y77         LUT3 (Prop_lut3_I2_O)        0.124     8.325 f  u_enc_rq/rq[7]_i_855/O
                         net (fo=2, routed)           1.281     9.606    u_enc_rq/rq[7]_i_855_n_0
    SLICE_X39Y75                                                      f  u_enc_rq/rq[7]_i_729/I3
    SLICE_X39Y75         LUT6 (Prop_lut6_I3_O)        0.124     9.730 f  u_enc_rq/rq[7]_i_729/O
                         net (fo=4, routed)           0.721    10.451    u_enc_rq/rq[7]_i_729_n_0
    SLICE_X36Y77                                                      f  u_enc_rq/rq[7]_i_580/I2
    SLICE_X36Y77         LUT6 (Prop_lut6_I2_O)        0.124    10.575 r  u_enc_rq/rq[7]_i_580/O
                         net (fo=1, routed)           0.379    10.954    u_enc_rq/rq[7]_i_580_n_0
    SLICE_X37Y77                                                      r  u_enc_rq/rq_reg[7]_i_369/DI[0]
    SLICE_X37Y77         CARRY4 (Prop_carry4_DI[0]_CO[3])
                                                      0.526    11.480 r  u_enc_rq/rq_reg[7]_i_369/CO[3]
                         net (fo=1, routed)           0.000    11.480    u_enc_rq/rq_reg[7]_i_369_n_0
    SLICE_X37Y78                                                      r  u_enc_rq/rq_reg[7]_i_208/CI
    SLICE_X37Y78         CARRY4 (Prop_carry4_CI_CO[3])
                                                      0.114    11.594 r  u_enc_rq/rq_reg[7]_i_208/CO[3]
                         net (fo=1, routed)           0.000    11.594    u_enc_rq/rq_reg[7]_i_208_n_0
    SLICE_X37Y79                                                      r  u_enc_rq/rq_reg[7]_i_97/CI
    SLICE_X37Y79         CARRY4 (Prop_carry4_CI_CO[3])
                                                      0.114    11.708 r  u_enc_rq/rq_reg[7]_i_97/CO[3]
                         net (fo=1, routed)           0.000    11.708    u_enc_rq/rq_reg[7]_i_97_n_0
    SLICE_X37Y80                                                      r  u_enc_rq/rq_reg[7]_i_34/CI
    SLICE_X37Y80         CARRY4 (Prop_carry4_CI_CO[3])
                                                      0.114    11.822 r  u_enc_rq/rq_reg[7]_i_34/CO[3]
                         net (fo=1, routed)           0.000    11.822    u_enc_rq/rq_reg[7]_i_34_n_0
    SLICE_X37Y81                                                      r  u_enc_rq/rq_reg[7]_i_8/CI
    SLICE_X37Y81         CARRY4 (Prop_carry4_CI_CO[3])
                                                      0.114    11.936 r  u_enc_rq/rq_reg[7]_i_8/CO[3]
                         net (fo=1, routed)           0.000    11.936    u_enc_rq/rq_reg[7]_i_8_n_0
    SLICE_X37Y82                                                      r  u_enc_rq/rq_reg[7]_i_3/CI
    SLICE_X37Y82         CARRY4 (Prop_carry4_CI_CO[3])
                                                      0.114    12.050 r  u_enc_rq/rq_reg[7]_i_3/CO[3]
                         net (fo=2, routed)           0.631    12.681    u_enc_rq/acc_sat1
    SLICE_X36Y83                                                      r  u_enc_rq/rq[7]_i_1/I1
    SLICE_X36Y83         LUT2 (Prop_lut2_I1_O)        0.124    12.805 r  u_enc_rq/rq[7]_i_1/O
                         net (fo=7, routed)           0.546    13.351    u_enc_rq/rq[7]_i_1_n_0
    SLICE_X38Y84         FDRE                                         r  u_enc_rq/rq_reg[3]/R
  -------------------------------------------------------------------    -------------------

                         (clock ACLK rise edge)      10.000    10.000 r  
                                                      0.000    10.000 r  clk (IN)
                         net (fo=3715, unset)         0.924    10.924    u_enc_rq/clk
    SLICE_X38Y84         FDRE                                         r  u_enc_rq/rq_reg[3]/C
                         clock pessimism              0.000    10.924    
                         clock uncertainty           -0.035    10.889    
    SLICE_X38Y84         FDRE (Setup_fdre_C_R)       -0.524    10.365    u_enc_rq/rq_reg[3]
  -------------------------------------------------------------------
                         required time                         10.365    
                         arrival time                         -13.351    
  -------------------------------------------------------------------
                         slack                                 -2.986    

Slack (VIOLATED) :        -2.986ns  (required time - arrival time)
  Source:                 u_enc_rq/param3_reg[69]/C
                            (rising edge-triggered cell FDRE clocked by ACLK  {rise@0.000ns fall@5.000ns period=10.000ns})
  Destination:            u_enc_rq/rq_reg[6]/R
                            (rising edge-triggered cell FDRE clocked by ACLK  {rise@0.000ns fall@5.000ns period=10.000ns})
  Path Group:             ACLK
  Path Type:              Setup (Max at Slow Process Corner)
  Requirement:            10.000ns  (ACLK rise@10.000ns - ACLK rise@0.000ns)
  Data Path Delay:        12.378ns  (logic 4.939ns (39.901%)  route 7.439ns (60.099%))
  Logic Levels:           28  (CARRY4=20 LUT2=1 LUT3=1 LUT5=1 LUT6=5)
  Clock Path Skew:        -0.049ns (DCD - SCD + CPR)
    Destination Clock Delay (DCD):    0.924ns = ( 10.924 - 10.000 ) 
    Source Clock Delay      (SCD):    0.973ns
    Clock Pessimism Removal (CPR):    0.000ns
  Clock Uncertainty:      0.035ns  ((TSJ^2 + TIJ^2)^1/2 + DJ) / 2 + PE
    Total System Jitter     (TSJ):    0.071ns
    Total Input Jitter      (TIJ):    0.000ns
    Discrete Jitter          (DJ):    0.000ns
    Phase Error              (PE):    0.000ns

    Location             Delay type                Incr(ns)  Path(ns)    Netlist Resource(s)
  -------------------------------------------------------------------    -------------------
                         (clock ACLK rise edge)       0.000     0.000 r  
                                                      0.000     0.000 r  clk (IN)
                         net (fo=3715, unset)         0.973     0.973    u_enc_rq/clk
    SLICE_X29Y62         FDRE                                         r  u_enc_rq/param3_reg[69]/C
  -------------------------------------------------------------------    -------------------
    SLICE_X29Y62         FDRE (Prop_fdre_C_Q)         0.456     1.429 r  u_enc_rq/param3_reg[69]/Q
                         net (fo=160, routed)         1.072     2.501    u_enc_rq/p_0_in[5]
    SLICE_X29Y63                                                      r  u_enc_rq/rq[7]_i_695/I0
    SLICE_X29Y63         LUT6 (Prop_lut6_I0_O)        0.124     2.625 r  u_enc_rq/rq[7]_i_695/O
                         net (fo=16, routed)          0.701     3.327    u_enc_rq/rq[7]_i_695_n_0
    SLICE_X28Y62                                                      r  u_enc_rq/rq[7]_i_562/I4
    SLICE_X28Y62         LUT5 (Prop_lut5_I4_O)        0.124     3.451 r  u_enc_rq/rq[7]_i_562/O
                         net (fo=1, routed)           0.000     3.451    u_enc_rq/rq[7]_i_562_n_0
    SLICE_X28Y62                                                      r  u_enc_rq/rq_reg[7]_i_334/S[0]
    SLICE_X28Y62         CARRY4 (Prop_carry4_S[0]_CO[3])
                                                      0.532     3.983 r  u_enc_rq/rq_reg[7]_i_334/CO[3]
                         net (fo=1, routed)           0.000     3.983    u_enc_rq/rq_reg[7]_i_334_n_0
    SLICE_X28Y63                                                      r  u_enc_rq/rq_reg[7]_i_328/CI
    SLICE_X28Y63         CARRY4 (Prop_carry4_CI_CO[3])
                                                      0.114     4.097 r  u_enc_rq/rq_reg[7]_i_328/CO[3]
                         net (fo=1, routed)           0.000     4.097    u_enc_rq/rq_reg[7]_i_328_n_0
    SLICE_X28Y64                                                      r  u_enc_rq/rq_reg[7]_i_331/CI
    SLICE_X28Y64         CARRY4 (Prop_carry4_CI_CO[3])
                                                      0.114     4.211 r  u_enc_rq/rq_reg[7]_i_331/CO[3]
                         net (fo=1, routed)           0.000     4.211    u_enc_rq/rq_reg[7]_i_331_n_0
    SLICE_X28Y65                                                      r  u_enc_rq/rq_reg[7]_i_325/CI
    SLICE_X28Y65         CARRY4 (Prop_carry4_CI_CO[3])
                                                      0.114     4.325 r  u_enc_rq/rq_reg[7]_i_325/CO[3]
                         net (fo=1, routed)           0.000     4.325    u_enc_rq/rq_reg[7]_i_325_n_0
    SLICE_X28Y66                                                      r  u_enc_rq/rq_reg[7]_i_332/CI
    SLICE_X28Y66         CARRY4 (Prop_carry4_CI_CO[3])
                                                      0.114     4.439 r  u_enc_rq/rq_reg[7]_i_332/CO[3]
                         net (fo=1, routed)           0.000     4.439    u_enc_rq/rq_reg[7]_i_332_n_0
    SLICE_X28Y67                                                      r  u_enc_rq/rq_reg[7]_i_326/CI
    SLICE_X28Y67         CARRY4 (Prop_carry4_CI_CO[3])
                                                      0.114     4.553 r  u_enc_rq/rq_reg[7]_i_326/CO[3]
                         net (fo=1, routed)           0.000     4.553    u_enc_rq/rq_reg[7]_i_326_n_0
    SLICE_X28Y68                                                      r  u_enc_rq/rq_reg[7]_i_329/CI
    SLICE_X28Y68         CARRY4 (Prop_carry4_CI_CO[3])
                                                      0.114     4.667 r  u_enc_rq/rq_reg[7]_i_329/CO[3]
                         net (fo=1, routed)           0.000     4.667    u_enc_rq/rq_reg[7]_i_329_n_0
    SLICE_X28Y69                                                      r  u_enc_rq/rq_reg[7]_i_323/CI
    SLICE_X28Y69         CARRY4 (Prop_carry4_CI_CO[3])
                                                      0.114     4.781 r  u_enc_rq/rq_reg[7]_i_323/CO[3]
                         net (fo=1, routed)           0.000     4.781    u_enc_rq/rq_reg[7]_i_323_n_0
    SLICE_X28Y70                                                      r  u_enc_rq/rq_reg[7]_i_333/CI
    SLICE_X28Y70         CARRY4 (Prop_carry4_CI_CO[3])
                                                      0.114     4.895 r  u_enc_rq/rq_reg[7]_i_333/CO[3]
                         net (fo=1, routed)           0.000     4.895    u_enc_rq/rq_reg[7]_i_333_n_0
    SLICE_X28Y71                                                      r  u_enc_rq/rq_reg[7]_i_327/CI
    SLICE_X28Y71         CARRY4 (Prop_carry4_CI_CO[3])
                                                      0.114     5.009 r  u_enc_rq/rq_reg[7]_i_327/CO[3]
                         net (fo=1, routed)           0.000     5.009    u_enc_rq/rq_reg[7]_i_327_n_0
    SLICE_X28Y72                                                      r  u_enc_rq/rq_reg[7]_i_330/CI
    SLICE_X28Y72         CARRY4 (Prop_carry4_CI_CO[3])
                                                      0.114     5.123 r  u_enc_rq/rq_reg[7]_i_330/CO[3]
                         net (fo=1, routed)           0.000     5.123    u_enc_rq/rq_reg[7]_i_330_n_0
    SLICE_X28Y73                                                      r  u_enc_rq/rq_reg[7]_i_324/CI
    SLICE_X28Y73         CARRY4 (Prop_carry4_CI_CO[3])
                                                      0.114     5.237 r  u_enc_rq/rq_reg[7]_i_324/CO[3]
                         net (fo=1, routed)           0.000     5.237    u_enc_rq/rq_reg[7]_i_324_n_0
    SLICE_X28Y74                                                      r  u_enc_rq/rq_reg[7]_i_253/CI
    SLICE_X28Y74         CARRY4 (Prop_carry4_CI_CO[3])
                                                      0.114     5.351 r  u_enc_rq/rq_reg[7]_i_253/CO[3]
                         net (fo=1, routed)           0.009     5.360    u_enc_rq/rq_reg[7]_i_253_n_0
    SLICE_X28Y75                                                      r  u_enc_rq/rq_reg[7]_i_115/CI
    SLICE_X28Y75         CARRY4 (Prop_carry4_CI_O[3])
                                                      0.313     5.673 f  u_enc_rq/rq_reg[7]_i_115/O[3]
                         net (fo=64, routed)          0.792     6.465    u_enc_rq/rq_reg[7]_i_115_n_4
    SLICE_X27Y73                                                      f  u_enc_rq/rq[7]_i_166/I0
    SLICE_X27Y73         LUT6 (Prop_lut6_I0_O)        0.306     6.771 f  u_enc_rq/rq[7]_i_166/O
                         net (fo=4, routed)           0.716     7.487    u_enc_rq/rq[7]_i_166_n_0
    SLICE_X27Y75                                                      f  u_enc_rq/rq[7]_i_965/I1
    SLICE_X27Y75         LUT6 (Prop_lut6_I1_O)        0.124     7.611 f  u_enc_rq/rq[7]_i_965/O
                         net (fo=2, routed)           0.590     8.201    u_enc_rq/rq[7]_i_965_n_0
    SLICE_X29Y77                                                      f  u_enc_rq/rq[7]_i_855/I2
    SLICE_X29Y77         LUT3 (Prop_lut3_I2_O)        0.124     8.325 f  u_enc_rq/rq[7]_i_855/O
                         net (fo=2, routed)           1.281     9.606    u_enc_rq/rq[7]_i_855_n_0
    SLICE_X39Y75                                                      f  u_enc_rq/rq[7]_i_729/I3
    SLICE_X39Y75         LUT6 (Prop_lut6_I3_O)        0.124     9.730 f  u_enc_rq/rq[7]_i_729/O
                         net (fo=4, routed)           0.721    10.451    u_enc_rq/rq[7]_i_729_n_0
    SLICE_X36Y77                                                      f  u_enc_rq/rq[7]_i_580/I2
    SLICE_X36Y77         LUT6 (Prop_lut6_I2_O)        0.124    10.575 r  u_enc_rq/rq[7]_i_580/O
                         net (fo=1, routed)           0.379    10.954    u_enc_rq/rq[7]_i_580_n_0
    SLICE_X37Y77                                                      r  u_enc_rq/rq_reg[7]_i_369/DI[0]
    SLICE_X37Y77         CARRY4 (Prop_carry4_DI[0]_CO[3])
                                                      0.526    11.480 r  u_enc_rq/rq_reg[7]_i_369/CO[3]
                         net (fo=1, routed)           0.000    11.480    u_enc_rq/rq_reg[7]_i_369_n_0
    SLICE_X37Y78                                                      r  u_enc_rq/rq_reg[7]_i_208/CI
    SLICE_X37Y78         CARRY4 (Prop_carry4_CI_CO[3])
                                                      0.114    11.594 r  u_enc_rq/rq_reg[7]_i_208/CO[3]
                         net (fo=1, routed)           0.000    11.594    u_enc_rq/rq_reg[7]_i_208_n_0
    SLICE_X37Y79                                                      r  u_enc_rq/rq_reg[7]_i_97/CI
    SLICE_X37Y79         CARRY4 (Prop_carry4_CI_CO[3])
                                                      0.114    11.708 r  u_enc_rq/rq_reg[7]_i_97/CO[3]
                         net (fo=1, routed)           0.000    11.708    u_enc_rq/rq_reg[7]_i_97_n_0
    SLICE_X37Y80                                                      r  u_enc_rq/rq_reg[7]_i_34/CI
    SLICE_X37Y80         CARRY4 (Prop_carry4_CI_CO[3])
                                                      0.114    11.822 r  u_enc_rq/rq_reg[7]_i_34/CO[3]
                         net (fo=1, routed)           0.000    11.822    u_enc_rq/rq_reg[7]_i_34_n_0
    SLICE_X37Y81                                                      r  u_enc_rq/rq_reg[7]_i_8/CI
    SLICE_X37Y81         CARRY4 (Prop_carry4_CI_CO[3])
                                                      0.114    11.936 r  u_enc_rq/rq_reg[7]_i_8/CO[3]
                         net (fo=1, routed)           0.000    11.936    u_enc_rq/rq_reg[7]_i_8_n_0
    SLICE_X37Y82                                                      r  u_enc_rq/rq_reg[7]_i_3/CI
    SLICE_X37Y82         CARRY4 (Prop_carry4_CI_CO[3])
                                                      0.114    12.050 r  u_enc_rq/rq_reg[7]_i_3/CO[3]
                         net (fo=2, routed)           0.631    12.681    u_enc_rq/acc_sat1
    SLICE_X36Y83                                                      r  u_enc_rq/rq[7]_i_1/I1
    SLICE_X36Y83         LUT2 (Prop_lut2_I1_O)        0.124    12.805 r  u_enc_rq/rq[7]_i_1/O
                         net (fo=7, routed)           0.546    13.351    u_enc_rq/rq[7]_i_1_n_0
    SLICE_X38Y84         FDRE                                         r  u_enc_rq/rq_reg[6]/R
  -------------------------------------------------------------------    -------------------

                         (clock ACLK rise edge)      10.000    10.000 r  
                                                      0.000    10.000 r  clk (IN)
                         net (fo=3715, unset)         0.924    10.924    u_enc_rq/clk
    SLICE_X38Y84         FDRE                                         r  u_enc_rq/rq_reg[6]/C
                         clock pessimism              0.000    10.924    
                         clock uncertainty           -0.035    10.889    
    SLICE_X38Y84         FDRE (Setup_fdre_C_R)       -0.524    10.365    u_enc_rq/rq_reg[6]
  -------------------------------------------------------------------
                         required time                         10.365    
                         arrival time                         -13.351    
  -------------------------------------------------------------------
                         slack                                 -2.986    




