CWD: D:\2609_final_project\cnn_rtl\syn
COMMAND: C:\Xilinx\Vivado\2020.2\bin\vivado.bat -mode batch -source D:/2609_final_project/cnn_rtl/syn/impl_check.tcl -nojournal -nolog -tclargs pose_cnn xc7z020clg400-1 10.000 default D:/2609_final_project/cnn_rtl/docs/E-02a_runs/core_default_10.000 D:/2609_final_project/cnn_rtl/rtl/pose_cnn_ctrl.v D:/2609_final_project/cnn_rtl/rtl/blob_decoder.v D:/2609_final_project/cnn_rtl/rtl/conv_weight_ram.v D:/2609_final_project/cnn_rtl/rtl/param_ram.v D:/2609_final_project/cnn_rtl/rtl/gelu_lut_ram.v D:/2609_final_project/cnn_rtl/rtl/fcw_ram.v D:/2609_final_project/cnn_rtl/rtl/weight_param_loader.v D:/2609_final_project/cnn_rtl/rtl/encoder/Buffer.v D:/2609_final_project/cnn_rtl/rtl/encoder/Conv_MAC.v D:/2609_final_project/cnn_rtl/rtl/encoder/requant_stage.v D:/2609_final_project/cnn_rtl/rtl/encoder/gelu_stage.v D:/2609_final_project/cnn_rtl/rtl/encoder/Pool.v D:/2609_final_project/cnn_rtl/rtl/encoder/CNN_Encoder.v D:/2609_final_project/cnn_rtl/tb/fc_stub.v D:/2609_final_project/cnn_rtl/rtl/pose_cnn.v

****** Vivado v2020.2 (64-bit)
  **** SW Build 3064766 on Wed Nov 18 09:12:45 MST 2020
  **** IP Build 3064653 on Wed Nov 18 14:17:31 MST 2020
    ** Copyright 1986-2020 Xilinx, Inc. All Rights Reserved.

CRITICAL WARNING: [Common 17-741] No write access right to the local Tcl store at 'C'. XilinxTclStore is reverted to the installation area. If you want to use local Tcl Store, please change the access right and relaunch Vivado.
source D:/2609_final_project/cnn_rtl/syn/impl_check.tcl
# if {$argc < 6} {error "Expected top part period mode output_directory source..."}
# set top [lindex $argv 0]
# set part [lindex $argv 1]
# set period [lindex $argv 2]
# set mode [lindex $argv 3]
# set out_dir [file normalize [lindex $argv 4]]
# set srcs [lrange $argv 5 end]
# if {$part ne "xc7z020clg400-1"} {error "E-02a part must be xc7z020clg400-1"}
# if {$mode ni {default performance}} {error "Unsupported implementation mode"}
# if {![string is double -strict $period] || $period <= 0} {error "Invalid period"}
# file mkdir $out_dir
# proc e02a_stage {stage out_dir} {
#     report_timing_summary -delay_type min_max -max_paths 3 -file [file join $out_dir ${stage}_summary.rpt]
#     report_timing -max_paths 3 -nworst 1 -input_pins -delay_type max -file [file join $out_dir ${stage}_paths.rpt]
#     set p [lindex [get_timing_paths -delay_type max -max_paths 1] 0]
#     set h [lindex [get_timing_paths -delay_type min -max_paths 1] 0]
#     if {$p eq ""} {error "No constrained setup timing path at $stage"}
#     set wns [get_property SLACK $p]
#     set whs [get_property SLACK $h]
#     set start [get_property STARTPOINT_PIN $p]
#     set end [get_property ENDPOINT_PIN $p]
#     set line "$stage\t$wns\t$whs\t$start\t$end"
#     set f [open [file join $out_dir stages.tsv] a]
#     puts $f $line
#     close $f
#     puts "E02A_STAGE $line"
#     flush stdout
# }
E02A_CONFIG top=pose_cnn part=xc7z020clg400-1 period=10.000 mode=default
E02A_VERSION 2020.2
Command: synth_design -top pose_cnn -part xc7z020clg400-1 -mode out_of_context
Starting synth_design
Attempting to get a license for feature 'Synthesis' and/or device 'xc7z020'
INFO: [Common 17-349] Got license for feature 'Synthesis' and/or device 'xc7z020'
INFO: [Device 21-403] Loading part xc7z020clg400-1
INFO: [Synth 8-7079] Multithreading enabled for synth_design using a maximum of 2 processes.
INFO: [Synth 8-7078] Launching helper process for spawning children vivado processes
INFO: [Synth 8-7075] Helper process launched with PID 54324
---------------------------------------------------------------------------------
Starting RTL Elaboration : Time (s): cpu = 00:00:04 ; elapsed = 00:00:04 . Memory (MB): peak = 1106.078 ; gain = 0.000
---------------------------------------------------------------------------------
INFO: [Synth 8-6157] synthesizing module 'pose_cnn' [D:/2609_final_project/cnn_rtl/rtl/pose_cnn.v:6]
INFO: [Synth 8-6157] synthesizing module 'pose_cnn_ctrl' [D:/2609_final_project/cnn_rtl/rtl/pose_cnn_ctrl.v:6]
	Parameter IDLE bound to: 4'b0000 
	Parameter DECODE bound to: 4'b0001 
	Parameter LD_RD1 bound to: 4'b0010 
	Parameter LD_RD2 bound to: 4'b0011 
	Parameter LD_WAIT bound to: 4'b0100 
	Parameter IN_RD bound to: 4'b0101 
	Parameter ENC bound to: 4'b0110 
	Parameter FC1 bound to: 4'b0111 
	Parameter FC2 bound to: 4'b1000 
	Parameter FC3 bound to: 4'b1001 
	Parameter WR bound to: 4'b1010 
	Parameter ERR_DRAIN bound to: 4'b1011 
	Parameter FINISH bound to: 4'b1100 
	Parameter CMD_INFER bound to: 0 - type: integer 
	Parameter CMD_LOAD bound to: 1 - type: integer 
	Parameter ERR_NONE bound to: 4'b0000 
	Parameter ERR_BAD_CMD bound to: 4'b0001 
	Parameter ERR_NO_CFG bound to: 4'b0010 
	Parameter ERR_BLOB bound to: 4'b0011 
	Parameter ERR_MEM_RD bound to: 4'b0100 
	Parameter ERR_MEM_WR bound to: 4'b0101 
INFO: [Synth 8-6155] done synthesizing module 'pose_cnn_ctrl' (1#1) [D:/2609_final_project/cnn_rtl/rtl/pose_cnn_ctrl.v:6]
INFO: [Synth 8-6157] synthesizing module 'weight_param_loader' [D:/2609_final_project/cnn_rtl/rtl/weight_param_loader.v:5]
INFO: [Synth 8-6157] synthesizing module 'blob_decoder' [D:/2609_final_project/cnn_rtl/rtl/blob_decoder.v:6]
	Parameter EXPECTED_MAGIC bound to: 911690832 - type: integer 
	Parameter EXPECTED_VERSION bound to: 2 - type: integer 
	Parameter EXPECTED_TOTAL_WORDS bound to: 105748 - type: integer 
	Parameter CHECK_VERSION bound to: 1'b1 
	Parameter IDLE bound to: 2'b00 
	Parameter RECEIVE bound to: 2'b01 
	Parameter WORK bound to: 2'b10 
	Parameter DRAIN bound to: 2'b11 
	Parameter HEADER bound to: 4'b0000 
	Parameter CONV1_W bound to: 4'b0001 
	Parameter CONV1_P bound to: 4'b0010 
	Parameter CONV2_W bound to: 4'b0011 
	Parameter CONV2_P bound to: 4'b0100 
	Parameter FC1_P bound to: 4'b0101 
	Parameter FC2_W bound to: 4'b0110 
	Parameter FC2_P bound to: 4'b0111 
	Parameter FC3_W bound to: 4'b1000 
	Parameter FC3_P bound to: 4'b1001 
	Parameter GELU bound to: 4'b1010 
	Parameter NO_REGION bound to: 4'b1111 
	Parameter STREAM_BEATS bound to: 12'b111010001010 
INFO: [Synth 8-226] default block is never used [D:/2609_final_project/cnn_rtl/rtl/blob_decoder.v:235]
INFO: [Synth 8-6155] done synthesizing module 'blob_decoder' (2#1) [D:/2609_final_project/cnn_rtl/rtl/blob_decoder.v:6]
INFO: [Synth 8-6157] synthesizing module 'conv_weight_ram' [D:/2609_final_project/cnn_rtl/rtl/conv_weight_ram.v:6]
INFO: [Synth 8-6155] done synthesizing module 'conv_weight_ram' (3#1) [D:/2609_final_project/cnn_rtl/rtl/conv_weight_ram.v:6]
INFO: [Synth 8-6157] synthesizing module 'param_ram' [D:/2609_final_project/cnn_rtl/rtl/param_ram.v:6]
INFO: [Synth 8-6155] done synthesizing module 'param_ram' (4#1) [D:/2609_final_project/cnn_rtl/rtl/param_ram.v:6]
INFO: [Synth 8-6157] synthesizing module 'gelu_lut_ram' [D:/2609_final_project/cnn_rtl/rtl/gelu_lut_ram.v:6]
INFO: [Synth 8-6155] done synthesizing module 'gelu_lut_ram' (5#1) [D:/2609_final_project/cnn_rtl/rtl/gelu_lut_ram.v:6]
INFO: [Synth 8-6157] synthesizing module 'fcw_ram' [D:/2609_final_project/cnn_rtl/rtl/fcw_ram.v:6]
INFO: [Synth 8-6155] done synthesizing module 'fcw_ram' (6#1) [D:/2609_final_project/cnn_rtl/rtl/fcw_ram.v:6]
INFO: [Synth 8-6155] done synthesizing module 'weight_param_loader' (7#1) [D:/2609_final_project/cnn_rtl/rtl/weight_param_loader.v:5]
INFO: [Synth 8-6157] synthesizing module 'CNN_Encoder' [D:/2609_final_project/cnn_rtl/rtl/encoder/CNN_Encoder.v:3]
INFO: [Synth 8-6157] synthesizing module 'Buffer' [D:/2609_final_project/cnn_rtl/rtl/encoder/Buffer.v:3]
	Parameter W_DATA_WIDTH bound to: 64 - type: integer 
	Parameter R_DATA_WIDTH bound to: 8 - type: integer 
	Parameter DEPTH_BYTE bound to: 11520 - type: integer 
	Parameter W_ADDR_WIDTH bound to: 11 - type: integer 
	Parameter R_ADDR_WIDTH bound to: 14 - type: integer 
	Parameter MIN_DATA_W bound to: 8 - type: integer 
	Parameter MAX_DATA_W bound to: 64 - type: integer 
	Parameter DEPTH bound to: 11520 - type: integer 
	Parameter RATIO bound to: 8 - type: integer 
INFO: [Synth 8-6155] done synthesizing module 'Buffer' (8#1) [D:/2609_final_project/cnn_rtl/rtl/encoder/Buffer.v:3]
INFO: [Synth 8-6157] synthesizing module 'Conv_MAC' [D:/2609_final_project/cnn_rtl/rtl/encoder/Conv_MAC.v:3]
	Parameter IDLE bound to: 0 - type: integer 
	Parameter CONV1 bound to: 1 - type: integer 
	Parameter WAIT_FMAP1 bound to: 2 - type: integer 
	Parameter CONV2_0 bound to: 3 - type: integer 
	Parameter CONV2_1 bound to: 4 - type: integer 
	Parameter LANES bound to: 16 - type: integer 
	Parameter WIDTH bound to: 10 - type: integer 
	Parameter HEIGHT bound to: 128 - type: integer 
	Parameter C1_IC bound to: 3 - type: integer 
	Parameter C1_KH bound to: 5 - type: integer 
	Parameter C1_KW bound to: 3 - type: integer 
	Parameter C1_TAPS bound to: 45 - type: integer 
	Parameter C1_PAD_H bound to: 2 - type: integer 
	Parameter C1_PAD_W bound to: 1 - type: integer 
	Parameter C1_WBASE bound to: 0 - type: integer 
	Parameter C2_IC bound to: 16 - type: integer 
	Parameter C2_KH bound to: 3 - type: integer 
	Parameter C2_KW bound to: 3 - type: integer 
	Parameter C2_TAPS bound to: 144 - type: integer 
	Parameter C2_PAD_H bound to: 1 - type: integer 
	Parameter C2_PAD_W bound to: 1 - type: integer 
	Parameter C2_WBASE bound to: 45 - type: integer 
INFO: [Synth 8-6155] done synthesizing module 'Conv_MAC' (9#1) [D:/2609_final_project/cnn_rtl/rtl/encoder/Conv_MAC.v:3]
INFO: [Synth 8-6157] synthesizing module 'requant_stage' [D:/2609_final_project/cnn_rtl/rtl/encoder/requant_stage.v:3]
	Parameter TAG_WIDTH bound to: 19 - type: integer 
	Parameter FC_MODE bound to: 0 - type: integer 
	Parameter PARAM_BASE0 bound to: 9'b000000000 
	Parameter PARAM_BASE1 bound to: 9'b000010000 
	Parameter PARAM_BASE2 bound to: 9'b000000000 
INFO: [Synth 8-6155] done synthesizing module 'requant_stage' (10#1) [D:/2609_final_project/cnn_rtl/rtl/encoder/requant_stage.v:3]
INFO: [Synth 8-6157] synthesizing module 'gelu_stage' [D:/2609_final_project/cnn_rtl/rtl/encoder/gelu_stage.v:3]
INFO: [Synth 8-6155] done synthesizing module 'gelu_stage' (11#1) [D:/2609_final_project/cnn_rtl/rtl/encoder/gelu_stage.v:3]
INFO: [Synth 8-6157] synthesizing module 'Buffer__parameterized0' [D:/2609_final_project/cnn_rtl/rtl/encoder/Buffer.v:3]
	Parameter W_DATA_WIDTH bound to: 8 - type: integer 
	Parameter R_DATA_WIDTH bound to: 8 - type: integer 
	Parameter DEPTH_BYTE bound to: 20480 - type: integer 
	Parameter W_ADDR_WIDTH bound to: 15 - type: integer 
	Parameter R_ADDR_WIDTH bound to: 15 - type: integer 
	Parameter MIN_DATA_W bound to: 8 - type: integer 
	Parameter MAX_DATA_W bound to: 8 - type: integer 
	Parameter DEPTH bound to: 20480 - type: integer 
	Parameter RATIO bound to: 1 - type: integer 
INFO: [Synth 8-6155] done synthesizing module 'Buffer__parameterized0' (11#1) [D:/2609_final_project/cnn_rtl/rtl/encoder/Buffer.v:3]
INFO: [Synth 8-6157] synthesizing module 'Pool' [D:/2609_final_project/cnn_rtl/rtl/encoder/Pool.v:2]
INFO: [Synth 8-6155] done synthesizing module 'Pool' (12#1) [D:/2609_final_project/cnn_rtl/rtl/encoder/Pool.v:2]
INFO: [Synth 8-6155] done synthesizing module 'CNN_Encoder' (13#1) [D:/2609_final_project/cnn_rtl/rtl/encoder/CNN_Encoder.v:3]
INFO: [Synth 8-6157] synthesizing module 'fc_stub' [D:/2609_final_project/cnn_rtl/tb/fc_stub.v:4]
ERROR: [Synth 8-281] expression must be of a packed type [D:/2609_final_project/cnn_rtl/tb/fc_stub.v:76]
ERROR: [Synth 8-6058] Synth Error: FAIL: fc_stub   [D:/2609_final_project/cnn_rtl/tb/fc_stub.v:76]
ERROR: [Synth 8-6156] failed synthesizing module 'fc_stub' [D:/2609_final_project/cnn_rtl/tb/fc_stub.v:4]
ERROR: [Synth 8-6156] failed synthesizing module 'pose_cnn' [D:/2609_final_project/cnn_rtl/rtl/pose_cnn.v:6]
---------------------------------------------------------------------------------
Finished RTL Elaboration : Time (s): cpu = 00:00:06 ; elapsed = 00:00:06 . Memory (MB): peak = 1130.797 ; gain = 24.719
---------------------------------------------------------------------------------
RTL Elaboration failed
INFO: [Common 17-83] Releasing license: Synthesis
37 Infos, 0 Warnings, 0 Critical Warnings and 5 Errors encountered.
synth_design failed
# set status [catch {
#     puts "E02A_CONFIG top=$top part=$part period=$period mode=$mode"
#     puts "E02A_VERSION [version -short]"
#     foreach source $srcs {
#         # The optional E5 TB stub contains SystemVerilog, read unmodified.
#         if {[file tail $source] eq "fc_stub.v"} {read_verilog -sv $source} else {read_verilog $source}
#     }
#     read_xdc [file join [file dirname [info script]] timing_100mhz.xdc]
#     if {$period != 10.000} {
#         create_clock -period $period -name ACLK [get_ports -filter {NAME =~ *ACLK || NAME == clk}]
#     }
#     synth_design -top $top -part $part -mode out_of_context
#     report_clocks -file [file join $out_dir clocks.rpt]
#     e02a_stage post_synth $out_dir
#     if {$mode eq "performance"} {
#         opt_design -directive Explore
#         place_design -directive ExtraTimingOpt
#     } else {
#         opt_design
#         place_design
#     }
#     e02a_stage post_place $out_dir
#     if {$mode eq "performance"} {phys_opt_design -directive AggressiveExplore} else {phys_opt_design}
#     e02a_stage post_phys_opt $out_dir
#     if {$mode eq "performance"} {route_design -directive Explore} else {route_design}
#     e02a_stage post_route $out_dir
#     report_route_status -file [file join $out_dir route_status.rpt]
#     report_utilization -file [file join $out_dir utilization.rpt]
#     report_drc -file [file join $out_dir drc.rpt]
#     check_timing -verbose -file [file join $out_dir check_timing.rpt]
#     write_checkpoint -force [file join $out_dir routed.dcp]
#     write_verilog -force -mode funcsim [file join $out_dir routed_netlist.v]
#     # Preserve path properties for E6. Vivado 2020.2 has no TIMING_POINTS
#     # property; per-pin increments are in report_timing -input_pins above.
#     set p [lindex [get_timing_paths -delay_type max -max_paths 1] 0]
#     set f [open [file join $out_dir path_properties.txt] w]
#     foreach prop [list_property $p] {puts $f "$prop\t[get_property $prop $p]"}
#     close $f
#     set f [open [file join $out_dir failing_paths.tsv] w]
#     foreach p [get_timing_paths -delay_type max -slack_lesser_than 0 -max_paths 5000 -nworst 1] {
#         puts $f "[get_property SLACK $p]\t[get_property STARTPOINT_PIN $p]\t[get_property ENDPOINT_PIN $p]"
#     }
#     close $f
#     puts "E02A_IMPL_DONE top=$top period=$period mode=$mode"
# } detail options]
# if {$status} {
#     puts "E02A_IMPL_FAILED $detail"
#     puts [dict get $options -errorinfo]
#     exit 1
# }
E02A_IMPL_FAILED ERROR: [Common 17-69] Command failed: Synthesis failed - please see the console or run log file for details

RTL Elaboration failed
    while executing
"source -notrace {D:/2609_final_project/cnn_rtl/syn/.Xil/Vivado-39468-DESKTOP-7CFQ9ND/realtime\pose_cnn.tcl}"
    invoked from within
"synth_design -top $top -part $part -mode out_of_context"
INFO: [Common 17-206] Exiting Vivado at Sat Sep 26 20:01:34 2026...

EXIT_CODE: 1
WALL_CLOCK_SECONDS: 18.050178
