Copyright 1986-2020 Xilinx, Inc. All Rights Reserved.
--------------------------------------------------------------------------------------------------------------------------------------------------------------------------------
| Tool Version : Vivado v.2020.2 (win64) Build 3064766 Wed Nov 18 09:12:45 MST 2020
| Date         : Sat Sep 26 20:13:58 2026
| Host         : DESKTOP-7CFQ9ND running 64-bit major release  (build 9200)
| Command      : report_timing -max_paths 3 -nworst 1 -input_pins -delay_type max -file D:/2609_final_project/cnn_rtl/docs/E-02a_runs/encoder_freq2_13.500/post_route_paths.rpt
| Design       : CNN_Encoder
| Device       : 7z020-clg400
| Speed File   : -1  PRODUCTION 1.12 2019-11-22
--------------------------------------------------------------------------------------------------------------------------------------------------------------------------------

Timing Report

Slack (VIOLATED) :        -0.052ns  (required time - arrival time)
  Source:                 u_enc_rq/param3_reg[66]_rep/C
                            (rising edge-triggered cell FDRE clocked by ACLK  {rise@0.000ns fall@6.750ns period=13.500ns})
  Destination:            u_enc_rq/rq_reg[1]/R
                            (rising edge-triggered cell FDRE clocked by ACLK  {rise@0.000ns fall@6.750ns period=13.500ns})
  Path Group:             ACLK
  Path Type:              Setup (Max at Slow Process Corner)
  Requirement:            13.500ns  (ACLK rise@13.500ns - ACLK rise@0.000ns)
  Data Path Delay:        13.039ns  (logic 5.462ns (41.888%)  route 7.577ns (58.112%))
  Logic Levels:           31  (CARRY4=23 LUT2=1 LUT3=1 LUT5=1 LUT6=5)
  Clock Path Skew:        -0.049ns (DCD - SCD + CPR)
    Destination Clock Delay (DCD):    0.924ns = ( 14.424 - 13.500 ) 
    Source Clock Delay      (SCD):    0.973ns
    Clock Pessimism Removal (CPR):    0.000ns
  Clock Uncertainty:      0.035ns  ((TSJ^2 + TIJ^2)^1/2 + DJ) / 2 + PE
    Total System Jitter     (TSJ):    0.071ns
    Total Input Jitter      (TIJ):    0.000ns
    Discrete Jitter          (DJ):    0.000ns
    Phase Error              (PE):    0.000ns

    Location             Delay type                Incr(ns)  Path(ns)    Netlist Resource(s)
  -------------------------------------------------------------------    -------------------
                         (clock ACLK rise edge)       0.000     0.000 r  
                                                      0.000     0.000 r  clk (IN)
                         net (fo=3643, unset)         0.973     0.973    u_enc_rq/clk
    SLICE_X40Y79         FDRE                                         r  u_enc_rq/param3_reg[66]_rep/C
  -------------------------------------------------------------------    -------------------
    SLICE_X40Y79         FDRE (Prop_fdre_C_Q)         0.419     1.392 r  u_enc_rq/param3_reg[66]_rep/Q
                         net (fo=88, routed)          0.967     2.359    u_enc_rq/param3_reg[66]_rep_n_0
    SLICE_X40Y79                                                      r  u_enc_rq/rq[7]_i_696/I1
    SLICE_X40Y79         LUT6 (Prop_lut6_I1_O)        0.296     2.655 r  u_enc_rq/rq[7]_i_696/O
                         net (fo=16, routed)          0.537     3.191    u_enc_rq/rq[7]_i_696_n_0
    SLICE_X36Y78                                                      r  u_enc_rq/rq[3]_i_19/I4
    SLICE_X36Y78         LUT5 (Prop_lut5_I4_O)        0.124     3.315 r  u_enc_rq/rq[3]_i_19/O
                         net (fo=1, routed)           0.000     3.315    u_enc_rq/rq[3]_i_19_n_0
    SLICE_X36Y78                                                      r  u_enc_rq/rq_reg[3]_i_12/S[1]
    SLICE_X36Y78         CARRY4 (Prop_carry4_S[1]_CO[3])
                                                      0.533     3.848 r  u_enc_rq/rq_reg[3]_i_12/CO[3]
                         net (fo=1, routed)           0.000     3.848    u_enc_rq/rq_reg[3]_i_12_n_0
    SLICE_X36Y79                                                      r  u_enc_rq/rq_reg[7]_i_335/CI
    SLICE_X36Y79         CARRY4 (Prop_carry4_CI_CO[3])
                                                      0.117     3.965 r  u_enc_rq/rq_reg[7]_i_335/CO[3]
                         net (fo=1, routed)           0.000     3.965    u_enc_rq/rq_reg[7]_i_335_n_0
    SLICE_X36Y80                                                      r  u_enc_rq/rq_reg[7]_i_334/CI
    SLICE_X36Y80         CARRY4 (Prop_carry4_CI_CO[3])
                                                      0.117     4.082 r  u_enc_rq/rq_reg[7]_i_334/CO[3]
                         net (fo=1, routed)           0.000     4.082    u_enc_rq/rq_reg[7]_i_334_n_0
    SLICE_X36Y81                                                      r  u_enc_rq/rq_reg[7]_i_328/CI
    SLICE_X36Y81         CARRY4 (Prop_carry4_CI_CO[3])
                                                      0.117     4.199 r  u_enc_rq/rq_reg[7]_i_328/CO[3]
                         net (fo=1, routed)           0.000     4.199    u_enc_rq/rq_reg[7]_i_328_n_0
    SLICE_X36Y82                                                      r  u_enc_rq/rq_reg[7]_i_331/CI
    SLICE_X36Y82         CARRY4 (Prop_carry4_CI_CO[3])
                                                      0.117     4.316 r  u_enc_rq/rq_reg[7]_i_331/CO[3]
                         net (fo=1, routed)           0.000     4.316    u_enc_rq/rq_reg[7]_i_331_n_0
    SLICE_X36Y83                                                      r  u_enc_rq/rq_reg[7]_i_325/CI
    SLICE_X36Y83         CARRY4 (Prop_carry4_CI_CO[3])
                                                      0.117     4.433 r  u_enc_rq/rq_reg[7]_i_325/CO[3]
                         net (fo=1, routed)           0.000     4.433    u_enc_rq/rq_reg[7]_i_325_n_0
    SLICE_X36Y84                                                      r  u_enc_rq/rq_reg[7]_i_332/CI
    SLICE_X36Y84         CARRY4 (Prop_carry4_CI_CO[3])
                                                      0.117     4.550 r  u_enc_rq/rq_reg[7]_i_332/CO[3]
                         net (fo=1, routed)           0.000     4.550    u_enc_rq/rq_reg[7]_i_332_n_0
    SLICE_X36Y85                                                      r  u_enc_rq/rq_reg[7]_i_326/CI
    SLICE_X36Y85         CARRY4 (Prop_carry4_CI_CO[3])
                                                      0.117     4.667 r  u_enc_rq/rq_reg[7]_i_326/CO[3]
                         net (fo=1, routed)           0.000     4.667    u_enc_rq/rq_reg[7]_i_326_n_0
    SLICE_X36Y86                                                      r  u_enc_rq/rq_reg[7]_i_329/CI
    SLICE_X36Y86         CARRY4 (Prop_carry4_CI_CO[3])
                                                      0.117     4.784 r  u_enc_rq/rq_reg[7]_i_329/CO[3]
                         net (fo=1, routed)           0.000     4.784    u_enc_rq/rq_reg[7]_i_329_n_0
    SLICE_X36Y87                                                      r  u_enc_rq/rq_reg[7]_i_323/CI
    SLICE_X36Y87         CARRY4 (Prop_carry4_CI_CO[3])
                                                      0.117     4.901 r  u_enc_rq/rq_reg[7]_i_323/CO[3]
                         net (fo=1, routed)           0.000     4.901    u_enc_rq/rq_reg[7]_i_323_n_0
    SLICE_X36Y88                                                      r  u_enc_rq/rq_reg[7]_i_333/CI
    SLICE_X36Y88         CARRY4 (Prop_carry4_CI_CO[3])
                                                      0.117     5.018 r  u_enc_rq/rq_reg[7]_i_333/CO[3]
                         net (fo=1, routed)           0.000     5.018    u_enc_rq/rq_reg[7]_i_333_n_0
    SLICE_X36Y89                                                      r  u_enc_rq/rq_reg[7]_i_327/CI
    SLICE_X36Y89         CARRY4 (Prop_carry4_CI_CO[3])
                                                      0.117     5.135 r  u_enc_rq/rq_reg[7]_i_327/CO[3]
                         net (fo=1, routed)           0.000     5.135    u_enc_rq/rq_reg[7]_i_327_n_0
    SLICE_X36Y90                                                      r  u_enc_rq/rq_reg[7]_i_330/CI
    SLICE_X36Y90         CARRY4 (Prop_carry4_CI_CO[3])
                                                      0.117     5.252 r  u_enc_rq/rq_reg[7]_i_330/CO[3]
                         net (fo=1, routed)           0.000     5.252    u_enc_rq/rq_reg[7]_i_330_n_0
    SLICE_X36Y91                                                      r  u_enc_rq/rq_reg[7]_i_324/CI
    SLICE_X36Y91         CARRY4 (Prop_carry4_CI_CO[3])
                                                      0.117     5.369 r  u_enc_rq/rq_reg[7]_i_324/CO[3]
                         net (fo=1, routed)           0.000     5.369    u_enc_rq/rq_reg[7]_i_324_n_0
    SLICE_X36Y92                                                      r  u_enc_rq/rq_reg[7]_i_253/CI
    SLICE_X36Y92         CARRY4 (Prop_carry4_CI_CO[3])
                                                      0.117     5.486 r  u_enc_rq/rq_reg[7]_i_253/CO[3]
                         net (fo=1, routed)           0.000     5.486    u_enc_rq/rq_reg[7]_i_253_n_0
    SLICE_X36Y93                                                      r  u_enc_rq/rq_reg[7]_i_115/CI
    SLICE_X36Y93         CARRY4 (Prop_carry4_CI_O[3])
                                                      0.315     5.801 f  u_enc_rq/rq_reg[7]_i_115/O[3]
                         net (fo=64, routed)          0.925     6.727    u_enc_rq/rq_reg[7]_i_115_n_4
    SLICE_X38Y87                                                      f  u_enc_rq/rq[7]_i_166/I0
    SLICE_X38Y87         LUT6 (Prop_lut6_I0_O)        0.307     7.034 f  u_enc_rq/rq[7]_i_166/O
                         net (fo=4, routed)           0.838     7.872    u_enc_rq/rq[7]_i_166_n_0
    SLICE_X43Y87                                                      f  u_enc_rq/rq[7]_i_69/I0
    SLICE_X43Y87         LUT6 (Prop_lut6_I0_O)        0.124     7.996 f  u_enc_rq/rq[7]_i_69/O
                         net (fo=2, routed)           1.134     9.130    u_enc_rq/rq[7]_i_69_n_0
    SLICE_X54Y87                                                      f  u_enc_rq/rq[7]_i_20/I0
    SLICE_X54Y87         LUT3 (Prop_lut3_I0_O)        0.124     9.254 f  u_enc_rq/rq[7]_i_20/O
                         net (fo=2, routed)           0.679     9.933    u_enc_rq/rq[7]_i_20_n_0
    SLICE_X54Y87                                                      f  u_enc_rq/rq[7]_i_835/I5
    SLICE_X54Y87         LUT6 (Prop_lut6_I5_O)        0.124    10.057 f  u_enc_rq/rq[7]_i_835/O
                         net (fo=4, routed)           0.592    10.649    u_enc_rq/rq[7]_i_835_n_0
    SLICE_X54Y89                                                      f  u_enc_rq/rq[7]_i_710/I1
    SLICE_X54Y89         LUT6 (Prop_lut6_I1_O)        0.124    10.773 r  u_enc_rq/rq[7]_i_710/O
                         net (fo=1, routed)           0.571    11.344    u_enc_rq/rq[7]_i_710_n_0
    SLICE_X52Y89                                                      r  u_enc_rq/rq_reg[7]_i_576/DI[0]
    SLICE_X52Y89         CARRY4 (Prop_carry4_DI[0]_CO[3])
                                                      0.526    11.870 r  u_enc_rq/rq_reg[7]_i_576/CO[3]
                         net (fo=1, routed)           0.000    11.870    u_enc_rq/rq_reg[7]_i_576_n_0
    SLICE_X52Y90                                                      r  u_enc_rq/rq_reg[7]_i_369/CI
    SLICE_X52Y90         CARRY4 (Prop_carry4_CI_CO[3])
                                                      0.114    11.984 r  u_enc_rq/rq_reg[7]_i_369/CO[3]
                         net (fo=1, routed)           0.000    11.984    u_enc_rq/rq_reg[7]_i_369_n_0
    SLICE_X52Y91                                                      r  u_enc_rq/rq_reg[7]_i_208/CI
    SLICE_X52Y91         CARRY4 (Prop_carry4_CI_CO[3])
                                                      0.114    12.098 r  u_enc_rq/rq_reg[7]_i_208/CO[3]
                         net (fo=1, routed)           0.000    12.098    u_enc_rq/rq_reg[7]_i_208_n_0
    SLICE_X52Y92                                                      r  u_enc_rq/rq_reg[7]_i_97/CI
    SLICE_X52Y92         CARRY4 (Prop_carry4_CI_CO[3])
                                                      0.114    12.212 r  u_enc_rq/rq_reg[7]_i_97/CO[3]
                         net (fo=1, routed)           0.000    12.212    u_enc_rq/rq_reg[7]_i_97_n_0
    SLICE_X52Y93                                                      r  u_enc_rq/rq_reg[7]_i_34/CI
    SLICE_X52Y93         CARRY4 (Prop_carry4_CI_CO[3])
                                                      0.114    12.326 r  u_enc_rq/rq_reg[7]_i_34/CO[3]
                         net (fo=1, routed)           0.000    12.326    u_enc_rq/rq_reg[7]_i_34_n_0
    SLICE_X52Y94                                                      r  u_enc_rq/rq_reg[7]_i_8/CI
    SLICE_X52Y94         CARRY4 (Prop_carry4_CI_CO[3])
                                                      0.114    12.440 r  u_enc_rq/rq_reg[7]_i_8/CO[3]
                         net (fo=1, routed)           0.000    12.440    u_enc_rq/rq_reg[7]_i_8_n_0
    SLICE_X52Y95                                                      r  u_enc_rq/rq_reg[7]_i_3/CI
    SLICE_X52Y95         CARRY4 (Prop_carry4_CI_CO[3])
                                                      0.114    12.554 r  u_enc_rq/rq_reg[7]_i_3/CO[3]
                         net (fo=2, routed)           0.781    13.335    u_enc_rq/acc_sat1
    SLICE_X50Y93                                                      r  u_enc_rq/rq[7]_i_1/I1
    SLICE_X50Y93         LUT2 (Prop_lut2_I1_O)        0.124    13.459 r  u_enc_rq/rq[7]_i_1/O
                         net (fo=7, routed)           0.553    14.012    u_enc_rq/rq[7]_i_1_n_0
    SLICE_X51Y93         FDRE                                         r  u_enc_rq/rq_reg[1]/R
  -------------------------------------------------------------------    -------------------

                         (clock ACLK rise edge)      13.500    13.500 r  
                                                      0.000    13.500 r  clk (IN)
                         net (fo=3643, unset)         0.924    14.424    u_enc_rq/clk
    SLICE_X51Y93         FDRE                                         r  u_enc_rq/rq_reg[1]/C
                         clock pessimism              0.000    14.424    
                         clock uncertainty           -0.035    14.389    
    SLICE_X51Y93         FDRE (Setup_fdre_C_R)       -0.429    13.960    u_enc_rq/rq_reg[1]
  -------------------------------------------------------------------
                         required time                         13.960    
                         arrival time                         -14.012    
  -------------------------------------------------------------------
                         slack                                 -0.052    

Slack (VIOLATED) :        -0.052ns  (required time - arrival time)
  Source:                 u_enc_rq/param3_reg[66]_rep/C
                            (rising edge-triggered cell FDRE clocked by ACLK  {rise@0.000ns fall@6.750ns period=13.500ns})
  Destination:            u_enc_rq/rq_reg[6]/R
                            (rising edge-triggered cell FDRE clocked by ACLK  {rise@0.000ns fall@6.750ns period=13.500ns})
  Path Group:             ACLK
  Path Type:              Setup (Max at Slow Process Corner)
  Requirement:            13.500ns  (ACLK rise@13.500ns - ACLK rise@0.000ns)
  Data Path Delay:        13.039ns  (logic 5.462ns (41.888%)  route 7.577ns (58.112%))
  Logic Levels:           31  (CARRY4=23 LUT2=1 LUT3=1 LUT5=1 LUT6=5)
  Clock Path Skew:        -0.049ns (DCD - SCD + CPR)
    Destination Clock Delay (DCD):    0.924ns = ( 14.424 - 13.500 ) 
    Source Clock Delay      (SCD):    0.973ns
    Clock Pessimism Removal (CPR):    0.000ns
  Clock Uncertainty:      0.035ns  ((TSJ^2 + TIJ^2)^1/2 + DJ) / 2 + PE
    Total System Jitter     (TSJ):    0.071ns
    Total Input Jitter      (TIJ):    0.000ns
    Discrete Jitter          (DJ):    0.000ns
    Phase Error              (PE):    0.000ns

    Location             Delay type                Incr(ns)  Path(ns)    Netlist Resource(s)
  -------------------------------------------------------------------    -------------------
                         (clock ACLK rise edge)       0.000     0.000 r  
                                                      0.000     0.000 r  clk (IN)
                         net (fo=3643, unset)         0.973     0.973    u_enc_rq/clk
    SLICE_X40Y79         FDRE                                         r  u_enc_rq/param3_reg[66]_rep/C
  -------------------------------------------------------------------    -------------------
    SLICE_X40Y79         FDRE (Prop_fdre_C_Q)         0.419     1.392 r  u_enc_rq/param3_reg[66]_rep/Q
                         net (fo=88, routed)          0.967     2.359    u_enc_rq/param3_reg[66]_rep_n_0
    SLICE_X40Y79                                                      r  u_enc_rq/rq[7]_i_696/I1
    SLICE_X40Y79         LUT6 (Prop_lut6_I1_O)        0.296     2.655 r  u_enc_rq/rq[7]_i_696/O
                         net (fo=16, routed)          0.537     3.191    u_enc_rq/rq[7]_i_696_n_0
    SLICE_X36Y78                                                      r  u_enc_rq/rq[3]_i_19/I4
    SLICE_X36Y78         LUT5 (Prop_lut5_I4_O)        0.124     3.315 r  u_enc_rq/rq[3]_i_19/O
                         net (fo=1, routed)           0.000     3.315    u_enc_rq/rq[3]_i_19_n_0
    SLICE_X36Y78                                                      r  u_enc_rq/rq_reg[3]_i_12/S[1]
    SLICE_X36Y78         CARRY4 (Prop_carry4_S[1]_CO[3])
                                                      0.533     3.848 r  u_enc_rq/rq_reg[3]_i_12/CO[3]
                         net (fo=1, routed)           0.000     3.848    u_enc_rq/rq_reg[3]_i_12_n_0
    SLICE_X36Y79                                                      r  u_enc_rq/rq_reg[7]_i_335/CI
    SLICE_X36Y79         CARRY4 (Prop_carry4_CI_CO[3])
                                                      0.117     3.965 r  u_enc_rq/rq_reg[7]_i_335/CO[3]
                         net (fo=1, routed)           0.000     3.965    u_enc_rq/rq_reg[7]_i_335_n_0
    SLICE_X36Y80                                                      r  u_enc_rq/rq_reg[7]_i_334/CI
    SLICE_X36Y80         CARRY4 (Prop_carry4_CI_CO[3])
                                                      0.117     4.082 r  u_enc_rq/rq_reg[7]_i_334/CO[3]
                         net (fo=1, routed)           0.000     4.082    u_enc_rq/rq_reg[7]_i_334_n_0
    SLICE_X36Y81                                                      r  u_enc_rq/rq_reg[7]_i_328/CI
    SLICE_X36Y81         CARRY4 (Prop_carry4_CI_CO[3])
                                                      0.117     4.199 r  u_enc_rq/rq_reg[7]_i_328/CO[3]
                         net (fo=1, routed)           0.000     4.199    u_enc_rq/rq_reg[7]_i_328_n_0
    SLICE_X36Y82                                                      r  u_enc_rq/rq_reg[7]_i_331/CI
    SLICE_X36Y82         CARRY4 (Prop_carry4_CI_CO[3])
                                                      0.117     4.316 r  u_enc_rq/rq_reg[7]_i_331/CO[3]
                         net (fo=1, routed)           0.000     4.316    u_enc_rq/rq_reg[7]_i_331_n_0
    SLICE_X36Y83                                                      r  u_enc_rq/rq_reg[7]_i_325/CI
    SLICE_X36Y83         CARRY4 (Prop_carry4_CI_CO[3])
                                                      0.117     4.433 r  u_enc_rq/rq_reg[7]_i_325/CO[3]
                         net (fo=1, routed)           0.000     4.433    u_enc_rq/rq_reg[7]_i_325_n_0
    SLICE_X36Y84                                                      r  u_enc_rq/rq_reg[7]_i_332/CI
    SLICE_X36Y84         CARRY4 (Prop_carry4_CI_CO[3])
                                                      0.117     4.550 r  u_enc_rq/rq_reg[7]_i_332/CO[3]
                         net (fo=1, routed)           0.000     4.550    u_enc_rq/rq_reg[7]_i_332_n_0
    SLICE_X36Y85                                                      r  u_enc_rq/rq_reg[7]_i_326/CI
    SLICE_X36Y85         CARRY4 (Prop_carry4_CI_CO[3])
                                                      0.117     4.667 r  u_enc_rq/rq_reg[7]_i_326/CO[3]
                         net (fo=1, routed)           0.000     4.667    u_enc_rq/rq_reg[7]_i_326_n_0
    SLICE_X36Y86                                                      r  u_enc_rq/rq_reg[7]_i_329/CI
    SLICE_X36Y86         CARRY4 (Prop_carry4_CI_CO[3])
                                                      0.117     4.784 r  u_enc_rq/rq_reg[7]_i_329/CO[3]
                         net (fo=1, routed)           0.000     4.784    u_enc_rq/rq_reg[7]_i_329_n_0
    SLICE_X36Y87                                                      r  u_enc_rq/rq_reg[7]_i_323/CI
    SLICE_X36Y87         CARRY4 (Prop_carry4_CI_CO[3])
                                                      0.117     4.901 r  u_enc_rq/rq_reg[7]_i_323/CO[3]
                         net (fo=1, routed)           0.000     4.901    u_enc_rq/rq_reg[7]_i_323_n_0
    SLICE_X36Y88                                                      r  u_enc_rq/rq_reg[7]_i_333/CI
    SLICE_X36Y88         CARRY4 (Prop_carry4_CI_CO[3])
                                                      0.117     5.018 r  u_enc_rq/rq_reg[7]_i_333/CO[3]
                         net (fo=1, routed)           0.000     5.018    u_enc_rq/rq_reg[7]_i_333_n_0
    SLICE_X36Y89                                                      r  u_enc_rq/rq_reg[7]_i_327/CI
    SLICE_X36Y89         CARRY4 (Prop_carry4_CI_CO[3])
                                                      0.117     5.135 r  u_enc_rq/rq_reg[7]_i_327/CO[3]
                         net (fo=1, routed)           0.000     5.135    u_enc_rq/rq_reg[7]_i_327_n_0
    SLICE_X36Y90                                                      r  u_enc_rq/rq_reg[7]_i_330/CI
    SLICE_X36Y90         CARRY4 (Prop_carry4_CI_CO[3])
                                                      0.117     5.252 r  u_enc_rq/rq_reg[7]_i_330/CO[3]
                         net (fo=1, routed)           0.000     5.252    u_enc_rq/rq_reg[7]_i_330_n_0
    SLICE_X36Y91                                                      r  u_enc_rq/rq_reg[7]_i_324/CI
    SLICE_X36Y91         CARRY4 (Prop_carry4_CI_CO[3])
                                                      0.117     5.369 r  u_enc_rq/rq_reg[7]_i_324/CO[3]
                         net (fo=1, routed)           0.000     5.369    u_enc_rq/rq_reg[7]_i_324_n_0
    SLICE_X36Y92                                                      r  u_enc_rq/rq_reg[7]_i_253/CI
    SLICE_X36Y92         CARRY4 (Prop_carry4_CI_CO[3])
                                                      0.117     5.486 r  u_enc_rq/rq_reg[7]_i_253/CO[3]
                         net (fo=1, routed)           0.000     5.486    u_enc_rq/rq_reg[7]_i_253_n_0
    SLICE_X36Y93                                                      r  u_enc_rq/rq_reg[7]_i_115/CI
    SLICE_X36Y93         CARRY4 (Prop_carry4_CI_O[3])
                                                      0.315     5.801 f  u_enc_rq/rq_reg[7]_i_115/O[3]
                         net (fo=64, routed)          0.925     6.727    u_enc_rq/rq_reg[7]_i_115_n_4
    SLICE_X38Y87                                                      f  u_enc_rq/rq[7]_i_166/I0
    SLICE_X38Y87         LUT6 (Prop_lut6_I0_O)        0.307     7.034 f  u_enc_rq/rq[7]_i_166/O
                         net (fo=4, routed)           0.838     7.872    u_enc_rq/rq[7]_i_166_n_0
    SLICE_X43Y87                                                      f  u_enc_rq/rq[7]_i_69/I0
    SLICE_X43Y87         LUT6 (Prop_lut6_I0_O)        0.124     7.996 f  u_enc_rq/rq[7]_i_69/O
                         net (fo=2, routed)           1.134     9.130    u_enc_rq/rq[7]_i_69_n_0
    SLICE_X54Y87                                                      f  u_enc_rq/rq[7]_i_20/I0
    SLICE_X54Y87         LUT3 (Prop_lut3_I0_O)        0.124     9.254 f  u_enc_rq/rq[7]_i_20/O
                         net (fo=2, routed)           0.679     9.933    u_enc_rq/rq[7]_i_20_n_0
    SLICE_X54Y87                                                      f  u_enc_rq/rq[7]_i_835/I5
    SLICE_X54Y87         LUT6 (Prop_lut6_I5_O)        0.124    10.057 f  u_enc_rq/rq[7]_i_835/O
                         net (fo=4, routed)           0.592    10.649    u_enc_rq/rq[7]_i_835_n_0
    SLICE_X54Y89                                                      f  u_enc_rq/rq[7]_i_710/I1
    SLICE_X54Y89         LUT6 (Prop_lut6_I1_O)        0.124    10.773 r  u_enc_rq/rq[7]_i_710/O
                         net (fo=1, routed)           0.571    11.344    u_enc_rq/rq[7]_i_710_n_0
    SLICE_X52Y89                                                      r  u_enc_rq/rq_reg[7]_i_576/DI[0]
    SLICE_X52Y89         CARRY4 (Prop_carry4_DI[0]_CO[3])
                                                      0.526    11.870 r  u_enc_rq/rq_reg[7]_i_576/CO[3]
                         net (fo=1, routed)           0.000    11.870    u_enc_rq/rq_reg[7]_i_576_n_0
    SLICE_X52Y90                                                      r  u_enc_rq/rq_reg[7]_i_369/CI
    SLICE_X52Y90         CARRY4 (Prop_carry4_CI_CO[3])
                                                      0.114    11.984 r  u_enc_rq/rq_reg[7]_i_369/CO[3]
                         net (fo=1, routed)           0.000    11.984    u_enc_rq/rq_reg[7]_i_369_n_0
    SLICE_X52Y91                                                      r  u_enc_rq/rq_reg[7]_i_208/CI
    SLICE_X52Y91         CARRY4 (Prop_carry4_CI_CO[3])
                                                      0.114    12.098 r  u_enc_rq/rq_reg[7]_i_208/CO[3]
                         net (fo=1, routed)           0.000    12.098    u_enc_rq/rq_reg[7]_i_208_n_0
    SLICE_X52Y92                                                      r  u_enc_rq/rq_reg[7]_i_97/CI
    SLICE_X52Y92         CARRY4 (Prop_carry4_CI_CO[3])
                                                      0.114    12.212 r  u_enc_rq/rq_reg[7]_i_97/CO[3]
                         net (fo=1, routed)           0.000    12.212    u_enc_rq/rq_reg[7]_i_97_n_0
    SLICE_X52Y93                                                      r  u_enc_rq/rq_reg[7]_i_34/CI
    SLICE_X52Y93         CARRY4 (Prop_carry4_CI_CO[3])
                                                      0.114    12.326 r  u_enc_rq/rq_reg[7]_i_34/CO[3]
                         net (fo=1, routed)           0.000    12.326    u_enc_rq/rq_reg[7]_i_34_n_0
    SLICE_X52Y94                                                      r  u_enc_rq/rq_reg[7]_i_8/CI
    SLICE_X52Y94         CARRY4 (Prop_carry4_CI_CO[3])
                                                      0.114    12.440 r  u_enc_rq/rq_reg[7]_i_8/CO[3]
                         net (fo=1, routed)           0.000    12.440    u_enc_rq/rq_reg[7]_i_8_n_0
    SLICE_X52Y95                                                      r  u_enc_rq/rq_reg[7]_i_3/CI
    SLICE_X52Y95         CARRY4 (Prop_carry4_CI_CO[3])
                                                      0.114    12.554 r  u_enc_rq/rq_reg[7]_i_3/CO[3]
                         net (fo=2, routed)           0.781    13.335    u_enc_rq/acc_sat1
    SLICE_X50Y93                                                      r  u_enc_rq/rq[7]_i_1/I1
    SLICE_X50Y93         LUT2 (Prop_lut2_I1_O)        0.124    13.459 r  u_enc_rq/rq[7]_i_1/O
                         net (fo=7, routed)           0.553    14.012    u_enc_rq/rq[7]_i_1_n_0
    SLICE_X51Y93         FDRE                                         r  u_enc_rq/rq_reg[6]/R
  -------------------------------------------------------------------    -------------------

                         (clock ACLK rise edge)      13.500    13.500 r  
                                                      0.000    13.500 r  clk (IN)
                         net (fo=3643, unset)         0.924    14.424    u_enc_rq/clk
    SLICE_X51Y93         FDRE                                         r  u_enc_rq/rq_reg[6]/C
                         clock pessimism              0.000    14.424    
                         clock uncertainty           -0.035    14.389    
    SLICE_X51Y93         FDRE (Setup_fdre_C_R)       -0.429    13.960    u_enc_rq/rq_reg[6]
  -------------------------------------------------------------------
                         required time                         13.960    
                         arrival time                         -14.012    
  -------------------------------------------------------------------
                         slack                                 -0.052    

Slack (VIOLATED) :        -0.051ns  (required time - arrival time)
  Source:                 u_enc_rq/param3_reg[66]_rep/C
                            (rising edge-triggered cell FDRE clocked by ACLK  {rise@0.000ns fall@6.750ns period=13.500ns})
  Destination:            u_enc_rq/rq_reg[2]/R
                            (rising edge-triggered cell FDRE clocked by ACLK  {rise@0.000ns fall@6.750ns period=13.500ns})
  Path Group:             ACLK
  Path Type:              Setup (Max at Slow Process Corner)
  Requirement:            13.500ns  (ACLK rise@13.500ns - ACLK rise@0.000ns)
  Data Path Delay:        13.038ns  (logic 5.462ns (41.892%)  route 7.576ns (58.108%))
  Logic Levels:           31  (CARRY4=23 LUT2=1 LUT3=1 LUT5=1 LUT6=5)
  Clock Path Skew:        -0.049ns (DCD - SCD + CPR)
    Destination Clock Delay (DCD):    0.924ns = ( 14.424 - 13.500 ) 
    Source Clock Delay      (SCD):    0.973ns
    Clock Pessimism Removal (CPR):    0.000ns
  Clock Uncertainty:      0.035ns  ((TSJ^2 + TIJ^2)^1/2 + DJ) / 2 + PE
    Total System Jitter     (TSJ):    0.071ns
    Total Input Jitter      (TIJ):    0.000ns
    Discrete Jitter          (DJ):    0.000ns
    Phase Error              (PE):    0.000ns

    Location             Delay type                Incr(ns)  Path(ns)    Netlist Resource(s)
  -------------------------------------------------------------------    -------------------
                         (clock ACLK rise edge)       0.000     0.000 r  
                                                      0.000     0.000 r  clk (IN)
                         net (fo=3643, unset)         0.973     0.973    u_enc_rq/clk
    SLICE_X40Y79         FDRE                                         r  u_enc_rq/param3_reg[66]_rep/C
  -------------------------------------------------------------------    -------------------
    SLICE_X40Y79         FDRE (Prop_fdre_C_Q)         0.419     1.392 r  u_enc_rq/param3_reg[66]_rep/Q
                         net (fo=88, routed)          0.967     2.359    u_enc_rq/param3_reg[66]_rep_n_0
    SLICE_X40Y79                                                      r  u_enc_rq/rq[7]_i_696/I1
    SLICE_X40Y79         LUT6 (Prop_lut6_I1_O)        0.296     2.655 r  u_enc_rq/rq[7]_i_696/O
                         net (fo=16, routed)          0.537     3.191    u_enc_rq/rq[7]_i_696_n_0
    SLICE_X36Y78                                                      r  u_enc_rq/rq[3]_i_19/I4
    SLICE_X36Y78         LUT5 (Prop_lut5_I4_O)        0.124     3.315 r  u_enc_rq/rq[3]_i_19/O
                         net (fo=1, routed)           0.000     3.315    u_enc_rq/rq[3]_i_19_n_0
    SLICE_X36Y78                                                      r  u_enc_rq/rq_reg[3]_i_12/S[1]
    SLICE_X36Y78         CARRY4 (Prop_carry4_S[1]_CO[3])
                                                      0.533     3.848 r  u_enc_rq/rq_reg[3]_i_12/CO[3]
                         net (fo=1, routed)           0.000     3.848    u_enc_rq/rq_reg[3]_i_12_n_0
    SLICE_X36Y79                                                      r  u_enc_rq/rq_reg[7]_i_335/CI
    SLICE_X36Y79         CARRY4 (Prop_carry4_CI_CO[3])
                                                      0.117     3.965 r  u_enc_rq/rq_reg[7]_i_335/CO[3]
                         net (fo=1, routed)           0.000     3.965    u_enc_rq/rq_reg[7]_i_335_n_0
    SLICE_X36Y80                                                      r  u_enc_rq/rq_reg[7]_i_334/CI
    SLICE_X36Y80         CARRY4 (Prop_carry4_CI_CO[3])
                                                      0.117     4.082 r  u_enc_rq/rq_reg[7]_i_334/CO[3]
                         net (fo=1, routed)           0.000     4.082    u_enc_rq/rq_reg[7]_i_334_n_0
    SLICE_X36Y81                                                      r  u_enc_rq/rq_reg[7]_i_328/CI
    SLICE_X36Y81         CARRY4 (Prop_carry4_CI_CO[3])
                                                      0.117     4.199 r  u_enc_rq/rq_reg[7]_i_328/CO[3]
                         net (fo=1, routed)           0.000     4.199    u_enc_rq/rq_reg[7]_i_328_n_0
    SLICE_X36Y82                                                      r  u_enc_rq/rq_reg[7]_i_331/CI
    SLICE_X36Y82         CARRY4 (Prop_carry4_CI_CO[3])
                                                      0.117     4.316 r  u_enc_rq/rq_reg[7]_i_331/CO[3]
                         net (fo=1, routed)           0.000     4.316    u_enc_rq/rq_reg[7]_i_331_n_0
    SLICE_X36Y83                                                      r  u_enc_rq/rq_reg[7]_i_325/CI
    SLICE_X36Y83         CARRY4 (Prop_carry4_CI_CO[3])
                                                      0.117     4.433 r  u_enc_rq/rq_reg[7]_i_325/CO[3]
                         net (fo=1, routed)           0.000     4.433    u_enc_rq/rq_reg[7]_i_325_n_0
    SLICE_X36Y84                                                      r  u_enc_rq/rq_reg[7]_i_332/CI
    SLICE_X36Y84         CARRY4 (Prop_carry4_CI_CO[3])
                                                      0.117     4.550 r  u_enc_rq/rq_reg[7]_i_332/CO[3]
                         net (fo=1, routed)           0.000     4.550    u_enc_rq/rq_reg[7]_i_332_n_0
    SLICE_X36Y85                                                      r  u_enc_rq/rq_reg[7]_i_326/CI
    SLICE_X36Y85         CARRY4 (Prop_carry4_CI_CO[3])
                                                      0.117     4.667 r  u_enc_rq/rq_reg[7]_i_326/CO[3]
                         net (fo=1, routed)           0.000     4.667    u_enc_rq/rq_reg[7]_i_326_n_0
    SLICE_X36Y86                                                      r  u_enc_rq/rq_reg[7]_i_329/CI
    SLICE_X36Y86         CARRY4 (Prop_carry4_CI_CO[3])
                                                      0.117     4.784 r  u_enc_rq/rq_reg[7]_i_329/CO[3]
                         net (fo=1, routed)           0.000     4.784    u_enc_rq/rq_reg[7]_i_329_n_0
    SLICE_X36Y87                                                      r  u_enc_rq/rq_reg[7]_i_323/CI
    SLICE_X36Y87         CARRY4 (Prop_carry4_CI_CO[3])
                                                      0.117     4.901 r  u_enc_rq/rq_reg[7]_i_323/CO[3]
                         net (fo=1, routed)           0.000     4.901    u_enc_rq/rq_reg[7]_i_323_n_0
    SLICE_X36Y88                                                      r  u_enc_rq/rq_reg[7]_i_333/CI
    SLICE_X36Y88         CARRY4 (Prop_carry4_CI_CO[3])
                                                      0.117     5.018 r  u_enc_rq/rq_reg[7]_i_333/CO[3]
                         net (fo=1, routed)           0.000     5.018    u_enc_rq/rq_reg[7]_i_333_n_0
    SLICE_X36Y89                                                      r  u_enc_rq/rq_reg[7]_i_327/CI
    SLICE_X36Y89         CARRY4 (Prop_carry4_CI_CO[3])
                                                      0.117     5.135 r  u_enc_rq/rq_reg[7]_i_327/CO[3]
                         net (fo=1, routed)           0.000     5.135    u_enc_rq/rq_reg[7]_i_327_n_0
    SLICE_X36Y90                                                      r  u_enc_rq/rq_reg[7]_i_330/CI
    SLICE_X36Y90         CARRY4 (Prop_carry4_CI_CO[3])
                                                      0.117     5.252 r  u_enc_rq/rq_reg[7]_i_330/CO[3]
                         net (fo=1, routed)           0.000     5.252    u_enc_rq/rq_reg[7]_i_330_n_0
    SLICE_X36Y91                                                      r  u_enc_rq/rq_reg[7]_i_324/CI
    SLICE_X36Y91         CARRY4 (Prop_carry4_CI_CO[3])
                                                      0.117     5.369 r  u_enc_rq/rq_reg[7]_i_324/CO[3]
                         net (fo=1, routed)           0.000     5.369    u_enc_rq/rq_reg[7]_i_324_n_0
    SLICE_X36Y92                                                      r  u_enc_rq/rq_reg[7]_i_253/CI
    SLICE_X36Y92         CARRY4 (Prop_carry4_CI_CO[3])
                                                      0.117     5.486 r  u_enc_rq/rq_reg[7]_i_253/CO[3]
                         net (fo=1, routed)           0.000     5.486    u_enc_rq/rq_reg[7]_i_253_n_0
    SLICE_X36Y93                                                      r  u_enc_rq/rq_reg[7]_i_115/CI
    SLICE_X36Y93         CARRY4 (Prop_carry4_CI_O[3])
                                                      0.315     5.801 f  u_enc_rq/rq_reg[7]_i_115/O[3]
                         net (fo=64, routed)          0.925     6.727    u_enc_rq/rq_reg[7]_i_115_n_4
    SLICE_X38Y87                                                      f  u_enc_rq/rq[7]_i_166/I0
    SLICE_X38Y87         LUT6 (Prop_lut6_I0_O)        0.307     7.034 f  u_enc_rq/rq[7]_i_166/O
                         net (fo=4, routed)           0.838     7.872    u_enc_rq/rq[7]_i_166_n_0
    SLICE_X43Y87                                                      f  u_enc_rq/rq[7]_i_69/I0
    SLICE_X43Y87         LUT6 (Prop_lut6_I0_O)        0.124     7.996 f  u_enc_rq/rq[7]_i_69/O
                         net (fo=2, routed)           1.134     9.130    u_enc_rq/rq[7]_i_69_n_0
    SLICE_X54Y87                                                      f  u_enc_rq/rq[7]_i_20/I0
    SLICE_X54Y87         LUT3 (Prop_lut3_I0_O)        0.124     9.254 f  u_enc_rq/rq[7]_i_20/O
                         net (fo=2, routed)           0.679     9.933    u_enc_rq/rq[7]_i_20_n_0
    SLICE_X54Y87                                                      f  u_enc_rq/rq[7]_i_835/I5
    SLICE_X54Y87         LUT6 (Prop_lut6_I5_O)        0.124    10.057 f  u_enc_rq/rq[7]_i_835/O
                         net (fo=4, routed)           0.592    10.649    u_enc_rq/rq[7]_i_835_n_0
    SLICE_X54Y89                                                      f  u_enc_rq/rq[7]_i_710/I1
    SLICE_X54Y89         LUT6 (Prop_lut6_I1_O)        0.124    10.773 r  u_enc_rq/rq[7]_i_710/O
                         net (fo=1, routed)           0.571    11.344    u_enc_rq/rq[7]_i_710_n_0
    SLICE_X52Y89                                                      r  u_enc_rq/rq_reg[7]_i_576/DI[0]
    SLICE_X52Y89         CARRY4 (Prop_carry4_DI[0]_CO[3])
                                                      0.526    11.870 r  u_enc_rq/rq_reg[7]_i_576/CO[3]
                         net (fo=1, routed)           0.000    11.870    u_enc_rq/rq_reg[7]_i_576_n_0
    SLICE_X52Y90                                                      r  u_enc_rq/rq_reg[7]_i_369/CI
    SLICE_X52Y90         CARRY4 (Prop_carry4_CI_CO[3])
                                                      0.114    11.984 r  u_enc_rq/rq_reg[7]_i_369/CO[3]
                         net (fo=1, routed)           0.000    11.984    u_enc_rq/rq_reg[7]_i_369_n_0
    SLICE_X52Y91                                                      r  u_enc_rq/rq_reg[7]_i_208/CI
    SLICE_X52Y91         CARRY4 (Prop_carry4_CI_CO[3])
                                                      0.114    12.098 r  u_enc_rq/rq_reg[7]_i_208/CO[3]
                         net (fo=1, routed)           0.000    12.098    u_enc_rq/rq_reg[7]_i_208_n_0
    SLICE_X52Y92                                                      r  u_enc_rq/rq_reg[7]_i_97/CI
    SLICE_X52Y92         CARRY4 (Prop_carry4_CI_CO[3])
                                                      0.114    12.212 r  u_enc_rq/rq_reg[7]_i_97/CO[3]
                         net (fo=1, routed)           0.000    12.212    u_enc_rq/rq_reg[7]_i_97_n_0
    SLICE_X52Y93                                                      r  u_enc_rq/rq_reg[7]_i_34/CI
    SLICE_X52Y93         CARRY4 (Prop_carry4_CI_CO[3])
                                                      0.114    12.326 r  u_enc_rq/rq_reg[7]_i_34/CO[3]
                         net (fo=1, routed)           0.000    12.326    u_enc_rq/rq_reg[7]_i_34_n_0
    SLICE_X52Y94                                                      r  u_enc_rq/rq_reg[7]_i_8/CI
    SLICE_X52Y94         CARRY4 (Prop_carry4_CI_CO[3])
                                                      0.114    12.440 r  u_enc_rq/rq_reg[7]_i_8/CO[3]
                         net (fo=1, routed)           0.000    12.440    u_enc_rq/rq_reg[7]_i_8_n_0
    SLICE_X52Y95                                                      r  u_enc_rq/rq_reg[7]_i_3/CI
    SLICE_X52Y95         CARRY4 (Prop_carry4_CI_CO[3])
                                                      0.114    12.554 r  u_enc_rq/rq_reg[7]_i_3/CO[3]
                         net (fo=2, routed)           0.781    13.335    u_enc_rq/acc_sat1
    SLICE_X50Y93                                                      r  u_enc_rq/rq[7]_i_1/I1
    SLICE_X50Y93         LUT2 (Prop_lut2_I1_O)        0.124    13.459 r  u_enc_rq/rq[7]_i_1/O
                         net (fo=7, routed)           0.552    14.011    u_enc_rq/rq[7]_i_1_n_0
    SLICE_X51Y94         FDRE                                         r  u_enc_rq/rq_reg[2]/R
  -------------------------------------------------------------------    -------------------

                         (clock ACLK rise edge)      13.500    13.500 r  
                                                      0.000    13.500 r  clk (IN)
                         net (fo=3643, unset)         0.924    14.424    u_enc_rq/clk
    SLICE_X51Y94         FDRE                                         r  u_enc_rq/rq_reg[2]/C
                         clock pessimism              0.000    14.424    
                         clock uncertainty           -0.035    14.389    
    SLICE_X51Y94         FDRE (Setup_fdre_C_R)       -0.429    13.960    u_enc_rq/rq_reg[2]
  -------------------------------------------------------------------
                         required time                         13.960    
                         arrival time                         -14.011    
  -------------------------------------------------------------------
                         slack                                 -0.051    




