Copyright 1986-2020 Xilinx, Inc. All Rights Reserved.
------------------------------------------------------------------------------------------------------------------------------------------------------------------------
| Tool Version : Vivado v.2020.2 (win64) Build 3064766 Wed Nov 18 09:12:45 MST 2020
| Date         : Sat Sep 26 20:13:58 2026
| Host         : DESKTOP-7CFQ9ND running 64-bit major release  (build 9200)
| Command      : report_timing_summary -delay_type min_max -max_paths 3 -file D:/2609_final_project/cnn_rtl/docs/E-02a_runs/encoder_freq2_13.500/post_route_summary.rpt
| Design       : CNN_Encoder
| Device       : 7z020-clg400
| Speed File   : -1  PRODUCTION 1.12 2019-11-22
------------------------------------------------------------------------------------------------------------------------------------------------------------------------

Timing Summary Report

------------------------------------------------------------------------------------------------
| Timer Settings
| --------------
------------------------------------------------------------------------------------------------

  Enable Multi Corner Analysis               :  Yes
  Enable Pessimism Removal                   :  Yes
  Pessimism Removal Resolution               :  Nearest Common Node
  Enable Input Delay Default Clock           :  No
  Enable Preset / Clear Arcs                 :  No
  Disable Flight Delays                      :  No
  Ignore I/O Paths                           :  No
  Timing Early Launch at Borrowing Latches   :  No
  Borrow Time for Max Delay Exceptions       :  Yes
  Merge Timing Exceptions                    :  Yes

  Corner  Analyze    Analyze    
  Name    Max Paths  Min Paths  
  ------  ---------  ---------  
  Slow    Yes        Yes        
  Fast    Yes        Yes        



check_timing report

Table of Contents
-----------------
1. checking no_clock (0)
2. checking constant_clock (0)
3. checking pulse_width_clock (0)
4. checking unconstrained_internal_endpoints (0)
5. checking no_input_delay (0)
6. checking no_output_delay (0)
7. checking multiple_clock (0)
8. checking generated_clocks (0)
9. checking loops (0)
10. checking partial_input_delay (0)
11. checking partial_output_delay (0)
12. checking latch_loops (0)

1. checking no_clock (0)
------------------------
 There are 0 register/latch pins with no clock.


2. checking constant_clock (0)
------------------------------
 There are 0 register/latch pins with constant_clock.


3. checking pulse_width_clock (0)
---------------------------------
 There are 0 register/latch pins which need pulse_width check


4. checking unconstrained_internal_endpoints (0)
------------------------------------------------
 There are 0 pins that are not constrained for maximum delay.

 There are 0 pins that are not constrained for maximum delay due to constant clock.


5. checking no_input_delay (0)
------------------------------
 There are 0 input ports with no input delay specified.

 There are 0 input ports with no input delay but user has a false path constraint.


6. checking no_output_delay (0)
-------------------------------
 There are 0 ports with no output delay specified.

 There are 0 ports with no output delay but user has a false path constraint

 There are 0 ports with no output delay but with a timing clock defined on it or propagating through it


7. checking multiple_clock (0)
------------------------------
 There are 0 register/latch pins with multiple clocks.


8. checking generated_clocks (0)
--------------------------------
 There are 0 generated clocks that are not connected to a clock source.


9. checking loops (0)
---------------------
 There are 0 combinational loops in the design.


10. checking partial_input_delay (0)
------------------------------------
 There are 0 input ports with partial input delay specified.


11. checking partial_output_delay (0)
-------------------------------------
 There are 0 ports with partial output delay specified.


12. checking latch_loops (0)
----------------------------
 There are 0 combinational latch loops in the design through latch input



------------------------------------------------------------------------------------------------
| Design Timing Summary
| ---------------------
------------------------------------------------------------------------------------------------

    WNS(ns)      TNS(ns)  TNS Failing Endpoints  TNS Total Endpoints      WHS(ns)      THS(ns)  THS Failing Endpoints  THS Total Endpoints     WPWS(ns)     TPWS(ns)  TPWS Failing Endpoints  TPWS Total Endpoints  
    -------      -------  ---------------------  -------------------      -------      -------  ---------------------  -------------------     --------     --------  ----------------------  --------------------  
     -0.052       -0.266                      7                 8313        0.100        0.000                      0                 8313        5.770        0.000                       0                  3638  


Timing constraints are not met.


------------------------------------------------------------------------------------------------
| Clock Summary
| -------------
------------------------------------------------------------------------------------------------

Clock  Waveform(ns)       Period(ns)      Frequency(MHz)
-----  ------------       ----------      --------------
ACLK   {0.000 6.750}      13.500          74.074          


------------------------------------------------------------------------------------------------
| Intra Clock Table
| -----------------
------------------------------------------------------------------------------------------------

Clock             WNS(ns)      TNS(ns)  TNS Failing Endpoints  TNS Total Endpoints      WHS(ns)      THS(ns)  THS Failing Endpoints  THS Total Endpoints     WPWS(ns)     TPWS(ns)  TPWS Failing Endpoints  TPWS Total Endpoints  
-----             -------      -------  ---------------------  -------------------      -------      -------  ---------------------  -------------------     --------     --------  ----------------------  --------------------  
ACLK               -0.052       -0.266                      7                 8313        0.100        0.000                      0                 8313        5.770        0.000                       0                  3638  


------------------------------------------------------------------------------------------------
| Inter Clock Table
| -----------------
------------------------------------------------------------------------------------------------

From Clock    To Clock          WNS(ns)      TNS(ns)  TNS Failing Endpoints  TNS Total Endpoints      WHS(ns)      THS(ns)  THS Failing Endpoints  THS Total Endpoints  
----------    --------          -------      -------  ---------------------  -------------------      -------      -------  ---------------------  -------------------  


------------------------------------------------------------------------------------------------
| Other Path Groups Table
| -----------------------
------------------------------------------------------------------------------------------------

Path Group    From Clock    To Clock          WNS(ns)      TNS(ns)  TNS Failing Endpoints  TNS Total Endpoints      WHS(ns)      THS(ns)  THS Failing Endpoints  THS Total Endpoints  
----------    ----------    --------          -------      -------  ---------------------  -------------------      -------      -------  ---------------------  -------------------  


------------------------------------------------------------------------------------------------
| Timing Details
| --------------
------------------------------------------------------------------------------------------------


---------------------------------------------------------------------------------------------------
From Clock:  ACLK
  To Clock:  ACLK

Setup :            7  Failing Endpoints,  Worst Slack       -0.052ns,  Total Violation       -0.266ns
Hold  :            0  Failing Endpoints,  Worst Slack        0.100ns,  Total Violation        0.000ns
PW    :            0  Failing Endpoints,  Worst Slack        5.770ns,  Total Violation        0.000ns
---------------------------------------------------------------------------------------------------


Max Delay Paths
--------------------------------------------------------------------------------------
Slack (VIOLATED) :        -0.052ns  (required time - arrival time)
  Source:                 u_enc_rq/param3_reg[66]_rep/C
                            (rising edge-triggered cell FDRE clocked by ACLK  {rise@0.000ns fall@6.750ns period=13.500ns})
  Destination:            u_enc_rq/rq_reg[1]/R
                            (rising edge-triggered cell FDRE clocked by ACLK  {rise@0.000ns fall@6.750ns period=13.500ns})
  Path Group:             ACLK
  Path Type:              Setup (Max at Slow Process Corner)
  Requirement:            13.500ns  (ACLK rise@13.500ns - ACLK rise@0.000ns)
  Data Path Delay:        13.039ns  (logic 5.462ns (41.888%)  route 7.577ns (58.112%))
  Logic Levels:           31  (CARRY4=23 LUT2=1 LUT3=1 LUT5=1 LUT6=5)
  Clock Path Skew:        -0.049ns (DCD - SCD + CPR)
    Destination Clock Delay (DCD):    0.924ns = ( 14.424 - 13.500 ) 
    Source Clock Delay      (SCD):    0.973ns
    Clock Pessimism Removal (CPR):    0.000ns
  Clock Uncertainty:      0.035ns  ((TSJ^2 + TIJ^2)^1/2 + DJ) / 2 + PE
    Total System Jitter     (TSJ):    0.071ns
    Total Input Jitter      (TIJ):    0.000ns
    Discrete Jitter          (DJ):    0.000ns
    Phase Error              (PE):    0.000ns

    Location             Delay type                Incr(ns)  Path(ns)    Netlist Resource(s)
  -------------------------------------------------------------------    -------------------
                         (clock ACLK rise edge)       0.000     0.000 r  
                                                      0.000     0.000 r  clk (IN)
                         net (fo=3643, unset)         0.973     0.973    u_enc_rq/clk
    SLICE_X40Y79         FDRE                                         r  u_enc_rq/param3_reg[66]_rep/C
  -------------------------------------------------------------------    -------------------
    SLICE_X40Y79         FDRE (Prop_fdre_C_Q)         0.419     1.392 r  u_enc_rq/param3_reg[66]_rep/Q
                         net (fo=88, routed)          0.967     2.359    u_enc_rq/param3_reg[66]_rep_n_0
    SLICE_X40Y79         LUT6 (Prop_lut6_I1_O)        0.296     2.655 r  u_enc_rq/rq[7]_i_696/O
                         net (fo=16, routed)          0.537     3.191    u_enc_rq/rq[7]_i_696_n_0
    SLICE_X36Y78         LUT5 (Prop_lut5_I4_O)        0.124     3.315 r  u_enc_rq/rq[3]_i_19/O
                         net (fo=1, routed)           0.000     3.315    u_enc_rq/rq[3]_i_19_n_0
    SLICE_X36Y78         CARRY4 (Prop_carry4_S[1]_CO[3])
                                                      0.533     3.848 r  u_enc_rq/rq_reg[3]_i_12/CO[3]
                         net (fo=1, routed)           0.000     3.848    u_enc_rq/rq_reg[3]_i_12_n_0
    SLICE_X36Y79         CARRY4 (Prop_carry4_CI_CO[3])
                                                      0.117     3.965 r  u_enc_rq/rq_reg[7]_i_335/CO[3]
                         net (fo=1, routed)           0.000     3.965    u_enc_rq/rq_reg[7]_i_335_n_0
    SLICE_X36Y80         CARRY4 (Prop_carry4_CI_CO[3])
                                                      0.117     4.082 r  u_enc_rq/rq_reg[7]_i_334/CO[3]
                         net (fo=1, routed)           0.000     4.082    u_enc_rq/rq_reg[7]_i_334_n_0
    SLICE_X36Y81         CARRY4 (Prop_carry4_CI_CO[3])
                                                      0.117     4.199 r  u_enc_rq/rq_reg[7]_i_328/CO[3]
                         net (fo=1, routed)           0.000     4.199    u_enc_rq/rq_reg[7]_i_328_n_0
    SLICE_X36Y82         CARRY4 (Prop_carry4_CI_CO[3])
                                                      0.117     4.316 r  u_enc_rq/rq_reg[7]_i_331/CO[3]
                         net (fo=1, routed)           0.000     4.316    u_enc_rq/rq_reg[7]_i_331_n_0
    SLICE_X36Y83         CARRY4 (Prop_carry4_CI_CO[3])
                                                      0.117     4.433 r  u_enc_rq/rq_reg[7]_i_325/CO[3]
                         net (fo=1, routed)           0.000     4.433    u_enc_rq/rq_reg[7]_i_325_n_0
    SLICE_X36Y84         CARRY4 (Prop_carry4_CI_CO[3])
                                                      0.117     4.550 r  u_enc_rq/rq_reg[7]_i_332/CO[3]
                         net (fo=1, routed)           0.000     4.550    u_enc_rq/rq_reg[7]_i_332_n_0
    SLICE_X36Y85         CARRY4 (Prop_carry4_CI_CO[3])
                                                      0.117     4.667 r  u_enc_rq/rq_reg[7]_i_326/CO[3]
                         net (fo=1, routed)           0.000     4.667    u_enc_rq/rq_reg[7]_i_326_n_0
    SLICE_X36Y86         CARRY4 (Prop_carry4_CI_CO[3])
                                                      0.117     4.784 r  u_enc_rq/rq_reg[7]_i_329/CO[3]
                         net (fo=1, routed)           0.000     4.784    u_enc_rq/rq_reg[7]_i_329_n_0
    SLICE_X36Y87         CARRY4 (Prop_carry4_CI_CO[3])
                                                      0.117     4.901 r  u_enc_rq/rq_reg[7]_i_323/CO[3]
                         net (fo=1, routed)           0.000     4.901    u_enc_rq/rq_reg[7]_i_323_n_0
    SLICE_X36Y88         CARRY4 (Prop_carry4_CI_CO[3])
                                                      0.117     5.018 r  u_enc_rq/rq_reg[7]_i_333/CO[3]
                         net (fo=1, routed)           0.000     5.018    u_enc_rq/rq_reg[7]_i_333_n_0
    SLICE_X36Y89         CARRY4 (Prop_carry4_CI_CO[3])
                                                      0.117     5.135 r  u_enc_rq/rq_reg[7]_i_327/CO[3]
                         net (fo=1, routed)           0.000     5.135    u_enc_rq/rq_reg[7]_i_327_n_0
    SLICE_X36Y90         CARRY4 (Prop_carry4_CI_CO[3])
                                                      0.117     5.252 r  u_enc_rq/rq_reg[7]_i_330/CO[3]
                         net (fo=1, routed)           0.000     5.252    u_enc_rq/rq_reg[7]_i_330_n_0
    SLICE_X36Y91         CARRY4 (Prop_carry4_CI_CO[3])
                                                      0.117     5.369 r  u_enc_rq/rq_reg[7]_i_324/CO[3]
                         net (fo=1, routed)           0.000     5.369    u_enc_rq/rq_reg[7]_i_324_n_0
    SLICE_X36Y92         CARRY4 (Prop_carry4_CI_CO[3])
                                                      0.117     5.486 r  u_enc_rq/rq_reg[7]_i_253/CO[3]
                         net (fo=1, routed)           0.000     5.486    u_enc_rq/rq_reg[7]_i_253_n_0
    SLICE_X36Y93         CARRY4 (Prop_carry4_CI_O[3])
                                                      0.315     5.801 f  u_enc_rq/rq_reg[7]_i_115/O[3]
                         net (fo=64, routed)          0.925     6.727    u_enc_rq/rq_reg[7]_i_115_n_4
    SLICE_X38Y87         LUT6 (Prop_lut6_I0_O)        0.307     7.034 f  u_enc_rq/rq[7]_i_166/O
                         net (fo=4, routed)           0.838     7.872    u_enc_rq/rq[7]_i_166_n_0
    SLICE_X43Y87         LUT6 (Prop_lut6_I0_O)        0.124     7.996 f  u_enc_rq/rq[7]_i_69/O
                         net (fo=2, routed)           1.134     9.130    u_enc_rq/rq[7]_i_69_n_0
    SLICE_X54Y87         LUT3 (Prop_lut3_I0_O)        0.124     9.254 f  u_enc_rq/rq[7]_i_20/O
                         net (fo=2, routed)           0.679     9.933    u_enc_rq/rq[7]_i_20_n_0
    SLICE_X54Y87         LUT6 (Prop_lut6_I5_O)        0.124    10.057 f  u_enc_rq/rq[7]_i_835/O
                         net (fo=4, routed)           0.592    10.649    u_enc_rq/rq[7]_i_835_n_0
    SLICE_X54Y89         LUT6 (Prop_lut6_I1_O)        0.124    10.773 r  u_enc_rq/rq[7]_i_710/O
                         net (fo=1, routed)           0.571    11.344    u_enc_rq/rq[7]_i_710_n_0
    SLICE_X52Y89         CARRY4 (Prop_carry4_DI[0]_CO[3])
                                                      0.526    11.870 r  u_enc_rq/rq_reg[7]_i_576/CO[3]
                         net (fo=1, routed)           0.000    11.870    u_enc_rq/rq_reg[7]_i_576_n_0
    SLICE_X52Y90         CARRY4 (Prop_carry4_CI_CO[3])
                                                      0.114    11.984 r  u_enc_rq/rq_reg[7]_i_369/CO[3]
                         net (fo=1, routed)           0.000    11.984    u_enc_rq/rq_reg[7]_i_369_n_0
    SLICE_X52Y91         CARRY4 (Prop_carry4_CI_CO[3])
                                                      0.114    12.098 r  u_enc_rq/rq_reg[7]_i_208/CO[3]
                         net (fo=1, routed)           0.000    12.098    u_enc_rq/rq_reg[7]_i_208_n_0
    SLICE_X52Y92         CARRY4 (Prop_carry4_CI_CO[3])
                                                      0.114    12.212 r  u_enc_rq/rq_reg[7]_i_97/CO[3]
                         net (fo=1, routed)           0.000    12.212    u_enc_rq/rq_reg[7]_i_97_n_0
    SLICE_X52Y93         CARRY4 (Prop_carry4_CI_CO[3])
                                                      0.114    12.326 r  u_enc_rq/rq_reg[7]_i_34/CO[3]
                         net (fo=1, routed)           0.000    12.326    u_enc_rq/rq_reg[7]_i_34_n_0
    SLICE_X52Y94         CARRY4 (Prop_carry4_CI_CO[3])
                                                      0.114    12.440 r  u_enc_rq/rq_reg[7]_i_8/CO[3]
                         net (fo=1, routed)           0.000    12.440    u_enc_rq/rq_reg[7]_i_8_n_0
    SLICE_X52Y95         CARRY4 (Prop_carry4_CI_CO[3])
                                                      0.114    12.554 r  u_enc_rq/rq_reg[7]_i_3/CO[3]
                         net (fo=2, routed)           0.781    13.335    u_enc_rq/acc_sat1
    SLICE_X50Y93         LUT2 (Prop_lut2_I1_O)        0.124    13.459 r  u_enc_rq/rq[7]_i_1/O
                         net (fo=7, routed)           0.553    14.012    u_enc_rq/rq[7]_i_1_n_0
    SLICE_X51Y93         FDRE                                         r  u_enc_rq/rq_reg[1]/R
  -------------------------------------------------------------------    -------------------

                         (clock ACLK rise edge)      13.500    13.500 r  
                                                      0.000    13.500 r  clk (IN)
                         net (fo=3643, unset)         0.924    14.424    u_enc_rq/clk
    SLICE_X51Y93         FDRE                                         r  u_enc_rq/rq_reg[1]/C
                         clock pessimism              0.000    14.424    
                         clock uncertainty           -0.035    14.389    
    SLICE_X51Y93         FDRE (Setup_fdre_C_R)       -0.429    13.960    u_enc_rq/rq_reg[1]
  -------------------------------------------------------------------
                         required time                         13.960    
                         arrival time                         -14.012    
  -------------------------------------------------------------------
                         slack                                 -0.052    

Slack (VIOLATED) :        -0.052ns  (required time - arrival time)
  Source:                 u_enc_rq/param3_reg[66]_rep/C
                            (rising edge-triggered cell FDRE clocked by ACLK  {rise@0.000ns fall@6.750ns period=13.500ns})
  Destination:            u_enc_rq/rq_reg[6]/R
                            (rising edge-triggered cell FDRE clocked by ACLK  {rise@0.000ns fall@6.750ns period=13.500ns})
  Path Group:             ACLK
  Path Type:              Setup (Max at Slow Process Corner)
  Requirement:            13.500ns  (ACLK rise@13.500ns - ACLK rise@0.000ns)
  Data Path Delay:        13.039ns  (logic 5.462ns (41.888%)  route 7.577ns (58.112%))
  Logic Levels:           31  (CARRY4=23 LUT2=1 LUT3=1 LUT5=1 LUT6=5)
  Clock Path Skew:        -0.049ns (DCD - SCD + CPR)
    Destination Clock Delay (DCD):    0.924ns = ( 14.424 - 13.500 ) 
    Source Clock Delay      (SCD):    0.973ns
    Clock Pessimism Removal (CPR):    0.000ns
  Clock Uncertainty:      0.035ns  ((TSJ^2 + TIJ^2)^1/2 + DJ) / 2 + PE
    Total System Jitter     (TSJ):    0.071ns
    Total Input Jitter      (TIJ):    0.000ns
    Discrete Jitter          (DJ):    0.000ns
    Phase Error              (PE):    0.000ns

    Location             Delay type                Incr(ns)  Path(ns)    Netlist Resource(s)
  -------------------------------------------------------------------    -------------------
                         (clock ACLK rise edge)       0.000     0.000 r  
                                                      0.000     0.000 r  clk (IN)
                         net (fo=3643, unset)         0.973     0.973    u_enc_rq/clk
    SLICE_X40Y79         FDRE                                         r  u_enc_rq/param3_reg[66]_rep/C
  -------------------------------------------------------------------    -------------------
    SLICE_X40Y79         FDRE (Prop_fdre_C_Q)         0.419     1.392 r  u_enc_rq/param3_reg[66]_rep/Q
                         net (fo=88, routed)          0.967     2.359    u_enc_rq/param3_reg[66]_rep_n_0
    SLICE_X40Y79         LUT6 (Prop_lut6_I1_O)        0.296     2.655 r  u_enc_rq/rq[7]_i_696/O
                         net (fo=16, routed)          0.537     3.191    u_enc_rq/rq[7]_i_696_n_0
    SLICE_X36Y78         LUT5 (Prop_lut5_I4_O)        0.124     3.315 r  u_enc_rq/rq[3]_i_19/O
                         net (fo=1, routed)           0.000     3.315    u_enc_rq/rq[3]_i_19_n_0
    SLICE_X36Y78         CARRY4 (Prop_carry4_S[1]_CO[3])
                                                      0.533     3.848 r  u_enc_rq/rq_reg[3]_i_12/CO[3]
                         net (fo=1, routed)           0.000     3.848    u_enc_rq/rq_reg[3]_i_12_n_0
    SLICE_X36Y79         CARRY4 (Prop_carry4_CI_CO[3])
                                                      0.117     3.965 r  u_enc_rq/rq_reg[7]_i_335/CO[3]
                         net (fo=1, routed)           0.000     3.965    u_enc_rq/rq_reg[7]_i_335_n_0
    SLICE_X36Y80         CARRY4 (Prop_carry4_CI_CO[3])
                                                      0.117     4.082 r  u_enc_rq/rq_reg[7]_i_334/CO[3]
                         net (fo=1, routed)           0.000     4.082    u_enc_rq/rq_reg[7]_i_334_n_0
    SLICE_X36Y81         CARRY4 (Prop_carry4_CI_CO[3])
                                                      0.117     4.199 r  u_enc_rq/rq_reg[7]_i_328/CO[3]
                         net (fo=1, routed)           0.000     4.199    u_enc_rq/rq_reg[7]_i_328_n_0
    SLICE_X36Y82         CARRY4 (Prop_carry4_CI_CO[3])
                                                      0.117     4.316 r  u_enc_rq/rq_reg[7]_i_331/CO[3]
                         net (fo=1, routed)           0.000     4.316    u_enc_rq/rq_reg[7]_i_331_n_0
    SLICE_X36Y83         CARRY4 (Prop_carry4_CI_CO[3])
                                                      0.117     4.433 r  u_enc_rq/rq_reg[7]_i_325/CO[3]
                         net (fo=1, routed)           0.000     4.433    u_enc_rq/rq_reg[7]_i_325_n_0
    SLICE_X36Y84         CARRY4 (Prop_carry4_CI_CO[3])
                                                      0.117     4.550 r  u_enc_rq/rq_reg[7]_i_332/CO[3]
                         net (fo=1, routed)           0.000     4.550    u_enc_rq/rq_reg[7]_i_332_n_0
    SLICE_X36Y85         CARRY4 (Prop_carry4_CI_CO[3])
                                                      0.117     4.667 r  u_enc_rq/rq_reg[7]_i_326/CO[3]
                         net (fo=1, routed)           0.000     4.667    u_enc_rq/rq_reg[7]_i_326_n_0
    SLICE_X36Y86         CARRY4 (Prop_carry4_CI_CO[3])
                                                      0.117     4.784 r  u_enc_rq/rq_reg[7]_i_329/CO[3]
                         net (fo=1, routed)           0.000     4.784    u_enc_rq/rq_reg[7]_i_329_n_0
    SLICE_X36Y87         CARRY4 (Prop_carry4_CI_CO[3])
                                                      0.117     4.901 r  u_enc_rq/rq_reg[7]_i_323/CO[3]
                         net (fo=1, routed)           0.000     4.901    u_enc_rq/rq_reg[7]_i_323_n_0
    SLICE_X36Y88         CARRY4 (Prop_carry4_CI_CO[3])
                                                      0.117     5.018 r  u_enc_rq/rq_reg[7]_i_333/CO[3]
                         net (fo=1, routed)           0.000     5.018    u_enc_rq/rq_reg[7]_i_333_n_0
    SLICE_X36Y89         CARRY4 (Prop_carry4_CI_CO[3])
                                                      0.117     5.135 r  u_enc_rq/rq_reg[7]_i_327/CO[3]
                         net (fo=1, routed)           0.000     5.135    u_enc_rq/rq_reg[7]_i_327_n_0
    SLICE_X36Y90         CARRY4 (Prop_carry4_CI_CO[3])
                                                      0.117     5.252 r  u_enc_rq/rq_reg[7]_i_330/CO[3]
                         net (fo=1, routed)           0.000     5.252    u_enc_rq/rq_reg[7]_i_330_n_0
    SLICE_X36Y91         CARRY4 (Prop_carry4_CI_CO[3])
                                                      0.117     5.369 r  u_enc_rq/rq_reg[7]_i_324/CO[3]
                         net (fo=1, routed)           0.000     5.369    u_enc_rq/rq_reg[7]_i_324_n_0
    SLICE_X36Y92         CARRY4 (Prop_carry4_CI_CO[3])
                                                      0.117     5.486 r  u_enc_rq/rq_reg[7]_i_253/CO[3]
                         net (fo=1, routed)           0.000     5.486    u_enc_rq/rq_reg[7]_i_253_n_0
    SLICE_X36Y93         CARRY4 (Prop_carry4_CI_O[3])
                                                      0.315     5.801 f  u_enc_rq/rq_reg[7]_i_115/O[3]
                         net (fo=64, routed)          0.925     6.727    u_enc_rq/rq_reg[7]_i_115_n_4
    SLICE_X38Y87         LUT6 (Prop_lut6_I0_O)        0.307     7.034 f  u_enc_rq/rq[7]_i_166/O
                         net (fo=4, routed)           0.838     7.872    u_enc_rq/rq[7]_i_166_n_0
    SLICE_X43Y87         LUT6 (Prop_lut6_I0_O)        0.124     7.996 f  u_enc_rq/rq[7]_i_69/O
                         net (fo=2, routed)           1.134     9.130    u_enc_rq/rq[7]_i_69_n_0
    SLICE_X54Y87         LUT3 (Prop_lut3_I0_O)        0.124     9.254 f  u_enc_rq/rq[7]_i_20/O
                         net (fo=2, routed)           0.679     9.933    u_enc_rq/rq[7]_i_20_n_0
    SLICE_X54Y87         LUT6 (Prop_lut6_I5_O)        0.124    10.057 f  u_enc_rq/rq[7]_i_835/O
                         net (fo=4, routed)           0.592    10.649    u_enc_rq/rq[7]_i_835_n_0
    SLICE_X54Y89         LUT6 (Prop_lut6_I1_O)        0.124    10.773 r  u_enc_rq/rq[7]_i_710/O
                         net (fo=1, routed)           0.571    11.344    u_enc_rq/rq[7]_i_710_n_0
    SLICE_X52Y89         CARRY4 (Prop_carry4_DI[0]_CO[3])
                                                      0.526    11.870 r  u_enc_rq/rq_reg[7]_i_576/CO[3]
                         net (fo=1, routed)           0.000    11.870    u_enc_rq/rq_reg[7]_i_576_n_0
    SLICE_X52Y90         CARRY4 (Prop_carry4_CI_CO[3])
                                                      0.114    11.984 r  u_enc_rq/rq_reg[7]_i_369/CO[3]
                         net (fo=1, routed)           0.000    11.984    u_enc_rq/rq_reg[7]_i_369_n_0
    SLICE_X52Y91         CARRY4 (Prop_carry4_CI_CO[3])
                                                      0.114    12.098 r  u_enc_rq/rq_reg[7]_i_208/CO[3]
                         net (fo=1, routed)           0.000    12.098    u_enc_rq/rq_reg[7]_i_208_n_0
    SLICE_X52Y92         CARRY4 (Prop_carry4_CI_CO[3])
                                                      0.114    12.212 r  u_enc_rq/rq_reg[7]_i_97/CO[3]
                         net (fo=1, routed)           0.000    12.212    u_enc_rq/rq_reg[7]_i_97_n_0
    SLICE_X52Y93         CARRY4 (Prop_carry4_CI_CO[3])
                                                      0.114    12.326 r  u_enc_rq/rq_reg[7]_i_34/CO[3]
                         net (fo=1, routed)           0.000    12.326    u_enc_rq/rq_reg[7]_i_34_n_0
    SLICE_X52Y94         CARRY4 (Prop_carry4_CI_CO[3])
                                                      0.114    12.440 r  u_enc_rq/rq_reg[7]_i_8/CO[3]
                         net (fo=1, routed)           0.000    12.440    u_enc_rq/rq_reg[7]_i_8_n_0
    SLICE_X52Y95         CARRY4 (Prop_carry4_CI_CO[3])
                                                      0.114    12.554 r  u_enc_rq/rq_reg[7]_i_3/CO[3]
                         net (fo=2, routed)           0.781    13.335    u_enc_rq/acc_sat1
    SLICE_X50Y93         LUT2 (Prop_lut2_I1_O)        0.124    13.459 r  u_enc_rq/rq[7]_i_1/O
                         net (fo=7, routed)           0.553    14.012    u_enc_rq/rq[7]_i_1_n_0
    SLICE_X51Y93         FDRE                                         r  u_enc_rq/rq_reg[6]/R
  -------------------------------------------------------------------    -------------------

                         (clock ACLK rise edge)      13.500    13.500 r  
                                                      0.000    13.500 r  clk (IN)
                         net (fo=3643, unset)         0.924    14.424    u_enc_rq/clk
    SLICE_X51Y93         FDRE                                         r  u_enc_rq/rq_reg[6]/C
                         clock pessimism              0.000    14.424    
                         clock uncertainty           -0.035    14.389    
    SLICE_X51Y93         FDRE (Setup_fdre_C_R)       -0.429    13.960    u_enc_rq/rq_reg[6]
  -------------------------------------------------------------------
                         required time                         13.960    
                         arrival time                         -14.012    
  -------------------------------------------------------------------
                         slack                                 -0.052    

Slack (VIOLATED) :        -0.051ns  (required time - arrival time)
  Source:                 u_enc_rq/param3_reg[66]_rep/C
                            (rising edge-triggered cell FDRE clocked by ACLK  {rise@0.000ns fall@6.750ns period=13.500ns})
  Destination:            u_enc_rq/rq_reg[2]/R
                            (rising edge-triggered cell FDRE clocked by ACLK  {rise@0.000ns fall@6.750ns period=13.500ns})
  Path Group:             ACLK
  Path Type:              Setup (Max at Slow Process Corner)
  Requirement:            13.500ns  (ACLK rise@13.500ns - ACLK rise@0.000ns)
  Data Path Delay:        13.038ns  (logic 5.462ns (41.892%)  route 7.576ns (58.108%))
  Logic Levels:           31  (CARRY4=23 LUT2=1 LUT3=1 LUT5=1 LUT6=5)
  Clock Path Skew:        -0.049ns (DCD - SCD + CPR)
    Destination Clock Delay (DCD):    0.924ns = ( 14.424 - 13.500 ) 
    Source Clock Delay      (SCD):    0.973ns
    Clock Pessimism Removal (CPR):    0.000ns
  Clock Uncertainty:      0.035ns  ((TSJ^2 + TIJ^2)^1/2 + DJ) / 2 + PE
    Total System Jitter     (TSJ):    0.071ns
    Total Input Jitter      (TIJ):    0.000ns
    Discrete Jitter          (DJ):    0.000ns
    Phase Error              (PE):    0.000ns

    Location             Delay type                Incr(ns)  Path(ns)    Netlist Resource(s)
  -------------------------------------------------------------------    -------------------
                         (clock ACLK rise edge)       0.000     0.000 r  
                                                      0.000     0.000 r  clk (IN)
                         net (fo=3643, unset)         0.973     0.973    u_enc_rq/clk
    SLICE_X40Y79         FDRE                                         r  u_enc_rq/param3_reg[66]_rep/C
  -------------------------------------------------------------------    -------------------
    SLICE_X40Y79         FDRE (Prop_fdre_C_Q)         0.419     1.392 r  u_enc_rq/param3_reg[66]_rep/Q
                         net (fo=88, routed)          0.967     2.359    u_enc_rq/param3_reg[66]_rep_n_0
    SLICE_X40Y79         LUT6 (Prop_lut6_I1_O)        0.296     2.655 r  u_enc_rq/rq[7]_i_696/O
                         net (fo=16, routed)          0.537     3.191    u_enc_rq/rq[7]_i_696_n_0
    SLICE_X36Y78         LUT5 (Prop_lut5_I4_O)        0.124     3.315 r  u_enc_rq/rq[3]_i_19/O
                         net (fo=1, routed)           0.000     3.315    u_enc_rq/rq[3]_i_19_n_0
    SLICE_X36Y78         CARRY4 (Prop_carry4_S[1]_CO[3])
                                                      0.533     3.848 r  u_enc_rq/rq_reg[3]_i_12/CO[3]
                         net (fo=1, routed)           0.000     3.848    u_enc_rq/rq_reg[3]_i_12_n_0
    SLICE_X36Y79         CARRY4 (Prop_carry4_CI_CO[3])
                                                      0.117     3.965 r  u_enc_rq/rq_reg[7]_i_335/CO[3]
                         net (fo=1, routed)           0.000     3.965    u_enc_rq/rq_reg[7]_i_335_n_0
    SLICE_X36Y80         CARRY4 (Prop_carry4_CI_CO[3])
                                                      0.117     4.082 r  u_enc_rq/rq_reg[7]_i_334/CO[3]
                         net (fo=1, routed)           0.000     4.082    u_enc_rq/rq_reg[7]_i_334_n_0
    SLICE_X36Y81         CARRY4 (Prop_carry4_CI_CO[3])
                                                      0.117     4.199 r  u_enc_rq/rq_reg[7]_i_328/CO[3]
                         net (fo=1, routed)           0.000     4.199    u_enc_rq/rq_reg[7]_i_328_n_0
    SLICE_X36Y82         CARRY4 (Prop_carry4_CI_CO[3])
                                                      0.117     4.316 r  u_enc_rq/rq_reg[7]_i_331/CO[3]
                         net (fo=1, routed)           0.000     4.316    u_enc_rq/rq_reg[7]_i_331_n_0
    SLICE_X36Y83         CARRY4 (Prop_carry4_CI_CO[3])
                                                      0.117     4.433 r  u_enc_rq/rq_reg[7]_i_325/CO[3]
                         net (fo=1, routed)           0.000     4.433    u_enc_rq/rq_reg[7]_i_325_n_0
    SLICE_X36Y84         CARRY4 (Prop_carry4_CI_CO[3])
                                                      0.117     4.550 r  u_enc_rq/rq_reg[7]_i_332/CO[3]
                         net (fo=1, routed)           0.000     4.550    u_enc_rq/rq_reg[7]_i_332_n_0
    SLICE_X36Y85         CARRY4 (Prop_carry4_CI_CO[3])
                                                      0.117     4.667 r  u_enc_rq/rq_reg[7]_i_326/CO[3]
                         net (fo=1, routed)           0.000     4.667    u_enc_rq/rq_reg[7]_i_326_n_0
    SLICE_X36Y86         CARRY4 (Prop_carry4_CI_CO[3])
                                                      0.117     4.784 r  u_enc_rq/rq_reg[7]_i_329/CO[3]
                         net (fo=1, routed)           0.000     4.784    u_enc_rq/rq_reg[7]_i_329_n_0
    SLICE_X36Y87         CARRY4 (Prop_carry4_CI_CO[3])
                                                      0.117     4.901 r  u_enc_rq/rq_reg[7]_i_323/CO[3]
                         net (fo=1, routed)           0.000     4.901    u_enc_rq/rq_reg[7]_i_323_n_0
    SLICE_X36Y88         CARRY4 (Prop_carry4_CI_CO[3])
                                                      0.117     5.018 r  u_enc_rq/rq_reg[7]_i_333/CO[3]
                         net (fo=1, routed)           0.000     5.018    u_enc_rq/rq_reg[7]_i_333_n_0
    SLICE_X36Y89         CARRY4 (Prop_carry4_CI_CO[3])
                                                      0.117     5.135 r  u_enc_rq/rq_reg[7]_i_327/CO[3]
                         net (fo=1, routed)           0.000     5.135    u_enc_rq/rq_reg[7]_i_327_n_0
    SLICE_X36Y90         CARRY4 (Prop_carry4_CI_CO[3])
                                                      0.117     5.252 r  u_enc_rq/rq_reg[7]_i_330/CO[3]
                         net (fo=1, routed)           0.000     5.252    u_enc_rq/rq_reg[7]_i_330_n_0
    SLICE_X36Y91         CARRY4 (Prop_carry4_CI_CO[3])
                                                      0.117     5.369 r  u_enc_rq/rq_reg[7]_i_324/CO[3]
                         net (fo=1, routed)           0.000     5.369    u_enc_rq/rq_reg[7]_i_324_n_0
    SLICE_X36Y92         CARRY4 (Prop_carry4_CI_CO[3])
                                                      0.117     5.486 r  u_enc_rq/rq_reg[7]_i_253/CO[3]
                         net (fo=1, routed)           0.000     5.486    u_enc_rq/rq_reg[7]_i_253_n_0
    SLICE_X36Y93         CARRY4 (Prop_carry4_CI_O[3])
                                                      0.315     5.801 f  u_enc_rq/rq_reg[7]_i_115/O[3]
                         net (fo=64, routed)          0.925     6.727    u_enc_rq/rq_reg[7]_i_115_n_4
    SLICE_X38Y87         LUT6 (Prop_lut6_I0_O)        0.307     7.034 f  u_enc_rq/rq[7]_i_166/O
                         net (fo=4, routed)           0.838     7.872    u_enc_rq/rq[7]_i_166_n_0
    SLICE_X43Y87         LUT6 (Prop_lut6_I0_O)        0.124     7.996 f  u_enc_rq/rq[7]_i_69/O
                         net (fo=2, routed)           1.134     9.130    u_enc_rq/rq[7]_i_69_n_0
    SLICE_X54Y87         LUT3 (Prop_lut3_I0_O)        0.124     9.254 f  u_enc_rq/rq[7]_i_20/O
                         net (fo=2, routed)           0.679     9.933    u_enc_rq/rq[7]_i_20_n_0
    SLICE_X54Y87         LUT6 (Prop_lut6_I5_O)        0.124    10.057 f  u_enc_rq/rq[7]_i_835/O
                         net (fo=4, routed)           0.592    10.649    u_enc_rq/rq[7]_i_835_n_0
    SLICE_X54Y89         LUT6 (Prop_lut6_I1_O)        0.124    10.773 r  u_enc_rq/rq[7]_i_710/O
                         net (fo=1, routed)           0.571    11.344    u_enc_rq/rq[7]_i_710_n_0
    SLICE_X52Y89         CARRY4 (Prop_carry4_DI[0]_CO[3])
                                                      0.526    11.870 r  u_enc_rq/rq_reg[7]_i_576/CO[3]
                         net (fo=1, routed)           0.000    11.870    u_enc_rq/rq_reg[7]_i_576_n_0
    SLICE_X52Y90         CARRY4 (Prop_carry4_CI_CO[3])
                                                      0.114    11.984 r  u_enc_rq/rq_reg[7]_i_369/CO[3]
                         net (fo=1, routed)           0.000    11.984    u_enc_rq/rq_reg[7]_i_369_n_0
    SLICE_X52Y91         CARRY4 (Prop_carry4_CI_CO[3])
                                                      0.114    12.098 r  u_enc_rq/rq_reg[7]_i_208/CO[3]
                         net (fo=1, routed)           0.000    12.098    u_enc_rq/rq_reg[7]_i_208_n_0
    SLICE_X52Y92         CARRY4 (Prop_carry4_CI_CO[3])
                                                      0.114    12.212 r  u_enc_rq/rq_reg[7]_i_97/CO[3]
                         net (fo=1, routed)           0.000    12.212    u_enc_rq/rq_reg[7]_i_97_n_0
    SLICE_X52Y93         CARRY4 (Prop_carry4_CI_CO[3])
                                                      0.114    12.326 r  u_enc_rq/rq_reg[7]_i_34/CO[3]
                         net (fo=1, routed)           0.000    12.326    u_enc_rq/rq_reg[7]_i_34_n_0
    SLICE_X52Y94         CARRY4 (Prop_carry4_CI_CO[3])
                                                      0.114    12.440 r  u_enc_rq/rq_reg[7]_i_8/CO[3]
                         net (fo=1, routed)           0.000    12.440    u_enc_rq/rq_reg[7]_i_8_n_0
    SLICE_X52Y95         CARRY4 (Prop_carry4_CI_CO[3])
                                                      0.114    12.554 r  u_enc_rq/rq_reg[7]_i_3/CO[3]
                         net (fo=2, routed)           0.781    13.335    u_enc_rq/acc_sat1
    SLICE_X50Y93         LUT2 (Prop_lut2_I1_O)        0.124    13.459 r  u_enc_rq/rq[7]_i_1/O
                         net (fo=7, routed)           0.552    14.011    u_enc_rq/rq[7]_i_1_n_0
    SLICE_X51Y94         FDRE                                         r  u_enc_rq/rq_reg[2]/R
  -------------------------------------------------------------------    -------------------

                         (clock ACLK rise edge)      13.500    13.500 r  
                                                      0.000    13.500 r  clk (IN)
                         net (fo=3643, unset)         0.924    14.424    u_enc_rq/clk
    SLICE_X51Y94         FDRE                                         r  u_enc_rq/rq_reg[2]/C
                         clock pessimism              0.000    14.424    
                         clock uncertainty           -0.035    14.389    
    SLICE_X51Y94         FDRE (Setup_fdre_C_R)       -0.429    13.960    u_enc_rq/rq_reg[2]
  -------------------------------------------------------------------
                         required time                         13.960    
                         arrival time                         -14.011    
  -------------------------------------------------------------------
                         slack                                 -0.051    





Min Delay Paths
--------------------------------------------------------------------------------------
Slack (MET) :             0.100ns  (arrival time - required time)
  Source:                 u_enc_rq/param2_reg[94]/C
                            (rising edge-triggered cell FDRE clocked by ACLK  {rise@0.000ns fall@6.750ns period=13.500ns})
  Destination:            u_enc_rq/param3_reg[94]/D
                            (rising edge-triggered cell FDRE clocked by ACLK  {rise@0.000ns fall@6.750ns period=13.500ns})
  Path Group:             ACLK
  Path Type:              Hold (Min at Fast Process Corner)
  Requirement:            0.000ns  (ACLK rise@0.000ns - ACLK rise@0.000ns)
  Data Path Delay:        0.197ns  (logic 0.141ns (71.611%)  route 0.056ns (28.389%))
  Logic Levels:           0  
  Clock Path Skew:        0.022ns (DCD - SCD - CPR)
    Destination Clock Delay (DCD):    0.432ns
    Source Clock Delay      (SCD):    0.410ns
    Clock Pessimism Removal (CPR):    -0.000ns

    Location             Delay type                Incr(ns)  Path(ns)    Netlist Resource(s)
  -------------------------------------------------------------------    -------------------
                         (clock ACLK rise edge)       0.000     0.000 r  
                                                      0.000     0.000 r  clk (IN)
                         net (fo=3643, unset)         0.410     0.410    u_enc_rq/clk
    SLICE_X57Y108        FDRE                                         r  u_enc_rq/param2_reg[94]/C
  -------------------------------------------------------------------    -------------------
    SLICE_X57Y108        FDRE (Prop_fdre_C_Q)         0.141     0.551 r  u_enc_rq/param2_reg[94]/Q
                         net (fo=1, routed)           0.056     0.607    u_enc_rq/param2[94]
    SLICE_X57Y108        FDRE                                         r  u_enc_rq/param3_reg[94]/D
  -------------------------------------------------------------------    -------------------

                         (clock ACLK rise edge)       0.000     0.000 r  
                                                      0.000     0.000 r  clk (IN)
                         net (fo=3643, unset)         0.432     0.432    u_enc_rq/clk
    SLICE_X57Y108        FDRE                                         r  u_enc_rq/param3_reg[94]/C
                         clock pessimism              0.000     0.432    
    SLICE_X57Y108        FDRE (Hold_fdre_C_D)         0.075     0.507    u_enc_rq/param3_reg[94]
  -------------------------------------------------------------------
                         required time                         -0.507    
                         arrival time                           0.607    
  -------------------------------------------------------------------
                         slack                                  0.100    

Slack (MET) :             0.104ns  (arrival time - required time)
  Source:                 u_enc_rq/param2_reg[95]/C
                            (rising edge-triggered cell FDRE clocked by ACLK  {rise@0.000ns fall@6.750ns period=13.500ns})
  Destination:            u_enc_rq/param3_reg[95]/D
                            (rising edge-triggered cell FDRE clocked by ACLK  {rise@0.000ns fall@6.750ns period=13.500ns})
  Path Group:             ACLK
  Path Type:              Hold (Min at Fast Process Corner)
  Requirement:            0.000ns  (ACLK rise@0.000ns - ACLK rise@0.000ns)
  Data Path Delay:        0.197ns  (logic 0.141ns (71.611%)  route 0.056ns (28.389%))
  Logic Levels:           0  
  Clock Path Skew:        0.022ns (DCD - SCD - CPR)
    Destination Clock Delay (DCD):    0.432ns
    Source Clock Delay      (SCD):    0.410ns
    Clock Pessimism Removal (CPR):    -0.000ns

    Location             Delay type                Incr(ns)  Path(ns)    Netlist Resource(s)
  -------------------------------------------------------------------    -------------------
                         (clock ACLK rise edge)       0.000     0.000 r  
                                                      0.000     0.000 r  clk (IN)
                         net (fo=3643, unset)         0.410     0.410    u_enc_rq/clk
    SLICE_X57Y108        FDRE                                         r  u_enc_rq/param2_reg[95]/C
  -------------------------------------------------------------------    -------------------
    SLICE_X57Y108        FDRE (Prop_fdre_C_Q)         0.141     0.551 r  u_enc_rq/param2_reg[95]/Q
                         net (fo=1, routed)           0.056     0.607    u_enc_rq/param2[95]
    SLICE_X57Y108        FDRE                                         r  u_enc_rq/param3_reg[95]/D
  -------------------------------------------------------------------    -------------------

                         (clock ACLK rise edge)       0.000     0.000 r  
                                                      0.000     0.000 r  clk (IN)
                         net (fo=3643, unset)         0.432     0.432    u_enc_rq/clk
    SLICE_X57Y108        FDRE                                         r  u_enc_rq/param3_reg[95]/C
                         clock pessimism              0.000     0.432    
    SLICE_X57Y108        FDRE (Hold_fdre_C_D)         0.071     0.503    u_enc_rq/param3_reg[95]
  -------------------------------------------------------------------
                         required time                         -0.503    
                         arrival time                           0.607    
  -------------------------------------------------------------------
                         slack                                  0.104    

Slack (MET) :             0.126ns  (arrival time - required time)
  Source:                 u_conv_mac/acc_tag_r_reg[10]/C
                            (rising edge-triggered cell FDRE clocked by ACLK  {rise@0.000ns fall@6.750ns period=13.500ns})
  Destination:            u_enc_rq/rq_tag_reg[10]_srl4/D
                            (rising edge-triggered cell SRL16E clocked by ACLK  {rise@0.000ns fall@6.750ns period=13.500ns})
  Path Group:             ACLK
  Path Type:              Hold (Min at Fast Process Corner)
  Requirement:            0.000ns  (ACLK rise@0.000ns - ACLK rise@0.000ns)
  Data Path Delay:        0.242ns  (logic 0.141ns (58.263%)  route 0.101ns (41.737%))
  Logic Levels:           0  
  Clock Path Skew:        0.022ns (DCD - SCD - CPR)
    Destination Clock Delay (DCD):    0.432ns
    Source Clock Delay      (SCD):    0.410ns
    Clock Pessimism Removal (CPR):    -0.000ns

    Location             Delay type                Incr(ns)  Path(ns)    Netlist Resource(s)
  -------------------------------------------------------------------    -------------------
                         (clock ACLK rise edge)       0.000     0.000 r  
                                                      0.000     0.000 r  clk (IN)
                         net (fo=3643, unset)         0.410     0.410    u_conv_mac/clk
    SLICE_X61Y32         FDRE                                         r  u_conv_mac/acc_tag_r_reg[10]/C
  -------------------------------------------------------------------    -------------------
    SLICE_X61Y32         FDRE (Prop_fdre_C_Q)         0.141     0.551 r  u_conv_mac/acc_tag_r_reg[10]/Q
                         net (fo=1, routed)           0.101     0.652    u_enc_rq/rq_tag_r0_reg[18][10]
    SLICE_X62Y31         SRL16E                                       r  u_enc_rq/rq_tag_reg[10]_srl4/D
  -------------------------------------------------------------------    -------------------

                         (clock ACLK rise edge)       0.000     0.000 r  
                                                      0.000     0.000 r  clk (IN)
                         net (fo=3643, unset)         0.432     0.432    u_enc_rq/clk
    SLICE_X62Y31         SRL16E                                       r  u_enc_rq/rq_tag_reg[10]_srl4/CLK
                         clock pessimism              0.000     0.432    
    SLICE_X62Y31         SRL16E (Hold_srl16e_CLK_D)
                                                      0.094     0.526    u_enc_rq/rq_tag_reg[10]_srl4
  -------------------------------------------------------------------
                         required time                         -0.526    
                         arrival time                           0.652    
  -------------------------------------------------------------------
                         slack                                  0.126    





Pulse Width Checks
--------------------------------------------------------------------------------------
Clock Name:         ACLK
Waveform(ns):       { 0.000 6.750 }
Period(ns):         13.500
Sources:            { clk }

Check Type        Corner  Lib Pin      Reference Pin  Required(ns)  Actual(ns)  Slack(ns)  Location      Pin
Min Period        n/a     DSP48E1/CLK  n/a            3.884         13.500      9.616      DSP48_X2Y34   u_enc_rq/acc_r3_reg/CLK
Min Period        n/a     DSP48E1/CLK  n/a            3.884         13.500      9.616      DSP48_X1Y13   u_pool/prod_r2_reg/CLK
Min Period        n/a     DSP48E1/CLK  n/a            3.884         13.500      9.616      DSP48_X2Y35   u_enc_rq/acc_mult/CLK
Low Pulse Width   Fast    SRL16E/CLK   n/a            0.980         6.750       5.770      SLICE_X38Y26  u_pool/v_r2_reg_srl2___u_enc_rq_valid_r1_reg_r/CLK
Low Pulse Width   Fast    SRL16E/CLK   n/a            0.980         6.750       5.770      SLICE_X30Y26  u_pool/idx_r3_reg[0]_srl3/CLK
Low Pulse Width   Fast    SRL16E/CLK   n/a            0.980         6.750       5.770      SLICE_X30Y26  u_pool/idx_r3_reg[1]_srl3/CLK
High Pulse Width  Slow    SRL16E/CLK   n/a            0.980         6.750       5.770      SLICE_X38Y26  u_pool/v_r2_reg_srl2___u_enc_rq_valid_r1_reg_r/CLK
High Pulse Width  Fast    SRL16E/CLK   n/a            0.980         6.750       5.770      SLICE_X38Y26  u_pool/v_r2_reg_srl2___u_enc_rq_valid_r1_reg_r/CLK
High Pulse Width  Slow    SRL16E/CLK   n/a            0.980         6.750       5.770      SLICE_X30Y26  u_pool/idx_r3_reg[0]_srl3/CLK



