Copyright 1986-2020 Xilinx, Inc. All Rights Reserved.
------------------------------------------------------------------------------------------------------------------------------------------------------------------------
| Tool Version : Vivado v.2020.2 (win64) Build 3064766 Wed Nov 18 09:12:45 MST 2020
| Date         : Sat Sep 26 20:12:17 2026
| Host         : DESKTOP-7CFQ9ND running 64-bit major release  (build 9200)
| Command      : report_timing_summary -delay_type min_max -max_paths 3 -file D:/2609_final_project/cnn_rtl/docs/E-02a_runs/encoder_freq2_13.500/post_place_summary.rpt
| Design       : CNN_Encoder
| Device       : 7z020-clg400
| Speed File   : -1  PRODUCTION 1.12 2019-11-22
------------------------------------------------------------------------------------------------------------------------------------------------------------------------

Timing Summary Report

------------------------------------------------------------------------------------------------
| Timer Settings
| --------------
------------------------------------------------------------------------------------------------

  Enable Multi Corner Analysis               :  Yes
  Enable Pessimism Removal                   :  Yes
  Pessimism Removal Resolution               :  Nearest Common Node
  Enable Input Delay Default Clock           :  No
  Enable Preset / Clear Arcs                 :  No
  Disable Flight Delays                      :  No
  Ignore I/O Paths                           :  No
  Timing Early Launch at Borrowing Latches   :  No
  Borrow Time for Max Delay Exceptions       :  Yes
  Merge Timing Exceptions                    :  Yes

  Corner  Analyze    Analyze    
  Name    Max Paths  Min Paths  
  ------  ---------  ---------  
  Slow    Yes        Yes        
  Fast    Yes        Yes        



check_timing report

Table of Contents
-----------------
1. checking no_clock (0)
2. checking constant_clock (0)
3. checking pulse_width_clock (0)
4. checking unconstrained_internal_endpoints (0)
5. checking no_input_delay (0)
6. checking no_output_delay (0)
7. checking multiple_clock (0)
8. checking generated_clocks (0)
9. checking loops (0)
10. checking partial_input_delay (0)
11. checking partial_output_delay (0)
12. checking latch_loops (0)

1. checking no_clock (0)
------------------------
 There are 0 register/latch pins with no clock.


2. checking constant_clock (0)
------------------------------
 There are 0 register/latch pins with constant_clock.


3. checking pulse_width_clock (0)
---------------------------------
 There are 0 register/latch pins which need pulse_width check


4. checking unconstrained_internal_endpoints (0)
------------------------------------------------
 There are 0 pins that are not constrained for maximum delay.

 There are 0 pins that are not constrained for maximum delay due to constant clock.


5. checking no_input_delay (0)
------------------------------
 There are 0 input ports with no input delay specified.

 There are 0 input ports with no input delay but user has a false path constraint.


6. checking no_output_delay (0)
-------------------------------
 There are 0 ports with no output delay specified.

 There are 0 ports with no output delay but user has a false path constraint

 There are 0 ports with no output delay but with a timing clock defined on it or propagating through it


7. checking multiple_clock (0)
------------------------------
 There are 0 register/latch pins with multiple clocks.


8. checking generated_clocks (0)
--------------------------------
 There are 0 generated clocks that are not connected to a clock source.


9. checking loops (0)
---------------------
 There are 0 combinational loops in the design.


10. checking partial_input_delay (0)
------------------------------------
 There are 0 input ports with partial input delay specified.


11. checking partial_output_delay (0)
-------------------------------------
 There are 0 ports with partial output delay specified.


12. checking latch_loops (0)
----------------------------
 There are 0 combinational latch loops in the design through latch input



------------------------------------------------------------------------------------------------
| Design Timing Summary
| ---------------------
------------------------------------------------------------------------------------------------

    WNS(ns)      TNS(ns)  TNS Failing Endpoints  TNS Total Endpoints      WHS(ns)      THS(ns)  THS Failing Endpoints  THS Total Endpoints     WPWS(ns)     TPWS(ns)  TPWS Failing Endpoints  TPWS Total Endpoints  
    -------      -------  ---------------------  -------------------      -------      -------  ---------------------  -------------------     --------     --------  ----------------------  --------------------  
     -0.088       -0.408                      9                 8313        0.125        0.000                      0                 8313        5.770        0.000                       0                  3638  


Timing constraints are not met.


------------------------------------------------------------------------------------------------
| Clock Summary
| -------------
------------------------------------------------------------------------------------------------

Clock  Waveform(ns)       Period(ns)      Frequency(MHz)
-----  ------------       ----------      --------------
ACLK   {0.000 6.750}      13.500          74.074          


------------------------------------------------------------------------------------------------
| Intra Clock Table
| -----------------
------------------------------------------------------------------------------------------------

Clock             WNS(ns)      TNS(ns)  TNS Failing Endpoints  TNS Total Endpoints      WHS(ns)      THS(ns)  THS Failing Endpoints  THS Total Endpoints     WPWS(ns)     TPWS(ns)  TPWS Failing Endpoints  TPWS Total Endpoints  
-----             -------      -------  ---------------------  -------------------      -------      -------  ---------------------  -------------------     --------     --------  ----------------------  --------------------  
ACLK               -0.088       -0.408                      9                 8313        0.125        0.000                      0                 8313        5.770        0.000                       0                  3638  


------------------------------------------------------------------------------------------------
| Inter Clock Table
| -----------------
------------------------------------------------------------------------------------------------

From Clock    To Clock          WNS(ns)      TNS(ns)  TNS Failing Endpoints  TNS Total Endpoints      WHS(ns)      THS(ns)  THS Failing Endpoints  THS Total Endpoints  
----------    --------          -------      -------  ---------------------  -------------------      -------      -------  ---------------------  -------------------  


------------------------------------------------------------------------------------------------
| Other Path Groups Table
| -----------------------
------------------------------------------------------------------------------------------------

Path Group    From Clock    To Clock          WNS(ns)      TNS(ns)  TNS Failing Endpoints  TNS Total Endpoints      WHS(ns)      THS(ns)  THS Failing Endpoints  THS Total Endpoints  
----------    ----------    --------          -------      -------  ---------------------  -------------------      -------      -------  ---------------------  -------------------  


------------------------------------------------------------------------------------------------
| Timing Details
| --------------
------------------------------------------------------------------------------------------------


---------------------------------------------------------------------------------------------------
From Clock:  ACLK
  To Clock:  ACLK

Setup :            9  Failing Endpoints,  Worst Slack       -0.088ns,  Total Violation       -0.408ns
Hold  :            0  Failing Endpoints,  Worst Slack        0.125ns,  Total Violation        0.000ns
PW    :            0  Failing Endpoints,  Worst Slack        5.770ns,  Total Violation        0.000ns
---------------------------------------------------------------------------------------------------


Max Delay Paths
--------------------------------------------------------------------------------------
Slack (VIOLATED) :        -0.088ns  (required time - arrival time)
  Source:                 u_input_buf/gen_word_write.mem_reg_1/CLKBWRCLK
                            (rising edge-triggered cell RAMB36E1 clocked by ACLK  {rise@0.000ns fall@6.750ns period=13.500ns})
  Destination:            u_conv_mac/g_lane[3].lane_out_reg[29]/D
                            (rising edge-triggered cell FDRE clocked by ACLK  {rise@0.000ns fall@6.750ns period=13.500ns})
  Path Group:             ACLK
  Path Type:              Setup (Max at Slow Process Corner)
  Requirement:            13.500ns  (ACLK rise@13.500ns - ACLK rise@0.000ns)
  Data Path Delay:        13.566ns  (logic 6.623ns (48.821%)  route 6.943ns (51.179%))
  Logic Levels:           16  (CARRY4=9 LUT3=2 LUT4=1 LUT6=4)
  Clock Path Skew:        -0.049ns (DCD - SCD + CPR)
    Destination Clock Delay (DCD):    0.924ns = ( 14.424 - 13.500 ) 
    Source Clock Delay      (SCD):    0.973ns
    Clock Pessimism Removal (CPR):    0.000ns
  Clock Uncertainty:      0.035ns  ((TSJ^2 + TIJ^2)^1/2 + DJ) / 2 + PE
    Total System Jitter     (TSJ):    0.071ns
    Total Input Jitter      (TIJ):    0.000ns
    Discrete Jitter          (DJ):    0.000ns
    Phase Error              (PE):    0.000ns

    Location             Delay type                Incr(ns)  Path(ns)    Netlist Resource(s)
  -------------------------------------------------------------------    -------------------
                         (clock ACLK rise edge)       0.000     0.000 r  
                                                      0.000     0.000 r  clk (IN)
                         net (fo=3643, unset)         0.973     0.973    u_input_buf/clk
    RAMB36_X2Y5          RAMB36E1                                     r  u_input_buf/gen_word_write.mem_reg_1/CLKBWRCLK
  -------------------------------------------------------------------    -------------------
    RAMB36_X2Y5          RAMB36E1 (Prop_ramb36e1_CLKBWRCLK_DOBDO[0])
                                                      2.454     3.427 r  u_input_buf/gen_word_write.mem_reg_1/DOBDO[0]
                         net (fo=1, estimated)        1.146     4.573    u_input_buf/gen_word_write.read_word_reg[18]
    SLICE_X33Y26         LUT6 (Prop_lut6_I1_O)        0.124     4.697 r  u_input_buf/g_lane[0].prod__0_carry_i_13/O
                         net (fo=2, estimated)        1.185     5.882    u_input_buf/g_lane[0].prod__0_carry_i_13_n_0
    SLICE_X47Y42         LUT6 (Prop_lut6_I1_O)        0.124     6.006 r  u_input_buf/g_lane[0].prod__0_carry_i_8/O
                         net (fo=128, estimated)      1.527     7.533    u_input_buf/g_lane[0].prod__0_carry_i_8_n_0
    SLICE_X57Y50         LUT6 (Prop_lut6_I1_O)        0.124     7.657 r  u_input_buf/g_lane[3].prod__0_carry__0_i_3/O
                         net (fo=2, estimated)        0.781     8.438    u_input_buf/conv_rdata[26][1]
    SLICE_X59Y57         LUT6 (Prop_lut6_I0_O)        0.124     8.562 r  u_input_buf/g_lane[3].prod__0_carry__0_i_7/O
                         net (fo=1, routed)           0.000     8.562    u_conv_mac/g_lane[3].prod__86_carry_i_6_1[1]
    SLICE_X59Y57         CARRY4 (Prop_carry4_S[1]_CO[3])
                                                      0.550     9.112 r  u_conv_mac/g_lane[3].prod__0_carry__0/CO[3]
                         net (fo=1, estimated)        0.000     9.112    u_conv_mac/g_lane[3].prod__0_carry__0_n_0
    SLICE_X59Y58         CARRY4 (Prop_carry4_CI_O[1])
                                                      0.334     9.446 r  u_conv_mac/g_lane[3].prod__0_carry__1/O[1]
                         net (fo=2, estimated)        0.786    10.232    u_conv_mac/g_lane[3].prod__0_carry__1_n_6
    SLICE_X57Y62         LUT3 (Prop_lut3_I2_O)        0.332    10.564 r  u_conv_mac/g_lane[3].prod__86_carry__0_i_1/O
                         net (fo=2, estimated)        0.841    11.405    u_conv_mac/g_lane[3].prod__86_carry__0_i_1_n_0
    SLICE_X57Y62         LUT4 (Prop_lut4_I0_O)        0.327    11.732 r  u_conv_mac/g_lane[3].prod__86_carry__0_i_5/O
                         net (fo=1, routed)           0.000    11.732    u_conv_mac/g_lane[3].prod__86_carry__0_i_5_n_0
    SLICE_X57Y62         CARRY4 (Prop_carry4_S[3]_CO[3])
                                                      0.401    12.133 r  u_conv_mac/g_lane[3].prod__86_carry__0/CO[3]
                         net (fo=1, estimated)        0.000    12.133    u_conv_mac/g_lane[3].prod__86_carry__0_n_0
    SLICE_X57Y63         CARRY4 (Prop_carry4_CI_CO[3])
                                                      0.114    12.247 r  u_conv_mac/g_lane[3].prod__86_carry__1/CO[3]
                         net (fo=1, estimated)        0.000    12.247    u_conv_mac/g_lane[3].prod__86_carry__1_n_0
    SLICE_X57Y64         CARRY4 (Prop_carry4_CI_O[0])
                                                      0.222    12.469 r  u_conv_mac/g_lane[3].prod__86_carry__2/O[0]
                         net (fo=37, estimated)       0.677    13.146    u_conv_mac/g_lane[3].prod[15]
    SLICE_X55Y64         LUT3 (Prop_lut3_I0_O)        0.299    13.445 r  u_conv_mac/g_lane[3].sum_carry__3_i_8/O
                         net (fo=1, routed)           0.000    13.445    u_conv_mac/g_lane[3].sum_carry__3_i_8_n_0
    SLICE_X55Y64         CARRY4 (Prop_carry4_S[0]_CO[3])
                                                      0.532    13.977 r  u_conv_mac/g_lane[3].sum_carry__3/CO[3]
                         net (fo=1, estimated)        0.000    13.977    u_conv_mac/g_lane[3].sum_carry__3_n_0
    SLICE_X55Y65         CARRY4 (Prop_carry4_CI_CO[3])
                                                      0.114    14.091 r  u_conv_mac/g_lane[3].sum_carry__4/CO[3]
                         net (fo=1, estimated)        0.000    14.091    u_conv_mac/g_lane[3].sum_carry__4_n_0
    SLICE_X55Y66         CARRY4 (Prop_carry4_CI_CO[3])
                                                      0.114    14.205 r  u_conv_mac/g_lane[3].sum_carry__5/CO[3]
                         net (fo=1, estimated)        0.000    14.205    u_conv_mac/g_lane[3].sum_carry__5_n_0
    SLICE_X55Y67         CARRY4 (Prop_carry4_CI_O[1])
                                                      0.334    14.539 r  u_conv_mac/g_lane[3].sum_carry__6/O[1]
                         net (fo=1, routed)           0.000    14.539    u_conv_mac/g_lane[3].sum[29]
    SLICE_X55Y67         FDRE                                         r  u_conv_mac/g_lane[3].lane_out_reg[29]/D
  -------------------------------------------------------------------    -------------------

                         (clock ACLK rise edge)      13.500    13.500 r  
                                                      0.000    13.500 r  clk (IN)
                         net (fo=3643, unset)         0.924    14.424    u_conv_mac/clk
    SLICE_X55Y67         FDRE                                         r  u_conv_mac/g_lane[3].lane_out_reg[29]/C
                         clock pessimism              0.000    14.424    
                         clock uncertainty           -0.035    14.389    
    SLICE_X55Y67         FDRE (Setup_fdre_C_D)        0.062    14.451    u_conv_mac/g_lane[3].lane_out_reg[29]
  -------------------------------------------------------------------
                         required time                         14.451    
                         arrival time                         -14.539    
  -------------------------------------------------------------------
                         slack                                 -0.088    

Slack (VIOLATED) :        -0.067ns  (required time - arrival time)
  Source:                 u_input_buf/gen_word_write.mem_reg_1/CLKBWRCLK
                            (rising edge-triggered cell RAMB36E1 clocked by ACLK  {rise@0.000ns fall@6.750ns period=13.500ns})
  Destination:            u_conv_mac/g_lane[3].lane_out_reg[31]/D
                            (rising edge-triggered cell FDRE clocked by ACLK  {rise@0.000ns fall@6.750ns period=13.500ns})
  Path Group:             ACLK
  Path Type:              Setup (Max at Slow Process Corner)
  Requirement:            13.500ns  (ACLK rise@13.500ns - ACLK rise@0.000ns)
  Data Path Delay:        13.545ns  (logic 6.602ns (48.741%)  route 6.943ns (51.259%))
  Logic Levels:           16  (CARRY4=9 LUT3=2 LUT4=1 LUT6=4)
  Clock Path Skew:        -0.049ns (DCD - SCD + CPR)
    Destination Clock Delay (DCD):    0.924ns = ( 14.424 - 13.500 ) 
    Source Clock Delay      (SCD):    0.973ns
    Clock Pessimism Removal (CPR):    0.000ns
  Clock Uncertainty:      0.035ns  ((TSJ^2 + TIJ^2)^1/2 + DJ) / 2 + PE
    Total System Jitter     (TSJ):    0.071ns
    Total Input Jitter      (TIJ):    0.000ns
    Discrete Jitter          (DJ):    0.000ns
    Phase Error              (PE):    0.000ns

    Location             Delay type                Incr(ns)  Path(ns)    Netlist Resource(s)
  -------------------------------------------------------------------    -------------------
                         (clock ACLK rise edge)       0.000     0.000 r  
                                                      0.000     0.000 r  clk (IN)
                         net (fo=3643, unset)         0.973     0.973    u_input_buf/clk
    RAMB36_X2Y5          RAMB36E1                                     r  u_input_buf/gen_word_write.mem_reg_1/CLKBWRCLK
  -------------------------------------------------------------------    -------------------
    RAMB36_X2Y5          RAMB36E1 (Prop_ramb36e1_CLKBWRCLK_DOBDO[0])
                                                      2.454     3.427 r  u_input_buf/gen_word_write.mem_reg_1/DOBDO[0]
                         net (fo=1, estimated)        1.146     4.573    u_input_buf/gen_word_write.read_word_reg[18]
    SLICE_X33Y26         LUT6 (Prop_lut6_I1_O)        0.124     4.697 r  u_input_buf/g_lane[0].prod__0_carry_i_13/O
                         net (fo=2, estimated)        1.185     5.882    u_input_buf/g_lane[0].prod__0_carry_i_13_n_0
    SLICE_X47Y42         LUT6 (Prop_lut6_I1_O)        0.124     6.006 r  u_input_buf/g_lane[0].prod__0_carry_i_8/O
                         net (fo=128, estimated)      1.527     7.533    u_input_buf/g_lane[0].prod__0_carry_i_8_n_0
    SLICE_X57Y50         LUT6 (Prop_lut6_I1_O)        0.124     7.657 r  u_input_buf/g_lane[3].prod__0_carry__0_i_3/O
                         net (fo=2, estimated)        0.781     8.438    u_input_buf/conv_rdata[26][1]
    SLICE_X59Y57         LUT6 (Prop_lut6_I0_O)        0.124     8.562 r  u_input_buf/g_lane[3].prod__0_carry__0_i_7/O
                         net (fo=1, routed)           0.000     8.562    u_conv_mac/g_lane[3].prod__86_carry_i_6_1[1]
    SLICE_X59Y57         CARRY4 (Prop_carry4_S[1]_CO[3])
                                                      0.550     9.112 r  u_conv_mac/g_lane[3].prod__0_carry__0/CO[3]
                         net (fo=1, estimated)        0.000     9.112    u_conv_mac/g_lane[3].prod__0_carry__0_n_0
    SLICE_X59Y58         CARRY4 (Prop_carry4_CI_O[1])
                                                      0.334     9.446 r  u_conv_mac/g_lane[3].prod__0_carry__1/O[1]
                         net (fo=2, estimated)        0.786    10.232    u_conv_mac/g_lane[3].prod__0_carry__1_n_6
    SLICE_X57Y62         LUT3 (Prop_lut3_I2_O)        0.332    10.564 r  u_conv_mac/g_lane[3].prod__86_carry__0_i_1/O
                         net (fo=2, estimated)        0.841    11.405    u_conv_mac/g_lane[3].prod__86_carry__0_i_1_n_0
    SLICE_X57Y62         LUT4 (Prop_lut4_I0_O)        0.327    11.732 r  u_conv_mac/g_lane[3].prod__86_carry__0_i_5/O
                         net (fo=1, routed)           0.000    11.732    u_conv_mac/g_lane[3].prod__86_carry__0_i_5_n_0
    SLICE_X57Y62         CARRY4 (Prop_carry4_S[3]_CO[3])
                                                      0.401    12.133 r  u_conv_mac/g_lane[3].prod__86_carry__0/CO[3]
                         net (fo=1, estimated)        0.000    12.133    u_conv_mac/g_lane[3].prod__86_carry__0_n_0
    SLICE_X57Y63         CARRY4 (Prop_carry4_CI_CO[3])
                                                      0.114    12.247 r  u_conv_mac/g_lane[3].prod__86_carry__1/CO[3]
                         net (fo=1, estimated)        0.000    12.247    u_conv_mac/g_lane[3].prod__86_carry__1_n_0
    SLICE_X57Y64         CARRY4 (Prop_carry4_CI_O[0])
                                                      0.222    12.469 r  u_conv_mac/g_lane[3].prod__86_carry__2/O[0]
                         net (fo=37, estimated)       0.677    13.146    u_conv_mac/g_lane[3].prod[15]
    SLICE_X55Y64         LUT3 (Prop_lut3_I0_O)        0.299    13.445 r  u_conv_mac/g_lane[3].sum_carry__3_i_8/O
                         net (fo=1, routed)           0.000    13.445    u_conv_mac/g_lane[3].sum_carry__3_i_8_n_0
    SLICE_X55Y64         CARRY4 (Prop_carry4_S[0]_CO[3])
                                                      0.532    13.977 r  u_conv_mac/g_lane[3].sum_carry__3/CO[3]
                         net (fo=1, estimated)        0.000    13.977    u_conv_mac/g_lane[3].sum_carry__3_n_0
    SLICE_X55Y65         CARRY4 (Prop_carry4_CI_CO[3])
                                                      0.114    14.091 r  u_conv_mac/g_lane[3].sum_carry__4/CO[3]
                         net (fo=1, estimated)        0.000    14.091    u_conv_mac/g_lane[3].sum_carry__4_n_0
    SLICE_X55Y66         CARRY4 (Prop_carry4_CI_CO[3])
                                                      0.114    14.205 r  u_conv_mac/g_lane[3].sum_carry__5/CO[3]
                         net (fo=1, estimated)        0.000    14.205    u_conv_mac/g_lane[3].sum_carry__5_n_0
    SLICE_X55Y67         CARRY4 (Prop_carry4_CI_O[3])
                                                      0.313    14.518 r  u_conv_mac/g_lane[3].sum_carry__6/O[3]
                         net (fo=1, routed)           0.000    14.518    u_conv_mac/g_lane[3].sum[31]
    SLICE_X55Y67         FDRE                                         r  u_conv_mac/g_lane[3].lane_out_reg[31]/D
  -------------------------------------------------------------------    -------------------

                         (clock ACLK rise edge)      13.500    13.500 r  
                                                      0.000    13.500 r  clk (IN)
                         net (fo=3643, unset)         0.924    14.424    u_conv_mac/clk
    SLICE_X55Y67         FDRE                                         r  u_conv_mac/g_lane[3].lane_out_reg[31]/C
                         clock pessimism              0.000    14.424    
                         clock uncertainty           -0.035    14.389    
    SLICE_X55Y67         FDRE (Setup_fdre_C_D)        0.062    14.451    u_conv_mac/g_lane[3].lane_out_reg[31]
  -------------------------------------------------------------------
                         required time                         14.451    
                         arrival time                         -14.518    
  -------------------------------------------------------------------
                         slack                                 -0.067    

Slack (VIOLATED) :        -0.053ns  (required time - arrival time)
  Source:                 pool_shift[5]
                            (input port clocked by ACLK  {rise@0.000ns fall@6.750ns period=13.500ns})
  Destination:            u_pool/p_r3_reg[13]/R
                            (rising edge-triggered cell FDRE clocked by ACLK  {rise@0.000ns fall@6.750ns period=13.500ns})
  Path Group:             ACLK
  Path Type:              Setup (Max at Slow Process Corner)
  Requirement:            13.500ns  (ACLK rise@13.500ns - ACLK rise@0.000ns)
  Data Path Delay:        11.918ns  (logic 4.745ns (39.814%)  route 7.173ns (60.186%))
  Logic Levels:           27  (CARRY4=19 LUT2=1 LUT3=1 LUT5=3 LUT6=3)
  Input Delay:            2.000ns
  Clock Path Skew:        0.924ns (DCD - SCD + CPR)
    Destination Clock Delay (DCD):    0.924ns = ( 14.424 - 13.500 ) 
    Source Clock Delay      (SCD):    0.000ns
    Clock Pessimism Removal (CPR):    0.000ns
  Clock Uncertainty:      0.035ns  ((TSJ^2 + TIJ^2)^1/2 + DJ) / 2 + PE
    Total System Jitter     (TSJ):    0.071ns
    Total Input Jitter      (TIJ):    0.000ns
    Discrete Jitter          (DJ):    0.000ns
    Phase Error              (PE):    0.000ns

    Location             Delay type                Incr(ns)  Path(ns)    Netlist Resource(s)
  -------------------------------------------------------------------    -------------------
                         (clock ACLK rise edge)       0.000     0.000 r  
                         input delay                  2.000     2.000    
                                                      0.000     2.000 r  pool_shift[5] (IN)
                         net (fo=211, unset)          0.973     2.973    pool_shift[5]
    SLICE_X15Y25         LUT6 (Prop_lut6_I5_O)        0.124     3.097 r  p_r3[1]_i_229/O
                         net (fo=14, estimated)       0.816     3.913    u_pool/p_r3_reg[1]_i_69_0
    SLICE_X15Y27         LUT5 (Prop_lut5_I3_O)        0.124     4.037 r  u_pool/p_r3[1]_i_153/O
                         net (fo=1, routed)           0.000     4.037    u_pool/p_r3[1]_i_153_n_0
    SLICE_X15Y27         CARRY4 (Prop_carry4_S[0]_CO[3])
                                                      0.532     4.569 r  u_pool/p_r3_reg[1]_i_60/CO[3]
                         net (fo=1, estimated)        0.000     4.569    u_pool/p_r3_reg[1]_i_60_n_0
    SLICE_X15Y28         CARRY4 (Prop_carry4_CI_CO[3])
                                                      0.114     4.683 r  u_pool/p_r3_reg[1]_i_53/CO[3]
                         net (fo=1, estimated)        0.000     4.683    u_pool/p_r3_reg[1]_i_53_n_0
    SLICE_X15Y29         CARRY4 (Prop_carry4_CI_CO[3])
                                                      0.114     4.797 r  u_pool/p_r3_reg[1]_i_56/CO[3]
                         net (fo=1, estimated)        0.000     4.797    u_pool/p_r3_reg[1]_i_56_n_0
    SLICE_X15Y30         CARRY4 (Prop_carry4_CI_CO[3])
                                                      0.114     4.911 r  u_pool/p_r3_reg[1]_i_49/CO[3]
                         net (fo=1, estimated)        0.000     4.911    u_pool/p_r3_reg[1]_i_49_n_0
    SLICE_X15Y31         CARRY4 (Prop_carry4_CI_CO[3])
                                                      0.114     5.025 r  u_pool/p_r3_reg[1]_i_58/CO[3]
                         net (fo=1, estimated)        0.000     5.025    u_pool/p_r3_reg[1]_i_58_n_0
    SLICE_X15Y32         CARRY4 (Prop_carry4_CI_CO[3])
                                                      0.114     5.139 r  u_pool/p_r3_reg[1]_i_51/CO[3]
                         net (fo=1, estimated)        0.000     5.139    u_pool/p_r3_reg[1]_i_51_n_0
    SLICE_X15Y33         CARRY4 (Prop_carry4_CI_CO[3])
                                                      0.114     5.253 r  u_pool/p_r3_reg[1]_i_54/CO[3]
                         net (fo=1, estimated)        0.000     5.253    u_pool/p_r3_reg[1]_i_54_n_0
    SLICE_X15Y34         CARRY4 (Prop_carry4_CI_CO[3])
                                                      0.114     5.367 r  u_pool/p_r3_reg[1]_i_47/CO[3]
                         net (fo=1, estimated)        0.000     5.367    u_pool/p_r3_reg[1]_i_47_n_0
    SLICE_X15Y35         CARRY4 (Prop_carry4_CI_CO[3])
                                                      0.114     5.481 r  u_pool/p_r3_reg[1]_i_59/CO[3]
                         net (fo=1, estimated)        0.000     5.481    u_pool/p_r3_reg[1]_i_59_n_0
    SLICE_X15Y36         CARRY4 (Prop_carry4_CI_CO[3])
                                                      0.114     5.595 r  u_pool/p_r3_reg[1]_i_52/CO[3]
                         net (fo=1, estimated)        0.000     5.595    u_pool/p_r3_reg[1]_i_52_n_0
    SLICE_X15Y37         CARRY4 (Prop_carry4_CI_CO[3])
                                                      0.114     5.709 r  u_pool/p_r3_reg[1]_i_55/CO[3]
                         net (fo=1, estimated)        0.000     5.709    u_pool/p_r3_reg[1]_i_55_n_0
    SLICE_X15Y38         CARRY4 (Prop_carry4_CI_CO[3])
                                                      0.114     5.823 r  u_pool/p_r3_reg[1]_i_48/CO[3]
                         net (fo=1, estimated)        0.000     5.823    u_pool/p_r3_reg[1]_i_48_n_0
    SLICE_X15Y39         CARRY4 (Prop_carry4_CI_CO[3])
                                                      0.114     5.937 r  u_pool/p_r3_reg[1]_i_57/CO[3]
                         net (fo=1, estimated)        0.000     5.937    u_pool/p_r3_reg[1]_i_57_n_0
    SLICE_X15Y40         CARRY4 (Prop_carry4_CI_CO[3])
                                                      0.114     6.051 r  u_pool/p_r3_reg[1]_i_50/CO[3]
                         net (fo=1, estimated)        0.000     6.051    u_pool/p_r3_reg[1]_i_50_n_0
    SLICE_X15Y41         CARRY4 (Prop_carry4_CI_O[0])
                                                      0.222     6.273 f  u_pool/p_r3_reg[1]_i_46/O[0]
                         net (fo=6, estimated)        0.903     7.176    u_pool/p_r3_reg[1]_i_46_n_7
    SLICE_X19Y38         LUT5 (Prop_lut5_I0_O)        0.299     7.475 f  u_pool/p_r3[14]_i_568/O
                         net (fo=4, estimated)        0.955     8.430    u_pool/p_r3[14]_i_568_n_0
    SLICE_X17Y40         LUT6 (Prop_lut6_I1_O)        0.124     8.554 f  u_pool/p_r3[14]_i_508/O
                         net (fo=4, estimated)        1.010     9.564    u_pool/p_r3[14]_i_508_n_0
    SLICE_X17Y40         LUT3 (Prop_lut3_I0_O)        0.152     9.716 f  u_pool/p_r3[14]_i_435/O
                         net (fo=1, estimated)        0.991    10.707    u_pool/p_r3[14]_i_435_n_0
    SLICE_X17Y38         LUT6 (Prop_lut6_I0_O)        0.326    11.033 f  u_pool/p_r3[14]_i_287/O
                         net (fo=4, estimated)        0.806    11.839    u_pool/p_r3[14]_i_287_n_0
    SLICE_X16Y38         LUT5 (Prop_lut5_I1_O)        0.124    11.963 r  u_pool/p_r3[14]_i_178/O
                         net (fo=1, routed)           0.000    11.963    u_pool/p_r3[14]_i_178_n_0
    SLICE_X16Y38         CARRY4 (Prop_carry4_S[0]_CO[3])
                                                      0.513    12.476 r  u_pool/p_r3_reg[14]_i_89/CO[3]
                         net (fo=1, estimated)        0.000    12.476    u_pool/p_r3_reg[14]_i_89_n_0
    SLICE_X16Y39         CARRY4 (Prop_carry4_CI_CO[3])
                                                      0.117    12.593 r  u_pool/p_r3_reg[14]_i_35/CO[3]
                         net (fo=1, estimated)        0.000    12.593    u_pool/p_r3_reg[14]_i_35_n_0
    SLICE_X16Y40         CARRY4 (Prop_carry4_CI_CO[3])
                                                      0.117    12.710 r  u_pool/p_r3_reg[14]_i_8/CO[3]
                         net (fo=1, estimated)        0.000    12.710    u_pool/p_r3_reg[14]_i_8_n_0
    SLICE_X16Y41         CARRY4 (Prop_carry4_CI_CO[1])
                                                      0.157    12.867 r  u_pool/p_r3_reg[14]_i_3/CO[1]
                         net (fo=2, estimated)        0.320    13.187    u_pool/p_sat1
    SLICE_X16Y42         LUT2 (Prop_lut2_I1_O)        0.332    13.519 r  u_pool/p_r3[14]_i_1/O
                         net (fo=14, estimated)       0.399    13.918    u_pool/p_r3[14]_i_1_n_0
    SLICE_X16Y41         FDRE                                         r  u_pool/p_r3_reg[13]/R
  -------------------------------------------------------------------    -------------------

                         (clock ACLK rise edge)      13.500    13.500 r  
                                                      0.000    13.500 r  clk (IN)
                         net (fo=3643, unset)         0.924    14.424    u_pool/clk
    SLICE_X16Y41         FDRE                                         r  u_pool/p_r3_reg[13]/C
                         clock pessimism              0.000    14.424    
                         clock uncertainty           -0.035    14.389    
    SLICE_X16Y41         FDRE (Setup_fdre_C_R)       -0.524    13.865    u_pool/p_r3_reg[13]
  -------------------------------------------------------------------
                         required time                         13.865    
                         arrival time                         -13.918    
  -------------------------------------------------------------------
                         slack                                 -0.053    





Min Delay Paths
--------------------------------------------------------------------------------------
Slack (MET) :             0.125ns  (arrival time - required time)
  Source:                 u_enc_rq/param2_reg[94]/C
                            (rising edge-triggered cell FDRE clocked by ACLK  {rise@0.000ns fall@6.750ns period=13.500ns})
  Destination:            u_enc_rq/param3_reg[94]/D
                            (rising edge-triggered cell FDRE clocked by ACLK  {rise@0.000ns fall@6.750ns period=13.500ns})
  Path Group:             ACLK
  Path Type:              Hold (Min at Fast Process Corner)
  Requirement:            0.000ns  (ACLK rise@0.000ns - ACLK rise@0.000ns)
  Data Path Delay:        0.222ns  (logic 0.141ns (63.533%)  route 0.081ns (36.467%))
  Logic Levels:           0  
  Clock Path Skew:        0.022ns (DCD - SCD - CPR)
    Destination Clock Delay (DCD):    0.432ns
    Source Clock Delay      (SCD):    0.410ns
    Clock Pessimism Removal (CPR):    -0.000ns

    Location             Delay type                Incr(ns)  Path(ns)    Netlist Resource(s)
  -------------------------------------------------------------------    -------------------
                         (clock ACLK rise edge)       0.000     0.000 r  
                                                      0.000     0.000 r  clk (IN)
                         net (fo=3643, unset)         0.410     0.410    u_enc_rq/clk
    SLICE_X57Y108        FDRE                                         r  u_enc_rq/param2_reg[94]/C
  -------------------------------------------------------------------    -------------------
    SLICE_X57Y108        FDRE (Prop_fdre_C_Q)         0.141     0.551 r  u_enc_rq/param2_reg[94]/Q
                         net (fo=1, estimated)        0.081     0.632    u_enc_rq/param2[94]
    SLICE_X57Y108        FDRE                                         r  u_enc_rq/param3_reg[94]/D
  -------------------------------------------------------------------    -------------------

                         (clock ACLK rise edge)       0.000     0.000 r  
                                                      0.000     0.000 r  clk (IN)
                         net (fo=3643, unset)         0.432     0.432    u_enc_rq/clk
    SLICE_X57Y108        FDRE                                         r  u_enc_rq/param3_reg[94]/C
                         clock pessimism              0.000     0.432    
    SLICE_X57Y108        FDRE (Hold_fdre_C_D)         0.075     0.507    u_enc_rq/param3_reg[94]
  -------------------------------------------------------------------
                         required time                         -0.507    
                         arrival time                           0.632    
  -------------------------------------------------------------------
                         slack                                  0.125    

Slack (MET) :             0.129ns  (arrival time - required time)
  Source:                 u_enc_rq/param2_reg[95]/C
                            (rising edge-triggered cell FDRE clocked by ACLK  {rise@0.000ns fall@6.750ns period=13.500ns})
  Destination:            u_enc_rq/param3_reg[95]/D
                            (rising edge-triggered cell FDRE clocked by ACLK  {rise@0.000ns fall@6.750ns period=13.500ns})
  Path Group:             ACLK
  Path Type:              Hold (Min at Fast Process Corner)
  Requirement:            0.000ns  (ACLK rise@0.000ns - ACLK rise@0.000ns)
  Data Path Delay:        0.222ns  (logic 0.141ns (63.533%)  route 0.081ns (36.467%))
  Logic Levels:           0  
  Clock Path Skew:        0.022ns (DCD - SCD - CPR)
    Destination Clock Delay (DCD):    0.432ns
    Source Clock Delay      (SCD):    0.410ns
    Clock Pessimism Removal (CPR):    -0.000ns

    Location             Delay type                Incr(ns)  Path(ns)    Netlist Resource(s)
  -------------------------------------------------------------------    -------------------
                         (clock ACLK rise edge)       0.000     0.000 r  
                                                      0.000     0.000 r  clk (IN)
                         net (fo=3643, unset)         0.410     0.410    u_enc_rq/clk
    SLICE_X57Y108        FDRE                                         r  u_enc_rq/param2_reg[95]/C
  -------------------------------------------------------------------    -------------------
    SLICE_X57Y108        FDRE (Prop_fdre_C_Q)         0.141     0.551 r  u_enc_rq/param2_reg[95]/Q
                         net (fo=1, estimated)        0.081     0.632    u_enc_rq/param2[95]
    SLICE_X57Y108        FDRE                                         r  u_enc_rq/param3_reg[95]/D
  -------------------------------------------------------------------    -------------------

                         (clock ACLK rise edge)       0.000     0.000 r  
                                                      0.000     0.000 r  clk (IN)
                         net (fo=3643, unset)         0.432     0.432    u_enc_rq/clk
    SLICE_X57Y108        FDRE                                         r  u_enc_rq/param3_reg[95]/C
                         clock pessimism              0.000     0.432    
    SLICE_X57Y108        FDRE (Hold_fdre_C_D)         0.071     0.503    u_enc_rq/param3_reg[95]
  -------------------------------------------------------------------
                         required time                         -0.503    
                         arrival time                           0.632    
  -------------------------------------------------------------------
                         slack                                  0.129    

Slack (MET) :             0.156ns  (arrival time - required time)
  Source:                 u_conv_mac/drain_busy_reg/C
                            (rising edge-triggered cell FDRE clocked by ACLK  {rise@0.000ns fall@6.750ns period=13.500ns})
  Destination:            u_enc_rq/rq_valid_reg_srl5___u_enc_rq_rq_valid_reg_r/D
                            (rising edge-triggered cell SRL16E clocked by ACLK  {rise@0.000ns fall@6.750ns period=13.500ns})
  Path Group:             ACLK
  Path Type:              Hold (Min at Fast Process Corner)
  Requirement:            0.000ns  (ACLK rise@0.000ns - ACLK rise@0.000ns)
  Data Path Delay:        0.294ns  (logic 0.141ns (47.889%)  route 0.153ns (52.111%))
  Logic Levels:           0  
  Clock Path Skew:        0.022ns (DCD - SCD - CPR)
    Destination Clock Delay (DCD):    0.432ns
    Source Clock Delay      (SCD):    0.410ns
    Clock Pessimism Removal (CPR):    -0.000ns

    Location             Delay type                Incr(ns)  Path(ns)    Netlist Resource(s)
  -------------------------------------------------------------------    -------------------
                         (clock ACLK rise edge)       0.000     0.000 r  
                                                      0.000     0.000 r  clk (IN)
                         net (fo=3643, unset)         0.410     0.410    u_conv_mac/clk
    SLICE_X59Y49         FDRE                                         r  u_conv_mac/drain_busy_reg/C
  -------------------------------------------------------------------    -------------------
    SLICE_X59Y49         FDRE (Prop_fdre_C_Q)         0.141     0.551 r  u_conv_mac/drain_busy_reg/Q
                         net (fo=6, estimated)        0.153     0.705    u_enc_rq/E[0]
    SLICE_X58Y48         SRL16E                                       r  u_enc_rq/rq_valid_reg_srl5___u_enc_rq_rq_valid_reg_r/D
  -------------------------------------------------------------------    -------------------

                         (clock ACLK rise edge)       0.000     0.000 r  
                                                      0.000     0.000 r  clk (IN)
                         net (fo=3643, unset)         0.432     0.432    u_enc_rq/clk
    SLICE_X58Y48         SRL16E                                       r  u_enc_rq/rq_valid_reg_srl5___u_enc_rq_rq_valid_reg_r/CLK
                         clock pessimism              0.000     0.432    
    SLICE_X58Y48         SRL16E (Hold_srl16e_CLK_D)
                                                      0.117     0.549    u_enc_rq/rq_valid_reg_srl5___u_enc_rq_rq_valid_reg_r
  -------------------------------------------------------------------
                         required time                         -0.549    
                         arrival time                           0.705    
  -------------------------------------------------------------------
                         slack                                  0.156    





Pulse Width Checks
--------------------------------------------------------------------------------------
Clock Name:         ACLK
Waveform(ns):       { 0.000 6.750 }
Period(ns):         13.500
Sources:            { clk }

Check Type        Corner  Lib Pin      Reference Pin  Required(ns)  Actual(ns)  Slack(ns)  Location      Pin
Min Period        n/a     DSP48E1/CLK  n/a            3.884         13.500      9.616      DSP48_X2Y34   u_enc_rq/acc_r3_reg/CLK
Min Period        n/a     DSP48E1/CLK  n/a            3.884         13.500      9.616      DSP48_X1Y13   u_pool/prod_r2_reg/CLK
Min Period        n/a     DSP48E1/CLK  n/a            3.884         13.500      9.616      DSP48_X2Y35   u_enc_rq/acc_mult/CLK
Low Pulse Width   Fast    SRL16E/CLK   n/a            0.980         6.750       5.770      SLICE_X38Y26  u_pool/v_r2_reg_srl2___u_enc_rq_valid_r1_reg_r/CLK
Low Pulse Width   Fast    SRL16E/CLK   n/a            0.980         6.750       5.770      SLICE_X30Y26  u_pool/idx_r3_reg[0]_srl3/CLK
Low Pulse Width   Fast    SRL16E/CLK   n/a            0.980         6.750       5.770      SLICE_X30Y26  u_pool/idx_r3_reg[1]_srl3/CLK
High Pulse Width  Slow    SRL16E/CLK   n/a            0.980         6.750       5.770      SLICE_X38Y26  u_pool/v_r2_reg_srl2___u_enc_rq_valid_r1_reg_r/CLK
High Pulse Width  Fast    SRL16E/CLK   n/a            0.980         6.750       5.770      SLICE_X38Y26  u_pool/v_r2_reg_srl2___u_enc_rq_valid_r1_reg_r/CLK
High Pulse Width  Slow    SRL16E/CLK   n/a            0.980         6.750       5.770      SLICE_X30Y26  u_pool/idx_r3_reg[0]_srl3/CLK



