Copyright 1986-2020 Xilinx, Inc. All Rights Reserved.
-----------------------------------------------------------------------------------------------------------------------------------------------------------------------------------
| Tool Version : Vivado v.2020.2 (win64) Build 3064766 Wed Nov 18 09:12:45 MST 2020
| Date         : Sat Sep 26 20:12:34 2026
| Host         : DESKTOP-7CFQ9ND running 64-bit major release  (build 9200)
| Command      : report_timing -max_paths 3 -nworst 1 -input_pins -delay_type max -file D:/2609_final_project/cnn_rtl/docs/E-02a_runs/encoder_freq2_13.500/post_phys_opt_paths.rpt
| Design       : CNN_Encoder
| Device       : 7z020-clg400
| Speed File   : -1  PRODUCTION 1.12 2019-11-22
-----------------------------------------------------------------------------------------------------------------------------------------------------------------------------------

Timing Report

Slack (MET) :             0.324ns  (required time - arrival time)
  Source:                 pool_shift[5]
                            (input port clocked by ACLK  {rise@0.000ns fall@6.750ns period=13.500ns})
  Destination:            u_pool/p_r3_reg[13]/R
                            (rising edge-triggered cell FDRE clocked by ACLK  {rise@0.000ns fall@6.750ns period=13.500ns})
  Path Group:             ACLK
  Path Type:              Setup (Max at Slow Process Corner)
  Requirement:            13.500ns  (ACLK rise@13.500ns - ACLK rise@0.000ns)
  Data Path Delay:        11.541ns  (logic 5.116ns (44.329%)  route 6.425ns (55.671%))
  Logic Levels:           31  (CARRY4=23 LUT2=1 LUT3=1 LUT5=2 LUT6=4)
  Input Delay:            2.000ns
  Clock Path Skew:        0.924ns (DCD - SCD + CPR)
    Destination Clock Delay (DCD):    0.924ns = ( 14.424 - 13.500 ) 
    Source Clock Delay      (SCD):    0.000ns
    Clock Pessimism Removal (CPR):    0.000ns
  Clock Uncertainty:      0.035ns  ((TSJ^2 + TIJ^2)^1/2 + DJ) / 2 + PE
    Total System Jitter     (TSJ):    0.071ns
    Total Input Jitter      (TIJ):    0.000ns
    Discrete Jitter          (DJ):    0.000ns
    Phase Error              (PE):    0.000ns

    Location             Delay type                Incr(ns)  Path(ns)    Netlist Resource(s)
  -------------------------------------------------------------------    -------------------
                         (clock ACLK rise edge)       0.000     0.000 r  
                         input delay                  2.000     2.000    
                                                      0.000     2.000 r  pool_shift[5] (IN)
                         net (fo=211, unset)          0.973     2.973    pool_shift[5]
    SLICE_X15Y25                                                      r  p_r3[1]_i_229/I5
    SLICE_X15Y25         LUT6 (Prop_lut6_I5_O)        0.124     3.097 r  p_r3[1]_i_229/O
                         net (fo=14, estimated)       0.684     3.781    u_pool/p_r3_reg[1]_i_69_0
    SLICE_X13Y25                                                      r  u_pool/p_r3[1]_i_221/I1
    SLICE_X13Y25         LUT5 (Prop_lut5_I1_O)        0.124     3.905 r  u_pool/p_r3[1]_i_221/O
                         net (fo=1, routed)           0.000     3.905    u_pool/p_r3[1]_i_221_n_0
    SLICE_X13Y25                                                      r  u_pool/p_r3_reg[1]_i_77/S[1]
    SLICE_X13Y25         CARRY4 (Prop_carry4_S[1]_CO[3])
                                                      0.550     4.455 r  u_pool/p_r3_reg[1]_i_77/CO[3]
                         net (fo=1, estimated)        0.000     4.455    u_pool/p_r3_reg[1]_i_77_n_0
    SLICE_X13Y26                                                      r  u_pool/p_r3_reg[1]_i_69/CI
    SLICE_X13Y26         CARRY4 (Prop_carry4_CI_CO[3])
                                                      0.114     4.569 r  u_pool/p_r3_reg[1]_i_69/CO[3]
                         net (fo=1, estimated)        0.000     4.569    u_pool/p_r3_reg[1]_i_69_n_0
    SLICE_X13Y27                                                      r  u_pool/p_r3_reg[1]_i_73/CI
    SLICE_X13Y27         CARRY4 (Prop_carry4_CI_CO[3])
                                                      0.114     4.683 r  u_pool/p_r3_reg[1]_i_73/CO[3]
                         net (fo=1, estimated)        0.000     4.683    u_pool/p_r3_reg[1]_i_73_n_0
    SLICE_X13Y28                                                      r  u_pool/p_r3_reg[1]_i_65/CI
    SLICE_X13Y28         CARRY4 (Prop_carry4_CI_CO[3])
                                                      0.114     4.797 r  u_pool/p_r3_reg[1]_i_65/CO[3]
                         net (fo=1, estimated)        0.000     4.797    u_pool/p_r3_reg[1]_i_65_n_0
    SLICE_X13Y29                                                      r  u_pool/p_r3_reg[1]_i_75/CI
    SLICE_X13Y29         CARRY4 (Prop_carry4_CI_CO[3])
                                                      0.114     4.911 r  u_pool/p_r3_reg[1]_i_75/CO[3]
                         net (fo=1, estimated)        0.000     4.911    u_pool/p_r3_reg[1]_i_75_n_0
    SLICE_X13Y30                                                      r  u_pool/p_r3_reg[1]_i_67/CI
    SLICE_X13Y30         CARRY4 (Prop_carry4_CI_CO[3])
                                                      0.114     5.025 r  u_pool/p_r3_reg[1]_i_67/CO[3]
                         net (fo=1, estimated)        0.000     5.025    u_pool/p_r3_reg[1]_i_67_n_0
    SLICE_X13Y31                                                      r  u_pool/p_r3_reg[1]_i_71/CI
    SLICE_X13Y31         CARRY4 (Prop_carry4_CI_CO[3])
                                                      0.114     5.139 r  u_pool/p_r3_reg[1]_i_71/CO[3]
                         net (fo=1, estimated)        0.000     5.139    u_pool/p_r3_reg[1]_i_71_n_0
    SLICE_X13Y32                                                      r  u_pool/p_r3_reg[1]_i_63/CI
    SLICE_X13Y32         CARRY4 (Prop_carry4_CI_CO[3])
                                                      0.114     5.253 r  u_pool/p_r3_reg[1]_i_63/CO[3]
                         net (fo=1, estimated)        0.000     5.253    u_pool/p_r3_reg[1]_i_63_n_0
    SLICE_X13Y33                                                      r  u_pool/p_r3_reg[1]_i_76/CI
    SLICE_X13Y33         CARRY4 (Prop_carry4_CI_CO[3])
                                                      0.114     5.367 r  u_pool/p_r3_reg[1]_i_76/CO[3]
                         net (fo=1, estimated)        0.000     5.367    u_pool/p_r3_reg[1]_i_76_n_0
    SLICE_X13Y34                                                      r  u_pool/p_r3_reg[1]_i_68/CI
    SLICE_X13Y34         CARRY4 (Prop_carry4_CI_CO[3])
                                                      0.114     5.481 r  u_pool/p_r3_reg[1]_i_68/CO[3]
                         net (fo=1, estimated)        0.000     5.481    u_pool/p_r3_reg[1]_i_68_n_0
    SLICE_X13Y35                                                      r  u_pool/p_r3_reg[1]_i_72/CI
    SLICE_X13Y35         CARRY4 (Prop_carry4_CI_CO[3])
                                                      0.114     5.595 r  u_pool/p_r3_reg[1]_i_72/CO[3]
                         net (fo=1, estimated)        0.000     5.595    u_pool/p_r3_reg[1]_i_72_n_0
    SLICE_X13Y36                                                      r  u_pool/p_r3_reg[1]_i_64/CI
    SLICE_X13Y36         CARRY4 (Prop_carry4_CI_CO[3])
                                                      0.114     5.709 r  u_pool/p_r3_reg[1]_i_64/CO[3]
                         net (fo=1, estimated)        0.000     5.709    u_pool/p_r3_reg[1]_i_64_n_0
    SLICE_X13Y37                                                      r  u_pool/p_r3_reg[1]_i_74/CI
    SLICE_X13Y37         CARRY4 (Prop_carry4_CI_CO[3])
                                                      0.114     5.823 r  u_pool/p_r3_reg[1]_i_74/CO[3]
                         net (fo=1, estimated)        0.000     5.823    u_pool/p_r3_reg[1]_i_74_n_0
    SLICE_X13Y38                                                      r  u_pool/p_r3_reg[1]_i_66/CI
    SLICE_X13Y38         CARRY4 (Prop_carry4_CI_CO[3])
                                                      0.114     5.937 r  u_pool/p_r3_reg[1]_i_66/CO[3]
                         net (fo=1, estimated)        0.000     5.937    u_pool/p_r3_reg[1]_i_66_n_0
    SLICE_X13Y39                                                      r  u_pool/p_r3_reg[1]_i_70/CI
    SLICE_X13Y39         CARRY4 (Prop_carry4_CI_CO[3])
                                                      0.114     6.051 r  u_pool/p_r3_reg[1]_i_70/CO[3]
                         net (fo=1, estimated)        0.000     6.051    u_pool/p_r3_reg[1]_i_70_n_0
    SLICE_X13Y40                                                      r  u_pool/p_r3_reg[1]_i_62/CI
    SLICE_X13Y40         CARRY4 (Prop_carry4_CI_O[3])
                                                      0.313     6.364 f  u_pool/p_r3_reg[1]_i_62/O[3]
                         net (fo=64, estimated)       0.737     7.101    u_pool/p_r3_reg[1]_i_62_n_4
    SLICE_X16Y32                                                      f  u_pool/p_r3[14]_i_137/I0
    SLICE_X16Y32         LUT6 (Prop_lut6_I0_O)        0.306     7.407 f  u_pool/p_r3[14]_i_137/O
                         net (fo=4, estimated)        0.987     8.394    u_pool/p_r3[14]_i_137_n_0
    SLICE_X12Y32                                                      f  u_pool/p_r3[14]_i_743/I1
    SLICE_X12Y32         LUT6 (Prop_lut6_I1_O)        0.124     8.518 f  u_pool/p_r3[14]_i_743/O
                         net (fo=2, estimated)        0.948     9.466    u_pool/p_r3[14]_i_743_n_0
    SLICE_X20Y34                                                      f  u_pool/p_r3[14]_i_692/I0
    SLICE_X20Y34         LUT3 (Prop_lut3_I0_O)        0.124     9.590 f  u_pool/p_r3[14]_i_692/O
                         net (fo=2, estimated)        0.602    10.192    u_pool/p_r3[14]_i_692_n_0
    SLICE_X20Y35                                                      f  u_pool/p_r3[14]_i_636/I3
    SLICE_X20Y35         LUT6 (Prop_lut6_I3_O)        0.124    10.316 f  u_pool/p_r3[14]_i_636/O
                         net (fo=4, estimated)        0.775    11.091    u_pool/p_r3[14]_i_636_n_0
    SLICE_X16Y35                                                      f  u_pool/p_r3[14]_i_524/I1
    SLICE_X16Y35         LUT5 (Prop_lut5_I1_O)        0.124    11.215 r  u_pool/p_r3[14]_i_524/O
                         net (fo=1, routed)           0.000    11.215    u_pool/p_r3[14]_i_524_n_0
    SLICE_X16Y35                                                      r  u_pool/p_r3_reg[14]_i_403/S[1]
    SLICE_X16Y35         CARRY4 (Prop_carry4_S[1]_CO[3])
                                                      0.533    11.748 r  u_pool/p_r3_reg[14]_i_403/CO[3]
                         net (fo=1, estimated)        0.000    11.748    u_pool/p_r3_reg[14]_i_403_n_0
    SLICE_X16Y36                                                      r  u_pool/p_r3_reg[14]_i_273/CI
    SLICE_X16Y36         CARRY4 (Prop_carry4_CI_CO[3])
                                                      0.117    11.865 r  u_pool/p_r3_reg[14]_i_273/CO[3]
                         net (fo=1, estimated)        0.000    11.865    u_pool/p_r3_reg[14]_i_273_n_0
    SLICE_X16Y37                                                      r  u_pool/p_r3_reg[14]_i_170/CI
    SLICE_X16Y37         CARRY4 (Prop_carry4_CI_CO[3])
                                                      0.117    11.982 r  u_pool/p_r3_reg[14]_i_170/CO[3]
                         net (fo=1, estimated)        0.000    11.982    u_pool/p_r3_reg[14]_i_170_n_0
    SLICE_X16Y38                                                      r  u_pool/p_r3_reg[14]_i_89/CI
    SLICE_X16Y38         CARRY4 (Prop_carry4_CI_CO[3])
                                                      0.117    12.099 r  u_pool/p_r3_reg[14]_i_89/CO[3]
                         net (fo=1, estimated)        0.000    12.099    u_pool/p_r3_reg[14]_i_89_n_0
    SLICE_X16Y39                                                      r  u_pool/p_r3_reg[14]_i_35/CI
    SLICE_X16Y39         CARRY4 (Prop_carry4_CI_CO[3])
                                                      0.117    12.216 r  u_pool/p_r3_reg[14]_i_35/CO[3]
                         net (fo=1, estimated)        0.000    12.216    u_pool/p_r3_reg[14]_i_35_n_0
    SLICE_X16Y40                                                      r  u_pool/p_r3_reg[14]_i_8/CI
    SLICE_X16Y40         CARRY4 (Prop_carry4_CI_CO[3])
                                                      0.117    12.333 r  u_pool/p_r3_reg[14]_i_8/CO[3]
                         net (fo=1, estimated)        0.000    12.333    u_pool/p_r3_reg[14]_i_8_n_0
    SLICE_X16Y41                                                      r  u_pool/p_r3_reg[14]_i_3/CI
    SLICE_X16Y41         CARRY4 (Prop_carry4_CI_CO[1])
                                                      0.157    12.490 r  u_pool/p_r3_reg[14]_i_3/CO[1]
                         net (fo=2, estimated)        0.320    12.810    u_pool/p_sat1
    SLICE_X16Y42                                                      r  u_pool/p_r3[14]_i_1/I1
    SLICE_X16Y42         LUT2 (Prop_lut2_I1_O)        0.332    13.142 r  u_pool/p_r3[14]_i_1/O
                         net (fo=14, estimated)       0.399    13.541    u_pool/p_r3[14]_i_1_n_0
    SLICE_X16Y41         FDRE                                         r  u_pool/p_r3_reg[13]/R
  -------------------------------------------------------------------    -------------------

                         (clock ACLK rise edge)      13.500    13.500 r  
                                                      0.000    13.500 r  clk (IN)
                         net (fo=3643, unset)         0.924    14.424    u_pool/clk
    SLICE_X16Y41         FDRE                                         r  u_pool/p_r3_reg[13]/C
                         clock pessimism              0.000    14.424    
                         clock uncertainty           -0.035    14.389    
    SLICE_X16Y41         FDRE (Setup_fdre_C_R)       -0.524    13.865    u_pool/p_r3_reg[13]
  -------------------------------------------------------------------
                         required time                         13.865    
                         arrival time                         -13.541    
  -------------------------------------------------------------------
                         slack                                  0.324    

Slack (MET) :             0.324ns  (required time - arrival time)
  Source:                 pool_shift[5]
                            (input port clocked by ACLK  {rise@0.000ns fall@6.750ns period=13.500ns})
  Destination:            u_pool/p_r3_reg[4]_inv/R
                            (rising edge-triggered cell FDRE clocked by ACLK  {rise@0.000ns fall@6.750ns period=13.500ns})
  Path Group:             ACLK
  Path Type:              Setup (Max at Slow Process Corner)
  Requirement:            13.500ns  (ACLK rise@13.500ns - ACLK rise@0.000ns)
  Data Path Delay:        11.541ns  (logic 5.116ns (44.329%)  route 6.425ns (55.671%))
  Logic Levels:           31  (CARRY4=23 LUT2=1 LUT3=1 LUT5=2 LUT6=4)
  Input Delay:            2.000ns
  Clock Path Skew:        0.924ns (DCD - SCD + CPR)
    Destination Clock Delay (DCD):    0.924ns = ( 14.424 - 13.500 ) 
    Source Clock Delay      (SCD):    0.000ns
    Clock Pessimism Removal (CPR):    0.000ns
  Clock Uncertainty:      0.035ns  ((TSJ^2 + TIJ^2)^1/2 + DJ) / 2 + PE
    Total System Jitter     (TSJ):    0.071ns
    Total Input Jitter      (TIJ):    0.000ns
    Discrete Jitter          (DJ):    0.000ns
    Phase Error              (PE):    0.000ns

    Location             Delay type                Incr(ns)  Path(ns)    Netlist Resource(s)
  -------------------------------------------------------------------    -------------------
                         (clock ACLK rise edge)       0.000     0.000 r  
                         input delay                  2.000     2.000    
                                                      0.000     2.000 r  pool_shift[5] (IN)
                         net (fo=211, unset)          0.973     2.973    pool_shift[5]
    SLICE_X15Y25                                                      r  p_r3[1]_i_229/I5
    SLICE_X15Y25         LUT6 (Prop_lut6_I5_O)        0.124     3.097 r  p_r3[1]_i_229/O
                         net (fo=14, estimated)       0.684     3.781    u_pool/p_r3_reg[1]_i_69_0
    SLICE_X13Y25                                                      r  u_pool/p_r3[1]_i_221/I1
    SLICE_X13Y25         LUT5 (Prop_lut5_I1_O)        0.124     3.905 r  u_pool/p_r3[1]_i_221/O
                         net (fo=1, routed)           0.000     3.905    u_pool/p_r3[1]_i_221_n_0
    SLICE_X13Y25                                                      r  u_pool/p_r3_reg[1]_i_77/S[1]
    SLICE_X13Y25         CARRY4 (Prop_carry4_S[1]_CO[3])
                                                      0.550     4.455 r  u_pool/p_r3_reg[1]_i_77/CO[3]
                         net (fo=1, estimated)        0.000     4.455    u_pool/p_r3_reg[1]_i_77_n_0
    SLICE_X13Y26                                                      r  u_pool/p_r3_reg[1]_i_69/CI
    SLICE_X13Y26         CARRY4 (Prop_carry4_CI_CO[3])
                                                      0.114     4.569 r  u_pool/p_r3_reg[1]_i_69/CO[3]
                         net (fo=1, estimated)        0.000     4.569    u_pool/p_r3_reg[1]_i_69_n_0
    SLICE_X13Y27                                                      r  u_pool/p_r3_reg[1]_i_73/CI
    SLICE_X13Y27         CARRY4 (Prop_carry4_CI_CO[3])
                                                      0.114     4.683 r  u_pool/p_r3_reg[1]_i_73/CO[3]
                         net (fo=1, estimated)        0.000     4.683    u_pool/p_r3_reg[1]_i_73_n_0
    SLICE_X13Y28                                                      r  u_pool/p_r3_reg[1]_i_65/CI
    SLICE_X13Y28         CARRY4 (Prop_carry4_CI_CO[3])
                                                      0.114     4.797 r  u_pool/p_r3_reg[1]_i_65/CO[3]
                         net (fo=1, estimated)        0.000     4.797    u_pool/p_r3_reg[1]_i_65_n_0
    SLICE_X13Y29                                                      r  u_pool/p_r3_reg[1]_i_75/CI
    SLICE_X13Y29         CARRY4 (Prop_carry4_CI_CO[3])
                                                      0.114     4.911 r  u_pool/p_r3_reg[1]_i_75/CO[3]
                         net (fo=1, estimated)        0.000     4.911    u_pool/p_r3_reg[1]_i_75_n_0
    SLICE_X13Y30                                                      r  u_pool/p_r3_reg[1]_i_67/CI
    SLICE_X13Y30         CARRY4 (Prop_carry4_CI_CO[3])
                                                      0.114     5.025 r  u_pool/p_r3_reg[1]_i_67/CO[3]
                         net (fo=1, estimated)        0.000     5.025    u_pool/p_r3_reg[1]_i_67_n_0
    SLICE_X13Y31                                                      r  u_pool/p_r3_reg[1]_i_71/CI
    SLICE_X13Y31         CARRY4 (Prop_carry4_CI_CO[3])
                                                      0.114     5.139 r  u_pool/p_r3_reg[1]_i_71/CO[3]
                         net (fo=1, estimated)        0.000     5.139    u_pool/p_r3_reg[1]_i_71_n_0
    SLICE_X13Y32                                                      r  u_pool/p_r3_reg[1]_i_63/CI
    SLICE_X13Y32         CARRY4 (Prop_carry4_CI_CO[3])
                                                      0.114     5.253 r  u_pool/p_r3_reg[1]_i_63/CO[3]
                         net (fo=1, estimated)        0.000     5.253    u_pool/p_r3_reg[1]_i_63_n_0
    SLICE_X13Y33                                                      r  u_pool/p_r3_reg[1]_i_76/CI
    SLICE_X13Y33         CARRY4 (Prop_carry4_CI_CO[3])
                                                      0.114     5.367 r  u_pool/p_r3_reg[1]_i_76/CO[3]
                         net (fo=1, estimated)        0.000     5.367    u_pool/p_r3_reg[1]_i_76_n_0
    SLICE_X13Y34                                                      r  u_pool/p_r3_reg[1]_i_68/CI
    SLICE_X13Y34         CARRY4 (Prop_carry4_CI_CO[3])
                                                      0.114     5.481 r  u_pool/p_r3_reg[1]_i_68/CO[3]
                         net (fo=1, estimated)        0.000     5.481    u_pool/p_r3_reg[1]_i_68_n_0
    SLICE_X13Y35                                                      r  u_pool/p_r3_reg[1]_i_72/CI
    SLICE_X13Y35         CARRY4 (Prop_carry4_CI_CO[3])
                                                      0.114     5.595 r  u_pool/p_r3_reg[1]_i_72/CO[3]
                         net (fo=1, estimated)        0.000     5.595    u_pool/p_r3_reg[1]_i_72_n_0
    SLICE_X13Y36                                                      r  u_pool/p_r3_reg[1]_i_64/CI
    SLICE_X13Y36         CARRY4 (Prop_carry4_CI_CO[3])
                                                      0.114     5.709 r  u_pool/p_r3_reg[1]_i_64/CO[3]
                         net (fo=1, estimated)        0.000     5.709    u_pool/p_r3_reg[1]_i_64_n_0
    SLICE_X13Y37                                                      r  u_pool/p_r3_reg[1]_i_74/CI
    SLICE_X13Y37         CARRY4 (Prop_carry4_CI_CO[3])
                                                      0.114     5.823 r  u_pool/p_r3_reg[1]_i_74/CO[3]
                         net (fo=1, estimated)        0.000     5.823    u_pool/p_r3_reg[1]_i_74_n_0
    SLICE_X13Y38                                                      r  u_pool/p_r3_reg[1]_i_66/CI
    SLICE_X13Y38         CARRY4 (Prop_carry4_CI_CO[3])
                                                      0.114     5.937 r  u_pool/p_r3_reg[1]_i_66/CO[3]
                         net (fo=1, estimated)        0.000     5.937    u_pool/p_r3_reg[1]_i_66_n_0
    SLICE_X13Y39                                                      r  u_pool/p_r3_reg[1]_i_70/CI
    SLICE_X13Y39         CARRY4 (Prop_carry4_CI_CO[3])
                                                      0.114     6.051 r  u_pool/p_r3_reg[1]_i_70/CO[3]
                         net (fo=1, estimated)        0.000     6.051    u_pool/p_r3_reg[1]_i_70_n_0
    SLICE_X13Y40                                                      r  u_pool/p_r3_reg[1]_i_62/CI
    SLICE_X13Y40         CARRY4 (Prop_carry4_CI_O[3])
                                                      0.313     6.364 f  u_pool/p_r3_reg[1]_i_62/O[3]
                         net (fo=64, estimated)       0.737     7.101    u_pool/p_r3_reg[1]_i_62_n_4
    SLICE_X16Y32                                                      f  u_pool/p_r3[14]_i_137/I0
    SLICE_X16Y32         LUT6 (Prop_lut6_I0_O)        0.306     7.407 f  u_pool/p_r3[14]_i_137/O
                         net (fo=4, estimated)        0.987     8.394    u_pool/p_r3[14]_i_137_n_0
    SLICE_X12Y32                                                      f  u_pool/p_r3[14]_i_743/I1
    SLICE_X12Y32         LUT6 (Prop_lut6_I1_O)        0.124     8.518 f  u_pool/p_r3[14]_i_743/O
                         net (fo=2, estimated)        0.948     9.466    u_pool/p_r3[14]_i_743_n_0
    SLICE_X20Y34                                                      f  u_pool/p_r3[14]_i_692/I0
    SLICE_X20Y34         LUT3 (Prop_lut3_I0_O)        0.124     9.590 f  u_pool/p_r3[14]_i_692/O
                         net (fo=2, estimated)        0.602    10.192    u_pool/p_r3[14]_i_692_n_0
    SLICE_X20Y35                                                      f  u_pool/p_r3[14]_i_636/I3
    SLICE_X20Y35         LUT6 (Prop_lut6_I3_O)        0.124    10.316 f  u_pool/p_r3[14]_i_636/O
                         net (fo=4, estimated)        0.775    11.091    u_pool/p_r3[14]_i_636_n_0
    SLICE_X16Y35                                                      f  u_pool/p_r3[14]_i_524/I1
    SLICE_X16Y35         LUT5 (Prop_lut5_I1_O)        0.124    11.215 r  u_pool/p_r3[14]_i_524/O
                         net (fo=1, routed)           0.000    11.215    u_pool/p_r3[14]_i_524_n_0
    SLICE_X16Y35                                                      r  u_pool/p_r3_reg[14]_i_403/S[1]
    SLICE_X16Y35         CARRY4 (Prop_carry4_S[1]_CO[3])
                                                      0.533    11.748 r  u_pool/p_r3_reg[14]_i_403/CO[3]
                         net (fo=1, estimated)        0.000    11.748    u_pool/p_r3_reg[14]_i_403_n_0
    SLICE_X16Y36                                                      r  u_pool/p_r3_reg[14]_i_273/CI
    SLICE_X16Y36         CARRY4 (Prop_carry4_CI_CO[3])
                                                      0.117    11.865 r  u_pool/p_r3_reg[14]_i_273/CO[3]
                         net (fo=1, estimated)        0.000    11.865    u_pool/p_r3_reg[14]_i_273_n_0
    SLICE_X16Y37                                                      r  u_pool/p_r3_reg[14]_i_170/CI
    SLICE_X16Y37         CARRY4 (Prop_carry4_CI_CO[3])
                                                      0.117    11.982 r  u_pool/p_r3_reg[14]_i_170/CO[3]
                         net (fo=1, estimated)        0.000    11.982    u_pool/p_r3_reg[14]_i_170_n_0
    SLICE_X16Y38                                                      r  u_pool/p_r3_reg[14]_i_89/CI
    SLICE_X16Y38         CARRY4 (Prop_carry4_CI_CO[3])
                                                      0.117    12.099 r  u_pool/p_r3_reg[14]_i_89/CO[3]
                         net (fo=1, estimated)        0.000    12.099    u_pool/p_r3_reg[14]_i_89_n_0
    SLICE_X16Y39                                                      r  u_pool/p_r3_reg[14]_i_35/CI
    SLICE_X16Y39         CARRY4 (Prop_carry4_CI_CO[3])
                                                      0.117    12.216 r  u_pool/p_r3_reg[14]_i_35/CO[3]
                         net (fo=1, estimated)        0.000    12.216    u_pool/p_r3_reg[14]_i_35_n_0
    SLICE_X16Y40                                                      r  u_pool/p_r3_reg[14]_i_8/CI
    SLICE_X16Y40         CARRY4 (Prop_carry4_CI_CO[3])
                                                      0.117    12.333 r  u_pool/p_r3_reg[14]_i_8/CO[3]
                         net (fo=1, estimated)        0.000    12.333    u_pool/p_r3_reg[14]_i_8_n_0
    SLICE_X16Y41                                                      r  u_pool/p_r3_reg[14]_i_3/CI
    SLICE_X16Y41         CARRY4 (Prop_carry4_CI_CO[1])
                                                      0.157    12.490 r  u_pool/p_r3_reg[14]_i_3/CO[1]
                         net (fo=2, estimated)        0.320    12.810    u_pool/p_sat1
    SLICE_X16Y42                                                      r  u_pool/p_r3[14]_i_1/I1
    SLICE_X16Y42         LUT2 (Prop_lut2_I1_O)        0.332    13.142 r  u_pool/p_r3[14]_i_1/O
                         net (fo=14, estimated)       0.399    13.541    u_pool/p_r3[14]_i_1_n_0
    SLICE_X16Y41         FDRE                                         r  u_pool/p_r3_reg[4]_inv/R
  -------------------------------------------------------------------    -------------------

                         (clock ACLK rise edge)      13.500    13.500 r  
                                                      0.000    13.500 r  clk (IN)
                         net (fo=3643, unset)         0.924    14.424    u_pool/clk
    SLICE_X16Y41         FDRE                                         r  u_pool/p_r3_reg[4]_inv/C
                         clock pessimism              0.000    14.424    
                         clock uncertainty           -0.035    14.389    
    SLICE_X16Y41         FDRE (Setup_fdre_C_R)       -0.524    13.865    u_pool/p_r3_reg[4]_inv
  -------------------------------------------------------------------
                         required time                         13.865    
                         arrival time                         -13.541    
  -------------------------------------------------------------------
                         slack                                  0.324    

Slack (MET) :             0.342ns  (required time - arrival time)
  Source:                 pool_shift[5]
                            (input port clocked by ACLK  {rise@0.000ns fall@6.750ns period=13.500ns})
  Destination:            u_pool/p_r3_reg[12]/S
                            (rising edge-triggered cell FDSE clocked by ACLK  {rise@0.000ns fall@6.750ns period=13.500ns})
  Path Group:             ACLK
  Path Type:              Setup (Max at Slow Process Corner)
  Requirement:            13.500ns  (ACLK rise@13.500ns - ACLK rise@0.000ns)
  Data Path Delay:        11.523ns  (logic 5.116ns (44.398%)  route 6.407ns (55.602%))
  Logic Levels:           31  (CARRY4=23 LUT2=1 LUT3=1 LUT5=2 LUT6=4)
  Input Delay:            2.000ns
  Clock Path Skew:        0.924ns (DCD - SCD + CPR)
    Destination Clock Delay (DCD):    0.924ns = ( 14.424 - 13.500 ) 
    Source Clock Delay      (SCD):    0.000ns
    Clock Pessimism Removal (CPR):    0.000ns
  Clock Uncertainty:      0.035ns  ((TSJ^2 + TIJ^2)^1/2 + DJ) / 2 + PE
    Total System Jitter     (TSJ):    0.071ns
    Total Input Jitter      (TIJ):    0.000ns
    Discrete Jitter          (DJ):    0.000ns
    Phase Error              (PE):    0.000ns

    Location             Delay type                Incr(ns)  Path(ns)    Netlist Resource(s)
  -------------------------------------------------------------------    -------------------
                         (clock ACLK rise edge)       0.000     0.000 r  
                         input delay                  2.000     2.000    
                                                      0.000     2.000 r  pool_shift[5] (IN)
                         net (fo=211, unset)          0.973     2.973    pool_shift[5]
    SLICE_X15Y25                                                      r  p_r3[1]_i_229/I5
    SLICE_X15Y25         LUT6 (Prop_lut6_I5_O)        0.124     3.097 r  p_r3[1]_i_229/O
                         net (fo=14, estimated)       0.684     3.781    u_pool/p_r3_reg[1]_i_69_0
    SLICE_X13Y25                                                      r  u_pool/p_r3[1]_i_221/I1
    SLICE_X13Y25         LUT5 (Prop_lut5_I1_O)        0.124     3.905 r  u_pool/p_r3[1]_i_221/O
                         net (fo=1, routed)           0.000     3.905    u_pool/p_r3[1]_i_221_n_0
    SLICE_X13Y25                                                      r  u_pool/p_r3_reg[1]_i_77/S[1]
    SLICE_X13Y25         CARRY4 (Prop_carry4_S[1]_CO[3])
                                                      0.550     4.455 r  u_pool/p_r3_reg[1]_i_77/CO[3]
                         net (fo=1, estimated)        0.000     4.455    u_pool/p_r3_reg[1]_i_77_n_0
    SLICE_X13Y26                                                      r  u_pool/p_r3_reg[1]_i_69/CI
    SLICE_X13Y26         CARRY4 (Prop_carry4_CI_CO[3])
                                                      0.114     4.569 r  u_pool/p_r3_reg[1]_i_69/CO[3]
                         net (fo=1, estimated)        0.000     4.569    u_pool/p_r3_reg[1]_i_69_n_0
    SLICE_X13Y27                                                      r  u_pool/p_r3_reg[1]_i_73/CI
    SLICE_X13Y27         CARRY4 (Prop_carry4_CI_CO[3])
                                                      0.114     4.683 r  u_pool/p_r3_reg[1]_i_73/CO[3]
                         net (fo=1, estimated)        0.000     4.683    u_pool/p_r3_reg[1]_i_73_n_0
    SLICE_X13Y28                                                      r  u_pool/p_r3_reg[1]_i_65/CI
    SLICE_X13Y28         CARRY4 (Prop_carry4_CI_CO[3])
                                                      0.114     4.797 r  u_pool/p_r3_reg[1]_i_65/CO[3]
                         net (fo=1, estimated)        0.000     4.797    u_pool/p_r3_reg[1]_i_65_n_0
    SLICE_X13Y29                                                      r  u_pool/p_r3_reg[1]_i_75/CI
    SLICE_X13Y29         CARRY4 (Prop_carry4_CI_CO[3])
                                                      0.114     4.911 r  u_pool/p_r3_reg[1]_i_75/CO[3]
                         net (fo=1, estimated)        0.000     4.911    u_pool/p_r3_reg[1]_i_75_n_0
    SLICE_X13Y30                                                      r  u_pool/p_r3_reg[1]_i_67/CI
    SLICE_X13Y30         CARRY4 (Prop_carry4_CI_CO[3])
                                                      0.114     5.025 r  u_pool/p_r3_reg[1]_i_67/CO[3]
                         net (fo=1, estimated)        0.000     5.025    u_pool/p_r3_reg[1]_i_67_n_0
    SLICE_X13Y31                                                      r  u_pool/p_r3_reg[1]_i_71/CI
    SLICE_X13Y31         CARRY4 (Prop_carry4_CI_CO[3])
                                                      0.114     5.139 r  u_pool/p_r3_reg[1]_i_71/CO[3]
                         net (fo=1, estimated)        0.000     5.139    u_pool/p_r3_reg[1]_i_71_n_0
    SLICE_X13Y32                                                      r  u_pool/p_r3_reg[1]_i_63/CI
    SLICE_X13Y32         CARRY4 (Prop_carry4_CI_CO[3])
                                                      0.114     5.253 r  u_pool/p_r3_reg[1]_i_63/CO[3]
                         net (fo=1, estimated)        0.000     5.253    u_pool/p_r3_reg[1]_i_63_n_0
    SLICE_X13Y33                                                      r  u_pool/p_r3_reg[1]_i_76/CI
    SLICE_X13Y33         CARRY4 (Prop_carry4_CI_CO[3])
                                                      0.114     5.367 r  u_pool/p_r3_reg[1]_i_76/CO[3]
                         net (fo=1, estimated)        0.000     5.367    u_pool/p_r3_reg[1]_i_76_n_0
    SLICE_X13Y34                                                      r  u_pool/p_r3_reg[1]_i_68/CI
    SLICE_X13Y34         CARRY4 (Prop_carry4_CI_CO[3])
                                                      0.114     5.481 r  u_pool/p_r3_reg[1]_i_68/CO[3]
                         net (fo=1, estimated)        0.000     5.481    u_pool/p_r3_reg[1]_i_68_n_0
    SLICE_X13Y35                                                      r  u_pool/p_r3_reg[1]_i_72/CI
    SLICE_X13Y35         CARRY4 (Prop_carry4_CI_CO[3])
                                                      0.114     5.595 r  u_pool/p_r3_reg[1]_i_72/CO[3]
                         net (fo=1, estimated)        0.000     5.595    u_pool/p_r3_reg[1]_i_72_n_0
    SLICE_X13Y36                                                      r  u_pool/p_r3_reg[1]_i_64/CI
    SLICE_X13Y36         CARRY4 (Prop_carry4_CI_CO[3])
                                                      0.114     5.709 r  u_pool/p_r3_reg[1]_i_64/CO[3]
                         net (fo=1, estimated)        0.000     5.709    u_pool/p_r3_reg[1]_i_64_n_0
    SLICE_X13Y37                                                      r  u_pool/p_r3_reg[1]_i_74/CI
    SLICE_X13Y37         CARRY4 (Prop_carry4_CI_CO[3])
                                                      0.114     5.823 r  u_pool/p_r3_reg[1]_i_74/CO[3]
                         net (fo=1, estimated)        0.000     5.823    u_pool/p_r3_reg[1]_i_74_n_0
    SLICE_X13Y38                                                      r  u_pool/p_r3_reg[1]_i_66/CI
    SLICE_X13Y38         CARRY4 (Prop_carry4_CI_CO[3])
                                                      0.114     5.937 r  u_pool/p_r3_reg[1]_i_66/CO[3]
                         net (fo=1, estimated)        0.000     5.937    u_pool/p_r3_reg[1]_i_66_n_0
    SLICE_X13Y39                                                      r  u_pool/p_r3_reg[1]_i_70/CI
    SLICE_X13Y39         CARRY4 (Prop_carry4_CI_CO[3])
                                                      0.114     6.051 r  u_pool/p_r3_reg[1]_i_70/CO[3]
                         net (fo=1, estimated)        0.000     6.051    u_pool/p_r3_reg[1]_i_70_n_0
    SLICE_X13Y40                                                      r  u_pool/p_r3_reg[1]_i_62/CI
    SLICE_X13Y40         CARRY4 (Prop_carry4_CI_O[3])
                                                      0.313     6.364 f  u_pool/p_r3_reg[1]_i_62/O[3]
                         net (fo=64, estimated)       0.737     7.101    u_pool/p_r3_reg[1]_i_62_n_4
    SLICE_X16Y32                                                      f  u_pool/p_r3[14]_i_137/I0
    SLICE_X16Y32         LUT6 (Prop_lut6_I0_O)        0.306     7.407 f  u_pool/p_r3[14]_i_137/O
                         net (fo=4, estimated)        0.987     8.394    u_pool/p_r3[14]_i_137_n_0
    SLICE_X12Y32                                                      f  u_pool/p_r3[14]_i_743/I1
    SLICE_X12Y32         LUT6 (Prop_lut6_I1_O)        0.124     8.518 f  u_pool/p_r3[14]_i_743/O
                         net (fo=2, estimated)        0.948     9.466    u_pool/p_r3[14]_i_743_n_0
    SLICE_X20Y34                                                      f  u_pool/p_r3[14]_i_692/I0
    SLICE_X20Y34         LUT3 (Prop_lut3_I0_O)        0.124     9.590 f  u_pool/p_r3[14]_i_692/O
                         net (fo=2, estimated)        0.602    10.192    u_pool/p_r3[14]_i_692_n_0
    SLICE_X20Y35                                                      f  u_pool/p_r3[14]_i_636/I3
    SLICE_X20Y35         LUT6 (Prop_lut6_I3_O)        0.124    10.316 f  u_pool/p_r3[14]_i_636/O
                         net (fo=4, estimated)        0.775    11.091    u_pool/p_r3[14]_i_636_n_0
    SLICE_X16Y35                                                      f  u_pool/p_r3[14]_i_524/I1
    SLICE_X16Y35         LUT5 (Prop_lut5_I1_O)        0.124    11.215 r  u_pool/p_r3[14]_i_524/O
                         net (fo=1, routed)           0.000    11.215    u_pool/p_r3[14]_i_524_n_0
    SLICE_X16Y35                                                      r  u_pool/p_r3_reg[14]_i_403/S[1]
    SLICE_X16Y35         CARRY4 (Prop_carry4_S[1]_CO[3])
                                                      0.533    11.748 r  u_pool/p_r3_reg[14]_i_403/CO[3]
                         net (fo=1, estimated)        0.000    11.748    u_pool/p_r3_reg[14]_i_403_n_0
    SLICE_X16Y36                                                      r  u_pool/p_r3_reg[14]_i_273/CI
    SLICE_X16Y36         CARRY4 (Prop_carry4_CI_CO[3])
                                                      0.117    11.865 r  u_pool/p_r3_reg[14]_i_273/CO[3]
                         net (fo=1, estimated)        0.000    11.865    u_pool/p_r3_reg[14]_i_273_n_0
    SLICE_X16Y37                                                      r  u_pool/p_r3_reg[14]_i_170/CI
    SLICE_X16Y37         CARRY4 (Prop_carry4_CI_CO[3])
                                                      0.117    11.982 r  u_pool/p_r3_reg[14]_i_170/CO[3]
                         net (fo=1, estimated)        0.000    11.982    u_pool/p_r3_reg[14]_i_170_n_0
    SLICE_X16Y38                                                      r  u_pool/p_r3_reg[14]_i_89/CI
    SLICE_X16Y38         CARRY4 (Prop_carry4_CI_CO[3])
                                                      0.117    12.099 r  u_pool/p_r3_reg[14]_i_89/CO[3]
                         net (fo=1, estimated)        0.000    12.099    u_pool/p_r3_reg[14]_i_89_n_0
    SLICE_X16Y39                                                      r  u_pool/p_r3_reg[14]_i_35/CI
    SLICE_X16Y39         CARRY4 (Prop_carry4_CI_CO[3])
                                                      0.117    12.216 r  u_pool/p_r3_reg[14]_i_35/CO[3]
                         net (fo=1, estimated)        0.000    12.216    u_pool/p_r3_reg[14]_i_35_n_0
    SLICE_X16Y40                                                      r  u_pool/p_r3_reg[14]_i_8/CI
    SLICE_X16Y40         CARRY4 (Prop_carry4_CI_CO[3])
                                                      0.117    12.333 r  u_pool/p_r3_reg[14]_i_8/CO[3]
                         net (fo=1, estimated)        0.000    12.333    u_pool/p_r3_reg[14]_i_8_n_0
    SLICE_X16Y41                                                      r  u_pool/p_r3_reg[14]_i_3/CI
    SLICE_X16Y41         CARRY4 (Prop_carry4_CI_CO[1])
                                                      0.157    12.490 r  u_pool/p_r3_reg[14]_i_3/CO[1]
                         net (fo=2, estimated)        0.320    12.810    u_pool/p_sat1
    SLICE_X16Y42                                                      r  u_pool/p_r3[14]_i_1/I1
    SLICE_X16Y42         LUT2 (Prop_lut2_I1_O)        0.332    13.142 r  u_pool/p_r3[14]_i_1/O
                         net (fo=14, estimated)       0.381    13.523    u_pool/p_r3[14]_i_1_n_0
    SLICE_X18Y42         FDSE                                         r  u_pool/p_r3_reg[12]/S
  -------------------------------------------------------------------    -------------------

                         (clock ACLK rise edge)      13.500    13.500 r  
                                                      0.000    13.500 r  clk (IN)
                         net (fo=3643, unset)         0.924    14.424    u_pool/clk
    SLICE_X18Y42         FDSE                                         r  u_pool/p_r3_reg[12]/C
                         clock pessimism              0.000    14.424    
                         clock uncertainty           -0.035    14.389    
    SLICE_X18Y42         FDSE (Setup_fdse_C_S)       -0.524    13.865    u_pool/p_r3_reg[12]
  -------------------------------------------------------------------
                         required time                         13.865    
                         arrival time                         -13.523    
  -------------------------------------------------------------------
                         slack                                  0.342    




