#-----------------------------------------------------------
# xsim v2020.2 (64-bit)
# SW Build 3064766 on Wed Nov 18 09:12:45 MST 2020
# IP Build 3064653 on Wed Nov 18 14:17:31 MST 2020
# Start of session at: Sun Sep 27 10:52:38 2026
# Process ID: 23408
# Current directory: D:/2609_final_project/CNN_RTL_인수인계_2026-09-27/runs/20260927_105219_618939
# Command line: xsim.exe -mode tcl -source {xsim.dir/handover_tb_ctrl_status/xsim_script.tcl}
# Log file: D:/2609_final_project/CNN_RTL_인수인계_2026-09-27/runs/20260927_105219_618939/xsim.log
# Journal file: D:/2609_final_project/CNN_RTL_인수인계_2026-09-27/runs/20260927_105219_618939\xsim.jou
#-----------------------------------------------------------
source xsim.dir/handover_tb_ctrl_status/xsim_script.tcl
# xsim {handover_tb_ctrl_status} -autoloadwcfg -runall -onerror quit
Vivado Simulator 2020.2
Time resolution is 1 ps
run -all
PASS: thirteen named states and four-bit state registers match the target FSM
PASS: reset clears status, snapshots and pending result
PASS: LOAD succeeds with cfg=0 after two modeled reads and Loader completion
PASS: INFER cfg=1 succeeds; START clears done; live cmd/address changes do not replace snapshots
PASS: IDLE CLEAR removes sticky done without changing snapshots/internal result
PASS: INFER cfg=0 at DECODE reports NO_CFG; cfg changes in FINISH cannot change it
PASS: INFER cfg 0 at START -> 1 at DECODE succeeds
PASS: INFER cfg 1 at START -> 0 at DECODE reports NO_CFG
PASS: cmd=2 reports BAD_CMD; new START clears previous NO_CFG
PASS: cmd=FFFFFFFF reports BAD_CMD; consecutive errors are recorded anew
PASS: cmd=80000000 reports BAD_CMD (full 32-bit decode, independent of cfg)
PASS: IDLE CLEAR removes sticky error without erasing internal failure
PASS: BUSY CLEAR cannot cancel success; completion wins over same-edge CLEAR
PASS: BUSY CLEAR preserves NO_CFG; error wins over same-edge CLEAR
PASS: IDLE START+CLEAR accepts START and clears old error before new completion
PASS: START is ignored in both DECODE and FINISH; success and all four snapshots survive
PASS: BUSY START+CLEAR cannot overwrite original BAD_CMD at completion
PASS: all thirteen states implemented; three illegal states recover without changing results/snapshots (3 checks)
PASS: synchronous reset in FINISH waits for the edge, clears all state, and produces no phantom completion
PASS: L-07 S2 state=0 param_sel_fc=0 lut_sel_fc=0
PASS: L-07 S2 state=1 param_sel_fc=0 lut_sel_fc=0
PASS: L-07 S2 state=2 param_sel_fc=0 lut_sel_fc=0
PASS: L-07 S2 state=3 param_sel_fc=0 lut_sel_fc=0
PASS: L-07 S2 state=4 param_sel_fc=0 lut_sel_fc=0
PASS: L-07 S2 state=5 param_sel_fc=0 lut_sel_fc=0
PASS: L-07 S2 state=6 param_sel_fc=0 lut_sel_fc=0
PASS: L-07 S2 state=7 param_sel_fc=1 lut_sel_fc=1
PASS: L-07 S2 state=8 param_sel_fc=1 lut_sel_fc=1
PASS: L-07 S2 state=9 param_sel_fc=1 lut_sel_fc=1
PASS: L-07 S2 state=10 param_sel_fc=0 lut_sel_fc=0
PASS: L-07 S2 state=11 param_sel_fc=0 lut_sel_fc=0
PASS: L-07 S2 state=12 param_sel_fc=0 lut_sel_fc=0
PASS: L-07 S2 state=13 param_sel_fc=0 lut_sel_fc=0
PASS: L-07 S2 state=14 param_sel_fc=0 lut_sel_fc=0
PASS: L-07 S2 state=15 param_sel_fc=0 lut_sel_fc=0
PASS: L-07 S2 states=13 illegal_codes=3 FC_selected=7,8,9 all_others=0
PASS: unused outputs stayed zero for 217 sampled cycles while unused inputs toggled
PASS: T-06 ALL CTRL STATUS CHECKS PASSED (14 START snapshots checked)
$finish called at time : 2176 ns : File "D:/2609_final_project/CNN_RTL_인수인계_2026-09-27/project/cnn_rtl/tb/tb_ctrl_status.v" Line 421
exit
INFO: [Common 17-206] Exiting xsim at Sun Sep 27 10:52:41 2026...
