Copyright 1986-2020 Xilinx, Inc. All Rights Reserved.
---------------------------------------------------------------------------------------------------------------------------------------------------------------------------------
| Tool Version : Vivado v.2020.2 (win64) Build 3064766 Wed Nov 18 09:12:45 MST 2020
| Date         : Sat Sep 26 20:07:45 2026
| Host         : DESKTOP-7CFQ9ND running 64-bit major release  (build 9200)
| Command      : report_timing_summary -delay_type min_max -max_paths 3 -file D:/2609_final_project/cnn_rtl/docs/E-02a_runs/encoder_freq1_13.160_retry/post_phys_opt_summary.rpt
| Design       : CNN_Encoder
| Device       : 7z020-clg400
| Speed File   : -1  PRODUCTION 1.12 2019-11-22
---------------------------------------------------------------------------------------------------------------------------------------------------------------------------------

Timing Summary Report

------------------------------------------------------------------------------------------------
| Timer Settings
| --------------
------------------------------------------------------------------------------------------------

  Enable Multi Corner Analysis               :  Yes
  Enable Pessimism Removal                   :  Yes
  Pessimism Removal Resolution               :  Nearest Common Node
  Enable Input Delay Default Clock           :  No
  Enable Preset / Clear Arcs                 :  No
  Disable Flight Delays                      :  No
  Ignore I/O Paths                           :  No
  Timing Early Launch at Borrowing Latches   :  No
  Borrow Time for Max Delay Exceptions       :  Yes
  Merge Timing Exceptions                    :  Yes

  Corner  Analyze    Analyze    
  Name    Max Paths  Min Paths  
  ------  ---------  ---------  
  Slow    Yes        Yes        
  Fast    Yes        Yes        



check_timing report

Table of Contents
-----------------
1. checking no_clock (0)
2. checking constant_clock (0)
3. checking pulse_width_clock (0)
4. checking unconstrained_internal_endpoints (0)
5. checking no_input_delay (0)
6. checking no_output_delay (0)
7. checking multiple_clock (0)
8. checking generated_clocks (0)
9. checking loops (0)
10. checking partial_input_delay (0)
11. checking partial_output_delay (0)
12. checking latch_loops (0)

1. checking no_clock (0)
------------------------
 There are 0 register/latch pins with no clock.


2. checking constant_clock (0)
------------------------------
 There are 0 register/latch pins with constant_clock.


3. checking pulse_width_clock (0)
---------------------------------
 There are 0 register/latch pins which need pulse_width check


4. checking unconstrained_internal_endpoints (0)
------------------------------------------------
 There are 0 pins that are not constrained for maximum delay.

 There are 0 pins that are not constrained for maximum delay due to constant clock.


5. checking no_input_delay (0)
------------------------------
 There are 0 input ports with no input delay specified.

 There are 0 input ports with no input delay but user has a false path constraint.


6. checking no_output_delay (0)
-------------------------------
 There are 0 ports with no output delay specified.

 There are 0 ports with no output delay but user has a false path constraint

 There are 0 ports with no output delay but with a timing clock defined on it or propagating through it


7. checking multiple_clock (0)
------------------------------
 There are 0 register/latch pins with multiple clocks.


8. checking generated_clocks (0)
--------------------------------
 There are 0 generated clocks that are not connected to a clock source.


9. checking loops (0)
---------------------
 There are 0 combinational loops in the design.


10. checking partial_input_delay (0)
------------------------------------
 There are 0 input ports with partial input delay specified.


11. checking partial_output_delay (0)
-------------------------------------
 There are 0 ports with partial output delay specified.


12. checking latch_loops (0)
----------------------------
 There are 0 combinational latch loops in the design through latch input



------------------------------------------------------------------------------------------------
| Design Timing Summary
| ---------------------
------------------------------------------------------------------------------------------------

    WNS(ns)      TNS(ns)  TNS Failing Endpoints  TNS Total Endpoints      WHS(ns)      THS(ns)  THS Failing Endpoints  THS Total Endpoints     WPWS(ns)     TPWS(ns)  TPWS Failing Endpoints  TPWS Total Endpoints  
    -------      -------  ---------------------  -------------------      -------      -------  ---------------------  -------------------     --------     --------  ----------------------  --------------------  
      0.034        0.000                      0                 8315        0.130        0.000                      0                 8315        5.600        0.000                       0                  3662  


All user specified timing constraints are met.


------------------------------------------------------------------------------------------------
| Clock Summary
| -------------
------------------------------------------------------------------------------------------------

Clock  Waveform(ns)       Period(ns)      Frequency(MHz)
-----  ------------       ----------      --------------
ACLK   {0.000 6.580}      13.160          75.988          


------------------------------------------------------------------------------------------------
| Intra Clock Table
| -----------------
------------------------------------------------------------------------------------------------

Clock             WNS(ns)      TNS(ns)  TNS Failing Endpoints  TNS Total Endpoints      WHS(ns)      THS(ns)  THS Failing Endpoints  THS Total Endpoints     WPWS(ns)     TPWS(ns)  TPWS Failing Endpoints  TPWS Total Endpoints  
-----             -------      -------  ---------------------  -------------------      -------      -------  ---------------------  -------------------     --------     --------  ----------------------  --------------------  
ACLK                0.034        0.000                      0                 8315        0.130        0.000                      0                 8315        5.600        0.000                       0                  3662  


------------------------------------------------------------------------------------------------
| Inter Clock Table
| -----------------
------------------------------------------------------------------------------------------------

From Clock    To Clock          WNS(ns)      TNS(ns)  TNS Failing Endpoints  TNS Total Endpoints      WHS(ns)      THS(ns)  THS Failing Endpoints  THS Total Endpoints  
----------    --------          -------      -------  ---------------------  -------------------      -------      -------  ---------------------  -------------------  


------------------------------------------------------------------------------------------------
| Other Path Groups Table
| -----------------------
------------------------------------------------------------------------------------------------

Path Group    From Clock    To Clock          WNS(ns)      TNS(ns)  TNS Failing Endpoints  TNS Total Endpoints      WHS(ns)      THS(ns)  THS Failing Endpoints  THS Total Endpoints  
----------    ----------    --------          -------      -------  ---------------------  -------------------      -------      -------  ---------------------  -------------------  


------------------------------------------------------------------------------------------------
| Timing Details
| --------------
------------------------------------------------------------------------------------------------


---------------------------------------------------------------------------------------------------
From Clock:  ACLK
  To Clock:  ACLK

Setup :            0  Failing Endpoints,  Worst Slack        0.034ns,  Total Violation        0.000ns
Hold  :            0  Failing Endpoints,  Worst Slack        0.130ns,  Total Violation        0.000ns
PW    :            0  Failing Endpoints,  Worst Slack        5.600ns,  Total Violation        0.000ns
---------------------------------------------------------------------------------------------------


Max Delay Paths
--------------------------------------------------------------------------------------
Slack (MET) :             0.034ns  (required time - arrival time)
  Source:                 u_input_buf/gen_word_write.mem_reg_2/CLKBWRCLK
                            (rising edge-triggered cell RAMB36E1 clocked by ACLK  {rise@0.000ns fall@6.580ns period=13.160ns})
  Destination:            u_conv_mac/g_lane[4].lane_out_reg[29]/D
                            (rising edge-triggered cell FDRE clocked by ACLK  {rise@0.000ns fall@6.580ns period=13.160ns})
  Path Group:             ACLK
  Path Type:              Setup (Max at Slow Process Corner)
  Requirement:            13.160ns  (ACLK rise@13.160ns - ACLK rise@0.000ns)
  Data Path Delay:        13.104ns  (logic 6.348ns (48.443%)  route 6.756ns (51.557%))
  Logic Levels:           15  (CARRY4=9 LUT3=2 LUT4=1 LUT6=3)
  Clock Path Skew:        -0.049ns (DCD - SCD + CPR)
    Destination Clock Delay (DCD):    0.924ns = ( 14.084 - 13.160 ) 
    Source Clock Delay      (SCD):    0.973ns
    Clock Pessimism Removal (CPR):    0.000ns
  Clock Uncertainty:      0.035ns  ((TSJ^2 + TIJ^2)^1/2 + DJ) / 2 + PE
    Total System Jitter     (TSJ):    0.071ns
    Total Input Jitter      (TIJ):    0.000ns
    Discrete Jitter          (DJ):    0.000ns
    Phase Error              (PE):    0.000ns

    Location             Delay type                Incr(ns)  Path(ns)    Netlist Resource(s)
  -------------------------------------------------------------------    -------------------
                         (clock ACLK rise edge)       0.000     0.000 r  
                                                      0.000     0.000 r  clk (IN)
                         net (fo=3669, unset)         0.973     0.973    u_input_buf/clk
    RAMB36_X2Y8          RAMB36E1                                     r  u_input_buf/gen_word_write.mem_reg_2/CLKBWRCLK
  -------------------------------------------------------------------    -------------------
    RAMB36_X2Y8          RAMB36E1 (Prop_ramb36e1_CLKBWRCLK_DOBDO[12])
                                                      2.454     3.427 r  u_input_buf/gen_word_write.mem_reg_2/DOBDO[12]
                         net (fo=1, estimated)        1.343     4.770    u_input_buf/gen_word_write.read_word_reg[48]
    SLICE_X34Y48         LUT6 (Prop_lut6_I1_O)        0.124     4.894 r  u_input_buf/g_lane[0].prod__0_carry_i_20/O
                         net (fo=4, estimated)        0.738     5.632    u_input_buf/g_lane[0].prod__0_carry_i_20_n_0
    SLICE_X35Y51         LUT6 (Prop_lut6_I3_O)        0.124     5.756 r  u_input_buf/g_lane[0].prod__0_carry_i_11/O
                         net (fo=78, estimated)       2.328     8.084    u_input_buf/g_lane[0].prod__0_carry_i_11_n_0
    SLICE_X57Y77         LUT6 (Prop_lut6_I0_O)        0.124     8.208 r  u_input_buf/g_lane[4].prod__30_carry_i_5/O
                         net (fo=1, routed)           0.000     8.208    u_conv_mac/g_lane[4].prod__86_carry_i_7_1[2]
    SLICE_X57Y77         CARRY4 (Prop_carry4_S[2]_CO[3])
                                                      0.398     8.606 r  u_conv_mac/g_lane[4].prod__30_carry/CO[3]
                         net (fo=1, estimated)        0.000     8.606    u_conv_mac/g_lane[4].prod__30_carry_n_0
    SLICE_X57Y78         CARRY4 (Prop_carry4_CI_O[1])
                                                      0.334     8.940 r  u_conv_mac/g_lane[4].prod__30_carry__0/O[1]
                         net (fo=2, estimated)        0.796     9.736    u_conv_mac/g_lane[4].prod__30_carry__0_n_6
    SLICE_X56Y80         LUT3 (Prop_lut3_I1_O)        0.331    10.067 r  u_conv_mac/g_lane[4].prod__86_carry__0_i_2/O
                         net (fo=2, estimated)        0.874    10.941    u_conv_mac/g_lane[4].prod__86_carry__0_i_2_n_0
    SLICE_X56Y80         LUT4 (Prop_lut4_I3_O)        0.332    11.273 r  u_conv_mac/g_lane[4].prod__86_carry__0_i_6/O
                         net (fo=1, routed)           0.000    11.273    u_conv_mac/g_lane[4].prod__86_carry__0_i_6_n_0
    SLICE_X56Y80         CARRY4 (Prop_carry4_S[2]_CO[3])
                                                      0.398    11.671 r  u_conv_mac/g_lane[4].prod__86_carry__0/CO[3]
                         net (fo=1, estimated)        0.000    11.671    u_conv_mac/g_lane[4].prod__86_carry__0_n_0
    SLICE_X56Y81         CARRY4 (Prop_carry4_CI_CO[3])
                                                      0.114    11.785 r  u_conv_mac/g_lane[4].prod__86_carry__1/CO[3]
                         net (fo=1, estimated)        0.000    11.785    u_conv_mac/g_lane[4].prod__86_carry__1_n_0
    SLICE_X56Y82         CARRY4 (Prop_carry4_CI_O[0])
                                                      0.222    12.007 r  u_conv_mac/g_lane[4].prod__86_carry__2/O[0]
                         net (fo=37, estimated)       0.677    12.684    u_conv_mac/g_lane[4].prod[15]
    SLICE_X55Y82         LUT3 (Prop_lut3_I0_O)        0.299    12.983 r  u_conv_mac/g_lane[4].sum_carry__3_i_8/O
                         net (fo=1, routed)           0.000    12.983    u_conv_mac/g_lane[4].sum_carry__3_i_8_n_0
    SLICE_X55Y82         CARRY4 (Prop_carry4_S[0]_CO[3])
                                                      0.532    13.515 r  u_conv_mac/g_lane[4].sum_carry__3/CO[3]
                         net (fo=1, estimated)        0.000    13.515    u_conv_mac/g_lane[4].sum_carry__3_n_0
    SLICE_X55Y83         CARRY4 (Prop_carry4_CI_CO[3])
                                                      0.114    13.629 r  u_conv_mac/g_lane[4].sum_carry__4/CO[3]
                         net (fo=1, estimated)        0.000    13.629    u_conv_mac/g_lane[4].sum_carry__4_n_0
    SLICE_X55Y84         CARRY4 (Prop_carry4_CI_CO[3])
                                                      0.114    13.743 r  u_conv_mac/g_lane[4].sum_carry__5/CO[3]
                         net (fo=1, estimated)        0.000    13.743    u_conv_mac/g_lane[4].sum_carry__5_n_0
    SLICE_X55Y85         CARRY4 (Prop_carry4_CI_O[1])
                                                      0.334    14.077 r  u_conv_mac/g_lane[4].sum_carry__6/O[1]
                         net (fo=1, routed)           0.000    14.077    u_conv_mac/g_lane[4].sum[29]
    SLICE_X55Y85         FDRE                                         r  u_conv_mac/g_lane[4].lane_out_reg[29]/D
  -------------------------------------------------------------------    -------------------

                         (clock ACLK rise edge)      13.160    13.160 r  
                                                      0.000    13.160 r  clk (IN)
                         net (fo=3669, unset)         0.924    14.084    u_conv_mac/clk
    SLICE_X55Y85         FDRE                                         r  u_conv_mac/g_lane[4].lane_out_reg[29]/C
                         clock pessimism              0.000    14.084    
                         clock uncertainty           -0.035    14.049    
    SLICE_X55Y85         FDRE (Setup_fdre_C_D)        0.062    14.111    u_conv_mac/g_lane[4].lane_out_reg[29]
  -------------------------------------------------------------------
                         required time                         14.111    
                         arrival time                         -14.077    
  -------------------------------------------------------------------
                         slack                                  0.034    

Slack (MET) :             0.045ns  (required time - arrival time)
  Source:                 u_input_buf/gen_word_write.mem_reg_1/CLKBWRCLK
                            (rising edge-triggered cell RAMB36E1 clocked by ACLK  {rise@0.000ns fall@6.580ns period=13.160ns})
  Destination:            u_conv_mac/g_lane[14].lane_out_reg[29]/D
                            (rising edge-triggered cell FDRE clocked by ACLK  {rise@0.000ns fall@6.580ns period=13.160ns})
  Path Group:             ACLK
  Path Type:              Setup (Max at Slow Process Corner)
  Requirement:            13.160ns  (ACLK rise@13.160ns - ACLK rise@0.000ns)
  Data Path Delay:        13.093ns  (logic 6.355ns (48.537%)  route 6.738ns (51.463%))
  Logic Levels:           15  (CARRY4=9 LUT3=2 LUT4=1 LUT6=3)
  Clock Path Skew:        -0.049ns (DCD - SCD + CPR)
    Destination Clock Delay (DCD):    0.924ns = ( 14.084 - 13.160 ) 
    Source Clock Delay      (SCD):    0.973ns
    Clock Pessimism Removal (CPR):    0.000ns
  Clock Uncertainty:      0.035ns  ((TSJ^2 + TIJ^2)^1/2 + DJ) / 2 + PE
    Total System Jitter     (TSJ):    0.071ns
    Total Input Jitter      (TIJ):    0.000ns
    Discrete Jitter          (DJ):    0.000ns
    Phase Error              (PE):    0.000ns

    Location             Delay type                Incr(ns)  Path(ns)    Netlist Resource(s)
  -------------------------------------------------------------------    -------------------
                         (clock ACLK rise edge)       0.000     0.000 r  
                                                      0.000     0.000 r  clk (IN)
                         net (fo=3669, unset)         0.973     0.973    u_input_buf/clk
    RAMB36_X2Y9          RAMB36E1                                     r  u_input_buf/gen_word_write.mem_reg_1/CLKBWRCLK
  -------------------------------------------------------------------    -------------------
    RAMB36_X2Y9          RAMB36E1 (Prop_ramb36e1_CLKBWRCLK_DOBDO[6])
                                                      2.454     3.427 r  u_input_buf/gen_word_write.mem_reg_1/DOBDO[6]
                         net (fo=1, estimated)        1.233     4.660    u_input_buf/gen_word_write.read_word_reg[24]
    SLICE_X33Y50         LUT6 (Prop_lut6_I0_O)        0.124     4.784 r  u_input_buf/g_lane[0].prod__0_carry_i_19/O
                         net (fo=4, estimated)        1.180     5.964    u_input_buf/g_lane[0].prod__0_carry_i_19_n_0
    SLICE_X41Y54         LUT6 (Prop_lut6_I1_O)        0.124     6.088 r  u_input_buf/g_lane[6].prod__0_carry_i_8_replica/O
                         net (fo=17, estimated)       1.876     7.964    u_input_buf/u_conv_mac/act[0]_repN
    SLICE_X67Y73         LUT6 (Prop_lut6_I0_O)        0.124     8.088 r  u_input_buf/g_lane[14].prod__30_carry_i_5/O
                         net (fo=1, routed)           0.000     8.088    u_conv_mac/g_lane[14].prod__86_carry_i_7_1[2]
    SLICE_X67Y73         CARRY4 (Prop_carry4_S[2]_CO[3])
                                                      0.398     8.486 r  u_conv_mac/g_lane[14].prod__30_carry/CO[3]
                         net (fo=1, estimated)        0.000     8.486    u_conv_mac/g_lane[14].prod__30_carry_n_0
    SLICE_X67Y74         CARRY4 (Prop_carry4_CI_O[0])
                                                      0.222     8.708 r  u_conv_mac/g_lane[14].prod__30_carry__0/O[0]
                         net (fo=2, estimated)        1.333    10.041    u_conv_mac/g_lane[14].prod__30_carry__0_n_7
    SLICE_X82Y75         LUT3 (Prop_lut3_I1_O)        0.323    10.364 r  u_conv_mac/g_lane[14].prod__86_carry__0_i_3/O
                         net (fo=2, estimated)        0.452    10.816    u_conv_mac/g_lane[14].prod__86_carry__0_i_3_n_0
    SLICE_X82Y75         LUT4 (Prop_lut4_I3_O)        0.328    11.144 r  u_conv_mac/g_lane[14].prod__86_carry__0_i_7/O
                         net (fo=1, routed)           0.000    11.144    u_conv_mac/g_lane[14].prod__86_carry__0_i_7_n_0
    SLICE_X82Y75         CARRY4 (Prop_carry4_S[1]_CO[3])
                                                      0.533    11.677 r  u_conv_mac/g_lane[14].prod__86_carry__0/CO[3]
                         net (fo=1, estimated)        0.000    11.677    u_conv_mac/g_lane[14].prod__86_carry__0_n_0
    SLICE_X82Y76         CARRY4 (Prop_carry4_CI_CO[3])
                                                      0.117    11.794 r  u_conv_mac/g_lane[14].prod__86_carry__1/CO[3]
                         net (fo=1, estimated)        0.000    11.794    u_conv_mac/g_lane[14].prod__86_carry__1_n_0
    SLICE_X82Y77         CARRY4 (Prop_carry4_CI_O[0])
                                                      0.219    12.013 r  u_conv_mac/g_lane[14].prod__86_carry__2/O[0]
                         net (fo=37, estimated)       0.664    12.677    u_conv_mac/g_lane[14].prod[15]
    SLICE_X80Y76         LUT3 (Prop_lut3_I0_O)        0.295    12.972 r  u_conv_mac/g_lane[14].sum_carry__3_i_8/O
                         net (fo=1, routed)           0.000    12.972    u_conv_mac/g_lane[14].sum_carry__3_i_8_n_0
    SLICE_X80Y76         CARRY4 (Prop_carry4_S[0]_CO[3])
                                                      0.532    13.504 r  u_conv_mac/g_lane[14].sum_carry__3/CO[3]
                         net (fo=1, estimated)        0.000    13.504    u_conv_mac/g_lane[14].sum_carry__3_n_0
    SLICE_X80Y77         CARRY4 (Prop_carry4_CI_CO[3])
                                                      0.114    13.618 r  u_conv_mac/g_lane[14].sum_carry__4/CO[3]
                         net (fo=1, estimated)        0.000    13.618    u_conv_mac/g_lane[14].sum_carry__4_n_0
    SLICE_X80Y78         CARRY4 (Prop_carry4_CI_CO[3])
                                                      0.114    13.732 r  u_conv_mac/g_lane[14].sum_carry__5/CO[3]
                         net (fo=1, estimated)        0.000    13.732    u_conv_mac/g_lane[14].sum_carry__5_n_0
    SLICE_X80Y79         CARRY4 (Prop_carry4_CI_O[1])
                                                      0.334    14.066 r  u_conv_mac/g_lane[14].sum_carry__6/O[1]
                         net (fo=1, routed)           0.000    14.066    u_conv_mac/g_lane[14].sum[29]
    SLICE_X80Y79         FDRE                                         r  u_conv_mac/g_lane[14].lane_out_reg[29]/D
  -------------------------------------------------------------------    -------------------

                         (clock ACLK rise edge)      13.160    13.160 r  
                                                      0.000    13.160 r  clk (IN)
                         net (fo=3669, unset)         0.924    14.084    u_conv_mac/clk
    SLICE_X80Y79         FDRE                                         r  u_conv_mac/g_lane[14].lane_out_reg[29]/C
                         clock pessimism              0.000    14.084    
                         clock uncertainty           -0.035    14.049    
    SLICE_X80Y79         FDRE (Setup_fdre_C_D)        0.062    14.111    u_conv_mac/g_lane[14].lane_out_reg[29]
  -------------------------------------------------------------------
                         required time                         14.111    
                         arrival time                         -14.066    
  -------------------------------------------------------------------
                         slack                                  0.045    

Slack (MET) :             0.051ns  (required time - arrival time)
  Source:                 pool_shift[5]
                            (input port clocked by ACLK  {rise@0.000ns fall@6.580ns period=13.160ns})
  Destination:            u_pool/p_r3_reg[7]/S
                            (rising edge-triggered cell FDSE clocked by ACLK  {rise@0.000ns fall@6.580ns period=13.160ns})
  Path Group:             ACLK
  Path Type:              Setup (Max at Slow Process Corner)
  Requirement:            13.160ns  (ACLK rise@13.160ns - ACLK rise@0.000ns)
  Data Path Delay:        11.474ns  (logic 5.011ns (43.673%)  route 6.463ns (56.327%))
  Logic Levels:           30  (CARRY4=22 LUT2=1 LUT3=1 LUT5=2 LUT6=4)
  Input Delay:            2.000ns
  Clock Path Skew:        0.924ns (DCD - SCD + CPR)
    Destination Clock Delay (DCD):    0.924ns = ( 14.084 - 13.160 ) 
    Source Clock Delay      (SCD):    0.000ns
    Clock Pessimism Removal (CPR):    0.000ns
  Clock Uncertainty:      0.035ns  ((TSJ^2 + TIJ^2)^1/2 + DJ) / 2 + PE
    Total System Jitter     (TSJ):    0.071ns
    Total Input Jitter      (TIJ):    0.000ns
    Discrete Jitter          (DJ):    0.000ns
    Phase Error              (PE):    0.000ns

    Location             Delay type                Incr(ns)  Path(ns)    Netlist Resource(s)
  -------------------------------------------------------------------    -------------------
                         (clock ACLK rise edge)       0.000     0.000 r  
                         input delay                  2.000     2.000    
                                                      0.000     2.000 r  pool_shift[5] (IN)
                         net (fo=212, unset)          0.973     2.973    pool_shift[5]
    SLICE_X43Y80         LUT6 (Prop_lut6_I5_O)        0.124     3.097 r  p_r3[1]_i_229/O
                         net (fo=14, estimated)       0.480     3.577    u_pool/p_r3_reg[1]_i_69_0
    SLICE_X42Y81         LUT5 (Prop_lut5_I3_O)        0.124     3.701 r  u_pool/p_r3[1]_i_156/O
                         net (fo=1, routed)           0.000     3.701    u_pool/p_r3[1]_i_156_n_0
    SLICE_X42Y81         CARRY4 (Prop_carry4_S[1]_CO[3])
                                                      0.533     4.234 r  u_pool/p_r3_reg[1]_i_61/CO[3]
                         net (fo=1, estimated)        0.000     4.234    u_pool/p_r3_reg[1]_i_61_n_0
    SLICE_X42Y82         CARRY4 (Prop_carry4_CI_CO[3])
                                                      0.117     4.351 r  u_pool/p_r3_reg[1]_i_60/CO[3]
                         net (fo=1, estimated)        0.000     4.351    u_pool/p_r3_reg[1]_i_60_n_0
    SLICE_X42Y83         CARRY4 (Prop_carry4_CI_CO[3])
                                                      0.117     4.468 r  u_pool/p_r3_reg[1]_i_53/CO[3]
                         net (fo=1, estimated)        0.000     4.468    u_pool/p_r3_reg[1]_i_53_n_0
    SLICE_X42Y84         CARRY4 (Prop_carry4_CI_CO[3])
                                                      0.117     4.585 r  u_pool/p_r3_reg[1]_i_56/CO[3]
                         net (fo=1, estimated)        0.000     4.585    u_pool/p_r3_reg[1]_i_56_n_0
    SLICE_X42Y85         CARRY4 (Prop_carry4_CI_CO[3])
                                                      0.117     4.702 r  u_pool/p_r3_reg[1]_i_49/CO[3]
                         net (fo=1, estimated)        0.000     4.702    u_pool/p_r3_reg[1]_i_49_n_0
    SLICE_X42Y86         CARRY4 (Prop_carry4_CI_CO[3])
                                                      0.117     4.819 r  u_pool/p_r3_reg[1]_i_58/CO[3]
                         net (fo=1, estimated)        0.000     4.819    u_pool/p_r3_reg[1]_i_58_n_0
    SLICE_X42Y87         CARRY4 (Prop_carry4_CI_CO[3])
                                                      0.117     4.936 r  u_pool/p_r3_reg[1]_i_51/CO[3]
                         net (fo=1, estimated)        0.000     4.936    u_pool/p_r3_reg[1]_i_51_n_0
    SLICE_X42Y88         CARRY4 (Prop_carry4_CI_CO[3])
                                                      0.117     5.053 r  u_pool/p_r3_reg[1]_i_54/CO[3]
                         net (fo=1, estimated)        0.000     5.053    u_pool/p_r3_reg[1]_i_54_n_0
    SLICE_X42Y89         CARRY4 (Prop_carry4_CI_CO[3])
                                                      0.117     5.170 r  u_pool/p_r3_reg[1]_i_47/CO[3]
                         net (fo=1, estimated)        0.000     5.170    u_pool/p_r3_reg[1]_i_47_n_0
    SLICE_X42Y90         CARRY4 (Prop_carry4_CI_CO[3])
                                                      0.117     5.287 r  u_pool/p_r3_reg[1]_i_59/CO[3]
                         net (fo=1, estimated)        0.000     5.287    u_pool/p_r3_reg[1]_i_59_n_0
    SLICE_X42Y91         CARRY4 (Prop_carry4_CI_CO[3])
                                                      0.117     5.404 r  u_pool/p_r3_reg[1]_i_52/CO[3]
                         net (fo=1, estimated)        0.000     5.404    u_pool/p_r3_reg[1]_i_52_n_0
    SLICE_X42Y92         CARRY4 (Prop_carry4_CI_CO[3])
                                                      0.117     5.521 r  u_pool/p_r3_reg[1]_i_55/CO[3]
                         net (fo=1, estimated)        0.000     5.521    u_pool/p_r3_reg[1]_i_55_n_0
    SLICE_X42Y93         CARRY4 (Prop_carry4_CI_CO[3])
                                                      0.117     5.638 r  u_pool/p_r3_reg[1]_i_48/CO[3]
                         net (fo=1, estimated)        0.000     5.638    u_pool/p_r3_reg[1]_i_48_n_0
    SLICE_X42Y94         CARRY4 (Prop_carry4_CI_CO[3])
                                                      0.117     5.755 r  u_pool/p_r3_reg[1]_i_57/CO[3]
                         net (fo=1, estimated)        0.000     5.755    u_pool/p_r3_reg[1]_i_57_n_0
    SLICE_X42Y95         CARRY4 (Prop_carry4_CI_CO[3])
                                                      0.117     5.872 r  u_pool/p_r3_reg[1]_i_50/CO[3]
                         net (fo=1, estimated)        0.000     5.872    u_pool/p_r3_reg[1]_i_50_n_0
    SLICE_X42Y96         CARRY4 (Prop_carry4_CI_O[3])
                                                      0.315     6.187 f  u_pool/p_r3_reg[1]_i_46/O[3]
                         net (fo=65, estimated)       1.008     7.195    u_pool/p_r3_reg[1]_i_46_n_4
    SLICE_X41Y88         LUT6 (Prop_lut6_I0_O)        0.307     7.502 f  u_pool/p_r3[14]_i_119/O
                         net (fo=4, estimated)        0.967     8.469    u_pool/p_r3[14]_i_119_n_0
    SLICE_X39Y89         LUT6 (Prop_lut6_I1_O)        0.124     8.593 f  u_pool/p_r3[14]_i_706/O
                         net (fo=2, estimated)        0.446     9.039    u_pool/p_r3[14]_i_706_n_0
    SLICE_X39Y89         LUT3 (Prop_lut3_I0_O)        0.124     9.163 f  u_pool/p_r3[14]_i_641/O
                         net (fo=2, estimated)        0.998    10.161    u_pool/p_r3[14]_i_641_n_0
    SLICE_X35Y90         LUT6 (Prop_lut6_I0_O)        0.124    10.285 f  u_pool/p_r3[14]_i_532/O
                         net (fo=4, estimated)        0.745    11.030    u_pool/p_r3[14]_i_532_n_0
    SLICE_X33Y90         LUT5 (Prop_lut5_I1_O)        0.124    11.154 r  u_pool/p_r3[14]_i_411/O
                         net (fo=1, routed)           0.000    11.154    u_pool/p_r3[14]_i_411_n_0
    SLICE_X33Y90         CARRY4 (Prop_carry4_S[0]_CO[3])
                                                      0.532    11.686 r  u_pool/p_r3_reg[14]_i_273/CO[3]
                         net (fo=1, estimated)        0.000    11.686    u_pool/p_r3_reg[14]_i_273_n_0
    SLICE_X33Y91         CARRY4 (Prop_carry4_CI_CO[3])
                                                      0.114    11.800 r  u_pool/p_r3_reg[14]_i_170/CO[3]
                         net (fo=1, estimated)        0.000    11.800    u_pool/p_r3_reg[14]_i_170_n_0
    SLICE_X33Y92         CARRY4 (Prop_carry4_CI_CO[3])
                                                      0.114    11.914 r  u_pool/p_r3_reg[14]_i_89/CO[3]
                         net (fo=1, estimated)        0.000    11.914    u_pool/p_r3_reg[14]_i_89_n_0
    SLICE_X33Y93         CARRY4 (Prop_carry4_CI_CO[3])
                                                      0.114    12.028 r  u_pool/p_r3_reg[14]_i_35/CO[3]
                         net (fo=1, estimated)        0.000    12.028    u_pool/p_r3_reg[14]_i_35_n_0
    SLICE_X33Y94         CARRY4 (Prop_carry4_CI_CO[3])
                                                      0.114    12.142 r  u_pool/p_r3_reg[14]_i_8/CO[3]
                         net (fo=1, estimated)        0.000    12.142    u_pool/p_r3_reg[14]_i_8_n_0
    SLICE_X33Y95         CARRY4 (Prop_carry4_CI_CO[1])
                                                      0.157    12.299 r  u_pool/p_r3_reg[14]_i_3/CO[1]
                         net (fo=2, estimated)        0.453    12.752    u_pool/p_sat1
    SLICE_X35Y96         LUT2 (Prop_lut2_I1_O)        0.329    13.081 r  u_pool/p_r3[14]_i_1/O
                         net (fo=14, estimated)       0.393    13.474    u_pool/p_r3[14]_i_1_n_0
    SLICE_X32Y96         FDSE                                         r  u_pool/p_r3_reg[7]/S
  -------------------------------------------------------------------    -------------------

                         (clock ACLK rise edge)      13.160    13.160 r  
                                                      0.000    13.160 r  clk (IN)
                         net (fo=3669, unset)         0.924    14.084    u_pool/clk
    SLICE_X32Y96         FDSE                                         r  u_pool/p_r3_reg[7]/C
                         clock pessimism              0.000    14.084    
                         clock uncertainty           -0.035    14.049    
    SLICE_X32Y96         FDSE (Setup_fdse_C_S)       -0.524    13.525    u_pool/p_r3_reg[7]
  -------------------------------------------------------------------
                         required time                         13.525    
                         arrival time                         -13.474    
  -------------------------------------------------------------------
                         slack                                  0.051    





Min Delay Paths
--------------------------------------------------------------------------------------
Slack (MET) :             0.130ns  (arrival time - required time)
  Source:                 u_conv_mac/s1_w_reg[1]/C
                            (rising edge-triggered cell FDRE clocked by ACLK  {rise@0.000ns fall@6.580ns period=13.160ns})
  Destination:            u_conv_mac/s2_w_reg[1]/D
                            (rising edge-triggered cell FDRE clocked by ACLK  {rise@0.000ns fall@6.580ns period=13.160ns})
  Path Group:             ACLK
  Path Type:              Hold (Min at Fast Process Corner)
  Requirement:            0.000ns  (ACLK rise@0.000ns - ACLK rise@0.000ns)
  Data Path Delay:        0.222ns  (logic 0.141ns (63.413%)  route 0.081ns (36.587%))
  Logic Levels:           0  
  Clock Path Skew:        0.022ns (DCD - SCD - CPR)
    Destination Clock Delay (DCD):    0.432ns
    Source Clock Delay      (SCD):    0.410ns
    Clock Pessimism Removal (CPR):    -0.000ns

    Location             Delay type                Incr(ns)  Path(ns)    Netlist Resource(s)
  -------------------------------------------------------------------    -------------------
                         (clock ACLK rise edge)       0.000     0.000 r  
                                                      0.000     0.000 r  clk (IN)
                         net (fo=3669, unset)         0.410     0.410    u_conv_mac/clk
    SLICE_X64Y48         FDRE                                         r  u_conv_mac/s1_w_reg[1]/C
  -------------------------------------------------------------------    -------------------
    SLICE_X64Y48         FDRE (Prop_fdre_C_Q)         0.141     0.551 r  u_conv_mac/s1_w_reg[1]/Q
                         net (fo=1, estimated)        0.081     0.632    u_conv_mac/s1_w[1]
    SLICE_X64Y48         FDRE                                         r  u_conv_mac/s2_w_reg[1]/D
  -------------------------------------------------------------------    -------------------

                         (clock ACLK rise edge)       0.000     0.000 r  
                                                      0.000     0.000 r  clk (IN)
                         net (fo=3669, unset)         0.432     0.432    u_conv_mac/clk
    SLICE_X64Y48         FDRE                                         r  u_conv_mac/s2_w_reg[1]/C
                         clock pessimism              0.000     0.432    
    SLICE_X64Y48         FDRE (Hold_fdre_C_D)         0.071     0.503    u_conv_mac/s2_w_reg[1]
  -------------------------------------------------------------------
                         required time                         -0.503    
                         arrival time                           0.632    
  -------------------------------------------------------------------
                         slack                                  0.130    

Slack (MET) :             0.141ns  (arrival time - required time)
  Source:                 u_conv_mac/acc_tag_r_reg[15]/C
                            (rising edge-triggered cell FDRE clocked by ACLK  {rise@0.000ns fall@6.580ns period=13.160ns})
  Destination:            u_enc_rq/rq_tag_reg[15]_srl4/D
                            (rising edge-triggered cell SRL16E clocked by ACLK  {rise@0.000ns fall@6.580ns period=13.160ns})
  Path Group:             ACLK
  Path Type:              Hold (Min at Fast Process Corner)
  Requirement:            0.000ns  (ACLK rise@0.000ns - ACLK rise@0.000ns)
  Data Path Delay:        0.346ns  (logic 0.141ns (40.768%)  route 0.205ns (59.232%))
  Logic Levels:           0  
  Clock Path Skew:        0.022ns (DCD - SCD - CPR)
    Destination Clock Delay (DCD):    0.432ns
    Source Clock Delay      (SCD):    0.410ns
    Clock Pessimism Removal (CPR):    -0.000ns

    Location             Delay type                Incr(ns)  Path(ns)    Netlist Resource(s)
  -------------------------------------------------------------------    -------------------
                         (clock ACLK rise edge)       0.000     0.000 r  
                                                      0.000     0.000 r  clk (IN)
                         net (fo=3669, unset)         0.410     0.410    u_conv_mac/clk
    SLICE_X67Y48         FDRE                                         r  u_conv_mac/acc_tag_r_reg[15]/C
  -------------------------------------------------------------------    -------------------
    SLICE_X67Y48         FDRE (Prop_fdre_C_Q)         0.141     0.551 r  u_conv_mac/acc_tag_r_reg[15]/Q
                         net (fo=3, estimated)        0.205     0.756    u_enc_rq/rq_tag_r0_reg[18][15]
    SLICE_X62Y48         SRL16E                                       r  u_enc_rq/rq_tag_reg[15]_srl4/D
  -------------------------------------------------------------------    -------------------

                         (clock ACLK rise edge)       0.000     0.000 r  
                                                      0.000     0.000 r  clk (IN)
                         net (fo=3669, unset)         0.432     0.432    u_enc_rq/clk
    SLICE_X62Y48         SRL16E                                       r  u_enc_rq/rq_tag_reg[15]_srl4/CLK
                         clock pessimism              0.000     0.432    
    SLICE_X62Y48         SRL16E (Hold_srl16e_CLK_D)
                                                      0.183     0.615    u_enc_rq/rq_tag_reg[15]_srl4
  -------------------------------------------------------------------
                         required time                         -0.615    
                         arrival time                           0.756    
  -------------------------------------------------------------------
                         slack                                  0.141    

Slack (MET) :             0.142ns  (arrival time - required time)
  Source:                 u_conv_mac/acc_tag_r_reg[4]/C
                            (rising edge-triggered cell FDRE clocked by ACLK  {rise@0.000ns fall@6.580ns period=13.160ns})
  Destination:            u_enc_rq/rq_tag_reg[4]_srl4/D
                            (rising edge-triggered cell SRL16E clocked by ACLK  {rise@0.000ns fall@6.580ns period=13.160ns})
  Path Group:             ACLK
  Path Type:              Hold (Min at Fast Process Corner)
  Requirement:            0.000ns  (ACLK rise@0.000ns - ACLK rise@0.000ns)
  Data Path Delay:        0.281ns  (logic 0.141ns (50.263%)  route 0.140ns (49.737%))
  Logic Levels:           0  
  Clock Path Skew:        0.022ns (DCD - SCD - CPR)
    Destination Clock Delay (DCD):    0.432ns
    Source Clock Delay      (SCD):    0.410ns
    Clock Pessimism Removal (CPR):    -0.000ns

    Location             Delay type                Incr(ns)  Path(ns)    Netlist Resource(s)
  -------------------------------------------------------------------    -------------------
                         (clock ACLK rise edge)       0.000     0.000 r  
                                                      0.000     0.000 r  clk (IN)
                         net (fo=3669, unset)         0.410     0.410    u_conv_mac/clk
    SLICE_X63Y46         FDRE                                         r  u_conv_mac/acc_tag_r_reg[4]/C
  -------------------------------------------------------------------    -------------------
    SLICE_X63Y46         FDRE (Prop_fdre_C_Q)         0.141     0.551 r  u_conv_mac/acc_tag_r_reg[4]/Q
                         net (fo=1, estimated)        0.140     0.691    u_enc_rq/rq_tag_r0_reg[18][4]
    SLICE_X62Y47         SRL16E                                       r  u_enc_rq/rq_tag_reg[4]_srl4/D
  -------------------------------------------------------------------    -------------------

                         (clock ACLK rise edge)       0.000     0.000 r  
                                                      0.000     0.000 r  clk (IN)
                         net (fo=3669, unset)         0.432     0.432    u_enc_rq/clk
    SLICE_X62Y47         SRL16E                                       r  u_enc_rq/rq_tag_reg[4]_srl4/CLK
                         clock pessimism              0.000     0.432    
    SLICE_X62Y47         SRL16E (Hold_srl16e_CLK_D)
                                                      0.117     0.549    u_enc_rq/rq_tag_reg[4]_srl4
  -------------------------------------------------------------------
                         required time                         -0.549    
                         arrival time                           0.691    
  -------------------------------------------------------------------
                         slack                                  0.142    





Pulse Width Checks
--------------------------------------------------------------------------------------
Clock Name:         ACLK
Waveform(ns):       { 0.000 6.580 }
Period(ns):         13.160
Sources:            { clk }

Check Type        Corner  Lib Pin             Reference Pin  Required(ns)  Actual(ns)  Slack(ns)  Location      Pin
Min Period        n/a     DSP48E1/CLK         n/a            3.884         13.160      9.276      DSP48_X2Y33   u_pool/prod_r2_reg/CLK
Min Period        n/a     RAMB36E1/CLKARDCLK  n/a            2.944         13.160      10.216     RAMB36_X1Y9   u_pool/res_mem_reg/CLKARDCLK
Min Period        n/a     RAMB36E1/CLKBWRCLK  n/a            2.944         13.160      10.216     RAMB36_X1Y9   u_pool/res_mem_reg/CLKBWRCLK
Low Pulse Width   Fast    SRL16E/CLK          n/a            0.980         6.580       5.600      SLICE_X22Y45  u_pool/v_r2_reg_srl2___u_enc_rq_valid_r1_reg_r/CLK
Low Pulse Width   Fast    SRL16E/CLK          n/a            0.980         6.580       5.600      SLICE_X22Y46  u_pool/idx_r3_reg[0]_srl3/CLK
Low Pulse Width   Fast    SRL16E/CLK          n/a            0.980         6.580       5.600      SLICE_X22Y46  u_pool/idx_r3_reg[1]_srl3/CLK
High Pulse Width  Slow    SRL16E/CLK          n/a            0.980         6.580       5.600      SLICE_X22Y45  u_pool/v_r2_reg_srl2___u_enc_rq_valid_r1_reg_r/CLK
High Pulse Width  Fast    SRL16E/CLK          n/a            0.980         6.580       5.600      SLICE_X22Y45  u_pool/v_r2_reg_srl2___u_enc_rq_valid_r1_reg_r/CLK
High Pulse Width  Slow    SRL16E/CLK          n/a            0.980         6.580       5.600      SLICE_X22Y46  u_pool/idx_r3_reg[0]_srl3/CLK



