Copyright 1986-2020 Xilinx, Inc. All Rights Reserved.
-----------------------------------------------------------------------------------------------------------------------------------------------------------------------------------------
| Tool Version : Vivado v.2020.2 (win64) Build 3064766 Wed Nov 18 09:12:45 MST 2020
| Date         : Sat Sep 26 20:07:45 2026
| Host         : DESKTOP-7CFQ9ND running 64-bit major release  (build 9200)
| Command      : report_timing -max_paths 3 -nworst 1 -input_pins -delay_type max -file D:/2609_final_project/cnn_rtl/docs/E-02a_runs/encoder_freq1_13.160_retry/post_phys_opt_paths.rpt
| Design       : CNN_Encoder
| Device       : 7z020-clg400
| Speed File   : -1  PRODUCTION 1.12 2019-11-22
-----------------------------------------------------------------------------------------------------------------------------------------------------------------------------------------

Timing Report

Slack (MET) :             0.034ns  (required time - arrival time)
  Source:                 u_input_buf/gen_word_write.mem_reg_2/CLKBWRCLK
                            (rising edge-triggered cell RAMB36E1 clocked by ACLK  {rise@0.000ns fall@6.580ns period=13.160ns})
  Destination:            u_conv_mac/g_lane[4].lane_out_reg[29]/D
                            (rising edge-triggered cell FDRE clocked by ACLK  {rise@0.000ns fall@6.580ns period=13.160ns})
  Path Group:             ACLK
  Path Type:              Setup (Max at Slow Process Corner)
  Requirement:            13.160ns  (ACLK rise@13.160ns - ACLK rise@0.000ns)
  Data Path Delay:        13.104ns  (logic 6.348ns (48.443%)  route 6.756ns (51.557%))
  Logic Levels:           15  (CARRY4=9 LUT3=2 LUT4=1 LUT6=3)
  Clock Path Skew:        -0.049ns (DCD - SCD + CPR)
    Destination Clock Delay (DCD):    0.924ns = ( 14.084 - 13.160 ) 
    Source Clock Delay      (SCD):    0.973ns
    Clock Pessimism Removal (CPR):    0.000ns
  Clock Uncertainty:      0.035ns  ((TSJ^2 + TIJ^2)^1/2 + DJ) / 2 + PE
    Total System Jitter     (TSJ):    0.071ns
    Total Input Jitter      (TIJ):    0.000ns
    Discrete Jitter          (DJ):    0.000ns
    Phase Error              (PE):    0.000ns

    Location             Delay type                Incr(ns)  Path(ns)    Netlist Resource(s)
  -------------------------------------------------------------------    -------------------
                         (clock ACLK rise edge)       0.000     0.000 r  
                                                      0.000     0.000 r  clk (IN)
                         net (fo=3669, unset)         0.973     0.973    u_input_buf/clk
    RAMB36_X2Y8          RAMB36E1                                     r  u_input_buf/gen_word_write.mem_reg_2/CLKBWRCLK
  -------------------------------------------------------------------    -------------------
    RAMB36_X2Y8          RAMB36E1 (Prop_ramb36e1_CLKBWRCLK_DOBDO[12])
                                                      2.454     3.427 r  u_input_buf/gen_word_write.mem_reg_2/DOBDO[12]
                         net (fo=1, estimated)        1.343     4.770    u_input_buf/gen_word_write.read_word_reg[48]
    SLICE_X34Y48                                                      r  u_input_buf/g_lane[0].prod__0_carry_i_20/I1
    SLICE_X34Y48         LUT6 (Prop_lut6_I1_O)        0.124     4.894 r  u_input_buf/g_lane[0].prod__0_carry_i_20/O
                         net (fo=4, estimated)        0.738     5.632    u_input_buf/g_lane[0].prod__0_carry_i_20_n_0
    SLICE_X35Y51                                                      r  u_input_buf/g_lane[0].prod__0_carry_i_11/I3
    SLICE_X35Y51         LUT6 (Prop_lut6_I3_O)        0.124     5.756 r  u_input_buf/g_lane[0].prod__0_carry_i_11/O
                         net (fo=78, estimated)       2.328     8.084    u_input_buf/g_lane[0].prod__0_carry_i_11_n_0
    SLICE_X57Y77                                                      r  u_input_buf/g_lane[4].prod__30_carry_i_5/I0
    SLICE_X57Y77         LUT6 (Prop_lut6_I0_O)        0.124     8.208 r  u_input_buf/g_lane[4].prod__30_carry_i_5/O
                         net (fo=1, routed)           0.000     8.208    u_conv_mac/g_lane[4].prod__86_carry_i_7_1[2]
    SLICE_X57Y77                                                      r  u_conv_mac/g_lane[4].prod__30_carry/S[2]
    SLICE_X57Y77         CARRY4 (Prop_carry4_S[2]_CO[3])
                                                      0.398     8.606 r  u_conv_mac/g_lane[4].prod__30_carry/CO[3]
                         net (fo=1, estimated)        0.000     8.606    u_conv_mac/g_lane[4].prod__30_carry_n_0
    SLICE_X57Y78                                                      r  u_conv_mac/g_lane[4].prod__30_carry__0/CI
    SLICE_X57Y78         CARRY4 (Prop_carry4_CI_O[1])
                                                      0.334     8.940 r  u_conv_mac/g_lane[4].prod__30_carry__0/O[1]
                         net (fo=2, estimated)        0.796     9.736    u_conv_mac/g_lane[4].prod__30_carry__0_n_6
    SLICE_X56Y80                                                      r  u_conv_mac/g_lane[4].prod__86_carry__0_i_2/I1
    SLICE_X56Y80         LUT3 (Prop_lut3_I1_O)        0.331    10.067 r  u_conv_mac/g_lane[4].prod__86_carry__0_i_2/O
                         net (fo=2, estimated)        0.874    10.941    u_conv_mac/g_lane[4].prod__86_carry__0_i_2_n_0
    SLICE_X56Y80                                                      r  u_conv_mac/g_lane[4].prod__86_carry__0_i_6/I3
    SLICE_X56Y80         LUT4 (Prop_lut4_I3_O)        0.332    11.273 r  u_conv_mac/g_lane[4].prod__86_carry__0_i_6/O
                         net (fo=1, routed)           0.000    11.273    u_conv_mac/g_lane[4].prod__86_carry__0_i_6_n_0
    SLICE_X56Y80                                                      r  u_conv_mac/g_lane[4].prod__86_carry__0/S[2]
    SLICE_X56Y80         CARRY4 (Prop_carry4_S[2]_CO[3])
                                                      0.398    11.671 r  u_conv_mac/g_lane[4].prod__86_carry__0/CO[3]
                         net (fo=1, estimated)        0.000    11.671    u_conv_mac/g_lane[4].prod__86_carry__0_n_0
    SLICE_X56Y81                                                      r  u_conv_mac/g_lane[4].prod__86_carry__1/CI
    SLICE_X56Y81         CARRY4 (Prop_carry4_CI_CO[3])
                                                      0.114    11.785 r  u_conv_mac/g_lane[4].prod__86_carry__1/CO[3]
                         net (fo=1, estimated)        0.000    11.785    u_conv_mac/g_lane[4].prod__86_carry__1_n_0
    SLICE_X56Y82                                                      r  u_conv_mac/g_lane[4].prod__86_carry__2/CI
    SLICE_X56Y82         CARRY4 (Prop_carry4_CI_O[0])
                                                      0.222    12.007 r  u_conv_mac/g_lane[4].prod__86_carry__2/O[0]
                         net (fo=37, estimated)       0.677    12.684    u_conv_mac/g_lane[4].prod[15]
    SLICE_X55Y82                                                      r  u_conv_mac/g_lane[4].sum_carry__3_i_8/I0
    SLICE_X55Y82         LUT3 (Prop_lut3_I0_O)        0.299    12.983 r  u_conv_mac/g_lane[4].sum_carry__3_i_8/O
                         net (fo=1, routed)           0.000    12.983    u_conv_mac/g_lane[4].sum_carry__3_i_8_n_0
    SLICE_X55Y82                                                      r  u_conv_mac/g_lane[4].sum_carry__3/S[0]
    SLICE_X55Y82         CARRY4 (Prop_carry4_S[0]_CO[3])
                                                      0.532    13.515 r  u_conv_mac/g_lane[4].sum_carry__3/CO[3]
                         net (fo=1, estimated)        0.000    13.515    u_conv_mac/g_lane[4].sum_carry__3_n_0
    SLICE_X55Y83                                                      r  u_conv_mac/g_lane[4].sum_carry__4/CI
    SLICE_X55Y83         CARRY4 (Prop_carry4_CI_CO[3])
                                                      0.114    13.629 r  u_conv_mac/g_lane[4].sum_carry__4/CO[3]
                         net (fo=1, estimated)        0.000    13.629    u_conv_mac/g_lane[4].sum_carry__4_n_0
    SLICE_X55Y84                                                      r  u_conv_mac/g_lane[4].sum_carry__5/CI
    SLICE_X55Y84         CARRY4 (Prop_carry4_CI_CO[3])
                                                      0.114    13.743 r  u_conv_mac/g_lane[4].sum_carry__5/CO[3]
                         net (fo=1, estimated)        0.000    13.743    u_conv_mac/g_lane[4].sum_carry__5_n_0
    SLICE_X55Y85                                                      r  u_conv_mac/g_lane[4].sum_carry__6/CI
    SLICE_X55Y85         CARRY4 (Prop_carry4_CI_O[1])
                                                      0.334    14.077 r  u_conv_mac/g_lane[4].sum_carry__6/O[1]
                         net (fo=1, routed)           0.000    14.077    u_conv_mac/g_lane[4].sum[29]
    SLICE_X55Y85         FDRE                                         r  u_conv_mac/g_lane[4].lane_out_reg[29]/D
  -------------------------------------------------------------------    -------------------

                         (clock ACLK rise edge)      13.160    13.160 r  
                                                      0.000    13.160 r  clk (IN)
                         net (fo=3669, unset)         0.924    14.084    u_conv_mac/clk
    SLICE_X55Y85         FDRE                                         r  u_conv_mac/g_lane[4].lane_out_reg[29]/C
                         clock pessimism              0.000    14.084    
                         clock uncertainty           -0.035    14.049    
    SLICE_X55Y85         FDRE (Setup_fdre_C_D)        0.062    14.111    u_conv_mac/g_lane[4].lane_out_reg[29]
  -------------------------------------------------------------------
                         required time                         14.111    
                         arrival time                         -14.077    
  -------------------------------------------------------------------
                         slack                                  0.034    

Slack (MET) :             0.045ns  (required time - arrival time)
  Source:                 u_input_buf/gen_word_write.mem_reg_1/CLKBWRCLK
                            (rising edge-triggered cell RAMB36E1 clocked by ACLK  {rise@0.000ns fall@6.580ns period=13.160ns})
  Destination:            u_conv_mac/g_lane[14].lane_out_reg[29]/D
                            (rising edge-triggered cell FDRE clocked by ACLK  {rise@0.000ns fall@6.580ns period=13.160ns})
  Path Group:             ACLK
  Path Type:              Setup (Max at Slow Process Corner)
  Requirement:            13.160ns  (ACLK rise@13.160ns - ACLK rise@0.000ns)
  Data Path Delay:        13.093ns  (logic 6.355ns (48.537%)  route 6.738ns (51.463%))
  Logic Levels:           15  (CARRY4=9 LUT3=2 LUT4=1 LUT6=3)
  Clock Path Skew:        -0.049ns (DCD - SCD + CPR)
    Destination Clock Delay (DCD):    0.924ns = ( 14.084 - 13.160 ) 
    Source Clock Delay      (SCD):    0.973ns
    Clock Pessimism Removal (CPR):    0.000ns
  Clock Uncertainty:      0.035ns  ((TSJ^2 + TIJ^2)^1/2 + DJ) / 2 + PE
    Total System Jitter     (TSJ):    0.071ns
    Total Input Jitter      (TIJ):    0.000ns
    Discrete Jitter          (DJ):    0.000ns
    Phase Error              (PE):    0.000ns

    Location             Delay type                Incr(ns)  Path(ns)    Netlist Resource(s)
  -------------------------------------------------------------------    -------------------
                         (clock ACLK rise edge)       0.000     0.000 r  
                                                      0.000     0.000 r  clk (IN)
                         net (fo=3669, unset)         0.973     0.973    u_input_buf/clk
    RAMB36_X2Y9          RAMB36E1                                     r  u_input_buf/gen_word_write.mem_reg_1/CLKBWRCLK
  -------------------------------------------------------------------    -------------------
    RAMB36_X2Y9          RAMB36E1 (Prop_ramb36e1_CLKBWRCLK_DOBDO[6])
                                                      2.454     3.427 r  u_input_buf/gen_word_write.mem_reg_1/DOBDO[6]
                         net (fo=1, estimated)        1.233     4.660    u_input_buf/gen_word_write.read_word_reg[24]
    SLICE_X33Y50                                                      r  u_input_buf/g_lane[0].prod__0_carry_i_19/I0
    SLICE_X33Y50         LUT6 (Prop_lut6_I0_O)        0.124     4.784 r  u_input_buf/g_lane[0].prod__0_carry_i_19/O
                         net (fo=4, estimated)        1.180     5.964    u_input_buf/g_lane[0].prod__0_carry_i_19_n_0
    SLICE_X41Y54                                                      r  u_input_buf/g_lane[6].prod__0_carry_i_8_replica/I1
    SLICE_X41Y54         LUT6 (Prop_lut6_I1_O)        0.124     6.088 r  u_input_buf/g_lane[6].prod__0_carry_i_8_replica/O
                         net (fo=17, estimated)       1.876     7.964    u_input_buf/u_conv_mac/act[0]_repN
    SLICE_X67Y73                                                      r  u_input_buf/g_lane[14].prod__30_carry_i_5/I0
    SLICE_X67Y73         LUT6 (Prop_lut6_I0_O)        0.124     8.088 r  u_input_buf/g_lane[14].prod__30_carry_i_5/O
                         net (fo=1, routed)           0.000     8.088    u_conv_mac/g_lane[14].prod__86_carry_i_7_1[2]
    SLICE_X67Y73                                                      r  u_conv_mac/g_lane[14].prod__30_carry/S[2]
    SLICE_X67Y73         CARRY4 (Prop_carry4_S[2]_CO[3])
                                                      0.398     8.486 r  u_conv_mac/g_lane[14].prod__30_carry/CO[3]
                         net (fo=1, estimated)        0.000     8.486    u_conv_mac/g_lane[14].prod__30_carry_n_0
    SLICE_X67Y74                                                      r  u_conv_mac/g_lane[14].prod__30_carry__0/CI
    SLICE_X67Y74         CARRY4 (Prop_carry4_CI_O[0])
                                                      0.222     8.708 r  u_conv_mac/g_lane[14].prod__30_carry__0/O[0]
                         net (fo=2, estimated)        1.333    10.041    u_conv_mac/g_lane[14].prod__30_carry__0_n_7
    SLICE_X82Y75                                                      r  u_conv_mac/g_lane[14].prod__86_carry__0_i_3/I1
    SLICE_X82Y75         LUT3 (Prop_lut3_I1_O)        0.323    10.364 r  u_conv_mac/g_lane[14].prod__86_carry__0_i_3/O
                         net (fo=2, estimated)        0.452    10.816    u_conv_mac/g_lane[14].prod__86_carry__0_i_3_n_0
    SLICE_X82Y75                                                      r  u_conv_mac/g_lane[14].prod__86_carry__0_i_7/I3
    SLICE_X82Y75         LUT4 (Prop_lut4_I3_O)        0.328    11.144 r  u_conv_mac/g_lane[14].prod__86_carry__0_i_7/O
                         net (fo=1, routed)           0.000    11.144    u_conv_mac/g_lane[14].prod__86_carry__0_i_7_n_0
    SLICE_X82Y75                                                      r  u_conv_mac/g_lane[14].prod__86_carry__0/S[1]
    SLICE_X82Y75         CARRY4 (Prop_carry4_S[1]_CO[3])
                                                      0.533    11.677 r  u_conv_mac/g_lane[14].prod__86_carry__0/CO[3]
                         net (fo=1, estimated)        0.000    11.677    u_conv_mac/g_lane[14].prod__86_carry__0_n_0
    SLICE_X82Y76                                                      r  u_conv_mac/g_lane[14].prod__86_carry__1/CI
    SLICE_X82Y76         CARRY4 (Prop_carry4_CI_CO[3])
                                                      0.117    11.794 r  u_conv_mac/g_lane[14].prod__86_carry__1/CO[3]
                         net (fo=1, estimated)        0.000    11.794    u_conv_mac/g_lane[14].prod__86_carry__1_n_0
    SLICE_X82Y77                                                      r  u_conv_mac/g_lane[14].prod__86_carry__2/CI
    SLICE_X82Y77         CARRY4 (Prop_carry4_CI_O[0])
                                                      0.219    12.013 r  u_conv_mac/g_lane[14].prod__86_carry__2/O[0]
                         net (fo=37, estimated)       0.664    12.677    u_conv_mac/g_lane[14].prod[15]
    SLICE_X80Y76                                                      r  u_conv_mac/g_lane[14].sum_carry__3_i_8/I0
    SLICE_X80Y76         LUT3 (Prop_lut3_I0_O)        0.295    12.972 r  u_conv_mac/g_lane[14].sum_carry__3_i_8/O
                         net (fo=1, routed)           0.000    12.972    u_conv_mac/g_lane[14].sum_carry__3_i_8_n_0
    SLICE_X80Y76                                                      r  u_conv_mac/g_lane[14].sum_carry__3/S[0]
    SLICE_X80Y76         CARRY4 (Prop_carry4_S[0]_CO[3])
                                                      0.532    13.504 r  u_conv_mac/g_lane[14].sum_carry__3/CO[3]
                         net (fo=1, estimated)        0.000    13.504    u_conv_mac/g_lane[14].sum_carry__3_n_0
    SLICE_X80Y77                                                      r  u_conv_mac/g_lane[14].sum_carry__4/CI
    SLICE_X80Y77         CARRY4 (Prop_carry4_CI_CO[3])
                                                      0.114    13.618 r  u_conv_mac/g_lane[14].sum_carry__4/CO[3]
                         net (fo=1, estimated)        0.000    13.618    u_conv_mac/g_lane[14].sum_carry__4_n_0
    SLICE_X80Y78                                                      r  u_conv_mac/g_lane[14].sum_carry__5/CI
    SLICE_X80Y78         CARRY4 (Prop_carry4_CI_CO[3])
                                                      0.114    13.732 r  u_conv_mac/g_lane[14].sum_carry__5/CO[3]
                         net (fo=1, estimated)        0.000    13.732    u_conv_mac/g_lane[14].sum_carry__5_n_0
    SLICE_X80Y79                                                      r  u_conv_mac/g_lane[14].sum_carry__6/CI
    SLICE_X80Y79         CARRY4 (Prop_carry4_CI_O[1])
                                                      0.334    14.066 r  u_conv_mac/g_lane[14].sum_carry__6/O[1]
                         net (fo=1, routed)           0.000    14.066    u_conv_mac/g_lane[14].sum[29]
    SLICE_X80Y79         FDRE                                         r  u_conv_mac/g_lane[14].lane_out_reg[29]/D
  -------------------------------------------------------------------    -------------------

                         (clock ACLK rise edge)      13.160    13.160 r  
                                                      0.000    13.160 r  clk (IN)
                         net (fo=3669, unset)         0.924    14.084    u_conv_mac/clk
    SLICE_X80Y79         FDRE                                         r  u_conv_mac/g_lane[14].lane_out_reg[29]/C
                         clock pessimism              0.000    14.084    
                         clock uncertainty           -0.035    14.049    
    SLICE_X80Y79         FDRE (Setup_fdre_C_D)        0.062    14.111    u_conv_mac/g_lane[14].lane_out_reg[29]
  -------------------------------------------------------------------
                         required time                         14.111    
                         arrival time                         -14.066    
  -------------------------------------------------------------------
                         slack                                  0.045    

Slack (MET) :             0.051ns  (required time - arrival time)
  Source:                 pool_shift[5]
                            (input port clocked by ACLK  {rise@0.000ns fall@6.580ns period=13.160ns})
  Destination:            u_pool/p_r3_reg[7]/S
                            (rising edge-triggered cell FDSE clocked by ACLK  {rise@0.000ns fall@6.580ns period=13.160ns})
  Path Group:             ACLK
  Path Type:              Setup (Max at Slow Process Corner)
  Requirement:            13.160ns  (ACLK rise@13.160ns - ACLK rise@0.000ns)
  Data Path Delay:        11.474ns  (logic 5.011ns (43.673%)  route 6.463ns (56.327%))
  Logic Levels:           30  (CARRY4=22 LUT2=1 LUT3=1 LUT5=2 LUT6=4)
  Input Delay:            2.000ns
  Clock Path Skew:        0.924ns (DCD - SCD + CPR)
    Destination Clock Delay (DCD):    0.924ns = ( 14.084 - 13.160 ) 
    Source Clock Delay      (SCD):    0.000ns
    Clock Pessimism Removal (CPR):    0.000ns
  Clock Uncertainty:      0.035ns  ((TSJ^2 + TIJ^2)^1/2 + DJ) / 2 + PE
    Total System Jitter     (TSJ):    0.071ns
    Total Input Jitter      (TIJ):    0.000ns
    Discrete Jitter          (DJ):    0.000ns
    Phase Error              (PE):    0.000ns

    Location             Delay type                Incr(ns)  Path(ns)    Netlist Resource(s)
  -------------------------------------------------------------------    -------------------
                         (clock ACLK rise edge)       0.000     0.000 r  
                         input delay                  2.000     2.000    
                                                      0.000     2.000 r  pool_shift[5] (IN)
                         net (fo=212, unset)          0.973     2.973    pool_shift[5]
    SLICE_X43Y80                                                      r  p_r3[1]_i_229/I5
    SLICE_X43Y80         LUT6 (Prop_lut6_I5_O)        0.124     3.097 r  p_r3[1]_i_229/O
                         net (fo=14, estimated)       0.480     3.577    u_pool/p_r3_reg[1]_i_69_0
    SLICE_X42Y81                                                      r  u_pool/p_r3[1]_i_156/I3
    SLICE_X42Y81         LUT5 (Prop_lut5_I3_O)        0.124     3.701 r  u_pool/p_r3[1]_i_156/O
                         net (fo=1, routed)           0.000     3.701    u_pool/p_r3[1]_i_156_n_0
    SLICE_X42Y81                                                      r  u_pool/p_r3_reg[1]_i_61/S[1]
    SLICE_X42Y81         CARRY4 (Prop_carry4_S[1]_CO[3])
                                                      0.533     4.234 r  u_pool/p_r3_reg[1]_i_61/CO[3]
                         net (fo=1, estimated)        0.000     4.234    u_pool/p_r3_reg[1]_i_61_n_0
    SLICE_X42Y82                                                      r  u_pool/p_r3_reg[1]_i_60/CI
    SLICE_X42Y82         CARRY4 (Prop_carry4_CI_CO[3])
                                                      0.117     4.351 r  u_pool/p_r3_reg[1]_i_60/CO[3]
                         net (fo=1, estimated)        0.000     4.351    u_pool/p_r3_reg[1]_i_60_n_0
    SLICE_X42Y83                                                      r  u_pool/p_r3_reg[1]_i_53/CI
    SLICE_X42Y83         CARRY4 (Prop_carry4_CI_CO[3])
                                                      0.117     4.468 r  u_pool/p_r3_reg[1]_i_53/CO[3]
                         net (fo=1, estimated)        0.000     4.468    u_pool/p_r3_reg[1]_i_53_n_0
    SLICE_X42Y84                                                      r  u_pool/p_r3_reg[1]_i_56/CI
    SLICE_X42Y84         CARRY4 (Prop_carry4_CI_CO[3])
                                                      0.117     4.585 r  u_pool/p_r3_reg[1]_i_56/CO[3]
                         net (fo=1, estimated)        0.000     4.585    u_pool/p_r3_reg[1]_i_56_n_0
    SLICE_X42Y85                                                      r  u_pool/p_r3_reg[1]_i_49/CI
    SLICE_X42Y85         CARRY4 (Prop_carry4_CI_CO[3])
                                                      0.117     4.702 r  u_pool/p_r3_reg[1]_i_49/CO[3]
                         net (fo=1, estimated)        0.000     4.702    u_pool/p_r3_reg[1]_i_49_n_0
    SLICE_X42Y86                                                      r  u_pool/p_r3_reg[1]_i_58/CI
    SLICE_X42Y86         CARRY4 (Prop_carry4_CI_CO[3])
                                                      0.117     4.819 r  u_pool/p_r3_reg[1]_i_58/CO[3]
                         net (fo=1, estimated)        0.000     4.819    u_pool/p_r3_reg[1]_i_58_n_0
    SLICE_X42Y87                                                      r  u_pool/p_r3_reg[1]_i_51/CI
    SLICE_X42Y87         CARRY4 (Prop_carry4_CI_CO[3])
                                                      0.117     4.936 r  u_pool/p_r3_reg[1]_i_51/CO[3]
                         net (fo=1, estimated)        0.000     4.936    u_pool/p_r3_reg[1]_i_51_n_0
    SLICE_X42Y88                                                      r  u_pool/p_r3_reg[1]_i_54/CI
    SLICE_X42Y88         CARRY4 (Prop_carry4_CI_CO[3])
                                                      0.117     5.053 r  u_pool/p_r3_reg[1]_i_54/CO[3]
                         net (fo=1, estimated)        0.000     5.053    u_pool/p_r3_reg[1]_i_54_n_0
    SLICE_X42Y89                                                      r  u_pool/p_r3_reg[1]_i_47/CI
    SLICE_X42Y89         CARRY4 (Prop_carry4_CI_CO[3])
                                                      0.117     5.170 r  u_pool/p_r3_reg[1]_i_47/CO[3]
                         net (fo=1, estimated)        0.000     5.170    u_pool/p_r3_reg[1]_i_47_n_0
    SLICE_X42Y90                                                      r  u_pool/p_r3_reg[1]_i_59/CI
    SLICE_X42Y90         CARRY4 (Prop_carry4_CI_CO[3])
                                                      0.117     5.287 r  u_pool/p_r3_reg[1]_i_59/CO[3]
                         net (fo=1, estimated)        0.000     5.287    u_pool/p_r3_reg[1]_i_59_n_0
    SLICE_X42Y91                                                      r  u_pool/p_r3_reg[1]_i_52/CI
    SLICE_X42Y91         CARRY4 (Prop_carry4_CI_CO[3])
                                                      0.117     5.404 r  u_pool/p_r3_reg[1]_i_52/CO[3]
                         net (fo=1, estimated)        0.000     5.404    u_pool/p_r3_reg[1]_i_52_n_0
    SLICE_X42Y92                                                      r  u_pool/p_r3_reg[1]_i_55/CI
    SLICE_X42Y92         CARRY4 (Prop_carry4_CI_CO[3])
                                                      0.117     5.521 r  u_pool/p_r3_reg[1]_i_55/CO[3]
                         net (fo=1, estimated)        0.000     5.521    u_pool/p_r3_reg[1]_i_55_n_0
    SLICE_X42Y93                                                      r  u_pool/p_r3_reg[1]_i_48/CI
    SLICE_X42Y93         CARRY4 (Prop_carry4_CI_CO[3])
                                                      0.117     5.638 r  u_pool/p_r3_reg[1]_i_48/CO[3]
                         net (fo=1, estimated)        0.000     5.638    u_pool/p_r3_reg[1]_i_48_n_0
    SLICE_X42Y94                                                      r  u_pool/p_r3_reg[1]_i_57/CI
    SLICE_X42Y94         CARRY4 (Prop_carry4_CI_CO[3])
                                                      0.117     5.755 r  u_pool/p_r3_reg[1]_i_57/CO[3]
                         net (fo=1, estimated)        0.000     5.755    u_pool/p_r3_reg[1]_i_57_n_0
    SLICE_X42Y95                                                      r  u_pool/p_r3_reg[1]_i_50/CI
    SLICE_X42Y95         CARRY4 (Prop_carry4_CI_CO[3])
                                                      0.117     5.872 r  u_pool/p_r3_reg[1]_i_50/CO[3]
                         net (fo=1, estimated)        0.000     5.872    u_pool/p_r3_reg[1]_i_50_n_0
    SLICE_X42Y96                                                      r  u_pool/p_r3_reg[1]_i_46/CI
    SLICE_X42Y96         CARRY4 (Prop_carry4_CI_O[3])
                                                      0.315     6.187 f  u_pool/p_r3_reg[1]_i_46/O[3]
                         net (fo=65, estimated)       1.008     7.195    u_pool/p_r3_reg[1]_i_46_n_4
    SLICE_X41Y88                                                      f  u_pool/p_r3[14]_i_119/I0
    SLICE_X41Y88         LUT6 (Prop_lut6_I0_O)        0.307     7.502 f  u_pool/p_r3[14]_i_119/O
                         net (fo=4, estimated)        0.967     8.469    u_pool/p_r3[14]_i_119_n_0
    SLICE_X39Y89                                                      f  u_pool/p_r3[14]_i_706/I1
    SLICE_X39Y89         LUT6 (Prop_lut6_I1_O)        0.124     8.593 f  u_pool/p_r3[14]_i_706/O
                         net (fo=2, estimated)        0.446     9.039    u_pool/p_r3[14]_i_706_n_0
    SLICE_X39Y89                                                      f  u_pool/p_r3[14]_i_641/I0
    SLICE_X39Y89         LUT3 (Prop_lut3_I0_O)        0.124     9.163 f  u_pool/p_r3[14]_i_641/O
                         net (fo=2, estimated)        0.998    10.161    u_pool/p_r3[14]_i_641_n_0
    SLICE_X35Y90                                                      f  u_pool/p_r3[14]_i_532/I0
    SLICE_X35Y90         LUT6 (Prop_lut6_I0_O)        0.124    10.285 f  u_pool/p_r3[14]_i_532/O
                         net (fo=4, estimated)        0.745    11.030    u_pool/p_r3[14]_i_532_n_0
    SLICE_X33Y90                                                      f  u_pool/p_r3[14]_i_411/I1
    SLICE_X33Y90         LUT5 (Prop_lut5_I1_O)        0.124    11.154 r  u_pool/p_r3[14]_i_411/O
                         net (fo=1, routed)           0.000    11.154    u_pool/p_r3[14]_i_411_n_0
    SLICE_X33Y90                                                      r  u_pool/p_r3_reg[14]_i_273/S[0]
    SLICE_X33Y90         CARRY4 (Prop_carry4_S[0]_CO[3])
                                                      0.532    11.686 r  u_pool/p_r3_reg[14]_i_273/CO[3]
                         net (fo=1, estimated)        0.000    11.686    u_pool/p_r3_reg[14]_i_273_n_0
    SLICE_X33Y91                                                      r  u_pool/p_r3_reg[14]_i_170/CI
    SLICE_X33Y91         CARRY4 (Prop_carry4_CI_CO[3])
                                                      0.114    11.800 r  u_pool/p_r3_reg[14]_i_170/CO[3]
                         net (fo=1, estimated)        0.000    11.800    u_pool/p_r3_reg[14]_i_170_n_0
    SLICE_X33Y92                                                      r  u_pool/p_r3_reg[14]_i_89/CI
    SLICE_X33Y92         CARRY4 (Prop_carry4_CI_CO[3])
                                                      0.114    11.914 r  u_pool/p_r3_reg[14]_i_89/CO[3]
                         net (fo=1, estimated)        0.000    11.914    u_pool/p_r3_reg[14]_i_89_n_0
    SLICE_X33Y93                                                      r  u_pool/p_r3_reg[14]_i_35/CI
    SLICE_X33Y93         CARRY4 (Prop_carry4_CI_CO[3])
                                                      0.114    12.028 r  u_pool/p_r3_reg[14]_i_35/CO[3]
                         net (fo=1, estimated)        0.000    12.028    u_pool/p_r3_reg[14]_i_35_n_0
    SLICE_X33Y94                                                      r  u_pool/p_r3_reg[14]_i_8/CI
    SLICE_X33Y94         CARRY4 (Prop_carry4_CI_CO[3])
                                                      0.114    12.142 r  u_pool/p_r3_reg[14]_i_8/CO[3]
                         net (fo=1, estimated)        0.000    12.142    u_pool/p_r3_reg[14]_i_8_n_0
    SLICE_X33Y95                                                      r  u_pool/p_r3_reg[14]_i_3/CI
    SLICE_X33Y95         CARRY4 (Prop_carry4_CI_CO[1])
                                                      0.157    12.299 r  u_pool/p_r3_reg[14]_i_3/CO[1]
                         net (fo=2, estimated)        0.453    12.752    u_pool/p_sat1
    SLICE_X35Y96                                                      r  u_pool/p_r3[14]_i_1/I1
    SLICE_X35Y96         LUT2 (Prop_lut2_I1_O)        0.329    13.081 r  u_pool/p_r3[14]_i_1/O
                         net (fo=14, estimated)       0.393    13.474    u_pool/p_r3[14]_i_1_n_0
    SLICE_X32Y96         FDSE                                         r  u_pool/p_r3_reg[7]/S
  -------------------------------------------------------------------    -------------------

                         (clock ACLK rise edge)      13.160    13.160 r  
                                                      0.000    13.160 r  clk (IN)
                         net (fo=3669, unset)         0.924    14.084    u_pool/clk
    SLICE_X32Y96         FDSE                                         r  u_pool/p_r3_reg[7]/C
                         clock pessimism              0.000    14.084    
                         clock uncertainty           -0.035    14.049    
    SLICE_X32Y96         FDSE (Setup_fdse_C_S)       -0.524    13.525    u_pool/p_r3_reg[7]
  -------------------------------------------------------------------
                         required time                         13.525    
                         arrival time                         -13.474    
  -------------------------------------------------------------------
                         slack                                  0.051    




