Copyright 1986-2020 Xilinx, Inc. All Rights Reserved.
--------------------------------------------------------------------------------------------------------------------------------------------------------------------------------------
| Tool Version : Vivado v.2020.2 (win64) Build 3064766 Wed Nov 18 09:12:45 MST 2020
| Date         : Sat Sep 26 20:06:35 2026
| Host         : DESKTOP-7CFQ9ND running 64-bit major release  (build 9200)
| Command      : report_timing -max_paths 3 -nworst 1 -input_pins -delay_type max -file D:/2609_final_project/cnn_rtl/docs/E-02a_runs/encoder_freq1_13.160_retry/post_place_paths.rpt
| Design       : CNN_Encoder
| Device       : 7z020-clg400
| Speed File   : -1  PRODUCTION 1.12 2019-11-22
--------------------------------------------------------------------------------------------------------------------------------------------------------------------------------------

Timing Report

Slack (VIOLATED) :        -0.275ns  (required time - arrival time)
  Source:                 u_input_buf/gen_word_write.mem_reg_2/CLKBWRCLK
                            (rising edge-triggered cell RAMB36E1 clocked by ACLK  {rise@0.000ns fall@6.580ns period=13.160ns})
  Destination:            u_conv_mac/g_lane[10].lane_acc_reg[29]/D
                            (rising edge-triggered cell FDRE clocked by ACLK  {rise@0.000ns fall@6.580ns period=13.160ns})
  Path Group:             ACLK
  Path Type:              Setup (Max at Slow Process Corner)
  Requirement:            13.160ns  (ACLK rise@13.160ns - ACLK rise@0.000ns)
  Data Path Delay:        13.413ns  (logic 6.694ns (49.907%)  route 6.719ns (50.093%))
  Logic Levels:           16  (CARRY4=9 LUT3=2 LUT4=1 LUT6=4)
  Clock Path Skew:        -0.049ns (DCD - SCD + CPR)
    Destination Clock Delay (DCD):    0.924ns = ( 14.084 - 13.160 ) 
    Source Clock Delay      (SCD):    0.973ns
    Clock Pessimism Removal (CPR):    0.000ns
  Clock Uncertainty:      0.035ns  ((TSJ^2 + TIJ^2)^1/2 + DJ) / 2 + PE
    Total System Jitter     (TSJ):    0.071ns
    Total Input Jitter      (TIJ):    0.000ns
    Discrete Jitter          (DJ):    0.000ns
    Phase Error              (PE):    0.000ns

    Location             Delay type                Incr(ns)  Path(ns)    Netlist Resource(s)
  -------------------------------------------------------------------    -------------------
                         (clock ACLK rise edge)       0.000     0.000 r  
                                                      0.000     0.000 r  clk (IN)
                         net (fo=3669, unset)         0.973     0.973    u_input_buf/clk
    RAMB36_X2Y8          RAMB36E1                                     r  u_input_buf/gen_word_write.mem_reg_2/CLKBWRCLK
  -------------------------------------------------------------------    -------------------
    RAMB36_X2Y8          RAMB36E1 (Prop_ramb36e1_CLKBWRCLK_DOBDO[13])
                                                      2.454     3.427 r  u_input_buf/gen_word_write.mem_reg_2/DOBDO[13]
                         net (fo=1, estimated)        1.618     5.045    u_input_buf/gen_word_write.read_word_reg[49]
    SLICE_X44Y56                                                      r  u_input_buf/g_lane[0].prod__0_carry_i_16/I1
    SLICE_X44Y56         LUT6 (Prop_lut6_I1_O)        0.124     5.169 r  u_input_buf/g_lane[0].prod__0_carry_i_16/O
                         net (fo=3, estimated)        0.646     5.815    u_input_buf/g_lane[0].prod__0_carry_i_16_n_0
    SLICE_X51Y61                                                      r  u_input_buf/g_lane[9].prod__0_carry_i_8/I3
    SLICE_X51Y61         LUT6 (Prop_lut6_I3_O)        0.124     5.939 r  u_input_buf/g_lane[9].prod__0_carry_i_8/O
                         net (fo=133, estimated)      1.195     7.134    u_input_buf/u_conv_mac/act[1]
    SLICE_X54Y57                                                      r  u_input_buf/g_lane[10].prod__0_carry__0_i_4/I1
    SLICE_X54Y57         LUT6 (Prop_lut6_I1_O)        0.124     7.258 r  u_input_buf/g_lane[10].prod__0_carry__0_i_4/O
                         net (fo=2, estimated)        0.608     7.866    u_input_buf/conv_rdata[82][0]
    SLICE_X54Y55                                                      r  u_input_buf/g_lane[10].prod__0_carry__0_i_8/I0
    SLICE_X54Y55         LUT6 (Prop_lut6_I0_O)        0.124     7.990 r  u_input_buf/g_lane[10].prod__0_carry__0_i_8/O
                         net (fo=1, routed)           0.000     7.990    u_conv_mac/g_lane[10].prod__86_carry_i_6_1[0]
    SLICE_X54Y55                                                      r  u_conv_mac/g_lane[10].prod__0_carry__0/S[0]
    SLICE_X54Y55         CARRY4 (Prop_carry4_S[0]_CO[3])
                                                      0.513     8.503 r  u_conv_mac/g_lane[10].prod__0_carry__0/CO[3]
                         net (fo=1, estimated)        0.000     8.503    u_conv_mac/g_lane[10].prod__0_carry__0_n_0
    SLICE_X54Y56                                                      r  u_conv_mac/g_lane[10].prod__0_carry__1/CI
    SLICE_X54Y56         CARRY4 (Prop_carry4_CI_O[1])
                                                      0.323     8.826 r  u_conv_mac/g_lane[10].prod__0_carry__1/O[1]
                         net (fo=2, estimated)        0.959     9.785    u_conv_mac/g_lane[10].prod__0_carry__1_n_6
    SLICE_X51Y58                                                      r  u_conv_mac/g_lane[10].prod__86_carry__0_i_1/I2
    SLICE_X51Y58         LUT3 (Prop_lut3_I2_O)        0.335    10.120 r  u_conv_mac/g_lane[10].prod__86_carry__0_i_1/O
                         net (fo=2, estimated)        0.841    10.961    u_conv_mac/g_lane[10].prod__86_carry__0_i_1_n_0
    SLICE_X51Y58                                                      r  u_conv_mac/g_lane[10].prod__86_carry__0_i_5/I0
    SLICE_X51Y58         LUT4 (Prop_lut4_I0_O)        0.327    11.288 r  u_conv_mac/g_lane[10].prod__86_carry__0_i_5/O
                         net (fo=1, routed)           0.000    11.288    u_conv_mac/g_lane[10].prod__86_carry__0_i_5_n_0
    SLICE_X51Y58                                                      r  u_conv_mac/g_lane[10].prod__86_carry__0/S[3]
    SLICE_X51Y58         CARRY4 (Prop_carry4_S[3]_CO[3])
                                                      0.401    11.689 r  u_conv_mac/g_lane[10].prod__86_carry__0/CO[3]
                         net (fo=1, estimated)        0.000    11.689    u_conv_mac/g_lane[10].prod__86_carry__0_n_0
    SLICE_X51Y59                                                      r  u_conv_mac/g_lane[10].prod__86_carry__1/CI
    SLICE_X51Y59         CARRY4 (Prop_carry4_CI_O[1])
                                                      0.334    12.023 r  u_conv_mac/g_lane[10].prod__86_carry__1/O[1]
                         net (fo=4, estimated)        0.852    12.875    u_conv_mac/g_lane[10].prod[12]
    SLICE_X53Y54                                                      r  u_conv_mac/g_lane[10].lane_acc[12]_i_5/I0
    SLICE_X53Y54         LUT3 (Prop_lut3_I0_O)        0.303    13.178 r  u_conv_mac/g_lane[10].lane_acc[12]_i_5/O
                         net (fo=1, routed)           0.000    13.178    u_conv_mac/g_lane[10].lane_acc[12]_i_5_n_0
    SLICE_X53Y54                                                      r  u_conv_mac/g_lane[10].lane_acc_reg[12]_i_1/S[0]
    SLICE_X53Y54         CARRY4 (Prop_carry4_S[0]_CO[3])
                                                      0.532    13.710 r  u_conv_mac/g_lane[10].lane_acc_reg[12]_i_1/CO[3]
                         net (fo=1, estimated)        0.000    13.710    u_conv_mac/g_lane[10].lane_acc_reg[12]_i_1_n_0
    SLICE_X53Y55                                                      r  u_conv_mac/g_lane[10].lane_acc_reg[16]_i_1/CI
    SLICE_X53Y55         CARRY4 (Prop_carry4_CI_CO[3])
                                                      0.114    13.824 r  u_conv_mac/g_lane[10].lane_acc_reg[16]_i_1/CO[3]
                         net (fo=1, estimated)        0.000    13.824    u_conv_mac/g_lane[10].lane_acc_reg[16]_i_1_n_0
    SLICE_X53Y56                                                      r  u_conv_mac/g_lane[10].lane_acc_reg[20]_i_1/CI
    SLICE_X53Y56         CARRY4 (Prop_carry4_CI_CO[3])
                                                      0.114    13.938 r  u_conv_mac/g_lane[10].lane_acc_reg[20]_i_1/CO[3]
                         net (fo=1, estimated)        0.000    13.938    u_conv_mac/g_lane[10].lane_acc_reg[20]_i_1_n_0
    SLICE_X53Y57                                                      r  u_conv_mac/g_lane[10].lane_acc_reg[24]_i_1/CI
    SLICE_X53Y57         CARRY4 (Prop_carry4_CI_CO[3])
                                                      0.114    14.052 r  u_conv_mac/g_lane[10].lane_acc_reg[24]_i_1/CO[3]
                         net (fo=1, estimated)        0.000    14.052    u_conv_mac/g_lane[10].lane_acc_reg[24]_i_1_n_0
    SLICE_X53Y58                                                      r  u_conv_mac/g_lane[10].lane_acc_reg[28]_i_1/CI
    SLICE_X53Y58         CARRY4 (Prop_carry4_CI_O[1])
                                                      0.334    14.386 r  u_conv_mac/g_lane[10].lane_acc_reg[28]_i_1/O[1]
                         net (fo=1, routed)           0.000    14.386    u_conv_mac/g_lane[10].lane_acc_reg[28]_i_1_n_6
    SLICE_X53Y58         FDRE                                         r  u_conv_mac/g_lane[10].lane_acc_reg[29]/D
  -------------------------------------------------------------------    -------------------

                         (clock ACLK rise edge)      13.160    13.160 r  
                                                      0.000    13.160 r  clk (IN)
                         net (fo=3669, unset)         0.924    14.084    u_conv_mac/clk
    SLICE_X53Y58         FDRE                                         r  u_conv_mac/g_lane[10].lane_acc_reg[29]/C
                         clock pessimism              0.000    14.084    
                         clock uncertainty           -0.035    14.049    
    SLICE_X53Y58         FDRE (Setup_fdre_C_D)        0.062    14.111    u_conv_mac/g_lane[10].lane_acc_reg[29]
  -------------------------------------------------------------------
                         required time                         14.111    
                         arrival time                         -14.386    
  -------------------------------------------------------------------
                         slack                                 -0.275    

Slack (VIOLATED) :        -0.254ns  (required time - arrival time)
  Source:                 u_input_buf/gen_word_write.mem_reg_2/CLKBWRCLK
                            (rising edge-triggered cell RAMB36E1 clocked by ACLK  {rise@0.000ns fall@6.580ns period=13.160ns})
  Destination:            u_conv_mac/g_lane[10].lane_acc_reg[31]/D
                            (rising edge-triggered cell FDRE clocked by ACLK  {rise@0.000ns fall@6.580ns period=13.160ns})
  Path Group:             ACLK
  Path Type:              Setup (Max at Slow Process Corner)
  Requirement:            13.160ns  (ACLK rise@13.160ns - ACLK rise@0.000ns)
  Data Path Delay:        13.392ns  (logic 6.673ns (49.828%)  route 6.719ns (50.172%))
  Logic Levels:           16  (CARRY4=9 LUT3=2 LUT4=1 LUT6=4)
  Clock Path Skew:        -0.049ns (DCD - SCD + CPR)
    Destination Clock Delay (DCD):    0.924ns = ( 14.084 - 13.160 ) 
    Source Clock Delay      (SCD):    0.973ns
    Clock Pessimism Removal (CPR):    0.000ns
  Clock Uncertainty:      0.035ns  ((TSJ^2 + TIJ^2)^1/2 + DJ) / 2 + PE
    Total System Jitter     (TSJ):    0.071ns
    Total Input Jitter      (TIJ):    0.000ns
    Discrete Jitter          (DJ):    0.000ns
    Phase Error              (PE):    0.000ns

    Location             Delay type                Incr(ns)  Path(ns)    Netlist Resource(s)
  -------------------------------------------------------------------    -------------------
                         (clock ACLK rise edge)       0.000     0.000 r  
                                                      0.000     0.000 r  clk (IN)
                         net (fo=3669, unset)         0.973     0.973    u_input_buf/clk
    RAMB36_X2Y8          RAMB36E1                                     r  u_input_buf/gen_word_write.mem_reg_2/CLKBWRCLK
  -------------------------------------------------------------------    -------------------
    RAMB36_X2Y8          RAMB36E1 (Prop_ramb36e1_CLKBWRCLK_DOBDO[13])
                                                      2.454     3.427 r  u_input_buf/gen_word_write.mem_reg_2/DOBDO[13]
                         net (fo=1, estimated)        1.618     5.045    u_input_buf/gen_word_write.read_word_reg[49]
    SLICE_X44Y56                                                      r  u_input_buf/g_lane[0].prod__0_carry_i_16/I1
    SLICE_X44Y56         LUT6 (Prop_lut6_I1_O)        0.124     5.169 r  u_input_buf/g_lane[0].prod__0_carry_i_16/O
                         net (fo=3, estimated)        0.646     5.815    u_input_buf/g_lane[0].prod__0_carry_i_16_n_0
    SLICE_X51Y61                                                      r  u_input_buf/g_lane[9].prod__0_carry_i_8/I3
    SLICE_X51Y61         LUT6 (Prop_lut6_I3_O)        0.124     5.939 r  u_input_buf/g_lane[9].prod__0_carry_i_8/O
                         net (fo=133, estimated)      1.195     7.134    u_input_buf/u_conv_mac/act[1]
    SLICE_X54Y57                                                      r  u_input_buf/g_lane[10].prod__0_carry__0_i_4/I1
    SLICE_X54Y57         LUT6 (Prop_lut6_I1_O)        0.124     7.258 r  u_input_buf/g_lane[10].prod__0_carry__0_i_4/O
                         net (fo=2, estimated)        0.608     7.866    u_input_buf/conv_rdata[82][0]
    SLICE_X54Y55                                                      r  u_input_buf/g_lane[10].prod__0_carry__0_i_8/I0
    SLICE_X54Y55         LUT6 (Prop_lut6_I0_O)        0.124     7.990 r  u_input_buf/g_lane[10].prod__0_carry__0_i_8/O
                         net (fo=1, routed)           0.000     7.990    u_conv_mac/g_lane[10].prod__86_carry_i_6_1[0]
    SLICE_X54Y55                                                      r  u_conv_mac/g_lane[10].prod__0_carry__0/S[0]
    SLICE_X54Y55         CARRY4 (Prop_carry4_S[0]_CO[3])
                                                      0.513     8.503 r  u_conv_mac/g_lane[10].prod__0_carry__0/CO[3]
                         net (fo=1, estimated)        0.000     8.503    u_conv_mac/g_lane[10].prod__0_carry__0_n_0
    SLICE_X54Y56                                                      r  u_conv_mac/g_lane[10].prod__0_carry__1/CI
    SLICE_X54Y56         CARRY4 (Prop_carry4_CI_O[1])
                                                      0.323     8.826 r  u_conv_mac/g_lane[10].prod__0_carry__1/O[1]
                         net (fo=2, estimated)        0.959     9.785    u_conv_mac/g_lane[10].prod__0_carry__1_n_6
    SLICE_X51Y58                                                      r  u_conv_mac/g_lane[10].prod__86_carry__0_i_1/I2
    SLICE_X51Y58         LUT3 (Prop_lut3_I2_O)        0.335    10.120 r  u_conv_mac/g_lane[10].prod__86_carry__0_i_1/O
                         net (fo=2, estimated)        0.841    10.961    u_conv_mac/g_lane[10].prod__86_carry__0_i_1_n_0
    SLICE_X51Y58                                                      r  u_conv_mac/g_lane[10].prod__86_carry__0_i_5/I0
    SLICE_X51Y58         LUT4 (Prop_lut4_I0_O)        0.327    11.288 r  u_conv_mac/g_lane[10].prod__86_carry__0_i_5/O
                         net (fo=1, routed)           0.000    11.288    u_conv_mac/g_lane[10].prod__86_carry__0_i_5_n_0
    SLICE_X51Y58                                                      r  u_conv_mac/g_lane[10].prod__86_carry__0/S[3]
    SLICE_X51Y58         CARRY4 (Prop_carry4_S[3]_CO[3])
                                                      0.401    11.689 r  u_conv_mac/g_lane[10].prod__86_carry__0/CO[3]
                         net (fo=1, estimated)        0.000    11.689    u_conv_mac/g_lane[10].prod__86_carry__0_n_0
    SLICE_X51Y59                                                      r  u_conv_mac/g_lane[10].prod__86_carry__1/CI
    SLICE_X51Y59         CARRY4 (Prop_carry4_CI_O[1])
                                                      0.334    12.023 r  u_conv_mac/g_lane[10].prod__86_carry__1/O[1]
                         net (fo=4, estimated)        0.852    12.875    u_conv_mac/g_lane[10].prod[12]
    SLICE_X53Y54                                                      r  u_conv_mac/g_lane[10].lane_acc[12]_i_5/I0
    SLICE_X53Y54         LUT3 (Prop_lut3_I0_O)        0.303    13.178 r  u_conv_mac/g_lane[10].lane_acc[12]_i_5/O
                         net (fo=1, routed)           0.000    13.178    u_conv_mac/g_lane[10].lane_acc[12]_i_5_n_0
    SLICE_X53Y54                                                      r  u_conv_mac/g_lane[10].lane_acc_reg[12]_i_1/S[0]
    SLICE_X53Y54         CARRY4 (Prop_carry4_S[0]_CO[3])
                                                      0.532    13.710 r  u_conv_mac/g_lane[10].lane_acc_reg[12]_i_1/CO[3]
                         net (fo=1, estimated)        0.000    13.710    u_conv_mac/g_lane[10].lane_acc_reg[12]_i_1_n_0
    SLICE_X53Y55                                                      r  u_conv_mac/g_lane[10].lane_acc_reg[16]_i_1/CI
    SLICE_X53Y55         CARRY4 (Prop_carry4_CI_CO[3])
                                                      0.114    13.824 r  u_conv_mac/g_lane[10].lane_acc_reg[16]_i_1/CO[3]
                         net (fo=1, estimated)        0.000    13.824    u_conv_mac/g_lane[10].lane_acc_reg[16]_i_1_n_0
    SLICE_X53Y56                                                      r  u_conv_mac/g_lane[10].lane_acc_reg[20]_i_1/CI
    SLICE_X53Y56         CARRY4 (Prop_carry4_CI_CO[3])
                                                      0.114    13.938 r  u_conv_mac/g_lane[10].lane_acc_reg[20]_i_1/CO[3]
                         net (fo=1, estimated)        0.000    13.938    u_conv_mac/g_lane[10].lane_acc_reg[20]_i_1_n_0
    SLICE_X53Y57                                                      r  u_conv_mac/g_lane[10].lane_acc_reg[24]_i_1/CI
    SLICE_X53Y57         CARRY4 (Prop_carry4_CI_CO[3])
                                                      0.114    14.052 r  u_conv_mac/g_lane[10].lane_acc_reg[24]_i_1/CO[3]
                         net (fo=1, estimated)        0.000    14.052    u_conv_mac/g_lane[10].lane_acc_reg[24]_i_1_n_0
    SLICE_X53Y58                                                      r  u_conv_mac/g_lane[10].lane_acc_reg[28]_i_1/CI
    SLICE_X53Y58         CARRY4 (Prop_carry4_CI_O[3])
                                                      0.313    14.365 r  u_conv_mac/g_lane[10].lane_acc_reg[28]_i_1/O[3]
                         net (fo=1, routed)           0.000    14.365    u_conv_mac/g_lane[10].lane_acc_reg[28]_i_1_n_4
    SLICE_X53Y58         FDRE                                         r  u_conv_mac/g_lane[10].lane_acc_reg[31]/D
  -------------------------------------------------------------------    -------------------

                         (clock ACLK rise edge)      13.160    13.160 r  
                                                      0.000    13.160 r  clk (IN)
                         net (fo=3669, unset)         0.924    14.084    u_conv_mac/clk
    SLICE_X53Y58         FDRE                                         r  u_conv_mac/g_lane[10].lane_acc_reg[31]/C
                         clock pessimism              0.000    14.084    
                         clock uncertainty           -0.035    14.049    
    SLICE_X53Y58         FDRE (Setup_fdre_C_D)        0.062    14.111    u_conv_mac/g_lane[10].lane_acc_reg[31]
  -------------------------------------------------------------------
                         required time                         14.111    
                         arrival time                         -14.365    
  -------------------------------------------------------------------
                         slack                                 -0.254    

Slack (VIOLATED) :        -0.238ns  (required time - arrival time)
  Source:                 u_input_buf/gen_word_write.mem_reg_2/CLKBWRCLK
                            (rising edge-triggered cell RAMB36E1 clocked by ACLK  {rise@0.000ns fall@6.580ns period=13.160ns})
  Destination:            u_conv_mac/g_lane[10].lane_out_reg[29]/D
                            (rising edge-triggered cell FDRE clocked by ACLK  {rise@0.000ns fall@6.580ns period=13.160ns})
  Path Group:             ACLK
  Path Type:              Setup (Max at Slow Process Corner)
  Requirement:            13.160ns  (ACLK rise@13.160ns - ACLK rise@0.000ns)
  Data Path Delay:        13.376ns  (logic 6.616ns (49.462%)  route 6.760ns (50.538%))
  Logic Levels:           16  (CARRY4=9 LUT3=2 LUT4=1 LUT6=4)
  Clock Path Skew:        -0.049ns (DCD - SCD + CPR)
    Destination Clock Delay (DCD):    0.924ns = ( 14.084 - 13.160 ) 
    Source Clock Delay      (SCD):    0.973ns
    Clock Pessimism Removal (CPR):    0.000ns
  Clock Uncertainty:      0.035ns  ((TSJ^2 + TIJ^2)^1/2 + DJ) / 2 + PE
    Total System Jitter     (TSJ):    0.071ns
    Total Input Jitter      (TIJ):    0.000ns
    Discrete Jitter          (DJ):    0.000ns
    Phase Error              (PE):    0.000ns

    Location             Delay type                Incr(ns)  Path(ns)    Netlist Resource(s)
  -------------------------------------------------------------------    -------------------
                         (clock ACLK rise edge)       0.000     0.000 r  
                                                      0.000     0.000 r  clk (IN)
                         net (fo=3669, unset)         0.973     0.973    u_input_buf/clk
    RAMB36_X2Y8          RAMB36E1                                     r  u_input_buf/gen_word_write.mem_reg_2/CLKBWRCLK
  -------------------------------------------------------------------    -------------------
    RAMB36_X2Y8          RAMB36E1 (Prop_ramb36e1_CLKBWRCLK_DOBDO[13])
                                                      2.454     3.427 r  u_input_buf/gen_word_write.mem_reg_2/DOBDO[13]
                         net (fo=1, estimated)        1.618     5.045    u_input_buf/gen_word_write.read_word_reg[49]
    SLICE_X44Y56                                                      r  u_input_buf/g_lane[0].prod__0_carry_i_16/I1
    SLICE_X44Y56         LUT6 (Prop_lut6_I1_O)        0.124     5.169 r  u_input_buf/g_lane[0].prod__0_carry_i_16/O
                         net (fo=3, estimated)        0.646     5.815    u_input_buf/g_lane[0].prod__0_carry_i_16_n_0
    SLICE_X51Y61                                                      r  u_input_buf/g_lane[9].prod__0_carry_i_8/I3
    SLICE_X51Y61         LUT6 (Prop_lut6_I3_O)        0.124     5.939 r  u_input_buf/g_lane[9].prod__0_carry_i_8/O
                         net (fo=133, estimated)      1.195     7.134    u_input_buf/u_conv_mac/act[1]
    SLICE_X54Y57                                                      r  u_input_buf/g_lane[10].prod__0_carry__0_i_4/I1
    SLICE_X54Y57         LUT6 (Prop_lut6_I1_O)        0.124     7.258 r  u_input_buf/g_lane[10].prod__0_carry__0_i_4/O
                         net (fo=2, estimated)        0.608     7.866    u_input_buf/conv_rdata[82][0]
    SLICE_X54Y55                                                      r  u_input_buf/g_lane[10].prod__0_carry__0_i_8/I0
    SLICE_X54Y55         LUT6 (Prop_lut6_I0_O)        0.124     7.990 r  u_input_buf/g_lane[10].prod__0_carry__0_i_8/O
                         net (fo=1, routed)           0.000     7.990    u_conv_mac/g_lane[10].prod__86_carry_i_6_1[0]
    SLICE_X54Y55                                                      r  u_conv_mac/g_lane[10].prod__0_carry__0/S[0]
    SLICE_X54Y55         CARRY4 (Prop_carry4_S[0]_CO[3])
                                                      0.513     8.503 r  u_conv_mac/g_lane[10].prod__0_carry__0/CO[3]
                         net (fo=1, estimated)        0.000     8.503    u_conv_mac/g_lane[10].prod__0_carry__0_n_0
    SLICE_X54Y56                                                      r  u_conv_mac/g_lane[10].prod__0_carry__1/CI
    SLICE_X54Y56         CARRY4 (Prop_carry4_CI_O[1])
                                                      0.323     8.826 r  u_conv_mac/g_lane[10].prod__0_carry__1/O[1]
                         net (fo=2, estimated)        0.959     9.785    u_conv_mac/g_lane[10].prod__0_carry__1_n_6
    SLICE_X51Y58                                                      r  u_conv_mac/g_lane[10].prod__86_carry__0_i_1/I2
    SLICE_X51Y58         LUT3 (Prop_lut3_I2_O)        0.335    10.120 r  u_conv_mac/g_lane[10].prod__86_carry__0_i_1/O
                         net (fo=2, estimated)        0.841    10.961    u_conv_mac/g_lane[10].prod__86_carry__0_i_1_n_0
    SLICE_X51Y58                                                      r  u_conv_mac/g_lane[10].prod__86_carry__0_i_5/I0
    SLICE_X51Y58         LUT4 (Prop_lut4_I0_O)        0.327    11.288 r  u_conv_mac/g_lane[10].prod__86_carry__0_i_5/O
                         net (fo=1, routed)           0.000    11.288    u_conv_mac/g_lane[10].prod__86_carry__0_i_5_n_0
    SLICE_X51Y58                                                      r  u_conv_mac/g_lane[10].prod__86_carry__0/S[3]
    SLICE_X51Y58         CARRY4 (Prop_carry4_S[3]_CO[3])
                                                      0.401    11.689 r  u_conv_mac/g_lane[10].prod__86_carry__0/CO[3]
                         net (fo=1, estimated)        0.000    11.689    u_conv_mac/g_lane[10].prod__86_carry__0_n_0
    SLICE_X51Y59                                                      r  u_conv_mac/g_lane[10].prod__86_carry__1/CI
    SLICE_X51Y59         CARRY4 (Prop_carry4_CI_O[2])
                                                      0.239    11.928 r  u_conv_mac/g_lane[10].prod__86_carry__1/O[2]
                         net (fo=4, estimated)        0.893    12.821    u_conv_mac/g_lane[10].prod[13]
    SLICE_X53Y63                                                      r  u_conv_mac/g_lane[10].sum_carry__2_i_3/I2
    SLICE_X53Y63         LUT3 (Prop_lut3_I2_O)        0.302    13.123 r  u_conv_mac/g_lane[10].sum_carry__2_i_3/O
                         net (fo=1, routed)           0.000    13.123    u_conv_mac/g_lane[10].sum_carry__2_i_3_n_0
    SLICE_X53Y63                                                      r  u_conv_mac/g_lane[10].sum_carry__2/S[1]
    SLICE_X53Y63         CARRY4 (Prop_carry4_S[1]_CO[3])
                                                      0.550    13.673 r  u_conv_mac/g_lane[10].sum_carry__2/CO[3]
                         net (fo=1, estimated)        0.000    13.673    u_conv_mac/g_lane[10].sum_carry__2_n_0
    SLICE_X53Y64                                                      r  u_conv_mac/g_lane[10].sum_carry__3/CI
    SLICE_X53Y64         CARRY4 (Prop_carry4_CI_CO[3])
                                                      0.114    13.787 r  u_conv_mac/g_lane[10].sum_carry__3/CO[3]
                         net (fo=1, estimated)        0.000    13.787    u_conv_mac/g_lane[10].sum_carry__3_n_0
    SLICE_X53Y65                                                      r  u_conv_mac/g_lane[10].sum_carry__4/CI
    SLICE_X53Y65         CARRY4 (Prop_carry4_CI_CO[3])
                                                      0.114    13.901 r  u_conv_mac/g_lane[10].sum_carry__4/CO[3]
                         net (fo=1, estimated)        0.000    13.901    u_conv_mac/g_lane[10].sum_carry__4_n_0
    SLICE_X53Y66                                                      r  u_conv_mac/g_lane[10].sum_carry__5/CI
    SLICE_X53Y66         CARRY4 (Prop_carry4_CI_CO[3])
                                                      0.114    14.015 r  u_conv_mac/g_lane[10].sum_carry__5/CO[3]
                         net (fo=1, estimated)        0.000    14.015    u_conv_mac/g_lane[10].sum_carry__5_n_0
    SLICE_X53Y67                                                      r  u_conv_mac/g_lane[10].sum_carry__6/CI
    SLICE_X53Y67         CARRY4 (Prop_carry4_CI_O[1])
                                                      0.334    14.349 r  u_conv_mac/g_lane[10].sum_carry__6/O[1]
                         net (fo=1, routed)           0.000    14.349    u_conv_mac/g_lane[10].sum[29]
    SLICE_X53Y67         FDRE                                         r  u_conv_mac/g_lane[10].lane_out_reg[29]/D
  -------------------------------------------------------------------    -------------------

                         (clock ACLK rise edge)      13.160    13.160 r  
                                                      0.000    13.160 r  clk (IN)
                         net (fo=3669, unset)         0.924    14.084    u_conv_mac/clk
    SLICE_X53Y67         FDRE                                         r  u_conv_mac/g_lane[10].lane_out_reg[29]/C
                         clock pessimism              0.000    14.084    
                         clock uncertainty           -0.035    14.049    
    SLICE_X53Y67         FDRE (Setup_fdre_C_D)        0.062    14.111    u_conv_mac/g_lane[10].lane_out_reg[29]
  -------------------------------------------------------------------
                         required time                         14.111    
                         arrival time                         -14.349    
  -------------------------------------------------------------------
                         slack                                 -0.238    




