Copyright 1986-2020 Xilinx, Inc. All Rights Reserved.
------------------------------------------------------------------------------------------------------------------------------------------------------------------------------
| Tool Version : Vivado v.2020.2 (win64) Build 3064766 Wed Nov 18 09:12:45 MST 2020
| Date         : Sat Sep 26 20:06:35 2026
| Host         : DESKTOP-7CFQ9ND running 64-bit major release  (build 9200)
| Command      : report_timing_summary -delay_type min_max -max_paths 3 -file D:/2609_final_project/cnn_rtl/docs/E-02a_runs/encoder_freq1_13.160_retry/post_place_summary.rpt
| Design       : CNN_Encoder
| Device       : 7z020-clg400
| Speed File   : -1  PRODUCTION 1.12 2019-11-22
------------------------------------------------------------------------------------------------------------------------------------------------------------------------------

Timing Summary Report

------------------------------------------------------------------------------------------------
| Timer Settings
| --------------
------------------------------------------------------------------------------------------------

  Enable Multi Corner Analysis               :  Yes
  Enable Pessimism Removal                   :  Yes
  Pessimism Removal Resolution               :  Nearest Common Node
  Enable Input Delay Default Clock           :  No
  Enable Preset / Clear Arcs                 :  No
  Disable Flight Delays                      :  No
  Ignore I/O Paths                           :  No
  Timing Early Launch at Borrowing Latches   :  No
  Borrow Time for Max Delay Exceptions       :  Yes
  Merge Timing Exceptions                    :  Yes

  Corner  Analyze    Analyze    
  Name    Max Paths  Min Paths  
  ------  ---------  ---------  
  Slow    Yes        Yes        
  Fast    Yes        Yes        



check_timing report

Table of Contents
-----------------
1. checking no_clock (0)
2. checking constant_clock (0)
3. checking pulse_width_clock (0)
4. checking unconstrained_internal_endpoints (0)
5. checking no_input_delay (0)
6. checking no_output_delay (0)
7. checking multiple_clock (0)
8. checking generated_clocks (0)
9. checking loops (0)
10. checking partial_input_delay (0)
11. checking partial_output_delay (0)
12. checking latch_loops (0)

1. checking no_clock (0)
------------------------
 There are 0 register/latch pins with no clock.


2. checking constant_clock (0)
------------------------------
 There are 0 register/latch pins with constant_clock.


3. checking pulse_width_clock (0)
---------------------------------
 There are 0 register/latch pins which need pulse_width check


4. checking unconstrained_internal_endpoints (0)
------------------------------------------------
 There are 0 pins that are not constrained for maximum delay.

 There are 0 pins that are not constrained for maximum delay due to constant clock.


5. checking no_input_delay (0)
------------------------------
 There are 0 input ports with no input delay specified.

 There are 0 input ports with no input delay but user has a false path constraint.


6. checking no_output_delay (0)
-------------------------------
 There are 0 ports with no output delay specified.

 There are 0 ports with no output delay but user has a false path constraint

 There are 0 ports with no output delay but with a timing clock defined on it or propagating through it


7. checking multiple_clock (0)
------------------------------
 There are 0 register/latch pins with multiple clocks.


8. checking generated_clocks (0)
--------------------------------
 There are 0 generated clocks that are not connected to a clock source.


9. checking loops (0)
---------------------
 There are 0 combinational loops in the design.


10. checking partial_input_delay (0)
------------------------------------
 There are 0 input ports with partial input delay specified.


11. checking partial_output_delay (0)
-------------------------------------
 There are 0 ports with partial output delay specified.


12. checking latch_loops (0)
----------------------------
 There are 0 combinational latch loops in the design through latch input



------------------------------------------------------------------------------------------------
| Design Timing Summary
| ---------------------
------------------------------------------------------------------------------------------------

    WNS(ns)      TNS(ns)  TNS Failing Endpoints  TNS Total Endpoints      WHS(ns)      THS(ns)  THS Failing Endpoints  THS Total Endpoints     WPWS(ns)     TPWS(ns)  TPWS Failing Endpoints  TPWS Total Endpoints  
    -------      -------  ---------------------  -------------------      -------      -------  ---------------------  -------------------     --------     --------  ----------------------  --------------------  
     -0.275       -7.799                     87                 8315        0.130        0.000                      0                 8315        5.600        0.000                       0                  3662  


Timing constraints are not met.


------------------------------------------------------------------------------------------------
| Clock Summary
| -------------
------------------------------------------------------------------------------------------------

Clock  Waveform(ns)       Period(ns)      Frequency(MHz)
-----  ------------       ----------      --------------
ACLK   {0.000 6.580}      13.160          75.988          


------------------------------------------------------------------------------------------------
| Intra Clock Table
| -----------------
------------------------------------------------------------------------------------------------

Clock             WNS(ns)      TNS(ns)  TNS Failing Endpoints  TNS Total Endpoints      WHS(ns)      THS(ns)  THS Failing Endpoints  THS Total Endpoints     WPWS(ns)     TPWS(ns)  TPWS Failing Endpoints  TPWS Total Endpoints  
-----             -------      -------  ---------------------  -------------------      -------      -------  ---------------------  -------------------     --------     --------  ----------------------  --------------------  
ACLK               -0.275       -7.799                     87                 8315        0.130        0.000                      0                 8315        5.600        0.000                       0                  3662  


------------------------------------------------------------------------------------------------
| Inter Clock Table
| -----------------
------------------------------------------------------------------------------------------------

From Clock    To Clock          WNS(ns)      TNS(ns)  TNS Failing Endpoints  TNS Total Endpoints      WHS(ns)      THS(ns)  THS Failing Endpoints  THS Total Endpoints  
----------    --------          -------      -------  ---------------------  -------------------      -------      -------  ---------------------  -------------------  


------------------------------------------------------------------------------------------------
| Other Path Groups Table
| -----------------------
------------------------------------------------------------------------------------------------

Path Group    From Clock    To Clock          WNS(ns)      TNS(ns)  TNS Failing Endpoints  TNS Total Endpoints      WHS(ns)      THS(ns)  THS Failing Endpoints  THS Total Endpoints  
----------    ----------    --------          -------      -------  ---------------------  -------------------      -------      -------  ---------------------  -------------------  


------------------------------------------------------------------------------------------------
| Timing Details
| --------------
------------------------------------------------------------------------------------------------


---------------------------------------------------------------------------------------------------
From Clock:  ACLK
  To Clock:  ACLK

Setup :           87  Failing Endpoints,  Worst Slack       -0.275ns,  Total Violation       -7.799ns
Hold  :            0  Failing Endpoints,  Worst Slack        0.130ns,  Total Violation        0.000ns
PW    :            0  Failing Endpoints,  Worst Slack        5.600ns,  Total Violation        0.000ns
---------------------------------------------------------------------------------------------------


Max Delay Paths
--------------------------------------------------------------------------------------
Slack (VIOLATED) :        -0.275ns  (required time - arrival time)
  Source:                 u_input_buf/gen_word_write.mem_reg_2/CLKBWRCLK
                            (rising edge-triggered cell RAMB36E1 clocked by ACLK  {rise@0.000ns fall@6.580ns period=13.160ns})
  Destination:            u_conv_mac/g_lane[10].lane_acc_reg[29]/D
                            (rising edge-triggered cell FDRE clocked by ACLK  {rise@0.000ns fall@6.580ns period=13.160ns})
  Path Group:             ACLK
  Path Type:              Setup (Max at Slow Process Corner)
  Requirement:            13.160ns  (ACLK rise@13.160ns - ACLK rise@0.000ns)
  Data Path Delay:        13.413ns  (logic 6.694ns (49.907%)  route 6.719ns (50.093%))
  Logic Levels:           16  (CARRY4=9 LUT3=2 LUT4=1 LUT6=4)
  Clock Path Skew:        -0.049ns (DCD - SCD + CPR)
    Destination Clock Delay (DCD):    0.924ns = ( 14.084 - 13.160 ) 
    Source Clock Delay      (SCD):    0.973ns
    Clock Pessimism Removal (CPR):    0.000ns
  Clock Uncertainty:      0.035ns  ((TSJ^2 + TIJ^2)^1/2 + DJ) / 2 + PE
    Total System Jitter     (TSJ):    0.071ns
    Total Input Jitter      (TIJ):    0.000ns
    Discrete Jitter          (DJ):    0.000ns
    Phase Error              (PE):    0.000ns

    Location             Delay type                Incr(ns)  Path(ns)    Netlist Resource(s)
  -------------------------------------------------------------------    -------------------
                         (clock ACLK rise edge)       0.000     0.000 r  
                                                      0.000     0.000 r  clk (IN)
                         net (fo=3669, unset)         0.973     0.973    u_input_buf/clk
    RAMB36_X2Y8          RAMB36E1                                     r  u_input_buf/gen_word_write.mem_reg_2/CLKBWRCLK
  -------------------------------------------------------------------    -------------------
    RAMB36_X2Y8          RAMB36E1 (Prop_ramb36e1_CLKBWRCLK_DOBDO[13])
                                                      2.454     3.427 r  u_input_buf/gen_word_write.mem_reg_2/DOBDO[13]
                         net (fo=1, estimated)        1.618     5.045    u_input_buf/gen_word_write.read_word_reg[49]
    SLICE_X44Y56         LUT6 (Prop_lut6_I1_O)        0.124     5.169 r  u_input_buf/g_lane[0].prod__0_carry_i_16/O
                         net (fo=3, estimated)        0.646     5.815    u_input_buf/g_lane[0].prod__0_carry_i_16_n_0
    SLICE_X51Y61         LUT6 (Prop_lut6_I3_O)        0.124     5.939 r  u_input_buf/g_lane[9].prod__0_carry_i_8/O
                         net (fo=133, estimated)      1.195     7.134    u_input_buf/u_conv_mac/act[1]
    SLICE_X54Y57         LUT6 (Prop_lut6_I1_O)        0.124     7.258 r  u_input_buf/g_lane[10].prod__0_carry__0_i_4/O
                         net (fo=2, estimated)        0.608     7.866    u_input_buf/conv_rdata[82][0]
    SLICE_X54Y55         LUT6 (Prop_lut6_I0_O)        0.124     7.990 r  u_input_buf/g_lane[10].prod__0_carry__0_i_8/O
                         net (fo=1, routed)           0.000     7.990    u_conv_mac/g_lane[10].prod__86_carry_i_6_1[0]
    SLICE_X54Y55         CARRY4 (Prop_carry4_S[0]_CO[3])
                                                      0.513     8.503 r  u_conv_mac/g_lane[10].prod__0_carry__0/CO[3]
                         net (fo=1, estimated)        0.000     8.503    u_conv_mac/g_lane[10].prod__0_carry__0_n_0
    SLICE_X54Y56         CARRY4 (Prop_carry4_CI_O[1])
                                                      0.323     8.826 r  u_conv_mac/g_lane[10].prod__0_carry__1/O[1]
                         net (fo=2, estimated)        0.959     9.785    u_conv_mac/g_lane[10].prod__0_carry__1_n_6
    SLICE_X51Y58         LUT3 (Prop_lut3_I2_O)        0.335    10.120 r  u_conv_mac/g_lane[10].prod__86_carry__0_i_1/O
                         net (fo=2, estimated)        0.841    10.961    u_conv_mac/g_lane[10].prod__86_carry__0_i_1_n_0
    SLICE_X51Y58         LUT4 (Prop_lut4_I0_O)        0.327    11.288 r  u_conv_mac/g_lane[10].prod__86_carry__0_i_5/O
                         net (fo=1, routed)           0.000    11.288    u_conv_mac/g_lane[10].prod__86_carry__0_i_5_n_0
    SLICE_X51Y58         CARRY4 (Prop_carry4_S[3]_CO[3])
                                                      0.401    11.689 r  u_conv_mac/g_lane[10].prod__86_carry__0/CO[3]
                         net (fo=1, estimated)        0.000    11.689    u_conv_mac/g_lane[10].prod__86_carry__0_n_0
    SLICE_X51Y59         CARRY4 (Prop_carry4_CI_O[1])
                                                      0.334    12.023 r  u_conv_mac/g_lane[10].prod__86_carry__1/O[1]
                         net (fo=4, estimated)        0.852    12.875    u_conv_mac/g_lane[10].prod[12]
    SLICE_X53Y54         LUT3 (Prop_lut3_I0_O)        0.303    13.178 r  u_conv_mac/g_lane[10].lane_acc[12]_i_5/O
                         net (fo=1, routed)           0.000    13.178    u_conv_mac/g_lane[10].lane_acc[12]_i_5_n_0
    SLICE_X53Y54         CARRY4 (Prop_carry4_S[0]_CO[3])
                                                      0.532    13.710 r  u_conv_mac/g_lane[10].lane_acc_reg[12]_i_1/CO[3]
                         net (fo=1, estimated)        0.000    13.710    u_conv_mac/g_lane[10].lane_acc_reg[12]_i_1_n_0
    SLICE_X53Y55         CARRY4 (Prop_carry4_CI_CO[3])
                                                      0.114    13.824 r  u_conv_mac/g_lane[10].lane_acc_reg[16]_i_1/CO[3]
                         net (fo=1, estimated)        0.000    13.824    u_conv_mac/g_lane[10].lane_acc_reg[16]_i_1_n_0
    SLICE_X53Y56         CARRY4 (Prop_carry4_CI_CO[3])
                                                      0.114    13.938 r  u_conv_mac/g_lane[10].lane_acc_reg[20]_i_1/CO[3]
                         net (fo=1, estimated)        0.000    13.938    u_conv_mac/g_lane[10].lane_acc_reg[20]_i_1_n_0
    SLICE_X53Y57         CARRY4 (Prop_carry4_CI_CO[3])
                                                      0.114    14.052 r  u_conv_mac/g_lane[10].lane_acc_reg[24]_i_1/CO[3]
                         net (fo=1, estimated)        0.000    14.052    u_conv_mac/g_lane[10].lane_acc_reg[24]_i_1_n_0
    SLICE_X53Y58         CARRY4 (Prop_carry4_CI_O[1])
                                                      0.334    14.386 r  u_conv_mac/g_lane[10].lane_acc_reg[28]_i_1/O[1]
                         net (fo=1, routed)           0.000    14.386    u_conv_mac/g_lane[10].lane_acc_reg[28]_i_1_n_6
    SLICE_X53Y58         FDRE                                         r  u_conv_mac/g_lane[10].lane_acc_reg[29]/D
  -------------------------------------------------------------------    -------------------

                         (clock ACLK rise edge)      13.160    13.160 r  
                                                      0.000    13.160 r  clk (IN)
                         net (fo=3669, unset)         0.924    14.084    u_conv_mac/clk
    SLICE_X53Y58         FDRE                                         r  u_conv_mac/g_lane[10].lane_acc_reg[29]/C
                         clock pessimism              0.000    14.084    
                         clock uncertainty           -0.035    14.049    
    SLICE_X53Y58         FDRE (Setup_fdre_C_D)        0.062    14.111    u_conv_mac/g_lane[10].lane_acc_reg[29]
  -------------------------------------------------------------------
                         required time                         14.111    
                         arrival time                         -14.386    
  -------------------------------------------------------------------
                         slack                                 -0.275    

Slack (VIOLATED) :        -0.254ns  (required time - arrival time)
  Source:                 u_input_buf/gen_word_write.mem_reg_2/CLKBWRCLK
                            (rising edge-triggered cell RAMB36E1 clocked by ACLK  {rise@0.000ns fall@6.580ns period=13.160ns})
  Destination:            u_conv_mac/g_lane[10].lane_acc_reg[31]/D
                            (rising edge-triggered cell FDRE clocked by ACLK  {rise@0.000ns fall@6.580ns period=13.160ns})
  Path Group:             ACLK
  Path Type:              Setup (Max at Slow Process Corner)
  Requirement:            13.160ns  (ACLK rise@13.160ns - ACLK rise@0.000ns)
  Data Path Delay:        13.392ns  (logic 6.673ns (49.828%)  route 6.719ns (50.172%))
  Logic Levels:           16  (CARRY4=9 LUT3=2 LUT4=1 LUT6=4)
  Clock Path Skew:        -0.049ns (DCD - SCD + CPR)
    Destination Clock Delay (DCD):    0.924ns = ( 14.084 - 13.160 ) 
    Source Clock Delay      (SCD):    0.973ns
    Clock Pessimism Removal (CPR):    0.000ns
  Clock Uncertainty:      0.035ns  ((TSJ^2 + TIJ^2)^1/2 + DJ) / 2 + PE
    Total System Jitter     (TSJ):    0.071ns
    Total Input Jitter      (TIJ):    0.000ns
    Discrete Jitter          (DJ):    0.000ns
    Phase Error              (PE):    0.000ns

    Location             Delay type                Incr(ns)  Path(ns)    Netlist Resource(s)
  -------------------------------------------------------------------    -------------------
                         (clock ACLK rise edge)       0.000     0.000 r  
                                                      0.000     0.000 r  clk (IN)
                         net (fo=3669, unset)         0.973     0.973    u_input_buf/clk
    RAMB36_X2Y8          RAMB36E1                                     r  u_input_buf/gen_word_write.mem_reg_2/CLKBWRCLK
  -------------------------------------------------------------------    -------------------
    RAMB36_X2Y8          RAMB36E1 (Prop_ramb36e1_CLKBWRCLK_DOBDO[13])
                                                      2.454     3.427 r  u_input_buf/gen_word_write.mem_reg_2/DOBDO[13]
                         net (fo=1, estimated)        1.618     5.045    u_input_buf/gen_word_write.read_word_reg[49]
    SLICE_X44Y56         LUT6 (Prop_lut6_I1_O)        0.124     5.169 r  u_input_buf/g_lane[0].prod__0_carry_i_16/O
                         net (fo=3, estimated)        0.646     5.815    u_input_buf/g_lane[0].prod__0_carry_i_16_n_0
    SLICE_X51Y61         LUT6 (Prop_lut6_I3_O)        0.124     5.939 r  u_input_buf/g_lane[9].prod__0_carry_i_8/O
                         net (fo=133, estimated)      1.195     7.134    u_input_buf/u_conv_mac/act[1]
    SLICE_X54Y57         LUT6 (Prop_lut6_I1_O)        0.124     7.258 r  u_input_buf/g_lane[10].prod__0_carry__0_i_4/O
                         net (fo=2, estimated)        0.608     7.866    u_input_buf/conv_rdata[82][0]
    SLICE_X54Y55         LUT6 (Prop_lut6_I0_O)        0.124     7.990 r  u_input_buf/g_lane[10].prod__0_carry__0_i_8/O
                         net (fo=1, routed)           0.000     7.990    u_conv_mac/g_lane[10].prod__86_carry_i_6_1[0]
    SLICE_X54Y55         CARRY4 (Prop_carry4_S[0]_CO[3])
                                                      0.513     8.503 r  u_conv_mac/g_lane[10].prod__0_carry__0/CO[3]
                         net (fo=1, estimated)        0.000     8.503    u_conv_mac/g_lane[10].prod__0_carry__0_n_0
    SLICE_X54Y56         CARRY4 (Prop_carry4_CI_O[1])
                                                      0.323     8.826 r  u_conv_mac/g_lane[10].prod__0_carry__1/O[1]
                         net (fo=2, estimated)        0.959     9.785    u_conv_mac/g_lane[10].prod__0_carry__1_n_6
    SLICE_X51Y58         LUT3 (Prop_lut3_I2_O)        0.335    10.120 r  u_conv_mac/g_lane[10].prod__86_carry__0_i_1/O
                         net (fo=2, estimated)        0.841    10.961    u_conv_mac/g_lane[10].prod__86_carry__0_i_1_n_0
    SLICE_X51Y58         LUT4 (Prop_lut4_I0_O)        0.327    11.288 r  u_conv_mac/g_lane[10].prod__86_carry__0_i_5/O
                         net (fo=1, routed)           0.000    11.288    u_conv_mac/g_lane[10].prod__86_carry__0_i_5_n_0
    SLICE_X51Y58         CARRY4 (Prop_carry4_S[3]_CO[3])
                                                      0.401    11.689 r  u_conv_mac/g_lane[10].prod__86_carry__0/CO[3]
                         net (fo=1, estimated)        0.000    11.689    u_conv_mac/g_lane[10].prod__86_carry__0_n_0
    SLICE_X51Y59         CARRY4 (Prop_carry4_CI_O[1])
                                                      0.334    12.023 r  u_conv_mac/g_lane[10].prod__86_carry__1/O[1]
                         net (fo=4, estimated)        0.852    12.875    u_conv_mac/g_lane[10].prod[12]
    SLICE_X53Y54         LUT3 (Prop_lut3_I0_O)        0.303    13.178 r  u_conv_mac/g_lane[10].lane_acc[12]_i_5/O
                         net (fo=1, routed)           0.000    13.178    u_conv_mac/g_lane[10].lane_acc[12]_i_5_n_0
    SLICE_X53Y54         CARRY4 (Prop_carry4_S[0]_CO[3])
                                                      0.532    13.710 r  u_conv_mac/g_lane[10].lane_acc_reg[12]_i_1/CO[3]
                         net (fo=1, estimated)        0.000    13.710    u_conv_mac/g_lane[10].lane_acc_reg[12]_i_1_n_0
    SLICE_X53Y55         CARRY4 (Prop_carry4_CI_CO[3])
                                                      0.114    13.824 r  u_conv_mac/g_lane[10].lane_acc_reg[16]_i_1/CO[3]
                         net (fo=1, estimated)        0.000    13.824    u_conv_mac/g_lane[10].lane_acc_reg[16]_i_1_n_0
    SLICE_X53Y56         CARRY4 (Prop_carry4_CI_CO[3])
                                                      0.114    13.938 r  u_conv_mac/g_lane[10].lane_acc_reg[20]_i_1/CO[3]
                         net (fo=1, estimated)        0.000    13.938    u_conv_mac/g_lane[10].lane_acc_reg[20]_i_1_n_0
    SLICE_X53Y57         CARRY4 (Prop_carry4_CI_CO[3])
                                                      0.114    14.052 r  u_conv_mac/g_lane[10].lane_acc_reg[24]_i_1/CO[3]
                         net (fo=1, estimated)        0.000    14.052    u_conv_mac/g_lane[10].lane_acc_reg[24]_i_1_n_0
    SLICE_X53Y58         CARRY4 (Prop_carry4_CI_O[3])
                                                      0.313    14.365 r  u_conv_mac/g_lane[10].lane_acc_reg[28]_i_1/O[3]
                         net (fo=1, routed)           0.000    14.365    u_conv_mac/g_lane[10].lane_acc_reg[28]_i_1_n_4
    SLICE_X53Y58         FDRE                                         r  u_conv_mac/g_lane[10].lane_acc_reg[31]/D
  -------------------------------------------------------------------    -------------------

                         (clock ACLK rise edge)      13.160    13.160 r  
                                                      0.000    13.160 r  clk (IN)
                         net (fo=3669, unset)         0.924    14.084    u_conv_mac/clk
    SLICE_X53Y58         FDRE                                         r  u_conv_mac/g_lane[10].lane_acc_reg[31]/C
                         clock pessimism              0.000    14.084    
                         clock uncertainty           -0.035    14.049    
    SLICE_X53Y58         FDRE (Setup_fdre_C_D)        0.062    14.111    u_conv_mac/g_lane[10].lane_acc_reg[31]
  -------------------------------------------------------------------
                         required time                         14.111    
                         arrival time                         -14.365    
  -------------------------------------------------------------------
                         slack                                 -0.254    

Slack (VIOLATED) :        -0.238ns  (required time - arrival time)
  Source:                 u_input_buf/gen_word_write.mem_reg_2/CLKBWRCLK
                            (rising edge-triggered cell RAMB36E1 clocked by ACLK  {rise@0.000ns fall@6.580ns period=13.160ns})
  Destination:            u_conv_mac/g_lane[10].lane_out_reg[29]/D
                            (rising edge-triggered cell FDRE clocked by ACLK  {rise@0.000ns fall@6.580ns period=13.160ns})
  Path Group:             ACLK
  Path Type:              Setup (Max at Slow Process Corner)
  Requirement:            13.160ns  (ACLK rise@13.160ns - ACLK rise@0.000ns)
  Data Path Delay:        13.376ns  (logic 6.616ns (49.462%)  route 6.760ns (50.538%))
  Logic Levels:           16  (CARRY4=9 LUT3=2 LUT4=1 LUT6=4)
  Clock Path Skew:        -0.049ns (DCD - SCD + CPR)
    Destination Clock Delay (DCD):    0.924ns = ( 14.084 - 13.160 ) 
    Source Clock Delay      (SCD):    0.973ns
    Clock Pessimism Removal (CPR):    0.000ns
  Clock Uncertainty:      0.035ns  ((TSJ^2 + TIJ^2)^1/2 + DJ) / 2 + PE
    Total System Jitter     (TSJ):    0.071ns
    Total Input Jitter      (TIJ):    0.000ns
    Discrete Jitter          (DJ):    0.000ns
    Phase Error              (PE):    0.000ns

    Location             Delay type                Incr(ns)  Path(ns)    Netlist Resource(s)
  -------------------------------------------------------------------    -------------------
                         (clock ACLK rise edge)       0.000     0.000 r  
                                                      0.000     0.000 r  clk (IN)
                         net (fo=3669, unset)         0.973     0.973    u_input_buf/clk
    RAMB36_X2Y8          RAMB36E1                                     r  u_input_buf/gen_word_write.mem_reg_2/CLKBWRCLK
  -------------------------------------------------------------------    -------------------
    RAMB36_X2Y8          RAMB36E1 (Prop_ramb36e1_CLKBWRCLK_DOBDO[13])
                                                      2.454     3.427 r  u_input_buf/gen_word_write.mem_reg_2/DOBDO[13]
                         net (fo=1, estimated)        1.618     5.045    u_input_buf/gen_word_write.read_word_reg[49]
    SLICE_X44Y56         LUT6 (Prop_lut6_I1_O)        0.124     5.169 r  u_input_buf/g_lane[0].prod__0_carry_i_16/O
                         net (fo=3, estimated)        0.646     5.815    u_input_buf/g_lane[0].prod__0_carry_i_16_n_0
    SLICE_X51Y61         LUT6 (Prop_lut6_I3_O)        0.124     5.939 r  u_input_buf/g_lane[9].prod__0_carry_i_8/O
                         net (fo=133, estimated)      1.195     7.134    u_input_buf/u_conv_mac/act[1]
    SLICE_X54Y57         LUT6 (Prop_lut6_I1_O)        0.124     7.258 r  u_input_buf/g_lane[10].prod__0_carry__0_i_4/O
                         net (fo=2, estimated)        0.608     7.866    u_input_buf/conv_rdata[82][0]
    SLICE_X54Y55         LUT6 (Prop_lut6_I0_O)        0.124     7.990 r  u_input_buf/g_lane[10].prod__0_carry__0_i_8/O
                         net (fo=1, routed)           0.000     7.990    u_conv_mac/g_lane[10].prod__86_carry_i_6_1[0]
    SLICE_X54Y55         CARRY4 (Prop_carry4_S[0]_CO[3])
                                                      0.513     8.503 r  u_conv_mac/g_lane[10].prod__0_carry__0/CO[3]
                         net (fo=1, estimated)        0.000     8.503    u_conv_mac/g_lane[10].prod__0_carry__0_n_0
    SLICE_X54Y56         CARRY4 (Prop_carry4_CI_O[1])
                                                      0.323     8.826 r  u_conv_mac/g_lane[10].prod__0_carry__1/O[1]
                         net (fo=2, estimated)        0.959     9.785    u_conv_mac/g_lane[10].prod__0_carry__1_n_6
    SLICE_X51Y58         LUT3 (Prop_lut3_I2_O)        0.335    10.120 r  u_conv_mac/g_lane[10].prod__86_carry__0_i_1/O
                         net (fo=2, estimated)        0.841    10.961    u_conv_mac/g_lane[10].prod__86_carry__0_i_1_n_0
    SLICE_X51Y58         LUT4 (Prop_lut4_I0_O)        0.327    11.288 r  u_conv_mac/g_lane[10].prod__86_carry__0_i_5/O
                         net (fo=1, routed)           0.000    11.288    u_conv_mac/g_lane[10].prod__86_carry__0_i_5_n_0
    SLICE_X51Y58         CARRY4 (Prop_carry4_S[3]_CO[3])
                                                      0.401    11.689 r  u_conv_mac/g_lane[10].prod__86_carry__0/CO[3]
                         net (fo=1, estimated)        0.000    11.689    u_conv_mac/g_lane[10].prod__86_carry__0_n_0
    SLICE_X51Y59         CARRY4 (Prop_carry4_CI_O[2])
                                                      0.239    11.928 r  u_conv_mac/g_lane[10].prod__86_carry__1/O[2]
                         net (fo=4, estimated)        0.893    12.821    u_conv_mac/g_lane[10].prod[13]
    SLICE_X53Y63         LUT3 (Prop_lut3_I2_O)        0.302    13.123 r  u_conv_mac/g_lane[10].sum_carry__2_i_3/O
                         net (fo=1, routed)           0.000    13.123    u_conv_mac/g_lane[10].sum_carry__2_i_3_n_0
    SLICE_X53Y63         CARRY4 (Prop_carry4_S[1]_CO[3])
                                                      0.550    13.673 r  u_conv_mac/g_lane[10].sum_carry__2/CO[3]
                         net (fo=1, estimated)        0.000    13.673    u_conv_mac/g_lane[10].sum_carry__2_n_0
    SLICE_X53Y64         CARRY4 (Prop_carry4_CI_CO[3])
                                                      0.114    13.787 r  u_conv_mac/g_lane[10].sum_carry__3/CO[3]
                         net (fo=1, estimated)        0.000    13.787    u_conv_mac/g_lane[10].sum_carry__3_n_0
    SLICE_X53Y65         CARRY4 (Prop_carry4_CI_CO[3])
                                                      0.114    13.901 r  u_conv_mac/g_lane[10].sum_carry__4/CO[3]
                         net (fo=1, estimated)        0.000    13.901    u_conv_mac/g_lane[10].sum_carry__4_n_0
    SLICE_X53Y66         CARRY4 (Prop_carry4_CI_CO[3])
                                                      0.114    14.015 r  u_conv_mac/g_lane[10].sum_carry__5/CO[3]
                         net (fo=1, estimated)        0.000    14.015    u_conv_mac/g_lane[10].sum_carry__5_n_0
    SLICE_X53Y67         CARRY4 (Prop_carry4_CI_O[1])
                                                      0.334    14.349 r  u_conv_mac/g_lane[10].sum_carry__6/O[1]
                         net (fo=1, routed)           0.000    14.349    u_conv_mac/g_lane[10].sum[29]
    SLICE_X53Y67         FDRE                                         r  u_conv_mac/g_lane[10].lane_out_reg[29]/D
  -------------------------------------------------------------------    -------------------

                         (clock ACLK rise edge)      13.160    13.160 r  
                                                      0.000    13.160 r  clk (IN)
                         net (fo=3669, unset)         0.924    14.084    u_conv_mac/clk
    SLICE_X53Y67         FDRE                                         r  u_conv_mac/g_lane[10].lane_out_reg[29]/C
                         clock pessimism              0.000    14.084    
                         clock uncertainty           -0.035    14.049    
    SLICE_X53Y67         FDRE (Setup_fdre_C_D)        0.062    14.111    u_conv_mac/g_lane[10].lane_out_reg[29]
  -------------------------------------------------------------------
                         required time                         14.111    
                         arrival time                         -14.349    
  -------------------------------------------------------------------
                         slack                                 -0.238    





Min Delay Paths
--------------------------------------------------------------------------------------
Slack (MET) :             0.130ns  (arrival time - required time)
  Source:                 u_conv_mac/s1_w_reg[1]/C
                            (rising edge-triggered cell FDRE clocked by ACLK  {rise@0.000ns fall@6.580ns period=13.160ns})
  Destination:            u_conv_mac/s2_w_reg[1]/D
                            (rising edge-triggered cell FDRE clocked by ACLK  {rise@0.000ns fall@6.580ns period=13.160ns})
  Path Group:             ACLK
  Path Type:              Hold (Min at Fast Process Corner)
  Requirement:            0.000ns  (ACLK rise@0.000ns - ACLK rise@0.000ns)
  Data Path Delay:        0.222ns  (logic 0.141ns (63.413%)  route 0.081ns (36.587%))
  Logic Levels:           0  
  Clock Path Skew:        0.022ns (DCD - SCD - CPR)
    Destination Clock Delay (DCD):    0.432ns
    Source Clock Delay      (SCD):    0.410ns
    Clock Pessimism Removal (CPR):    -0.000ns

    Location             Delay type                Incr(ns)  Path(ns)    Netlist Resource(s)
  -------------------------------------------------------------------    -------------------
                         (clock ACLK rise edge)       0.000     0.000 r  
                                                      0.000     0.000 r  clk (IN)
                         net (fo=3669, unset)         0.410     0.410    u_conv_mac/clk
    SLICE_X64Y48         FDRE                                         r  u_conv_mac/s1_w_reg[1]/C
  -------------------------------------------------------------------    -------------------
    SLICE_X64Y48         FDRE (Prop_fdre_C_Q)         0.141     0.551 r  u_conv_mac/s1_w_reg[1]/Q
                         net (fo=1, estimated)        0.081     0.632    u_conv_mac/s1_w[1]
    SLICE_X64Y48         FDRE                                         r  u_conv_mac/s2_w_reg[1]/D
  -------------------------------------------------------------------    -------------------

                         (clock ACLK rise edge)       0.000     0.000 r  
                                                      0.000     0.000 r  clk (IN)
                         net (fo=3669, unset)         0.432     0.432    u_conv_mac/clk
    SLICE_X64Y48         FDRE                                         r  u_conv_mac/s2_w_reg[1]/C
                         clock pessimism              0.000     0.432    
    SLICE_X64Y48         FDRE (Hold_fdre_C_D)         0.071     0.503    u_conv_mac/s2_w_reg[1]
  -------------------------------------------------------------------
                         required time                         -0.503    
                         arrival time                           0.632    
  -------------------------------------------------------------------
                         slack                                  0.130    

Slack (MET) :             0.141ns  (arrival time - required time)
  Source:                 u_conv_mac/acc_tag_r_reg[15]/C
                            (rising edge-triggered cell FDRE clocked by ACLK  {rise@0.000ns fall@6.580ns period=13.160ns})
  Destination:            u_enc_rq/rq_tag_reg[15]_srl4/D
                            (rising edge-triggered cell SRL16E clocked by ACLK  {rise@0.000ns fall@6.580ns period=13.160ns})
  Path Group:             ACLK
  Path Type:              Hold (Min at Fast Process Corner)
  Requirement:            0.000ns  (ACLK rise@0.000ns - ACLK rise@0.000ns)
  Data Path Delay:        0.346ns  (logic 0.141ns (40.768%)  route 0.205ns (59.232%))
  Logic Levels:           0  
  Clock Path Skew:        0.022ns (DCD - SCD - CPR)
    Destination Clock Delay (DCD):    0.432ns
    Source Clock Delay      (SCD):    0.410ns
    Clock Pessimism Removal (CPR):    -0.000ns

    Location             Delay type                Incr(ns)  Path(ns)    Netlist Resource(s)
  -------------------------------------------------------------------    -------------------
                         (clock ACLK rise edge)       0.000     0.000 r  
                                                      0.000     0.000 r  clk (IN)
                         net (fo=3669, unset)         0.410     0.410    u_conv_mac/clk
    SLICE_X67Y48         FDRE                                         r  u_conv_mac/acc_tag_r_reg[15]/C
  -------------------------------------------------------------------    -------------------
    SLICE_X67Y48         FDRE (Prop_fdre_C_Q)         0.141     0.551 r  u_conv_mac/acc_tag_r_reg[15]/Q
                         net (fo=3, estimated)        0.205     0.756    u_enc_rq/rq_tag_r0_reg[18][15]
    SLICE_X62Y48         SRL16E                                       r  u_enc_rq/rq_tag_reg[15]_srl4/D
  -------------------------------------------------------------------    -------------------

                         (clock ACLK rise edge)       0.000     0.000 r  
                                                      0.000     0.000 r  clk (IN)
                         net (fo=3669, unset)         0.432     0.432    u_enc_rq/clk
    SLICE_X62Y48         SRL16E                                       r  u_enc_rq/rq_tag_reg[15]_srl4/CLK
                         clock pessimism              0.000     0.432    
    SLICE_X62Y48         SRL16E (Hold_srl16e_CLK_D)
                                                      0.183     0.615    u_enc_rq/rq_tag_reg[15]_srl4
  -------------------------------------------------------------------
                         required time                         -0.615    
                         arrival time                           0.756    
  -------------------------------------------------------------------
                         slack                                  0.141    

Slack (MET) :             0.142ns  (arrival time - required time)
  Source:                 u_conv_mac/acc_tag_r_reg[4]/C
                            (rising edge-triggered cell FDRE clocked by ACLK  {rise@0.000ns fall@6.580ns period=13.160ns})
  Destination:            u_enc_rq/rq_tag_reg[4]_srl4/D
                            (rising edge-triggered cell SRL16E clocked by ACLK  {rise@0.000ns fall@6.580ns period=13.160ns})
  Path Group:             ACLK
  Path Type:              Hold (Min at Fast Process Corner)
  Requirement:            0.000ns  (ACLK rise@0.000ns - ACLK rise@0.000ns)
  Data Path Delay:        0.281ns  (logic 0.141ns (50.263%)  route 0.140ns (49.737%))
  Logic Levels:           0  
  Clock Path Skew:        0.022ns (DCD - SCD - CPR)
    Destination Clock Delay (DCD):    0.432ns
    Source Clock Delay      (SCD):    0.410ns
    Clock Pessimism Removal (CPR):    -0.000ns

    Location             Delay type                Incr(ns)  Path(ns)    Netlist Resource(s)
  -------------------------------------------------------------------    -------------------
                         (clock ACLK rise edge)       0.000     0.000 r  
                                                      0.000     0.000 r  clk (IN)
                         net (fo=3669, unset)         0.410     0.410    u_conv_mac/clk
    SLICE_X63Y46         FDRE                                         r  u_conv_mac/acc_tag_r_reg[4]/C
  -------------------------------------------------------------------    -------------------
    SLICE_X63Y46         FDRE (Prop_fdre_C_Q)         0.141     0.551 r  u_conv_mac/acc_tag_r_reg[4]/Q
                         net (fo=1, estimated)        0.140     0.691    u_enc_rq/rq_tag_r0_reg[18][4]
    SLICE_X62Y47         SRL16E                                       r  u_enc_rq/rq_tag_reg[4]_srl4/D
  -------------------------------------------------------------------    -------------------

                         (clock ACLK rise edge)       0.000     0.000 r  
                                                      0.000     0.000 r  clk (IN)
                         net (fo=3669, unset)         0.432     0.432    u_enc_rq/clk
    SLICE_X62Y47         SRL16E                                       r  u_enc_rq/rq_tag_reg[4]_srl4/CLK
                         clock pessimism              0.000     0.432    
    SLICE_X62Y47         SRL16E (Hold_srl16e_CLK_D)
                                                      0.117     0.549    u_enc_rq/rq_tag_reg[4]_srl4
  -------------------------------------------------------------------
                         required time                         -0.549    
                         arrival time                           0.691    
  -------------------------------------------------------------------
                         slack                                  0.142    





Pulse Width Checks
--------------------------------------------------------------------------------------
Clock Name:         ACLK
Waveform(ns):       { 0.000 6.580 }
Period(ns):         13.160
Sources:            { clk }

Check Type        Corner  Lib Pin             Reference Pin  Required(ns)  Actual(ns)  Slack(ns)  Location      Pin
Min Period        n/a     DSP48E1/CLK         n/a            3.884         13.160      9.276      DSP48_X2Y33   u_pool/prod_r2_reg/CLK
Min Period        n/a     RAMB36E1/CLKARDCLK  n/a            2.944         13.160      10.216     RAMB36_X1Y9   u_pool/res_mem_reg/CLKARDCLK
Min Period        n/a     RAMB36E1/CLKBWRCLK  n/a            2.944         13.160      10.216     RAMB36_X1Y9   u_pool/res_mem_reg/CLKBWRCLK
Low Pulse Width   Fast    SRL16E/CLK          n/a            0.980         6.580       5.600      SLICE_X22Y45  u_pool/v_r2_reg_srl2___u_enc_rq_valid_r1_reg_r/CLK
Low Pulse Width   Fast    SRL16E/CLK          n/a            0.980         6.580       5.600      SLICE_X22Y46  u_pool/idx_r3_reg[0]_srl3/CLK
Low Pulse Width   Fast    SRL16E/CLK          n/a            0.980         6.580       5.600      SLICE_X22Y46  u_pool/idx_r3_reg[1]_srl3/CLK
High Pulse Width  Slow    SRL16E/CLK          n/a            0.980         6.580       5.600      SLICE_X22Y45  u_pool/v_r2_reg_srl2___u_enc_rq_valid_r1_reg_r/CLK
High Pulse Width  Fast    SRL16E/CLK          n/a            0.980         6.580       5.600      SLICE_X22Y45  u_pool/v_r2_reg_srl2___u_enc_rq_valid_r1_reg_r/CLK
High Pulse Width  Slow    SRL16E/CLK          n/a            0.980         6.580       5.600      SLICE_X22Y46  u_pool/idx_r3_reg[0]_srl3/CLK



