Copyright 1986-2020 Xilinx, Inc. All Rights Reserved.
------------------------------------------------------------------------------------------------------------------------------------------------------------------------------
| Tool Version : Vivado v.2020.2 (win64) Build 3064766 Wed Nov 18 09:12:45 MST 2020
| Date         : Sat Sep 26 20:05:13 2026
| Host         : DESKTOP-7CFQ9ND running 64-bit major release  (build 9200)
| Command      : report_timing_summary -delay_type min_max -max_paths 3 -file D:/2609_final_project/cnn_rtl/docs/E-02a_runs/encoder_freq1_13.160_retry/post_synth_summary.rpt
| Design       : CNN_Encoder
| Device       : 7z020-clg400
| Speed File   : -1  PRODUCTION 1.12 2019-11-22
------------------------------------------------------------------------------------------------------------------------------------------------------------------------------

Timing Summary Report

------------------------------------------------------------------------------------------------
| Timer Settings
| --------------
------------------------------------------------------------------------------------------------

  Enable Multi Corner Analysis               :  Yes
  Enable Pessimism Removal                   :  Yes
  Pessimism Removal Resolution               :  Nearest Common Node
  Enable Input Delay Default Clock           :  No
  Enable Preset / Clear Arcs                 :  No
  Disable Flight Delays                      :  No
  Ignore I/O Paths                           :  No
  Timing Early Launch at Borrowing Latches   :  No
  Borrow Time for Max Delay Exceptions       :  Yes
  Merge Timing Exceptions                    :  Yes

  Corner  Analyze    Analyze    
  Name    Max Paths  Min Paths  
  ------  ---------  ---------  
  Slow    Yes        Yes        
  Fast    Yes        Yes        



check_timing report

Table of Contents
-----------------
1. checking no_clock (0)
2. checking constant_clock (0)
3. checking pulse_width_clock (0)
4. checking unconstrained_internal_endpoints (0)
5. checking no_input_delay (0)
6. checking no_output_delay (0)
7. checking multiple_clock (0)
8. checking generated_clocks (0)
9. checking loops (0)
10. checking partial_input_delay (0)
11. checking partial_output_delay (0)
12. checking latch_loops (0)

1. checking no_clock (0)
------------------------
 There are 0 register/latch pins with no clock.


2. checking constant_clock (0)
------------------------------
 There are 0 register/latch pins with constant_clock.


3. checking pulse_width_clock (0)
---------------------------------
 There are 0 register/latch pins which need pulse_width check


4. checking unconstrained_internal_endpoints (0)
------------------------------------------------
 There are 0 pins that are not constrained for maximum delay.

 There are 0 pins that are not constrained for maximum delay due to constant clock.


5. checking no_input_delay (0)
------------------------------
 There are 0 input ports with no input delay specified.

 There are 0 input ports with no input delay but user has a false path constraint.


6. checking no_output_delay (0)
-------------------------------
 There are 0 ports with no output delay specified.

 There are 0 ports with no output delay but user has a false path constraint

 There are 0 ports with no output delay but with a timing clock defined on it or propagating through it


7. checking multiple_clock (0)
------------------------------
 There are 0 register/latch pins with multiple clocks.


8. checking generated_clocks (0)
--------------------------------
 There are 0 generated clocks that are not connected to a clock source.


9. checking loops (0)
---------------------
 There are 0 combinational loops in the design.


10. checking partial_input_delay (0)
------------------------------------
 There are 0 input ports with partial input delay specified.


11. checking partial_output_delay (0)
-------------------------------------
 There are 0 ports with partial output delay specified.


12. checking latch_loops (0)
----------------------------
 There are 0 combinational latch loops in the design through latch input



------------------------------------------------------------------------------------------------
| Design Timing Summary
| ---------------------
------------------------------------------------------------------------------------------------

    WNS(ns)      TNS(ns)  TNS Failing Endpoints  TNS Total Endpoints      WHS(ns)      THS(ns)  THS Failing Endpoints  THS Total Endpoints     WPWS(ns)     TPWS(ns)  TPWS Failing Endpoints  TPWS Total Endpoints  
    -------      -------  ---------------------  -------------------      -------      -------  ---------------------  -------------------     --------     --------  ----------------------  --------------------  
     -0.481       -7.133                     21                 8251        0.219        0.000                      0                 8251        5.600        0.000                       0                  3587  


Timing constraints are not met.


------------------------------------------------------------------------------------------------
| Clock Summary
| -------------
------------------------------------------------------------------------------------------------

Clock  Waveform(ns)       Period(ns)      Frequency(MHz)
-----  ------------       ----------      --------------
ACLK   {0.000 6.580}      13.160          75.988          


------------------------------------------------------------------------------------------------
| Intra Clock Table
| -----------------
------------------------------------------------------------------------------------------------

Clock             WNS(ns)      TNS(ns)  TNS Failing Endpoints  TNS Total Endpoints      WHS(ns)      THS(ns)  THS Failing Endpoints  THS Total Endpoints     WPWS(ns)     TPWS(ns)  TPWS Failing Endpoints  TPWS Total Endpoints  
-----             -------      -------  ---------------------  -------------------      -------      -------  ---------------------  -------------------     --------     --------  ----------------------  --------------------  
ACLK               -0.481       -7.133                     21                 8251        0.219        0.000                      0                 8251        5.600        0.000                       0                  3587  


------------------------------------------------------------------------------------------------
| Inter Clock Table
| -----------------
------------------------------------------------------------------------------------------------

From Clock    To Clock          WNS(ns)      TNS(ns)  TNS Failing Endpoints  TNS Total Endpoints      WHS(ns)      THS(ns)  THS Failing Endpoints  THS Total Endpoints  
----------    --------          -------      -------  ---------------------  -------------------      -------      -------  ---------------------  -------------------  


------------------------------------------------------------------------------------------------
| Other Path Groups Table
| -----------------------
------------------------------------------------------------------------------------------------

Path Group    From Clock    To Clock          WNS(ns)      TNS(ns)  TNS Failing Endpoints  TNS Total Endpoints      WHS(ns)      THS(ns)  THS Failing Endpoints  THS Total Endpoints  
----------    ----------    --------          -------      -------  ---------------------  -------------------      -------      -------  ---------------------  -------------------  


------------------------------------------------------------------------------------------------
| Timing Details
| --------------
------------------------------------------------------------------------------------------------


---------------------------------------------------------------------------------------------------
From Clock:  ACLK
  To Clock:  ACLK

Setup :           21  Failing Endpoints,  Worst Slack       -0.481ns,  Total Violation       -7.133ns
Hold  :            0  Failing Endpoints,  Worst Slack        0.219ns,  Total Violation        0.000ns
PW    :            0  Failing Endpoints,  Worst Slack        5.600ns,  Total Violation        0.000ns
---------------------------------------------------------------------------------------------------


Max Delay Paths
--------------------------------------------------------------------------------------
Slack (VIOLATED) :        -0.481ns  (required time - arrival time)
  Source:                 u_enc_rq/param3_reg[69]/C
                            (rising edge-triggered cell FDRE clocked by ACLK  {rise@0.000ns fall@6.580ns period=13.160ns})
  Destination:            u_enc_rq/rq_reg[1]/R
                            (rising edge-triggered cell FDRE clocked by ACLK  {rise@0.000ns fall@6.580ns period=13.160ns})
  Path Group:             ACLK
  Path Type:              Setup (Max at Slow Process Corner)
  Requirement:            13.160ns  (ACLK rise@13.160ns - ACLK rise@0.000ns)
  Data Path Delay:        13.033ns  (logic 5.588ns (42.876%)  route 7.445ns (57.124%))
  Logic Levels:           31  (CARRY4=23 LUT2=1 LUT3=1 LUT5=1 LUT6=5)
  Clock Path Skew:        -0.049ns (DCD - SCD + CPR)
    Destination Clock Delay (DCD):    0.924ns = ( 14.084 - 13.160 ) 
    Source Clock Delay      (SCD):    0.973ns
    Clock Pessimism Removal (CPR):    0.000ns
  Clock Uncertainty:      0.035ns  ((TSJ^2 + TIJ^2)^1/2 + DJ) / 2 + PE
    Total System Jitter     (TSJ):    0.071ns
    Total Input Jitter      (TIJ):    0.000ns
    Discrete Jitter          (DJ):    0.000ns
    Phase Error              (PE):    0.000ns

    Location             Delay type                Incr(ns)  Path(ns)    Netlist Resource(s)
  -------------------------------------------------------------------    -------------------
                         (clock ACLK rise edge)       0.000     0.000 r  
                                                      0.000     0.000 r  clk (IN)
                         net (fo=3591, unset)         0.973     0.973    u_enc_rq/clk
                         FDRE                                         r  u_enc_rq/param3_reg[69]/C
  -------------------------------------------------------------------    -------------------
                         FDRE (Prop_fdre_C_Q)         0.518     1.491 r  u_enc_rq/param3_reg[69]/Q
                         net (fo=160, unplaced)       1.076     2.567    u_enc_rq/p_0_in[5]
                         LUT6 (Prop_lut6_I0_O)        0.295     2.862 r  u_enc_rq/rq[7]_i_696/O
                         net (fo=16, unplaced)        0.503     3.365    u_enc_rq/rq[7]_i_696_n_0
                         LUT5 (Prop_lut5_I0_O)        0.124     3.489 r  u_enc_rq/rq[3]_i_15/O
                         net (fo=1, unplaced)         0.000     3.489    u_enc_rq/rq[3]_i_15_n_0
                         CARRY4 (Prop_carry4_S[1]_CO[3])
                                                      0.533     4.022 r  u_enc_rq/rq_reg[3]_i_11/CO[3]
                         net (fo=1, unplaced)         0.009     4.031    u_enc_rq/rq_reg[3]_i_11_n_0
                         CARRY4 (Prop_carry4_CI_CO[3])
                                                      0.117     4.148 r  u_enc_rq/rq_reg[7]_i_313/CO[3]
                         net (fo=1, unplaced)         0.000     4.148    u_enc_rq/rq_reg[7]_i_313_n_0
                         CARRY4 (Prop_carry4_CI_CO[3])
                                                      0.117     4.265 r  u_enc_rq/rq_reg[7]_i_312/CO[3]
                         net (fo=1, unplaced)         0.000     4.265    u_enc_rq/rq_reg[7]_i_312_n_0
                         CARRY4 (Prop_carry4_CI_CO[3])
                                                      0.117     4.382 r  u_enc_rq/rq_reg[7]_i_306/CO[3]
                         net (fo=1, unplaced)         0.000     4.382    u_enc_rq/rq_reg[7]_i_306_n_0
                         CARRY4 (Prop_carry4_CI_CO[3])
                                                      0.117     4.499 r  u_enc_rq/rq_reg[7]_i_309/CO[3]
                         net (fo=1, unplaced)         0.000     4.499    u_enc_rq/rq_reg[7]_i_309_n_0
                         CARRY4 (Prop_carry4_CI_CO[3])
                                                      0.117     4.616 r  u_enc_rq/rq_reg[7]_i_303/CO[3]
                         net (fo=1, unplaced)         0.000     4.616    u_enc_rq/rq_reg[7]_i_303_n_0
                         CARRY4 (Prop_carry4_CI_CO[3])
                                                      0.117     4.733 r  u_enc_rq/rq_reg[7]_i_310/CO[3]
                         net (fo=1, unplaced)         0.000     4.733    u_enc_rq/rq_reg[7]_i_310_n_0
                         CARRY4 (Prop_carry4_CI_CO[3])
                                                      0.117     4.850 r  u_enc_rq/rq_reg[7]_i_304/CO[3]
                         net (fo=1, unplaced)         0.000     4.850    u_enc_rq/rq_reg[7]_i_304_n_0
                         CARRY4 (Prop_carry4_CI_CO[3])
                                                      0.117     4.967 r  u_enc_rq/rq_reg[7]_i_307/CO[3]
                         net (fo=1, unplaced)         0.000     4.967    u_enc_rq/rq_reg[7]_i_307_n_0
                         CARRY4 (Prop_carry4_CI_CO[3])
                                                      0.117     5.084 r  u_enc_rq/rq_reg[7]_i_301/CO[3]
                         net (fo=1, unplaced)         0.000     5.084    u_enc_rq/rq_reg[7]_i_301_n_0
                         CARRY4 (Prop_carry4_CI_CO[3])
                                                      0.117     5.201 r  u_enc_rq/rq_reg[7]_i_311/CO[3]
                         net (fo=1, unplaced)         0.000     5.201    u_enc_rq/rq_reg[7]_i_311_n_0
                         CARRY4 (Prop_carry4_CI_CO[3])
                                                      0.117     5.318 r  u_enc_rq/rq_reg[7]_i_305/CO[3]
                         net (fo=1, unplaced)         0.000     5.318    u_enc_rq/rq_reg[7]_i_305_n_0
                         CARRY4 (Prop_carry4_CI_CO[3])
                                                      0.117     5.435 r  u_enc_rq/rq_reg[7]_i_308/CO[3]
                         net (fo=1, unplaced)         0.000     5.435    u_enc_rq/rq_reg[7]_i_308_n_0
                         CARRY4 (Prop_carry4_CI_CO[3])
                                                      0.117     5.552 r  u_enc_rq/rq_reg[7]_i_302/CO[3]
                         net (fo=1, unplaced)         0.000     5.552    u_enc_rq/rq_reg[7]_i_302_n_0
                         CARRY4 (Prop_carry4_CI_CO[3])
                                                      0.117     5.669 r  u_enc_rq/rq_reg[7]_i_248/CO[3]
                         net (fo=1, unplaced)         0.000     5.669    u_enc_rq/rq_reg[7]_i_248_n_0
                         CARRY4 (Prop_carry4_CI_O[3])
                                                      0.331     6.000 f  u_enc_rq/rq_reg[7]_i_114/O[3]
                         net (fo=64, unplaced)        0.706     6.706    u_enc_rq/rq_reg[7]_i_114_n_4
                         LUT6 (Prop_lut6_I0_O)        0.307     7.013 f  u_enc_rq/rq[7]_i_1000/O
                         net (fo=4, unplaced)         0.926     7.939    u_enc_rq/rq[7]_i_1000_n_0
                         LUT6 (Prop_lut6_I0_O)        0.124     8.063 f  u_enc_rq/rq[7]_i_998/O
                         net (fo=2, unplaced)         0.460     8.523    u_enc_rq/rq[7]_i_998_n_0
                         LUT3 (Prop_lut3_I2_O)        0.124     8.647 f  u_enc_rq/rq[7]_i_942/O
                         net (fo=2, unplaced)         0.913     9.560    u_enc_rq/rq[7]_i_942_n_0
                         LUT6 (Prop_lut6_I1_O)        0.124     9.684 f  u_enc_rq/rq[7]_i_832/O
                         net (fo=4, unplaced)         0.473    10.157    u_enc_rq/rq[7]_i_832_n_0
                         LUT6 (Prop_lut6_I2_O)        0.124    10.281 r  u_enc_rq/rq[7]_i_709/O
                         net (fo=1, unplaced)         0.639    10.920    u_enc_rq/rq[7]_i_709_n_0
                         CARRY4 (Prop_carry4_DI[1]_CO[3])
                                                      0.520    11.440 r  u_enc_rq/rq_reg[7]_i_576/CO[3]
                         net (fo=1, unplaced)         0.000    11.440    u_enc_rq/rq_reg[7]_i_576_n_0
                         CARRY4 (Prop_carry4_CI_CO[3])
                                                      0.117    11.557 r  u_enc_rq/rq_reg[7]_i_369/CO[3]
                         net (fo=1, unplaced)         0.000    11.557    u_enc_rq/rq_reg[7]_i_369_n_0
                         CARRY4 (Prop_carry4_CI_CO[3])
                                                      0.117    11.674 r  u_enc_rq/rq_reg[7]_i_208/CO[3]
                         net (fo=1, unplaced)         0.000    11.674    u_enc_rq/rq_reg[7]_i_208_n_0
                         CARRY4 (Prop_carry4_CI_CO[3])
                                                      0.117    11.791 r  u_enc_rq/rq_reg[7]_i_97/CO[3]
                         net (fo=1, unplaced)         0.000    11.791    u_enc_rq/rq_reg[7]_i_97_n_0
                         CARRY4 (Prop_carry4_CI_CO[3])
                                                      0.117    11.908 r  u_enc_rq/rq_reg[7]_i_34/CO[3]
                         net (fo=1, unplaced)         0.000    11.908    u_enc_rq/rq_reg[7]_i_34_n_0
                         CARRY4 (Prop_carry4_CI_CO[3])
                                                      0.117    12.025 r  u_enc_rq/rq_reg[7]_i_8/CO[3]
                         net (fo=1, unplaced)         0.000    12.025    u_enc_rq/rq_reg[7]_i_8_n_0
                         CARRY4 (Prop_carry4_CI_CO[3])
                                                      0.117    12.142 r  u_enc_rq/rq_reg[7]_i_3/CO[3]
                         net (fo=2, unplaced)         0.929    13.071    u_enc_rq/acc_sat1
                         LUT2 (Prop_lut2_I1_O)        0.124    13.195 r  u_enc_rq/rq[7]_i_1/O
                         net (fo=7, unplaced)         0.811    14.006    u_enc_rq/rq[7]_i_1_n_0
                         FDRE                                         r  u_enc_rq/rq_reg[1]/R
  -------------------------------------------------------------------    -------------------

                         (clock ACLK rise edge)      13.160    13.160 r  
                                                      0.000    13.160 r  clk (IN)
                         net (fo=3591, unset)         0.924    14.084    u_enc_rq/clk
                         FDRE                                         r  u_enc_rq/rq_reg[1]/C
                         clock pessimism              0.000    14.084    
                         clock uncertainty           -0.035    14.049    
                         FDRE (Setup_fdre_C_R)       -0.524    13.525    u_enc_rq/rq_reg[1]
  -------------------------------------------------------------------
                         required time                         13.525    
                         arrival time                         -14.006    
  -------------------------------------------------------------------
                         slack                                 -0.481    

Slack (VIOLATED) :        -0.481ns  (required time - arrival time)
  Source:                 u_enc_rq/param3_reg[69]/C
                            (rising edge-triggered cell FDRE clocked by ACLK  {rise@0.000ns fall@6.580ns period=13.160ns})
  Destination:            u_enc_rq/rq_reg[2]/R
                            (rising edge-triggered cell FDRE clocked by ACLK  {rise@0.000ns fall@6.580ns period=13.160ns})
  Path Group:             ACLK
  Path Type:              Setup (Max at Slow Process Corner)
  Requirement:            13.160ns  (ACLK rise@13.160ns - ACLK rise@0.000ns)
  Data Path Delay:        13.033ns  (logic 5.588ns (42.876%)  route 7.445ns (57.124%))
  Logic Levels:           31  (CARRY4=23 LUT2=1 LUT3=1 LUT5=1 LUT6=5)
  Clock Path Skew:        -0.049ns (DCD - SCD + CPR)
    Destination Clock Delay (DCD):    0.924ns = ( 14.084 - 13.160 ) 
    Source Clock Delay      (SCD):    0.973ns
    Clock Pessimism Removal (CPR):    0.000ns
  Clock Uncertainty:      0.035ns  ((TSJ^2 + TIJ^2)^1/2 + DJ) / 2 + PE
    Total System Jitter     (TSJ):    0.071ns
    Total Input Jitter      (TIJ):    0.000ns
    Discrete Jitter          (DJ):    0.000ns
    Phase Error              (PE):    0.000ns

    Location             Delay type                Incr(ns)  Path(ns)    Netlist Resource(s)
  -------------------------------------------------------------------    -------------------
                         (clock ACLK rise edge)       0.000     0.000 r  
                                                      0.000     0.000 r  clk (IN)
                         net (fo=3591, unset)         0.973     0.973    u_enc_rq/clk
                         FDRE                                         r  u_enc_rq/param3_reg[69]/C
  -------------------------------------------------------------------    -------------------
                         FDRE (Prop_fdre_C_Q)         0.518     1.491 r  u_enc_rq/param3_reg[69]/Q
                         net (fo=160, unplaced)       1.076     2.567    u_enc_rq/p_0_in[5]
                         LUT6 (Prop_lut6_I0_O)        0.295     2.862 r  u_enc_rq/rq[7]_i_696/O
                         net (fo=16, unplaced)        0.503     3.365    u_enc_rq/rq[7]_i_696_n_0
                         LUT5 (Prop_lut5_I0_O)        0.124     3.489 r  u_enc_rq/rq[3]_i_15/O
                         net (fo=1, unplaced)         0.000     3.489    u_enc_rq/rq[3]_i_15_n_0
                         CARRY4 (Prop_carry4_S[1]_CO[3])
                                                      0.533     4.022 r  u_enc_rq/rq_reg[3]_i_11/CO[3]
                         net (fo=1, unplaced)         0.009     4.031    u_enc_rq/rq_reg[3]_i_11_n_0
                         CARRY4 (Prop_carry4_CI_CO[3])
                                                      0.117     4.148 r  u_enc_rq/rq_reg[7]_i_313/CO[3]
                         net (fo=1, unplaced)         0.000     4.148    u_enc_rq/rq_reg[7]_i_313_n_0
                         CARRY4 (Prop_carry4_CI_CO[3])
                                                      0.117     4.265 r  u_enc_rq/rq_reg[7]_i_312/CO[3]
                         net (fo=1, unplaced)         0.000     4.265    u_enc_rq/rq_reg[7]_i_312_n_0
                         CARRY4 (Prop_carry4_CI_CO[3])
                                                      0.117     4.382 r  u_enc_rq/rq_reg[7]_i_306/CO[3]
                         net (fo=1, unplaced)         0.000     4.382    u_enc_rq/rq_reg[7]_i_306_n_0
                         CARRY4 (Prop_carry4_CI_CO[3])
                                                      0.117     4.499 r  u_enc_rq/rq_reg[7]_i_309/CO[3]
                         net (fo=1, unplaced)         0.000     4.499    u_enc_rq/rq_reg[7]_i_309_n_0
                         CARRY4 (Prop_carry4_CI_CO[3])
                                                      0.117     4.616 r  u_enc_rq/rq_reg[7]_i_303/CO[3]
                         net (fo=1, unplaced)         0.000     4.616    u_enc_rq/rq_reg[7]_i_303_n_0
                         CARRY4 (Prop_carry4_CI_CO[3])
                                                      0.117     4.733 r  u_enc_rq/rq_reg[7]_i_310/CO[3]
                         net (fo=1, unplaced)         0.000     4.733    u_enc_rq/rq_reg[7]_i_310_n_0
                         CARRY4 (Prop_carry4_CI_CO[3])
                                                      0.117     4.850 r  u_enc_rq/rq_reg[7]_i_304/CO[3]
                         net (fo=1, unplaced)         0.000     4.850    u_enc_rq/rq_reg[7]_i_304_n_0
                         CARRY4 (Prop_carry4_CI_CO[3])
                                                      0.117     4.967 r  u_enc_rq/rq_reg[7]_i_307/CO[3]
                         net (fo=1, unplaced)         0.000     4.967    u_enc_rq/rq_reg[7]_i_307_n_0
                         CARRY4 (Prop_carry4_CI_CO[3])
                                                      0.117     5.084 r  u_enc_rq/rq_reg[7]_i_301/CO[3]
                         net (fo=1, unplaced)         0.000     5.084    u_enc_rq/rq_reg[7]_i_301_n_0
                         CARRY4 (Prop_carry4_CI_CO[3])
                                                      0.117     5.201 r  u_enc_rq/rq_reg[7]_i_311/CO[3]
                         net (fo=1, unplaced)         0.000     5.201    u_enc_rq/rq_reg[7]_i_311_n_0
                         CARRY4 (Prop_carry4_CI_CO[3])
                                                      0.117     5.318 r  u_enc_rq/rq_reg[7]_i_305/CO[3]
                         net (fo=1, unplaced)         0.000     5.318    u_enc_rq/rq_reg[7]_i_305_n_0
                         CARRY4 (Prop_carry4_CI_CO[3])
                                                      0.117     5.435 r  u_enc_rq/rq_reg[7]_i_308/CO[3]
                         net (fo=1, unplaced)         0.000     5.435    u_enc_rq/rq_reg[7]_i_308_n_0
                         CARRY4 (Prop_carry4_CI_CO[3])
                                                      0.117     5.552 r  u_enc_rq/rq_reg[7]_i_302/CO[3]
                         net (fo=1, unplaced)         0.000     5.552    u_enc_rq/rq_reg[7]_i_302_n_0
                         CARRY4 (Prop_carry4_CI_CO[3])
                                                      0.117     5.669 r  u_enc_rq/rq_reg[7]_i_248/CO[3]
                         net (fo=1, unplaced)         0.000     5.669    u_enc_rq/rq_reg[7]_i_248_n_0
                         CARRY4 (Prop_carry4_CI_O[3])
                                                      0.331     6.000 f  u_enc_rq/rq_reg[7]_i_114/O[3]
                         net (fo=64, unplaced)        0.706     6.706    u_enc_rq/rq_reg[7]_i_114_n_4
                         LUT6 (Prop_lut6_I0_O)        0.307     7.013 f  u_enc_rq/rq[7]_i_1000/O
                         net (fo=4, unplaced)         0.926     7.939    u_enc_rq/rq[7]_i_1000_n_0
                         LUT6 (Prop_lut6_I0_O)        0.124     8.063 f  u_enc_rq/rq[7]_i_998/O
                         net (fo=2, unplaced)         0.460     8.523    u_enc_rq/rq[7]_i_998_n_0
                         LUT3 (Prop_lut3_I2_O)        0.124     8.647 f  u_enc_rq/rq[7]_i_942/O
                         net (fo=2, unplaced)         0.913     9.560    u_enc_rq/rq[7]_i_942_n_0
                         LUT6 (Prop_lut6_I1_O)        0.124     9.684 f  u_enc_rq/rq[7]_i_832/O
                         net (fo=4, unplaced)         0.473    10.157    u_enc_rq/rq[7]_i_832_n_0
                         LUT6 (Prop_lut6_I2_O)        0.124    10.281 r  u_enc_rq/rq[7]_i_709/O
                         net (fo=1, unplaced)         0.639    10.920    u_enc_rq/rq[7]_i_709_n_0
                         CARRY4 (Prop_carry4_DI[1]_CO[3])
                                                      0.520    11.440 r  u_enc_rq/rq_reg[7]_i_576/CO[3]
                         net (fo=1, unplaced)         0.000    11.440    u_enc_rq/rq_reg[7]_i_576_n_0
                         CARRY4 (Prop_carry4_CI_CO[3])
                                                      0.117    11.557 r  u_enc_rq/rq_reg[7]_i_369/CO[3]
                         net (fo=1, unplaced)         0.000    11.557    u_enc_rq/rq_reg[7]_i_369_n_0
                         CARRY4 (Prop_carry4_CI_CO[3])
                                                      0.117    11.674 r  u_enc_rq/rq_reg[7]_i_208/CO[3]
                         net (fo=1, unplaced)         0.000    11.674    u_enc_rq/rq_reg[7]_i_208_n_0
                         CARRY4 (Prop_carry4_CI_CO[3])
                                                      0.117    11.791 r  u_enc_rq/rq_reg[7]_i_97/CO[3]
                         net (fo=1, unplaced)         0.000    11.791    u_enc_rq/rq_reg[7]_i_97_n_0
                         CARRY4 (Prop_carry4_CI_CO[3])
                                                      0.117    11.908 r  u_enc_rq/rq_reg[7]_i_34/CO[3]
                         net (fo=1, unplaced)         0.000    11.908    u_enc_rq/rq_reg[7]_i_34_n_0
                         CARRY4 (Prop_carry4_CI_CO[3])
                                                      0.117    12.025 r  u_enc_rq/rq_reg[7]_i_8/CO[3]
                         net (fo=1, unplaced)         0.000    12.025    u_enc_rq/rq_reg[7]_i_8_n_0
                         CARRY4 (Prop_carry4_CI_CO[3])
                                                      0.117    12.142 r  u_enc_rq/rq_reg[7]_i_3/CO[3]
                         net (fo=2, unplaced)         0.929    13.071    u_enc_rq/acc_sat1
                         LUT2 (Prop_lut2_I1_O)        0.124    13.195 r  u_enc_rq/rq[7]_i_1/O
                         net (fo=7, unplaced)         0.811    14.006    u_enc_rq/rq[7]_i_1_n_0
                         FDRE                                         r  u_enc_rq/rq_reg[2]/R
  -------------------------------------------------------------------    -------------------

                         (clock ACLK rise edge)      13.160    13.160 r  
                                                      0.000    13.160 r  clk (IN)
                         net (fo=3591, unset)         0.924    14.084    u_enc_rq/clk
                         FDRE                                         r  u_enc_rq/rq_reg[2]/C
                         clock pessimism              0.000    14.084    
                         clock uncertainty           -0.035    14.049    
                         FDRE (Setup_fdre_C_R)       -0.524    13.525    u_enc_rq/rq_reg[2]
  -------------------------------------------------------------------
                         required time                         13.525    
                         arrival time                         -14.006    
  -------------------------------------------------------------------
                         slack                                 -0.481    

Slack (VIOLATED) :        -0.481ns  (required time - arrival time)
  Source:                 u_enc_rq/param3_reg[69]/C
                            (rising edge-triggered cell FDRE clocked by ACLK  {rise@0.000ns fall@6.580ns period=13.160ns})
  Destination:            u_enc_rq/rq_reg[3]/R
                            (rising edge-triggered cell FDRE clocked by ACLK  {rise@0.000ns fall@6.580ns period=13.160ns})
  Path Group:             ACLK
  Path Type:              Setup (Max at Slow Process Corner)
  Requirement:            13.160ns  (ACLK rise@13.160ns - ACLK rise@0.000ns)
  Data Path Delay:        13.033ns  (logic 5.588ns (42.876%)  route 7.445ns (57.124%))
  Logic Levels:           31  (CARRY4=23 LUT2=1 LUT3=1 LUT5=1 LUT6=5)
  Clock Path Skew:        -0.049ns (DCD - SCD + CPR)
    Destination Clock Delay (DCD):    0.924ns = ( 14.084 - 13.160 ) 
    Source Clock Delay      (SCD):    0.973ns
    Clock Pessimism Removal (CPR):    0.000ns
  Clock Uncertainty:      0.035ns  ((TSJ^2 + TIJ^2)^1/2 + DJ) / 2 + PE
    Total System Jitter     (TSJ):    0.071ns
    Total Input Jitter      (TIJ):    0.000ns
    Discrete Jitter          (DJ):    0.000ns
    Phase Error              (PE):    0.000ns

    Location             Delay type                Incr(ns)  Path(ns)    Netlist Resource(s)
  -------------------------------------------------------------------    -------------------
                         (clock ACLK rise edge)       0.000     0.000 r  
                                                      0.000     0.000 r  clk (IN)
                         net (fo=3591, unset)         0.973     0.973    u_enc_rq/clk
                         FDRE                                         r  u_enc_rq/param3_reg[69]/C
  -------------------------------------------------------------------    -------------------
                         FDRE (Prop_fdre_C_Q)         0.518     1.491 r  u_enc_rq/param3_reg[69]/Q
                         net (fo=160, unplaced)       1.076     2.567    u_enc_rq/p_0_in[5]
                         LUT6 (Prop_lut6_I0_O)        0.295     2.862 r  u_enc_rq/rq[7]_i_696/O
                         net (fo=16, unplaced)        0.503     3.365    u_enc_rq/rq[7]_i_696_n_0
                         LUT5 (Prop_lut5_I0_O)        0.124     3.489 r  u_enc_rq/rq[3]_i_15/O
                         net (fo=1, unplaced)         0.000     3.489    u_enc_rq/rq[3]_i_15_n_0
                         CARRY4 (Prop_carry4_S[1]_CO[3])
                                                      0.533     4.022 r  u_enc_rq/rq_reg[3]_i_11/CO[3]
                         net (fo=1, unplaced)         0.009     4.031    u_enc_rq/rq_reg[3]_i_11_n_0
                         CARRY4 (Prop_carry4_CI_CO[3])
                                                      0.117     4.148 r  u_enc_rq/rq_reg[7]_i_313/CO[3]
                         net (fo=1, unplaced)         0.000     4.148    u_enc_rq/rq_reg[7]_i_313_n_0
                         CARRY4 (Prop_carry4_CI_CO[3])
                                                      0.117     4.265 r  u_enc_rq/rq_reg[7]_i_312/CO[3]
                         net (fo=1, unplaced)         0.000     4.265    u_enc_rq/rq_reg[7]_i_312_n_0
                         CARRY4 (Prop_carry4_CI_CO[3])
                                                      0.117     4.382 r  u_enc_rq/rq_reg[7]_i_306/CO[3]
                         net (fo=1, unplaced)         0.000     4.382    u_enc_rq/rq_reg[7]_i_306_n_0
                         CARRY4 (Prop_carry4_CI_CO[3])
                                                      0.117     4.499 r  u_enc_rq/rq_reg[7]_i_309/CO[3]
                         net (fo=1, unplaced)         0.000     4.499    u_enc_rq/rq_reg[7]_i_309_n_0
                         CARRY4 (Prop_carry4_CI_CO[3])
                                                      0.117     4.616 r  u_enc_rq/rq_reg[7]_i_303/CO[3]
                         net (fo=1, unplaced)         0.000     4.616    u_enc_rq/rq_reg[7]_i_303_n_0
                         CARRY4 (Prop_carry4_CI_CO[3])
                                                      0.117     4.733 r  u_enc_rq/rq_reg[7]_i_310/CO[3]
                         net (fo=1, unplaced)         0.000     4.733    u_enc_rq/rq_reg[7]_i_310_n_0
                         CARRY4 (Prop_carry4_CI_CO[3])
                                                      0.117     4.850 r  u_enc_rq/rq_reg[7]_i_304/CO[3]
                         net (fo=1, unplaced)         0.000     4.850    u_enc_rq/rq_reg[7]_i_304_n_0
                         CARRY4 (Prop_carry4_CI_CO[3])
                                                      0.117     4.967 r  u_enc_rq/rq_reg[7]_i_307/CO[3]
                         net (fo=1, unplaced)         0.000     4.967    u_enc_rq/rq_reg[7]_i_307_n_0
                         CARRY4 (Prop_carry4_CI_CO[3])
                                                      0.117     5.084 r  u_enc_rq/rq_reg[7]_i_301/CO[3]
                         net (fo=1, unplaced)         0.000     5.084    u_enc_rq/rq_reg[7]_i_301_n_0
                         CARRY4 (Prop_carry4_CI_CO[3])
                                                      0.117     5.201 r  u_enc_rq/rq_reg[7]_i_311/CO[3]
                         net (fo=1, unplaced)         0.000     5.201    u_enc_rq/rq_reg[7]_i_311_n_0
                         CARRY4 (Prop_carry4_CI_CO[3])
                                                      0.117     5.318 r  u_enc_rq/rq_reg[7]_i_305/CO[3]
                         net (fo=1, unplaced)         0.000     5.318    u_enc_rq/rq_reg[7]_i_305_n_0
                         CARRY4 (Prop_carry4_CI_CO[3])
                                                      0.117     5.435 r  u_enc_rq/rq_reg[7]_i_308/CO[3]
                         net (fo=1, unplaced)         0.000     5.435    u_enc_rq/rq_reg[7]_i_308_n_0
                         CARRY4 (Prop_carry4_CI_CO[3])
                                                      0.117     5.552 r  u_enc_rq/rq_reg[7]_i_302/CO[3]
                         net (fo=1, unplaced)         0.000     5.552    u_enc_rq/rq_reg[7]_i_302_n_0
                         CARRY4 (Prop_carry4_CI_CO[3])
                                                      0.117     5.669 r  u_enc_rq/rq_reg[7]_i_248/CO[3]
                         net (fo=1, unplaced)         0.000     5.669    u_enc_rq/rq_reg[7]_i_248_n_0
                         CARRY4 (Prop_carry4_CI_O[3])
                                                      0.331     6.000 f  u_enc_rq/rq_reg[7]_i_114/O[3]
                         net (fo=64, unplaced)        0.706     6.706    u_enc_rq/rq_reg[7]_i_114_n_4
                         LUT6 (Prop_lut6_I0_O)        0.307     7.013 f  u_enc_rq/rq[7]_i_1000/O
                         net (fo=4, unplaced)         0.926     7.939    u_enc_rq/rq[7]_i_1000_n_0
                         LUT6 (Prop_lut6_I0_O)        0.124     8.063 f  u_enc_rq/rq[7]_i_998/O
                         net (fo=2, unplaced)         0.460     8.523    u_enc_rq/rq[7]_i_998_n_0
                         LUT3 (Prop_lut3_I2_O)        0.124     8.647 f  u_enc_rq/rq[7]_i_942/O
                         net (fo=2, unplaced)         0.913     9.560    u_enc_rq/rq[7]_i_942_n_0
                         LUT6 (Prop_lut6_I1_O)        0.124     9.684 f  u_enc_rq/rq[7]_i_832/O
                         net (fo=4, unplaced)         0.473    10.157    u_enc_rq/rq[7]_i_832_n_0
                         LUT6 (Prop_lut6_I2_O)        0.124    10.281 r  u_enc_rq/rq[7]_i_709/O
                         net (fo=1, unplaced)         0.639    10.920    u_enc_rq/rq[7]_i_709_n_0
                         CARRY4 (Prop_carry4_DI[1]_CO[3])
                                                      0.520    11.440 r  u_enc_rq/rq_reg[7]_i_576/CO[3]
                         net (fo=1, unplaced)         0.000    11.440    u_enc_rq/rq_reg[7]_i_576_n_0
                         CARRY4 (Prop_carry4_CI_CO[3])
                                                      0.117    11.557 r  u_enc_rq/rq_reg[7]_i_369/CO[3]
                         net (fo=1, unplaced)         0.000    11.557    u_enc_rq/rq_reg[7]_i_369_n_0
                         CARRY4 (Prop_carry4_CI_CO[3])
                                                      0.117    11.674 r  u_enc_rq/rq_reg[7]_i_208/CO[3]
                         net (fo=1, unplaced)         0.000    11.674    u_enc_rq/rq_reg[7]_i_208_n_0
                         CARRY4 (Prop_carry4_CI_CO[3])
                                                      0.117    11.791 r  u_enc_rq/rq_reg[7]_i_97/CO[3]
                         net (fo=1, unplaced)         0.000    11.791    u_enc_rq/rq_reg[7]_i_97_n_0
                         CARRY4 (Prop_carry4_CI_CO[3])
                                                      0.117    11.908 r  u_enc_rq/rq_reg[7]_i_34/CO[3]
                         net (fo=1, unplaced)         0.000    11.908    u_enc_rq/rq_reg[7]_i_34_n_0
                         CARRY4 (Prop_carry4_CI_CO[3])
                                                      0.117    12.025 r  u_enc_rq/rq_reg[7]_i_8/CO[3]
                         net (fo=1, unplaced)         0.000    12.025    u_enc_rq/rq_reg[7]_i_8_n_0
                         CARRY4 (Prop_carry4_CI_CO[3])
                                                      0.117    12.142 r  u_enc_rq/rq_reg[7]_i_3/CO[3]
                         net (fo=2, unplaced)         0.929    13.071    u_enc_rq/acc_sat1
                         LUT2 (Prop_lut2_I1_O)        0.124    13.195 r  u_enc_rq/rq[7]_i_1/O
                         net (fo=7, unplaced)         0.811    14.006    u_enc_rq/rq[7]_i_1_n_0
                         FDRE                                         r  u_enc_rq/rq_reg[3]/R
  -------------------------------------------------------------------    -------------------

                         (clock ACLK rise edge)      13.160    13.160 r  
                                                      0.000    13.160 r  clk (IN)
                         net (fo=3591, unset)         0.924    14.084    u_enc_rq/clk
                         FDRE                                         r  u_enc_rq/rq_reg[3]/C
                         clock pessimism              0.000    14.084    
                         clock uncertainty           -0.035    14.049    
                         FDRE (Setup_fdre_C_R)       -0.524    13.525    u_enc_rq/rq_reg[3]
  -------------------------------------------------------------------
                         required time                         13.525    
                         arrival time                         -14.006    
  -------------------------------------------------------------------
                         slack                                 -0.481    





Min Delay Paths
--------------------------------------------------------------------------------------
Slack (MET) :             0.219ns  (arrival time - required time)
  Source:                 u_conv_mac/acc_tag_r_reg[0]/C
                            (rising edge-triggered cell FDRE clocked by ACLK  {rise@0.000ns fall@6.580ns period=13.160ns})
  Destination:            u_enc_rq/rq_tag_reg[0]_srl4/D
                            (rising edge-triggered cell SRL16E clocked by ACLK  {rise@0.000ns fall@6.580ns period=13.160ns})
  Path Group:             ACLK
  Path Type:              Hold (Min at Fast Process Corner)
  Requirement:            0.000ns  (ACLK rise@0.000ns - ACLK rise@0.000ns)
  Data Path Delay:        0.305ns  (logic 0.164ns (53.808%)  route 0.141ns (46.192%))
  Logic Levels:           0  
  Clock Path Skew:        0.022ns (DCD - SCD - CPR)
    Destination Clock Delay (DCD):    0.432ns
    Source Clock Delay      (SCD):    0.410ns
    Clock Pessimism Removal (CPR):    -0.000ns

    Location             Delay type                Incr(ns)  Path(ns)    Netlist Resource(s)
  -------------------------------------------------------------------    -------------------
                         (clock ACLK rise edge)       0.000     0.000 r  
                                                      0.000     0.000 r  clk (IN)
                         net (fo=3591, unset)         0.410     0.410    u_conv_mac/clk
                         FDRE                                         r  u_conv_mac/acc_tag_r_reg[0]/C
  -------------------------------------------------------------------    -------------------
                         FDRE (Prop_fdre_C_Q)         0.164     0.574 r  u_conv_mac/acc_tag_r_reg[0]/Q
                         net (fo=1, unplaced)         0.141     0.715    u_enc_rq/rq_tag_r0_reg[18][0]
                         SRL16E                                       r  u_enc_rq/rq_tag_reg[0]_srl4/D
  -------------------------------------------------------------------    -------------------

                         (clock ACLK rise edge)       0.000     0.000 r  
                                                      0.000     0.000 r  clk (IN)
                         net (fo=3591, unset)         0.432     0.432    u_enc_rq/clk
                         SRL16E                                       r  u_enc_rq/rq_tag_reg[0]_srl4/CLK
                         clock pessimism              0.000     0.432    
                         SRL16E (Hold_srl16e_CLK_D)
                                                      0.064     0.496    u_enc_rq/rq_tag_reg[0]_srl4
  -------------------------------------------------------------------
                         required time                         -0.496    
                         arrival time                           0.715    
  -------------------------------------------------------------------
                         slack                                  0.219    

Slack (MET) :             0.219ns  (arrival time - required time)
  Source:                 u_conv_mac/acc_tag_r_reg[10]/C
                            (rising edge-triggered cell FDRE clocked by ACLK  {rise@0.000ns fall@6.580ns period=13.160ns})
  Destination:            u_enc_rq/rq_tag_reg[10]_srl4/D
                            (rising edge-triggered cell SRL16E clocked by ACLK  {rise@0.000ns fall@6.580ns period=13.160ns})
  Path Group:             ACLK
  Path Type:              Hold (Min at Fast Process Corner)
  Requirement:            0.000ns  (ACLK rise@0.000ns - ACLK rise@0.000ns)
  Data Path Delay:        0.305ns  (logic 0.164ns (53.808%)  route 0.141ns (46.192%))
  Logic Levels:           0  
  Clock Path Skew:        0.022ns (DCD - SCD - CPR)
    Destination Clock Delay (DCD):    0.432ns
    Source Clock Delay      (SCD):    0.410ns
    Clock Pessimism Removal (CPR):    -0.000ns

    Location             Delay type                Incr(ns)  Path(ns)    Netlist Resource(s)
  -------------------------------------------------------------------    -------------------
                         (clock ACLK rise edge)       0.000     0.000 r  
                                                      0.000     0.000 r  clk (IN)
                         net (fo=3591, unset)         0.410     0.410    u_conv_mac/clk
                         FDRE                                         r  u_conv_mac/acc_tag_r_reg[10]/C
  -------------------------------------------------------------------    -------------------
                         FDRE (Prop_fdre_C_Q)         0.164     0.574 r  u_conv_mac/acc_tag_r_reg[10]/Q
                         net (fo=1, unplaced)         0.141     0.715    u_enc_rq/rq_tag_r0_reg[18][10]
                         SRL16E                                       r  u_enc_rq/rq_tag_reg[10]_srl4/D
  -------------------------------------------------------------------    -------------------

                         (clock ACLK rise edge)       0.000     0.000 r  
                                                      0.000     0.000 r  clk (IN)
                         net (fo=3591, unset)         0.432     0.432    u_enc_rq/clk
                         SRL16E                                       r  u_enc_rq/rq_tag_reg[10]_srl4/CLK
                         clock pessimism              0.000     0.432    
                         SRL16E (Hold_srl16e_CLK_D)
                                                      0.064     0.496    u_enc_rq/rq_tag_reg[10]_srl4
  -------------------------------------------------------------------
                         required time                         -0.496    
                         arrival time                           0.715    
  -------------------------------------------------------------------
                         slack                                  0.219    

Slack (MET) :             0.219ns  (arrival time - required time)
  Source:                 u_conv_mac/acc_tag_r_reg[11]/C
                            (rising edge-triggered cell FDRE clocked by ACLK  {rise@0.000ns fall@6.580ns period=13.160ns})
  Destination:            u_enc_rq/rq_tag_reg[11]_srl4/D
                            (rising edge-triggered cell SRL16E clocked by ACLK  {rise@0.000ns fall@6.580ns period=13.160ns})
  Path Group:             ACLK
  Path Type:              Hold (Min at Fast Process Corner)
  Requirement:            0.000ns  (ACLK rise@0.000ns - ACLK rise@0.000ns)
  Data Path Delay:        0.305ns  (logic 0.164ns (53.808%)  route 0.141ns (46.192%))
  Logic Levels:           0  
  Clock Path Skew:        0.022ns (DCD - SCD - CPR)
    Destination Clock Delay (DCD):    0.432ns
    Source Clock Delay      (SCD):    0.410ns
    Clock Pessimism Removal (CPR):    -0.000ns

    Location             Delay type                Incr(ns)  Path(ns)    Netlist Resource(s)
  -------------------------------------------------------------------    -------------------
                         (clock ACLK rise edge)       0.000     0.000 r  
                                                      0.000     0.000 r  clk (IN)
                         net (fo=3591, unset)         0.410     0.410    u_conv_mac/clk
                         FDRE                                         r  u_conv_mac/acc_tag_r_reg[11]/C
  -------------------------------------------------------------------    -------------------
                         FDRE (Prop_fdre_C_Q)         0.164     0.574 r  u_conv_mac/acc_tag_r_reg[11]/Q
                         net (fo=1, unplaced)         0.141     0.715    u_enc_rq/rq_tag_r0_reg[18][11]
                         SRL16E                                       r  u_enc_rq/rq_tag_reg[11]_srl4/D
  -------------------------------------------------------------------    -------------------

                         (clock ACLK rise edge)       0.000     0.000 r  
                                                      0.000     0.000 r  clk (IN)
                         net (fo=3591, unset)         0.432     0.432    u_enc_rq/clk
                         SRL16E                                       r  u_enc_rq/rq_tag_reg[11]_srl4/CLK
                         clock pessimism              0.000     0.432    
                         SRL16E (Hold_srl16e_CLK_D)
                                                      0.064     0.496    u_enc_rq/rq_tag_reg[11]_srl4
  -------------------------------------------------------------------
                         required time                         -0.496    
                         arrival time                           0.715    
  -------------------------------------------------------------------
                         slack                                  0.219    





Pulse Width Checks
--------------------------------------------------------------------------------------
Clock Name:         ACLK
Waveform(ns):       { 0.000 6.580 }
Period(ns):         13.160
Sources:            { clk }

Check Type        Corner  Lib Pin      Reference Pin  Required(ns)  Actual(ns)  Slack(ns)  Location  Pin
Min Period        n/a     DSP48E1/CLK  n/a            3.884         13.160      9.276                u_enc_rq/acc_r3_reg/CLK
Min Period        n/a     DSP48E1/CLK  n/a            3.884         13.160      9.276                u_enc_rq/acc_r3_reg__0/CLK
Min Period        n/a     DSP48E1/CLK  n/a            3.884         13.160      9.276                u_pool/prod_r2_reg/CLK
Low Pulse Width   Fast    SRL16E/CLK   n/a            0.980         6.580       5.600                u_pool/v_r2_reg_srl2___u_enc_rq_valid_r1_reg_r/CLK
Low Pulse Width   Fast    SRL16E/CLK   n/a            0.980         6.580       5.600                u_pool/idx_r3_reg[0]_srl3/CLK
Low Pulse Width   Fast    SRL16E/CLK   n/a            0.980         6.580       5.600                u_pool/idx_r3_reg[1]_srl3/CLK
High Pulse Width  Slow    SRL16E/CLK   n/a            0.980         6.580       5.600                u_pool/v_r2_reg_srl2___u_enc_rq_valid_r1_reg_r/CLK
High Pulse Width  Fast    SRL16E/CLK   n/a            0.980         6.580       5.600                u_pool/v_r2_reg_srl2___u_enc_rq_valid_r1_reg_r/CLK
High Pulse Width  Slow    SRL16E/CLK   n/a            0.980         6.580       5.600                u_pool/idx_r3_reg[0]_srl3/CLK



