Copyright 1986-2020 Xilinx, Inc. All Rights Reserved.
--------------------------------------------------------------------------------------------------------------------------------------------------------------------------------------
| Tool Version : Vivado v.2020.2 (win64) Build 3064766 Wed Nov 18 09:12:45 MST 2020
| Date         : Sat Sep 26 20:09:44 2026
| Host         : DESKTOP-7CFQ9ND running 64-bit major release  (build 9200)
| Command      : report_timing -max_paths 3 -nworst 1 -input_pins -delay_type max -file D:/2609_final_project/cnn_rtl/docs/E-02a_runs/encoder_freq1_13.160_retry/post_route_paths.rpt
| Design       : CNN_Encoder
| Device       : 7z020-clg400
| Speed File   : -1  PRODUCTION 1.12 2019-11-22
--------------------------------------------------------------------------------------------------------------------------------------------------------------------------------------

Timing Report

Slack (VIOLATED) :        -0.268ns  (required time - arrival time)
  Source:                 pool_shift[5]
                            (input port clocked by ACLK  {rise@0.000ns fall@6.580ns period=13.160ns})
  Destination:            u_pool/p_r3_reg[7]/S
                            (rising edge-triggered cell FDSE clocked by ACLK  {rise@0.000ns fall@6.580ns period=13.160ns})
  Path Group:             ACLK
  Path Type:              Setup (Max at Slow Process Corner)
  Requirement:            13.160ns  (ACLK rise@13.160ns - ACLK rise@0.000ns)
  Data Path Delay:        11.793ns  (logic 4.894ns (41.497%)  route 6.899ns (58.502%))
  Logic Levels:           29  (CARRY4=21 LUT2=1 LUT3=1 LUT5=3 LUT6=3)
  Input Delay:            2.000ns
  Clock Path Skew:        0.924ns (DCD - SCD + CPR)
    Destination Clock Delay (DCD):    0.924ns = ( 14.084 - 13.160 ) 
    Source Clock Delay      (SCD):    0.000ns
    Clock Pessimism Removal (CPR):    0.000ns
  Clock Uncertainty:      0.035ns  ((TSJ^2 + TIJ^2)^1/2 + DJ) / 2 + PE
    Total System Jitter     (TSJ):    0.071ns
    Total Input Jitter      (TIJ):    0.000ns
    Discrete Jitter          (DJ):    0.000ns
    Phase Error              (PE):    0.000ns

    Location             Delay type                Incr(ns)  Path(ns)    Netlist Resource(s)
  -------------------------------------------------------------------    -------------------
                         (clock ACLK rise edge)       0.000     0.000 r  
                         input delay                  2.000     2.000    
                                                      0.000     2.000 r  pool_shift[5] (IN)
                         net (fo=212, unset)          0.973     2.973    pool_shift[5]
    SLICE_X40Y81                                                      r  p_r3[1]_i_229/I5
    SLICE_X40Y81         LUT6 (Prop_lut6_I5_O)        0.124     3.097 r  p_r3[1]_i_229/O
                         net (fo=14, routed)          0.640     3.737    u_pool/p_r3_reg[1]_i_69_0
    SLICE_X42Y82                                                      r  u_pool/p_r3[1]_i_152/I3
    SLICE_X42Y82         LUT5 (Prop_lut5_I3_O)        0.124     3.861 r  u_pool/p_r3[1]_i_152/O
                         net (fo=1, routed)           0.000     3.861    u_pool/p_r3[1]_i_152_n_0
    SLICE_X42Y82                                                      r  u_pool/p_r3_reg[1]_i_60/S[1]
    SLICE_X42Y82         CARRY4 (Prop_carry4_S[1]_CO[3])
                                                      0.533     4.394 r  u_pool/p_r3_reg[1]_i_60/CO[3]
                         net (fo=1, routed)           0.000     4.394    u_pool/p_r3_reg[1]_i_60_n_0
    SLICE_X42Y83                                                      r  u_pool/p_r3_reg[1]_i_53/CI
    SLICE_X42Y83         CARRY4 (Prop_carry4_CI_CO[3])
                                                      0.117     4.511 r  u_pool/p_r3_reg[1]_i_53/CO[3]
                         net (fo=1, routed)           0.000     4.511    u_pool/p_r3_reg[1]_i_53_n_0
    SLICE_X42Y84                                                      r  u_pool/p_r3_reg[1]_i_56/CI
    SLICE_X42Y84         CARRY4 (Prop_carry4_CI_CO[3])
                                                      0.117     4.628 r  u_pool/p_r3_reg[1]_i_56/CO[3]
                         net (fo=1, routed)           0.000     4.628    u_pool/p_r3_reg[1]_i_56_n_0
    SLICE_X42Y85                                                      r  u_pool/p_r3_reg[1]_i_49/CI
    SLICE_X42Y85         CARRY4 (Prop_carry4_CI_CO[3])
                                                      0.117     4.745 r  u_pool/p_r3_reg[1]_i_49/CO[3]
                         net (fo=1, routed)           0.000     4.745    u_pool/p_r3_reg[1]_i_49_n_0
    SLICE_X42Y86                                                      r  u_pool/p_r3_reg[1]_i_58/CI
    SLICE_X42Y86         CARRY4 (Prop_carry4_CI_CO[3])
                                                      0.117     4.862 r  u_pool/p_r3_reg[1]_i_58/CO[3]
                         net (fo=1, routed)           0.000     4.862    u_pool/p_r3_reg[1]_i_58_n_0
    SLICE_X42Y87                                                      r  u_pool/p_r3_reg[1]_i_51/CI
    SLICE_X42Y87         CARRY4 (Prop_carry4_CI_CO[3])
                                                      0.117     4.979 r  u_pool/p_r3_reg[1]_i_51/CO[3]
                         net (fo=1, routed)           0.000     4.979    u_pool/p_r3_reg[1]_i_51_n_0
    SLICE_X42Y88                                                      r  u_pool/p_r3_reg[1]_i_54/CI
    SLICE_X42Y88         CARRY4 (Prop_carry4_CI_CO[3])
                                                      0.117     5.096 r  u_pool/p_r3_reg[1]_i_54/CO[3]
                         net (fo=1, routed)           0.000     5.096    u_pool/p_r3_reg[1]_i_54_n_0
    SLICE_X42Y89                                                      r  u_pool/p_r3_reg[1]_i_47/CI
    SLICE_X42Y89         CARRY4 (Prop_carry4_CI_CO[3])
                                                      0.117     5.213 r  u_pool/p_r3_reg[1]_i_47/CO[3]
                         net (fo=1, routed)           0.000     5.213    u_pool/p_r3_reg[1]_i_47_n_0
    SLICE_X42Y90                                                      r  u_pool/p_r3_reg[1]_i_59/CI
    SLICE_X42Y90         CARRY4 (Prop_carry4_CI_CO[3])
                                                      0.117     5.330 r  u_pool/p_r3_reg[1]_i_59/CO[3]
                         net (fo=1, routed)           0.000     5.330    u_pool/p_r3_reg[1]_i_59_n_0
    SLICE_X42Y91                                                      r  u_pool/p_r3_reg[1]_i_52/CI
    SLICE_X42Y91         CARRY4 (Prop_carry4_CI_CO[3])
                                                      0.117     5.447 r  u_pool/p_r3_reg[1]_i_52/CO[3]
                         net (fo=1, routed)           0.000     5.447    u_pool/p_r3_reg[1]_i_52_n_0
    SLICE_X42Y92                                                      r  u_pool/p_r3_reg[1]_i_55/CI
    SLICE_X42Y92         CARRY4 (Prop_carry4_CI_CO[3])
                                                      0.117     5.564 r  u_pool/p_r3_reg[1]_i_55/CO[3]
                         net (fo=1, routed)           0.000     5.564    u_pool/p_r3_reg[1]_i_55_n_0
    SLICE_X42Y93                                                      r  u_pool/p_r3_reg[1]_i_48/CI
    SLICE_X42Y93         CARRY4 (Prop_carry4_CI_CO[3])
                                                      0.117     5.681 r  u_pool/p_r3_reg[1]_i_48/CO[3]
                         net (fo=1, routed)           0.000     5.681    u_pool/p_r3_reg[1]_i_48_n_0
    SLICE_X42Y94                                                      r  u_pool/p_r3_reg[1]_i_57/CI
    SLICE_X42Y94         CARRY4 (Prop_carry4_CI_CO[3])
                                                      0.117     5.798 r  u_pool/p_r3_reg[1]_i_57/CO[3]
                         net (fo=1, routed)           0.000     5.798    u_pool/p_r3_reg[1]_i_57_n_0
    SLICE_X42Y95                                                      r  u_pool/p_r3_reg[1]_i_50/CI
    SLICE_X42Y95         CARRY4 (Prop_carry4_CI_CO[3])
                                                      0.117     5.915 r  u_pool/p_r3_reg[1]_i_50/CO[3]
                         net (fo=1, routed)           0.000     5.915    u_pool/p_r3_reg[1]_i_50_n_0
    SLICE_X42Y96                                                      r  u_pool/p_r3_reg[1]_i_46/CI
    SLICE_X42Y96         CARRY4 (Prop_carry4_CI_O[3])
                                                      0.315     6.230 f  u_pool/p_r3_reg[1]_i_46/O[3]
                         net (fo=65, routed)          1.397     7.627    u_pool/p_r3_reg[1]_i_46_n_4
    SLICE_X40Y90                                                      f  u_pool/p_r3[14]_i_669_replica/I2
    SLICE_X40Y90         LUT5 (Prop_lut5_I2_O)        0.307     7.934 f  u_pool/p_r3[14]_i_669_replica/O
                         net (fo=3, routed)           0.957     8.891    u_pool/p_r3[14]_i_669_n_0_repN
    SLICE_X39Y89                                                      f  u_pool/p_r3[14]_i_706/I0
    SLICE_X39Y89         LUT6 (Prop_lut6_I0_O)        0.124     9.015 f  u_pool/p_r3[14]_i_706/O
                         net (fo=2, routed)           0.445     9.460    u_pool/p_r3[14]_i_706_n_0
    SLICE_X39Y89                                                      f  u_pool/p_r3[14]_i_641/I0
    SLICE_X39Y89         LUT3 (Prop_lut3_I0_O)        0.124     9.584 f  u_pool/p_r3[14]_i_641/O
                         net (fo=2, routed)           0.996    10.580    u_pool/p_r3[14]_i_641_n_0
    SLICE_X35Y90                                                      f  u_pool/p_r3[14]_i_532/I0
    SLICE_X35Y90         LUT6 (Prop_lut6_I0_O)        0.124    10.704 f  u_pool/p_r3[14]_i_532/O
                         net (fo=4, routed)           0.668    11.372    u_pool/p_r3[14]_i_532_n_0
    SLICE_X33Y90                                                      f  u_pool/p_r3[14]_i_411/I1
    SLICE_X33Y90         LUT5 (Prop_lut5_I1_O)        0.124    11.496 r  u_pool/p_r3[14]_i_411/O
                         net (fo=1, routed)           0.000    11.496    u_pool/p_r3[14]_i_411_n_0
    SLICE_X33Y90                                                      r  u_pool/p_r3_reg[14]_i_273/S[0]
    SLICE_X33Y90         CARRY4 (Prop_carry4_S[0]_CO[3])
                                                      0.532    12.028 r  u_pool/p_r3_reg[14]_i_273/CO[3]
                         net (fo=1, routed)           0.000    12.028    u_pool/p_r3_reg[14]_i_273_n_0
    SLICE_X33Y91                                                      r  u_pool/p_r3_reg[14]_i_170/CI
    SLICE_X33Y91         CARRY4 (Prop_carry4_CI_CO[3])
                                                      0.114    12.142 r  u_pool/p_r3_reg[14]_i_170/CO[3]
                         net (fo=1, routed)           0.000    12.142    u_pool/p_r3_reg[14]_i_170_n_0
    SLICE_X33Y92                                                      r  u_pool/p_r3_reg[14]_i_89/CI
    SLICE_X33Y92         CARRY4 (Prop_carry4_CI_CO[3])
                                                      0.114    12.256 r  u_pool/p_r3_reg[14]_i_89/CO[3]
                         net (fo=1, routed)           0.000    12.256    u_pool/p_r3_reg[14]_i_89_n_0
    SLICE_X33Y93                                                      r  u_pool/p_r3_reg[14]_i_35/CI
    SLICE_X33Y93         CARRY4 (Prop_carry4_CI_CO[3])
                                                      0.114    12.370 r  u_pool/p_r3_reg[14]_i_35/CO[3]
                         net (fo=1, routed)           0.000    12.370    u_pool/p_r3_reg[14]_i_35_n_0
    SLICE_X33Y94                                                      r  u_pool/p_r3_reg[14]_i_8/CI
    SLICE_X33Y94         CARRY4 (Prop_carry4_CI_CO[3])
                                                      0.114    12.484 r  u_pool/p_r3_reg[14]_i_8/CO[3]
                         net (fo=1, routed)           0.000    12.484    u_pool/p_r3_reg[14]_i_8_n_0
    SLICE_X33Y95                                                      r  u_pool/p_r3_reg[14]_i_3/CI
    SLICE_X33Y95         CARRY4 (Prop_carry4_CI_CO[1])
                                                      0.157    12.641 r  u_pool/p_r3_reg[14]_i_3/CO[1]
                         net (fo=2, routed)           0.457    13.098    u_pool/p_sat1
    SLICE_X35Y96                                                      r  u_pool/p_r3[14]_i_1/I1
    SLICE_X35Y96         LUT2 (Prop_lut2_I1_O)        0.329    13.427 r  u_pool/p_r3[14]_i_1/O
                         net (fo=14, routed)          0.367    13.793    u_pool/p_r3[14]_i_1_n_0
    SLICE_X32Y96         FDSE                                         r  u_pool/p_r3_reg[7]/S
  -------------------------------------------------------------------    -------------------

                         (clock ACLK rise edge)      13.160    13.160 r  
                                                      0.000    13.160 r  clk (IN)
                         net (fo=3669, unset)         0.924    14.084    u_pool/clk
    SLICE_X32Y96         FDSE                                         r  u_pool/p_r3_reg[7]/C
                         clock pessimism              0.000    14.084    
                         clock uncertainty           -0.035    14.049    
    SLICE_X32Y96         FDSE (Setup_fdse_C_S)       -0.524    13.525    u_pool/p_r3_reg[7]
  -------------------------------------------------------------------
                         required time                         13.525    
                         arrival time                         -13.793    
  -------------------------------------------------------------------
                         slack                                 -0.268    

Slack (VIOLATED) :        -0.268ns  (required time - arrival time)
  Source:                 pool_shift[5]
                            (input port clocked by ACLK  {rise@0.000ns fall@6.580ns period=13.160ns})
  Destination:            u_pool/p_r3_reg[9]/S
                            (rising edge-triggered cell FDSE clocked by ACLK  {rise@0.000ns fall@6.580ns period=13.160ns})
  Path Group:             ACLK
  Path Type:              Setup (Max at Slow Process Corner)
  Requirement:            13.160ns  (ACLK rise@13.160ns - ACLK rise@0.000ns)
  Data Path Delay:        11.793ns  (logic 4.894ns (41.497%)  route 6.899ns (58.502%))
  Logic Levels:           29  (CARRY4=21 LUT2=1 LUT3=1 LUT5=3 LUT6=3)
  Input Delay:            2.000ns
  Clock Path Skew:        0.924ns (DCD - SCD + CPR)
    Destination Clock Delay (DCD):    0.924ns = ( 14.084 - 13.160 ) 
    Source Clock Delay      (SCD):    0.000ns
    Clock Pessimism Removal (CPR):    0.000ns
  Clock Uncertainty:      0.035ns  ((TSJ^2 + TIJ^2)^1/2 + DJ) / 2 + PE
    Total System Jitter     (TSJ):    0.071ns
    Total Input Jitter      (TIJ):    0.000ns
    Discrete Jitter          (DJ):    0.000ns
    Phase Error              (PE):    0.000ns

    Location             Delay type                Incr(ns)  Path(ns)    Netlist Resource(s)
  -------------------------------------------------------------------    -------------------
                         (clock ACLK rise edge)       0.000     0.000 r  
                         input delay                  2.000     2.000    
                                                      0.000     2.000 r  pool_shift[5] (IN)
                         net (fo=212, unset)          0.973     2.973    pool_shift[5]
    SLICE_X40Y81                                                      r  p_r3[1]_i_229/I5
    SLICE_X40Y81         LUT6 (Prop_lut6_I5_O)        0.124     3.097 r  p_r3[1]_i_229/O
                         net (fo=14, routed)          0.640     3.737    u_pool/p_r3_reg[1]_i_69_0
    SLICE_X42Y82                                                      r  u_pool/p_r3[1]_i_152/I3
    SLICE_X42Y82         LUT5 (Prop_lut5_I3_O)        0.124     3.861 r  u_pool/p_r3[1]_i_152/O
                         net (fo=1, routed)           0.000     3.861    u_pool/p_r3[1]_i_152_n_0
    SLICE_X42Y82                                                      r  u_pool/p_r3_reg[1]_i_60/S[1]
    SLICE_X42Y82         CARRY4 (Prop_carry4_S[1]_CO[3])
                                                      0.533     4.394 r  u_pool/p_r3_reg[1]_i_60/CO[3]
                         net (fo=1, routed)           0.000     4.394    u_pool/p_r3_reg[1]_i_60_n_0
    SLICE_X42Y83                                                      r  u_pool/p_r3_reg[1]_i_53/CI
    SLICE_X42Y83         CARRY4 (Prop_carry4_CI_CO[3])
                                                      0.117     4.511 r  u_pool/p_r3_reg[1]_i_53/CO[3]
                         net (fo=1, routed)           0.000     4.511    u_pool/p_r3_reg[1]_i_53_n_0
    SLICE_X42Y84                                                      r  u_pool/p_r3_reg[1]_i_56/CI
    SLICE_X42Y84         CARRY4 (Prop_carry4_CI_CO[3])
                                                      0.117     4.628 r  u_pool/p_r3_reg[1]_i_56/CO[3]
                         net (fo=1, routed)           0.000     4.628    u_pool/p_r3_reg[1]_i_56_n_0
    SLICE_X42Y85                                                      r  u_pool/p_r3_reg[1]_i_49/CI
    SLICE_X42Y85         CARRY4 (Prop_carry4_CI_CO[3])
                                                      0.117     4.745 r  u_pool/p_r3_reg[1]_i_49/CO[3]
                         net (fo=1, routed)           0.000     4.745    u_pool/p_r3_reg[1]_i_49_n_0
    SLICE_X42Y86                                                      r  u_pool/p_r3_reg[1]_i_58/CI
    SLICE_X42Y86         CARRY4 (Prop_carry4_CI_CO[3])
                                                      0.117     4.862 r  u_pool/p_r3_reg[1]_i_58/CO[3]
                         net (fo=1, routed)           0.000     4.862    u_pool/p_r3_reg[1]_i_58_n_0
    SLICE_X42Y87                                                      r  u_pool/p_r3_reg[1]_i_51/CI
    SLICE_X42Y87         CARRY4 (Prop_carry4_CI_CO[3])
                                                      0.117     4.979 r  u_pool/p_r3_reg[1]_i_51/CO[3]
                         net (fo=1, routed)           0.000     4.979    u_pool/p_r3_reg[1]_i_51_n_0
    SLICE_X42Y88                                                      r  u_pool/p_r3_reg[1]_i_54/CI
    SLICE_X42Y88         CARRY4 (Prop_carry4_CI_CO[3])
                                                      0.117     5.096 r  u_pool/p_r3_reg[1]_i_54/CO[3]
                         net (fo=1, routed)           0.000     5.096    u_pool/p_r3_reg[1]_i_54_n_0
    SLICE_X42Y89                                                      r  u_pool/p_r3_reg[1]_i_47/CI
    SLICE_X42Y89         CARRY4 (Prop_carry4_CI_CO[3])
                                                      0.117     5.213 r  u_pool/p_r3_reg[1]_i_47/CO[3]
                         net (fo=1, routed)           0.000     5.213    u_pool/p_r3_reg[1]_i_47_n_0
    SLICE_X42Y90                                                      r  u_pool/p_r3_reg[1]_i_59/CI
    SLICE_X42Y90         CARRY4 (Prop_carry4_CI_CO[3])
                                                      0.117     5.330 r  u_pool/p_r3_reg[1]_i_59/CO[3]
                         net (fo=1, routed)           0.000     5.330    u_pool/p_r3_reg[1]_i_59_n_0
    SLICE_X42Y91                                                      r  u_pool/p_r3_reg[1]_i_52/CI
    SLICE_X42Y91         CARRY4 (Prop_carry4_CI_CO[3])
                                                      0.117     5.447 r  u_pool/p_r3_reg[1]_i_52/CO[3]
                         net (fo=1, routed)           0.000     5.447    u_pool/p_r3_reg[1]_i_52_n_0
    SLICE_X42Y92                                                      r  u_pool/p_r3_reg[1]_i_55/CI
    SLICE_X42Y92         CARRY4 (Prop_carry4_CI_CO[3])
                                                      0.117     5.564 r  u_pool/p_r3_reg[1]_i_55/CO[3]
                         net (fo=1, routed)           0.000     5.564    u_pool/p_r3_reg[1]_i_55_n_0
    SLICE_X42Y93                                                      r  u_pool/p_r3_reg[1]_i_48/CI
    SLICE_X42Y93         CARRY4 (Prop_carry4_CI_CO[3])
                                                      0.117     5.681 r  u_pool/p_r3_reg[1]_i_48/CO[3]
                         net (fo=1, routed)           0.000     5.681    u_pool/p_r3_reg[1]_i_48_n_0
    SLICE_X42Y94                                                      r  u_pool/p_r3_reg[1]_i_57/CI
    SLICE_X42Y94         CARRY4 (Prop_carry4_CI_CO[3])
                                                      0.117     5.798 r  u_pool/p_r3_reg[1]_i_57/CO[3]
                         net (fo=1, routed)           0.000     5.798    u_pool/p_r3_reg[1]_i_57_n_0
    SLICE_X42Y95                                                      r  u_pool/p_r3_reg[1]_i_50/CI
    SLICE_X42Y95         CARRY4 (Prop_carry4_CI_CO[3])
                                                      0.117     5.915 r  u_pool/p_r3_reg[1]_i_50/CO[3]
                         net (fo=1, routed)           0.000     5.915    u_pool/p_r3_reg[1]_i_50_n_0
    SLICE_X42Y96                                                      r  u_pool/p_r3_reg[1]_i_46/CI
    SLICE_X42Y96         CARRY4 (Prop_carry4_CI_O[3])
                                                      0.315     6.230 f  u_pool/p_r3_reg[1]_i_46/O[3]
                         net (fo=65, routed)          1.397     7.627    u_pool/p_r3_reg[1]_i_46_n_4
    SLICE_X40Y90                                                      f  u_pool/p_r3[14]_i_669_replica/I2
    SLICE_X40Y90         LUT5 (Prop_lut5_I2_O)        0.307     7.934 f  u_pool/p_r3[14]_i_669_replica/O
                         net (fo=3, routed)           0.957     8.891    u_pool/p_r3[14]_i_669_n_0_repN
    SLICE_X39Y89                                                      f  u_pool/p_r3[14]_i_706/I0
    SLICE_X39Y89         LUT6 (Prop_lut6_I0_O)        0.124     9.015 f  u_pool/p_r3[14]_i_706/O
                         net (fo=2, routed)           0.445     9.460    u_pool/p_r3[14]_i_706_n_0
    SLICE_X39Y89                                                      f  u_pool/p_r3[14]_i_641/I0
    SLICE_X39Y89         LUT3 (Prop_lut3_I0_O)        0.124     9.584 f  u_pool/p_r3[14]_i_641/O
                         net (fo=2, routed)           0.996    10.580    u_pool/p_r3[14]_i_641_n_0
    SLICE_X35Y90                                                      f  u_pool/p_r3[14]_i_532/I0
    SLICE_X35Y90         LUT6 (Prop_lut6_I0_O)        0.124    10.704 f  u_pool/p_r3[14]_i_532/O
                         net (fo=4, routed)           0.668    11.372    u_pool/p_r3[14]_i_532_n_0
    SLICE_X33Y90                                                      f  u_pool/p_r3[14]_i_411/I1
    SLICE_X33Y90         LUT5 (Prop_lut5_I1_O)        0.124    11.496 r  u_pool/p_r3[14]_i_411/O
                         net (fo=1, routed)           0.000    11.496    u_pool/p_r3[14]_i_411_n_0
    SLICE_X33Y90                                                      r  u_pool/p_r3_reg[14]_i_273/S[0]
    SLICE_X33Y90         CARRY4 (Prop_carry4_S[0]_CO[3])
                                                      0.532    12.028 r  u_pool/p_r3_reg[14]_i_273/CO[3]
                         net (fo=1, routed)           0.000    12.028    u_pool/p_r3_reg[14]_i_273_n_0
    SLICE_X33Y91                                                      r  u_pool/p_r3_reg[14]_i_170/CI
    SLICE_X33Y91         CARRY4 (Prop_carry4_CI_CO[3])
                                                      0.114    12.142 r  u_pool/p_r3_reg[14]_i_170/CO[3]
                         net (fo=1, routed)           0.000    12.142    u_pool/p_r3_reg[14]_i_170_n_0
    SLICE_X33Y92                                                      r  u_pool/p_r3_reg[14]_i_89/CI
    SLICE_X33Y92         CARRY4 (Prop_carry4_CI_CO[3])
                                                      0.114    12.256 r  u_pool/p_r3_reg[14]_i_89/CO[3]
                         net (fo=1, routed)           0.000    12.256    u_pool/p_r3_reg[14]_i_89_n_0
    SLICE_X33Y93                                                      r  u_pool/p_r3_reg[14]_i_35/CI
    SLICE_X33Y93         CARRY4 (Prop_carry4_CI_CO[3])
                                                      0.114    12.370 r  u_pool/p_r3_reg[14]_i_35/CO[3]
                         net (fo=1, routed)           0.000    12.370    u_pool/p_r3_reg[14]_i_35_n_0
    SLICE_X33Y94                                                      r  u_pool/p_r3_reg[14]_i_8/CI
    SLICE_X33Y94         CARRY4 (Prop_carry4_CI_CO[3])
                                                      0.114    12.484 r  u_pool/p_r3_reg[14]_i_8/CO[3]
                         net (fo=1, routed)           0.000    12.484    u_pool/p_r3_reg[14]_i_8_n_0
    SLICE_X33Y95                                                      r  u_pool/p_r3_reg[14]_i_3/CI
    SLICE_X33Y95         CARRY4 (Prop_carry4_CI_CO[1])
                                                      0.157    12.641 r  u_pool/p_r3_reg[14]_i_3/CO[1]
                         net (fo=2, routed)           0.457    13.098    u_pool/p_sat1
    SLICE_X35Y96                                                      r  u_pool/p_r3[14]_i_1/I1
    SLICE_X35Y96         LUT2 (Prop_lut2_I1_O)        0.329    13.427 r  u_pool/p_r3[14]_i_1/O
                         net (fo=14, routed)          0.367    13.793    u_pool/p_r3[14]_i_1_n_0
    SLICE_X32Y96         FDSE                                         r  u_pool/p_r3_reg[9]/S
  -------------------------------------------------------------------    -------------------

                         (clock ACLK rise edge)      13.160    13.160 r  
                                                      0.000    13.160 r  clk (IN)
                         net (fo=3669, unset)         0.924    14.084    u_pool/clk
    SLICE_X32Y96         FDSE                                         r  u_pool/p_r3_reg[9]/C
                         clock pessimism              0.000    14.084    
                         clock uncertainty           -0.035    14.049    
    SLICE_X32Y96         FDSE (Setup_fdse_C_S)       -0.524    13.525    u_pool/p_r3_reg[9]
  -------------------------------------------------------------------
                         required time                         13.525    
                         arrival time                         -13.793    
  -------------------------------------------------------------------
                         slack                                 -0.268    

Slack (VIOLATED) :        -0.228ns  (required time - arrival time)
  Source:                 u_enc_rq/param3_reg[64]/C
                            (rising edge-triggered cell FDRE clocked by ACLK  {rise@0.000ns fall@6.580ns period=13.160ns})
  Destination:            u_enc_rq/rq_reg[1]/R
                            (rising edge-triggered cell FDRE clocked by ACLK  {rise@0.000ns fall@6.580ns period=13.160ns})
  Path Group:             ACLK
  Path Type:              Setup (Max at Slow Process Corner)
  Requirement:            13.160ns  (ACLK rise@13.160ns - ACLK rise@0.000ns)
  Data Path Delay:        12.780ns  (logic 5.299ns (41.462%)  route 7.481ns (58.538%))
  Logic Levels:           31  (CARRY4=23 LUT2=1 LUT3=1 LUT5=1 LUT6=5)
  Clock Path Skew:        -0.049ns (DCD - SCD + CPR)
    Destination Clock Delay (DCD):    0.924ns = ( 14.084 - 13.160 ) 
    Source Clock Delay      (SCD):    0.973ns
    Clock Pessimism Removal (CPR):    0.000ns
  Clock Uncertainty:      0.035ns  ((TSJ^2 + TIJ^2)^1/2 + DJ) / 2 + PE
    Total System Jitter     (TSJ):    0.071ns
    Total Input Jitter      (TIJ):    0.000ns
    Discrete Jitter          (DJ):    0.000ns
    Phase Error              (PE):    0.000ns

    Location             Delay type                Incr(ns)  Path(ns)    Netlist Resource(s)
  -------------------------------------------------------------------    -------------------
                         (clock ACLK rise edge)       0.000     0.000 r  
                                                      0.000     0.000 r  clk (IN)
                         net (fo=3669, unset)         0.973     0.973    u_enc_rq/clk
    SLICE_X67Y91         FDRE                                         r  u_enc_rq/param3_reg[64]/C
  -------------------------------------------------------------------    -------------------
    SLICE_X67Y91         FDRE (Prop_fdre_C_Q)         0.456     1.429 r  u_enc_rq/param3_reg[64]/Q
                         net (fo=101, routed)         1.196     2.625    u_enc_rq/p_0_in[0]
    SLICE_X65Y92                                                      r  u_enc_rq/rq[7]_i_696/I2
    SLICE_X65Y92         LUT6 (Prop_lut6_I2_O)        0.124     2.749 r  u_enc_rq/rq[7]_i_696/O
                         net (fo=16, routed)          0.699     3.448    u_enc_rq/rq[7]_i_696_n_0
    SLICE_X80Y88                                                      r  u_enc_rq/rq[3]_i_19/I4
    SLICE_X80Y88         LUT5 (Prop_lut5_I4_O)        0.124     3.572 r  u_enc_rq/rq[3]_i_19/O
                         net (fo=1, routed)           0.000     3.572    u_enc_rq/rq[3]_i_19_n_0
    SLICE_X80Y88                                                      r  u_enc_rq/rq_reg[3]_i_12/S[1]
    SLICE_X80Y88         CARRY4 (Prop_carry4_S[1]_CO[3])
                                                      0.550     4.122 r  u_enc_rq/rq_reg[3]_i_12/CO[3]
                         net (fo=1, routed)           0.000     4.122    u_enc_rq/rq_reg[3]_i_12_n_0
    SLICE_X80Y89                                                      r  u_enc_rq/rq_reg[7]_i_335/CI
    SLICE_X80Y89         CARRY4 (Prop_carry4_CI_CO[3])
                                                      0.114     4.236 r  u_enc_rq/rq_reg[7]_i_335/CO[3]
                         net (fo=1, routed)           0.000     4.236    u_enc_rq/rq_reg[7]_i_335_n_0
    SLICE_X80Y90                                                      r  u_enc_rq/rq_reg[7]_i_334/CI
    SLICE_X80Y90         CARRY4 (Prop_carry4_CI_CO[3])
                                                      0.114     4.350 r  u_enc_rq/rq_reg[7]_i_334/CO[3]
                         net (fo=1, routed)           0.000     4.350    u_enc_rq/rq_reg[7]_i_334_n_0
    SLICE_X80Y91                                                      r  u_enc_rq/rq_reg[7]_i_328/CI
    SLICE_X80Y91         CARRY4 (Prop_carry4_CI_CO[3])
                                                      0.114     4.464 r  u_enc_rq/rq_reg[7]_i_328/CO[3]
                         net (fo=1, routed)           0.000     4.464    u_enc_rq/rq_reg[7]_i_328_n_0
    SLICE_X80Y92                                                      r  u_enc_rq/rq_reg[7]_i_331/CI
    SLICE_X80Y92         CARRY4 (Prop_carry4_CI_CO[3])
                                                      0.114     4.578 r  u_enc_rq/rq_reg[7]_i_331/CO[3]
                         net (fo=1, routed)           0.000     4.578    u_enc_rq/rq_reg[7]_i_331_n_0
    SLICE_X80Y93                                                      r  u_enc_rq/rq_reg[7]_i_325/CI
    SLICE_X80Y93         CARRY4 (Prop_carry4_CI_CO[3])
                                                      0.114     4.692 r  u_enc_rq/rq_reg[7]_i_325/CO[3]
                         net (fo=1, routed)           0.000     4.692    u_enc_rq/rq_reg[7]_i_325_n_0
    SLICE_X80Y94                                                      r  u_enc_rq/rq_reg[7]_i_332/CI
    SLICE_X80Y94         CARRY4 (Prop_carry4_CI_CO[3])
                                                      0.114     4.806 r  u_enc_rq/rq_reg[7]_i_332/CO[3]
                         net (fo=1, routed)           0.000     4.806    u_enc_rq/rq_reg[7]_i_332_n_0
    SLICE_X80Y95                                                      r  u_enc_rq/rq_reg[7]_i_326/CI
    SLICE_X80Y95         CARRY4 (Prop_carry4_CI_CO[3])
                                                      0.114     4.920 r  u_enc_rq/rq_reg[7]_i_326/CO[3]
                         net (fo=1, routed)           0.000     4.920    u_enc_rq/rq_reg[7]_i_326_n_0
    SLICE_X80Y96                                                      r  u_enc_rq/rq_reg[7]_i_329/CI
    SLICE_X80Y96         CARRY4 (Prop_carry4_CI_CO[3])
                                                      0.114     5.034 r  u_enc_rq/rq_reg[7]_i_329/CO[3]
                         net (fo=1, routed)           0.000     5.034    u_enc_rq/rq_reg[7]_i_329_n_0
    SLICE_X80Y97                                                      r  u_enc_rq/rq_reg[7]_i_323/CI
    SLICE_X80Y97         CARRY4 (Prop_carry4_CI_CO[3])
                                                      0.114     5.148 r  u_enc_rq/rq_reg[7]_i_323/CO[3]
                         net (fo=1, routed)           0.000     5.148    u_enc_rq/rq_reg[7]_i_323_n_0
    SLICE_X80Y98                                                      r  u_enc_rq/rq_reg[7]_i_333/CI
    SLICE_X80Y98         CARRY4 (Prop_carry4_CI_CO[3])
                                                      0.114     5.262 r  u_enc_rq/rq_reg[7]_i_333/CO[3]
                         net (fo=1, routed)           0.000     5.262    u_enc_rq/rq_reg[7]_i_333_n_0
    SLICE_X80Y99                                                      r  u_enc_rq/rq_reg[7]_i_327/CI
    SLICE_X80Y99         CARRY4 (Prop_carry4_CI_CO[3])
                                                      0.114     5.376 r  u_enc_rq/rq_reg[7]_i_327/CO[3]
                         net (fo=1, routed)           0.001     5.377    u_enc_rq/rq_reg[7]_i_327_n_0
    SLICE_X80Y100                                                     r  u_enc_rq/rq_reg[7]_i_330/CI
    SLICE_X80Y100        CARRY4 (Prop_carry4_CI_CO[3])
                                                      0.114     5.491 r  u_enc_rq/rq_reg[7]_i_330/CO[3]
                         net (fo=1, routed)           0.000     5.491    u_enc_rq/rq_reg[7]_i_330_n_0
    SLICE_X80Y101                                                     r  u_enc_rq/rq_reg[7]_i_324/CI
    SLICE_X80Y101        CARRY4 (Prop_carry4_CI_CO[3])
                                                      0.114     5.605 r  u_enc_rq/rq_reg[7]_i_324/CO[3]
                         net (fo=1, routed)           0.000     5.605    u_enc_rq/rq_reg[7]_i_324_n_0
    SLICE_X80Y102                                                     r  u_enc_rq/rq_reg[7]_i_253/CI
    SLICE_X80Y102        CARRY4 (Prop_carry4_CI_CO[3])
                                                      0.114     5.719 r  u_enc_rq/rq_reg[7]_i_253/CO[3]
                         net (fo=1, routed)           0.000     5.719    u_enc_rq/rq_reg[7]_i_253_n_0
    SLICE_X80Y103                                                     r  u_enc_rq/rq_reg[7]_i_115/CI
    SLICE_X80Y103        CARRY4 (Prop_carry4_CI_O[3])
                                                      0.313     6.032 f  u_enc_rq/rq_reg[7]_i_115/O[3]
                         net (fo=64, routed)          1.108     7.140    u_enc_rq/rq_reg[7]_i_115_n_4
    SLICE_X66Y97                                                      f  u_enc_rq/rq[7]_i_1001/I0
    SLICE_X66Y97         LUT6 (Prop_lut6_I0_O)        0.306     7.446 f  u_enc_rq/rq[7]_i_1001/O
                         net (fo=4, routed)           0.664     8.110    u_enc_rq/rq[7]_i_1001_n_0
    SLICE_X65Y97                                                      f  u_enc_rq/rq[7]_i_999/I0
    SLICE_X65Y97         LUT6 (Prop_lut6_I0_O)        0.124     8.234 f  u_enc_rq/rq[7]_i_999/O
                         net (fo=2, routed)           1.006     9.241    u_enc_rq/rq[7]_i_999_n_0
    SLICE_X53Y100                                                     f  u_enc_rq/rq[7]_i_947/I0
    SLICE_X53Y100        LUT3 (Prop_lut3_I0_O)        0.124     9.365 f  u_enc_rq/rq[7]_i_947/O
                         net (fo=2, routed)           0.503     9.868    u_enc_rq/rq[7]_i_947_n_0
    SLICE_X52Y101                                                     f  u_enc_rq/rq[7]_i_835/I3
    SLICE_X52Y101        LUT6 (Prop_lut6_I3_O)        0.124     9.992 f  u_enc_rq/rq[7]_i_835/O
                         net (fo=4, routed)           0.587    10.578    u_enc_rq/rq[7]_i_835_n_0
    SLICE_X52Y100                                                     f  u_enc_rq/rq[7]_i_710/I1
    SLICE_X52Y100        LUT6 (Prop_lut6_I1_O)        0.124    10.702 r  u_enc_rq/rq[7]_i_710/O
                         net (fo=1, routed)           0.607    11.309    u_enc_rq/rq[7]_i_710_n_0
    SLICE_X53Y102                                                     r  u_enc_rq/rq_reg[7]_i_576/DI[0]
    SLICE_X53Y102        CARRY4 (Prop_carry4_DI[0]_CO[3])
                                                      0.526    11.835 r  u_enc_rq/rq_reg[7]_i_576/CO[3]
                         net (fo=1, routed)           0.000    11.835    u_enc_rq/rq_reg[7]_i_576_n_0
    SLICE_X53Y103                                                     r  u_enc_rq/rq_reg[7]_i_369/CI
    SLICE_X53Y103        CARRY4 (Prop_carry4_CI_CO[3])
                                                      0.114    11.949 r  u_enc_rq/rq_reg[7]_i_369/CO[3]
                         net (fo=1, routed)           0.000    11.949    u_enc_rq/rq_reg[7]_i_369_n_0
    SLICE_X53Y104                                                     r  u_enc_rq/rq_reg[7]_i_208/CI
    SLICE_X53Y104        CARRY4 (Prop_carry4_CI_CO[3])
                                                      0.114    12.063 r  u_enc_rq/rq_reg[7]_i_208/CO[3]
                         net (fo=1, routed)           0.000    12.063    u_enc_rq/rq_reg[7]_i_208_n_0
    SLICE_X53Y105                                                     r  u_enc_rq/rq_reg[7]_i_97/CI
    SLICE_X53Y105        CARRY4 (Prop_carry4_CI_CO[3])
                                                      0.114    12.177 r  u_enc_rq/rq_reg[7]_i_97/CO[3]
                         net (fo=1, routed)           0.000    12.177    u_enc_rq/rq_reg[7]_i_97_n_0
    SLICE_X53Y106                                                     r  u_enc_rq/rq_reg[7]_i_34/CI
    SLICE_X53Y106        CARRY4 (Prop_carry4_CI_CO[3])
                                                      0.114    12.291 r  u_enc_rq/rq_reg[7]_i_34/CO[3]
                         net (fo=1, routed)           0.000    12.291    u_enc_rq/rq_reg[7]_i_34_n_0
    SLICE_X53Y107                                                     r  u_enc_rq/rq_reg[7]_i_8/CI
    SLICE_X53Y107        CARRY4 (Prop_carry4_CI_CO[3])
                                                      0.114    12.405 r  u_enc_rq/rq_reg[7]_i_8/CO[3]
                         net (fo=1, routed)           0.000    12.405    u_enc_rq/rq_reg[7]_i_8_n_0
    SLICE_X53Y108                                                     r  u_enc_rq/rq_reg[7]_i_3/CI
    SLICE_X53Y108        CARRY4 (Prop_carry4_CI_CO[3])
                                                      0.114    12.519 r  u_enc_rq/rq_reg[7]_i_3/CO[3]
                         net (fo=2, routed)           0.750    13.269    u_enc_rq/acc_sat1
    SLICE_X51Y109                                                     r  u_enc_rq/rq[7]_i_1/I1
    SLICE_X51Y109        LUT2 (Prop_lut2_I1_O)        0.124    13.393 r  u_enc_rq/rq[7]_i_1/O
                         net (fo=7, routed)           0.360    13.753    u_enc_rq/rq[7]_i_1_n_0
    SLICE_X50Y108        FDRE                                         r  u_enc_rq/rq_reg[1]/R
  -------------------------------------------------------------------    -------------------

                         (clock ACLK rise edge)      13.160    13.160 r  
                                                      0.000    13.160 r  clk (IN)
                         net (fo=3669, unset)         0.924    14.084    u_enc_rq/clk
    SLICE_X50Y108        FDRE                                         r  u_enc_rq/rq_reg[1]/C
                         clock pessimism              0.000    14.084    
                         clock uncertainty           -0.035    14.049    
    SLICE_X50Y108        FDRE (Setup_fdre_C_R)       -0.524    13.525    u_enc_rq/rq_reg[1]
  -------------------------------------------------------------------
                         required time                         13.525    
                         arrival time                         -13.753    
  -------------------------------------------------------------------
                         slack                                 -0.228    




