Copyright 1986-2020 Xilinx, Inc. All Rights Reserved.
--------------------------------------------------------------------------------------------------------------------------------------------------------------------------
| Tool Version : Vivado v.2020.2 (win64) Build 3064766 Wed Nov 18 09:12:45 MST 2020
| Date         : Sat Sep 26 19:55:08 2026
| Host         : DESKTOP-7CFQ9ND running 64-bit major release  (build 9200)
| Command      : report_timing_summary -delay_type min_max -max_paths 3 -file D:/2609_final_project/cnn_rtl/docs/E-02a_runs/encoder_default_10.000/post_place_summary.rpt
| Design       : CNN_Encoder
| Device       : 7z020-clg400
| Speed File   : -1  PRODUCTION 1.12 2019-11-22
--------------------------------------------------------------------------------------------------------------------------------------------------------------------------

Timing Summary Report

------------------------------------------------------------------------------------------------
| Timer Settings
| --------------
------------------------------------------------------------------------------------------------

  Enable Multi Corner Analysis               :  Yes
  Enable Pessimism Removal                   :  Yes
  Pessimism Removal Resolution               :  Nearest Common Node
  Enable Input Delay Default Clock           :  No
  Enable Preset / Clear Arcs                 :  No
  Disable Flight Delays                      :  No
  Ignore I/O Paths                           :  No
  Timing Early Launch at Borrowing Latches   :  No
  Borrow Time for Max Delay Exceptions       :  Yes
  Merge Timing Exceptions                    :  Yes

  Corner  Analyze    Analyze    
  Name    Max Paths  Min Paths  
  ------  ---------  ---------  
  Slow    Yes        Yes        
  Fast    Yes        Yes        



check_timing report

Table of Contents
-----------------
1. checking no_clock (0)
2. checking constant_clock (0)
3. checking pulse_width_clock (0)
4. checking unconstrained_internal_endpoints (0)
5. checking no_input_delay (0)
6. checking no_output_delay (0)
7. checking multiple_clock (0)
8. checking generated_clocks (0)
9. checking loops (0)
10. checking partial_input_delay (0)
11. checking partial_output_delay (0)
12. checking latch_loops (0)

1. checking no_clock (0)
------------------------
 There are 0 register/latch pins with no clock.


2. checking constant_clock (0)
------------------------------
 There are 0 register/latch pins with constant_clock.


3. checking pulse_width_clock (0)
---------------------------------
 There are 0 register/latch pins which need pulse_width check


4. checking unconstrained_internal_endpoints (0)
------------------------------------------------
 There are 0 pins that are not constrained for maximum delay.

 There are 0 pins that are not constrained for maximum delay due to constant clock.


5. checking no_input_delay (0)
------------------------------
 There are 0 input ports with no input delay specified.

 There are 0 input ports with no input delay but user has a false path constraint.


6. checking no_output_delay (0)
-------------------------------
 There are 0 ports with no output delay specified.

 There are 0 ports with no output delay but user has a false path constraint

 There are 0 ports with no output delay but with a timing clock defined on it or propagating through it


7. checking multiple_clock (0)
------------------------------
 There are 0 register/latch pins with multiple clocks.


8. checking generated_clocks (0)
--------------------------------
 There are 0 generated clocks that are not connected to a clock source.


9. checking loops (0)
---------------------
 There are 0 combinational loops in the design.


10. checking partial_input_delay (0)
------------------------------------
 There are 0 input ports with partial input delay specified.


11. checking partial_output_delay (0)
-------------------------------------
 There are 0 ports with partial output delay specified.


12. checking latch_loops (0)
----------------------------
 There are 0 combinational latch loops in the design through latch input



------------------------------------------------------------------------------------------------
| Design Timing Summary
| ---------------------
------------------------------------------------------------------------------------------------

    WNS(ns)      TNS(ns)  TNS Failing Endpoints  TNS Total Endpoints      WHS(ns)      THS(ns)  THS Failing Endpoints  THS Total Endpoints     WPWS(ns)     TPWS(ns)  TPWS Failing Endpoints  TPWS Total Endpoints  
    -------      -------  ---------------------  -------------------      -------      -------  ---------------------  -------------------     --------     --------  ----------------------  --------------------  
     -3.376    -2306.625                   1150                 8310        0.097        0.000                      0                 8310        4.020        0.000                       0                  3692  


Timing constraints are not met.


------------------------------------------------------------------------------------------------
| Clock Summary
| -------------
------------------------------------------------------------------------------------------------

Clock  Waveform(ns)       Period(ns)      Frequency(MHz)
-----  ------------       ----------      --------------
ACLK   {0.000 5.000}      10.000          100.000         


------------------------------------------------------------------------------------------------
| Intra Clock Table
| -----------------
------------------------------------------------------------------------------------------------

Clock             WNS(ns)      TNS(ns)  TNS Failing Endpoints  TNS Total Endpoints      WHS(ns)      THS(ns)  THS Failing Endpoints  THS Total Endpoints     WPWS(ns)     TPWS(ns)  TPWS Failing Endpoints  TPWS Total Endpoints  
-----             -------      -------  ---------------------  -------------------      -------      -------  ---------------------  -------------------     --------     --------  ----------------------  --------------------  
ACLK               -3.376    -2306.625                   1150                 8310        0.097        0.000                      0                 8310        4.020        0.000                       0                  3692  


------------------------------------------------------------------------------------------------
| Inter Clock Table
| -----------------
------------------------------------------------------------------------------------------------

From Clock    To Clock          WNS(ns)      TNS(ns)  TNS Failing Endpoints  TNS Total Endpoints      WHS(ns)      THS(ns)  THS Failing Endpoints  THS Total Endpoints  
----------    --------          -------      -------  ---------------------  -------------------      -------      -------  ---------------------  -------------------  


------------------------------------------------------------------------------------------------
| Other Path Groups Table
| -----------------------
------------------------------------------------------------------------------------------------

Path Group    From Clock    To Clock          WNS(ns)      TNS(ns)  TNS Failing Endpoints  TNS Total Endpoints      WHS(ns)      THS(ns)  THS Failing Endpoints  THS Total Endpoints  
----------    ----------    --------          -------      -------  ---------------------  -------------------      -------      -------  ---------------------  -------------------  


------------------------------------------------------------------------------------------------
| Timing Details
| --------------
------------------------------------------------------------------------------------------------


---------------------------------------------------------------------------------------------------
From Clock:  ACLK
  To Clock:  ACLK

Setup :         1150  Failing Endpoints,  Worst Slack       -3.376ns,  Total Violation    -2306.625ns
Hold  :            0  Failing Endpoints,  Worst Slack        0.097ns,  Total Violation        0.000ns
PW    :            0  Failing Endpoints,  Worst Slack        4.020ns,  Total Violation        0.000ns
---------------------------------------------------------------------------------------------------


Max Delay Paths
--------------------------------------------------------------------------------------
Slack (VIOLATED) :        -3.376ns  (required time - arrival time)
  Source:                 u_input_buf/gen_word_write.mem_reg_1/CLKBWRCLK
                            (rising edge-triggered cell RAMB36E1 clocked by ACLK  {rise@0.000ns fall@5.000ns period=10.000ns})
  Destination:            u_conv_mac/g_lane[4].lane_out_reg[29]/D
                            (rising edge-triggered cell FDRE clocked by ACLK  {rise@0.000ns fall@5.000ns period=10.000ns})
  Path Group:             ACLK
  Path Type:              Setup (Max at Slow Process Corner)
  Requirement:            10.000ns  (ACLK rise@10.000ns - ACLK rise@0.000ns)
  Data Path Delay:        13.401ns  (logic 6.564ns (48.981%)  route 6.837ns (51.019%))
  Logic Levels:           17  (CARRY4=10 LUT2=2 LUT3=1 LUT4=1 LUT6=3)
  Clock Path Skew:        -0.049ns (DCD - SCD + CPR)
    Destination Clock Delay (DCD):    0.924ns = ( 10.924 - 10.000 ) 
    Source Clock Delay      (SCD):    0.973ns
    Clock Pessimism Removal (CPR):    0.000ns
  Clock Uncertainty:      0.035ns  ((TSJ^2 + TIJ^2)^1/2 + DJ) / 2 + PE
    Total System Jitter     (TSJ):    0.071ns
    Total Input Jitter      (TIJ):    0.000ns
    Discrete Jitter          (DJ):    0.000ns
    Phase Error              (PE):    0.000ns

    Location             Delay type                Incr(ns)  Path(ns)    Netlist Resource(s)
  -------------------------------------------------------------------    -------------------
                         (clock ACLK rise edge)       0.000     0.000 r  
                                                      0.000     0.000 r  clk (IN)
                         net (fo=3700, unset)         0.973     0.973    u_input_buf/clk
    RAMB36_X4Y20         RAMB36E1                                     r  u_input_buf/gen_word_write.mem_reg_1/CLKBWRCLK
  -------------------------------------------------------------------    -------------------
    RAMB36_X4Y20         RAMB36E1 (Prop_ramb36e1_CLKBWRCLK_DOBDO[9])
                                                      2.454     3.427 f  u_input_buf/gen_word_write.mem_reg_1/DOBDO[9]
                         net (fo=1, estimated)        1.614     5.041    u_input_buf/gen_word_write.read_word_reg[27]
    SLICE_X80Y98         LUT6 (Prop_lut6_I0_O)        0.124     5.165 f  u_input_buf/g_lane[0].prod__0_carry_i_17/O
                         net (fo=3, estimated)        0.425     5.590    u_input_buf/g_lane[0].prod__0_carry_i_17_n_0
    SLICE_X85Y98         LUT6 (Prop_lut6_I1_O)        0.124     5.714 f  u_input_buf/g_lane[2].prod__0_carry_i_9/O
                         net (fo=133, estimated)      0.511     6.225    u_input_buf/g_lane[2].prod__0_carry_i_9_n_0
    SLICE_X85Y99         LUT2 (Prop_lut2_I0_O)        0.124     6.349 r  u_input_buf/g_lane[4].prod__0_carry_i_8/O
                         net (fo=1, estimated)        1.533     7.882    u_input_buf/g_lane[4].prod__0_carry_i_8_n_0
    SLICE_X44Y102        LUT6 (Prop_lut6_I1_O)        0.124     8.006 r  u_input_buf/g_lane[4].prod__0_carry_i_4/O
                         net (fo=1, routed)           0.000     8.006    u_conv_mac/g_lane[4].lane_out_reg[3]_1[3]
    SLICE_X44Y102        CARRY4 (Prop_carry4_S[3]_CO[3])
                                                      0.401     8.407 r  u_conv_mac/g_lane[4].prod__0_carry/CO[3]
                         net (fo=1, estimated)        0.000     8.407    u_conv_mac/g_lane[4].prod__0_carry_n_0
    SLICE_X44Y103        CARRY4 (Prop_carry4_CI_O[1])
                                                      0.334     8.741 r  u_conv_mac/g_lane[4].prod__0_carry__0/O[1]
                         net (fo=2, estimated)        1.084     9.825    u_conv_mac/g_lane[4].prod__0_carry__0_n_6
    SLICE_X33Y101        LUT2 (Prop_lut2_I1_O)        0.332    10.157 r  u_conv_mac/g_lane[4].prod__86_carry_i_1/O
                         net (fo=2, estimated)        0.841    10.998    u_conv_mac/g_lane[4].prod__86_carry_i_1_n_0
    SLICE_X33Y101        LUT4 (Prop_lut4_I0_O)        0.327    11.325 r  u_conv_mac/g_lane[4].prod__86_carry_i_4/O
                         net (fo=1, routed)           0.000    11.325    u_conv_mac/g_lane[4].prod__86_carry_i_4_n_0
    SLICE_X33Y101        CARRY4 (Prop_carry4_S[3]_CO[3])
                                                      0.401    11.726 r  u_conv_mac/g_lane[4].prod__86_carry/CO[3]
                         net (fo=1, estimated)        0.000    11.726    u_conv_mac/g_lane[4].prod__86_carry_n_0
    SLICE_X33Y102        CARRY4 (Prop_carry4_CI_CO[3])
                                                      0.114    11.840 r  u_conv_mac/g_lane[4].prod__86_carry__0/CO[3]
                         net (fo=1, estimated)        0.000    11.840    u_conv_mac/g_lane[4].prod__86_carry__0_n_0
    SLICE_X33Y103        CARRY4 (Prop_carry4_CI_CO[3])
                                                      0.114    11.954 r  u_conv_mac/g_lane[4].prod__86_carry__1/CO[3]
                         net (fo=1, estimated)        0.000    11.954    u_conv_mac/g_lane[4].prod__86_carry__1_n_0
    SLICE_X33Y104        CARRY4 (Prop_carry4_CI_O[0])
                                                      0.222    12.176 r  u_conv_mac/g_lane[4].prod__86_carry__2/O[0]
                         net (fo=37, estimated)       0.829    13.005    u_conv_mac/g_lane[4].prod[15]
    SLICE_X34Y108        LUT3 (Prop_lut3_I0_O)        0.299    13.304 r  u_conv_mac/g_lane[4].sum_carry__3_i_8/O
                         net (fo=1, routed)           0.000    13.304    u_conv_mac/g_lane[4].sum_carry__3_i_8_n_0
    SLICE_X34Y108        CARRY4 (Prop_carry4_S[0]_CO[3])
                                                      0.513    13.817 r  u_conv_mac/g_lane[4].sum_carry__3/CO[3]
                         net (fo=1, estimated)        0.000    13.817    u_conv_mac/g_lane[4].sum_carry__3_n_0
    SLICE_X34Y109        CARRY4 (Prop_carry4_CI_CO[3])
                                                      0.117    13.934 r  u_conv_mac/g_lane[4].sum_carry__4/CO[3]
                         net (fo=1, estimated)        0.000    13.934    u_conv_mac/g_lane[4].sum_carry__4_n_0
    SLICE_X34Y110        CARRY4 (Prop_carry4_CI_CO[3])
                                                      0.117    14.051 r  u_conv_mac/g_lane[4].sum_carry__5/CO[3]
                         net (fo=1, estimated)        0.000    14.051    u_conv_mac/g_lane[4].sum_carry__5_n_0
    SLICE_X34Y111        CARRY4 (Prop_carry4_CI_O[1])
                                                      0.323    14.374 r  u_conv_mac/g_lane[4].sum_carry__6/O[1]
                         net (fo=1, routed)           0.000    14.374    u_conv_mac/g_lane[4].sum[29]
    SLICE_X34Y111        FDRE                                         r  u_conv_mac/g_lane[4].lane_out_reg[29]/D
  -------------------------------------------------------------------    -------------------

                         (clock ACLK rise edge)      10.000    10.000 r  
                                                      0.000    10.000 r  clk (IN)
                         net (fo=3700, unset)         0.924    10.924    u_conv_mac/clk
    SLICE_X34Y111        FDRE                                         r  u_conv_mac/g_lane[4].lane_out_reg[29]/C
                         clock pessimism              0.000    10.924    
                         clock uncertainty           -0.035    10.889    
    SLICE_X34Y111        FDRE (Setup_fdre_C_D)        0.109    10.998    u_conv_mac/g_lane[4].lane_out_reg[29]
  -------------------------------------------------------------------
                         required time                         10.998    
                         arrival time                         -14.374    
  -------------------------------------------------------------------
                         slack                                 -3.376    

Slack (VIOLATED) :        -3.368ns  (required time - arrival time)
  Source:                 u_input_buf/gen_word_write.mem_reg_2/CLKBWRCLK
                            (rising edge-triggered cell RAMB36E1 clocked by ACLK  {rise@0.000ns fall@5.000ns period=10.000ns})
  Destination:            u_conv_mac/g_lane[11].lane_out_reg[29]/D
                            (rising edge-triggered cell FDRE clocked by ACLK  {rise@0.000ns fall@5.000ns period=10.000ns})
  Path Group:             ACLK
  Path Type:              Setup (Max at Slow Process Corner)
  Requirement:            10.000ns  (ACLK rise@10.000ns - ACLK rise@0.000ns)
  Data Path Delay:        13.346ns  (logic 6.283ns (47.078%)  route 7.063ns (52.922%))
  Logic Levels:           16  (CARRY4=9 LUT2=1 LUT3=1 LUT4=1 LUT6=4)
  Clock Path Skew:        -0.049ns (DCD - SCD + CPR)
    Destination Clock Delay (DCD):    0.924ns = ( 10.924 - 10.000 ) 
    Source Clock Delay      (SCD):    0.973ns
    Clock Pessimism Removal (CPR):    0.000ns
  Clock Uncertainty:      0.035ns  ((TSJ^2 + TIJ^2)^1/2 + DJ) / 2 + PE
    Total System Jitter     (TSJ):    0.071ns
    Total Input Jitter      (TIJ):    0.000ns
    Discrete Jitter          (DJ):    0.000ns
    Phase Error              (PE):    0.000ns

    Location             Delay type                Incr(ns)  Path(ns)    Netlist Resource(s)
  -------------------------------------------------------------------    -------------------
                         (clock ACLK rise edge)       0.000     0.000 r  
                                                      0.000     0.000 r  clk (IN)
                         net (fo=3700, unset)         0.973     0.973    u_input_buf/clk
    RAMB36_X4Y19         RAMB36E1                                     r  u_input_buf/gen_word_write.mem_reg_2/CLKBWRCLK
  -------------------------------------------------------------------    -------------------
    RAMB36_X4Y19         RAMB36E1 (Prop_ramb36e1_CLKBWRCLK_DOBDO[13])
                                                      2.454     3.427 r  u_input_buf/gen_word_write.mem_reg_2/DOBDO[13]
                         net (fo=1, estimated)        2.056     5.483    u_input_buf/gen_word_write.read_word_reg[49]
    SLICE_X53Y99         LUT6 (Prop_lut6_I1_O)        0.124     5.607 r  u_input_buf/g_lane[0].prod__0_carry_i_16/O
                         net (fo=3, estimated)        0.762     6.369    u_input_buf/g_lane[0].prod__0_carry_i_16_n_0
    SLICE_X57Y105        LUT6 (Prop_lut6_I3_O)        0.124     6.493 r  u_input_buf/g_lane[9].prod__0_carry_i_8/O
                         net (fo=133, estimated)      1.423     7.916    u_input_buf/u_conv_mac/act[1]
    SLICE_X65Y113        LUT6 (Prop_lut6_I1_O)        0.124     8.040 r  u_input_buf/g_lane[11].prod__0_carry__0_i_4/O
                         net (fo=2, estimated)        0.598     8.638    u_input_buf/conv_rdata[90][0]
    SLICE_X66Y113        LUT6 (Prop_lut6_I0_O)        0.124     8.762 r  u_input_buf/g_lane[11].prod__0_carry__0_i_8/O
                         net (fo=1, routed)           0.000     8.762    u_conv_mac/g_lane[11].prod__86_carry_i_6_1[0]
    SLICE_X66Y113        CARRY4 (Prop_carry4_S[0]_O[1])
                                                      0.427     9.189 r  u_conv_mac/g_lane[11].prod__0_carry__0/O[1]
                         net (fo=2, estimated)        0.742     9.931    u_conv_mac/g_lane[11].prod__0_carry__0_n_6
    SLICE_X63Y114        LUT2 (Prop_lut2_I1_O)        0.335    10.266 r  u_conv_mac/g_lane[11].prod__86_carry_i_1/O
                         net (fo=2, estimated)        0.841    11.107    u_conv_mac/g_lane[11].prod__86_carry_i_1_n_0
    SLICE_X63Y114        LUT4 (Prop_lut4_I0_O)        0.327    11.434 r  u_conv_mac/g_lane[11].prod__86_carry_i_4/O
                         net (fo=1, routed)           0.000    11.434    u_conv_mac/g_lane[11].prod__86_carry_i_4_n_0
    SLICE_X63Y114        CARRY4 (Prop_carry4_S[3]_CO[3])
                                                      0.401    11.835 r  u_conv_mac/g_lane[11].prod__86_carry/CO[3]
                         net (fo=1, estimated)        0.000    11.835    u_conv_mac/g_lane[11].prod__86_carry_n_0
    SLICE_X63Y115        CARRY4 (Prop_carry4_CI_CO[3])
                                                      0.114    11.949 r  u_conv_mac/g_lane[11].prod__86_carry__0/CO[3]
                         net (fo=1, estimated)        0.000    11.949    u_conv_mac/g_lane[11].prod__86_carry__0_n_0
    SLICE_X63Y116        CARRY4 (Prop_carry4_CI_CO[3])
                                                      0.114    12.063 r  u_conv_mac/g_lane[11].prod__86_carry__1/CO[3]
                         net (fo=1, estimated)        0.000    12.063    u_conv_mac/g_lane[11].prod__86_carry__1_n_0
    SLICE_X63Y117        CARRY4 (Prop_carry4_CI_O[0])
                                                      0.222    12.285 r  u_conv_mac/g_lane[11].prod__86_carry__2/O[0]
                         net (fo=37, estimated)       0.641    12.926    u_conv_mac/g_lane[11].prod[15]
    SLICE_X64Y117        LUT3 (Prop_lut3_I0_O)        0.299    13.225 r  u_conv_mac/g_lane[11].sum_carry__3_i_8/O
                         net (fo=1, routed)           0.000    13.225    u_conv_mac/g_lane[11].sum_carry__3_i_8_n_0
    SLICE_X64Y117        CARRY4 (Prop_carry4_S[0]_CO[3])
                                                      0.532    13.757 r  u_conv_mac/g_lane[11].sum_carry__3/CO[3]
                         net (fo=1, estimated)        0.000    13.757    u_conv_mac/g_lane[11].sum_carry__3_n_0
    SLICE_X64Y118        CARRY4 (Prop_carry4_CI_CO[3])
                                                      0.114    13.871 r  u_conv_mac/g_lane[11].sum_carry__4/CO[3]
                         net (fo=1, estimated)        0.000    13.871    u_conv_mac/g_lane[11].sum_carry__4_n_0
    SLICE_X64Y119        CARRY4 (Prop_carry4_CI_CO[3])
                                                      0.114    13.985 r  u_conv_mac/g_lane[11].sum_carry__5/CO[3]
                         net (fo=1, estimated)        0.000    13.985    u_conv_mac/g_lane[11].sum_carry__5_n_0
    SLICE_X64Y120        CARRY4 (Prop_carry4_CI_O[1])
                                                      0.334    14.319 r  u_conv_mac/g_lane[11].sum_carry__6/O[1]
                         net (fo=1, routed)           0.000    14.319    u_conv_mac/g_lane[11].sum[29]
    SLICE_X64Y120        FDRE                                         r  u_conv_mac/g_lane[11].lane_out_reg[29]/D
  -------------------------------------------------------------------    -------------------

                         (clock ACLK rise edge)      10.000    10.000 r  
                                                      0.000    10.000 r  clk (IN)
                         net (fo=3700, unset)         0.924    10.924    u_conv_mac/clk
    SLICE_X64Y120        FDRE                                         r  u_conv_mac/g_lane[11].lane_out_reg[29]/C
                         clock pessimism              0.000    10.924    
                         clock uncertainty           -0.035    10.889    
    SLICE_X64Y120        FDRE (Setup_fdre_C_D)        0.062    10.951    u_conv_mac/g_lane[11].lane_out_reg[29]
  -------------------------------------------------------------------
                         required time                         10.951    
                         arrival time                         -14.319    
  -------------------------------------------------------------------
                         slack                                 -3.368    

Slack (VIOLATED) :        -3.368ns  (required time - arrival time)
  Source:                 u_input_buf/gen_word_write.mem_reg_1/CLKBWRCLK
                            (rising edge-triggered cell RAMB36E1 clocked by ACLK  {rise@0.000ns fall@5.000ns period=10.000ns})
  Destination:            u_conv_mac/g_lane[4].lane_out_reg[31]/D
                            (rising edge-triggered cell FDRE clocked by ACLK  {rise@0.000ns fall@5.000ns period=10.000ns})
  Path Group:             ACLK
  Path Type:              Setup (Max at Slow Process Corner)
  Requirement:            10.000ns  (ACLK rise@10.000ns - ACLK rise@0.000ns)
  Data Path Delay:        13.393ns  (logic 6.556ns (48.951%)  route 6.837ns (51.049%))
  Logic Levels:           17  (CARRY4=10 LUT2=2 LUT3=1 LUT4=1 LUT6=3)
  Clock Path Skew:        -0.049ns (DCD - SCD + CPR)
    Destination Clock Delay (DCD):    0.924ns = ( 10.924 - 10.000 ) 
    Source Clock Delay      (SCD):    0.973ns
    Clock Pessimism Removal (CPR):    0.000ns
  Clock Uncertainty:      0.035ns  ((TSJ^2 + TIJ^2)^1/2 + DJ) / 2 + PE
    Total System Jitter     (TSJ):    0.071ns
    Total Input Jitter      (TIJ):    0.000ns
    Discrete Jitter          (DJ):    0.000ns
    Phase Error              (PE):    0.000ns

    Location             Delay type                Incr(ns)  Path(ns)    Netlist Resource(s)
  -------------------------------------------------------------------    -------------------
                         (clock ACLK rise edge)       0.000     0.000 r  
                                                      0.000     0.000 r  clk (IN)
                         net (fo=3700, unset)         0.973     0.973    u_input_buf/clk
    RAMB36_X4Y20         RAMB36E1                                     r  u_input_buf/gen_word_write.mem_reg_1/CLKBWRCLK
  -------------------------------------------------------------------    -------------------
    RAMB36_X4Y20         RAMB36E1 (Prop_ramb36e1_CLKBWRCLK_DOBDO[9])
                                                      2.454     3.427 f  u_input_buf/gen_word_write.mem_reg_1/DOBDO[9]
                         net (fo=1, estimated)        1.614     5.041    u_input_buf/gen_word_write.read_word_reg[27]
    SLICE_X80Y98         LUT6 (Prop_lut6_I0_O)        0.124     5.165 f  u_input_buf/g_lane[0].prod__0_carry_i_17/O
                         net (fo=3, estimated)        0.425     5.590    u_input_buf/g_lane[0].prod__0_carry_i_17_n_0
    SLICE_X85Y98         LUT6 (Prop_lut6_I1_O)        0.124     5.714 f  u_input_buf/g_lane[2].prod__0_carry_i_9/O
                         net (fo=133, estimated)      0.511     6.225    u_input_buf/g_lane[2].prod__0_carry_i_9_n_0
    SLICE_X85Y99         LUT2 (Prop_lut2_I0_O)        0.124     6.349 r  u_input_buf/g_lane[4].prod__0_carry_i_8/O
                         net (fo=1, estimated)        1.533     7.882    u_input_buf/g_lane[4].prod__0_carry_i_8_n_0
    SLICE_X44Y102        LUT6 (Prop_lut6_I1_O)        0.124     8.006 r  u_input_buf/g_lane[4].prod__0_carry_i_4/O
                         net (fo=1, routed)           0.000     8.006    u_conv_mac/g_lane[4].lane_out_reg[3]_1[3]
    SLICE_X44Y102        CARRY4 (Prop_carry4_S[3]_CO[3])
                                                      0.401     8.407 r  u_conv_mac/g_lane[4].prod__0_carry/CO[3]
                         net (fo=1, estimated)        0.000     8.407    u_conv_mac/g_lane[4].prod__0_carry_n_0
    SLICE_X44Y103        CARRY4 (Prop_carry4_CI_O[1])
                                                      0.334     8.741 r  u_conv_mac/g_lane[4].prod__0_carry__0/O[1]
                         net (fo=2, estimated)        1.084     9.825    u_conv_mac/g_lane[4].prod__0_carry__0_n_6
    SLICE_X33Y101        LUT2 (Prop_lut2_I1_O)        0.332    10.157 r  u_conv_mac/g_lane[4].prod__86_carry_i_1/O
                         net (fo=2, estimated)        0.841    10.998    u_conv_mac/g_lane[4].prod__86_carry_i_1_n_0
    SLICE_X33Y101        LUT4 (Prop_lut4_I0_O)        0.327    11.325 r  u_conv_mac/g_lane[4].prod__86_carry_i_4/O
                         net (fo=1, routed)           0.000    11.325    u_conv_mac/g_lane[4].prod__86_carry_i_4_n_0
    SLICE_X33Y101        CARRY4 (Prop_carry4_S[3]_CO[3])
                                                      0.401    11.726 r  u_conv_mac/g_lane[4].prod__86_carry/CO[3]
                         net (fo=1, estimated)        0.000    11.726    u_conv_mac/g_lane[4].prod__86_carry_n_0
    SLICE_X33Y102        CARRY4 (Prop_carry4_CI_CO[3])
                                                      0.114    11.840 r  u_conv_mac/g_lane[4].prod__86_carry__0/CO[3]
                         net (fo=1, estimated)        0.000    11.840    u_conv_mac/g_lane[4].prod__86_carry__0_n_0
    SLICE_X33Y103        CARRY4 (Prop_carry4_CI_CO[3])
                                                      0.114    11.954 r  u_conv_mac/g_lane[4].prod__86_carry__1/CO[3]
                         net (fo=1, estimated)        0.000    11.954    u_conv_mac/g_lane[4].prod__86_carry__1_n_0
    SLICE_X33Y104        CARRY4 (Prop_carry4_CI_O[0])
                                                      0.222    12.176 r  u_conv_mac/g_lane[4].prod__86_carry__2/O[0]
                         net (fo=37, estimated)       0.829    13.005    u_conv_mac/g_lane[4].prod[15]
    SLICE_X34Y108        LUT3 (Prop_lut3_I0_O)        0.299    13.304 r  u_conv_mac/g_lane[4].sum_carry__3_i_8/O
                         net (fo=1, routed)           0.000    13.304    u_conv_mac/g_lane[4].sum_carry__3_i_8_n_0
    SLICE_X34Y108        CARRY4 (Prop_carry4_S[0]_CO[3])
                                                      0.513    13.817 r  u_conv_mac/g_lane[4].sum_carry__3/CO[3]
                         net (fo=1, estimated)        0.000    13.817    u_conv_mac/g_lane[4].sum_carry__3_n_0
    SLICE_X34Y109        CARRY4 (Prop_carry4_CI_CO[3])
                                                      0.117    13.934 r  u_conv_mac/g_lane[4].sum_carry__4/CO[3]
                         net (fo=1, estimated)        0.000    13.934    u_conv_mac/g_lane[4].sum_carry__4_n_0
    SLICE_X34Y110        CARRY4 (Prop_carry4_CI_CO[3])
                                                      0.117    14.051 r  u_conv_mac/g_lane[4].sum_carry__5/CO[3]
                         net (fo=1, estimated)        0.000    14.051    u_conv_mac/g_lane[4].sum_carry__5_n_0
    SLICE_X34Y111        CARRY4 (Prop_carry4_CI_O[3])
                                                      0.315    14.366 r  u_conv_mac/g_lane[4].sum_carry__6/O[3]
                         net (fo=1, routed)           0.000    14.366    u_conv_mac/g_lane[4].sum[31]
    SLICE_X34Y111        FDRE                                         r  u_conv_mac/g_lane[4].lane_out_reg[31]/D
  -------------------------------------------------------------------    -------------------

                         (clock ACLK rise edge)      10.000    10.000 r  
                                                      0.000    10.000 r  clk (IN)
                         net (fo=3700, unset)         0.924    10.924    u_conv_mac/clk
    SLICE_X34Y111        FDRE                                         r  u_conv_mac/g_lane[4].lane_out_reg[31]/C
                         clock pessimism              0.000    10.924    
                         clock uncertainty           -0.035    10.889    
    SLICE_X34Y111        FDRE (Setup_fdre_C_D)        0.109    10.998    u_conv_mac/g_lane[4].lane_out_reg[31]
  -------------------------------------------------------------------
                         required time                         10.998    
                         arrival time                         -14.366    
  -------------------------------------------------------------------
                         slack                                 -3.368    





Min Delay Paths
--------------------------------------------------------------------------------------
Slack (MET) :             0.097ns  (arrival time - required time)
  Source:                 u_conv_mac/acc_tag_r_reg[7]/C
                            (rising edge-triggered cell FDRE clocked by ACLK  {rise@0.000ns fall@5.000ns period=10.000ns})
  Destination:            u_enc_rq/rq_tag_reg[7]_srl4/D
                            (rising edge-triggered cell SRL16E clocked by ACLK  {rise@0.000ns fall@5.000ns period=10.000ns})
  Path Group:             ACLK
  Path Type:              Hold (Min at Fast Process Corner)
  Requirement:            0.000ns  (ACLK rise@0.000ns - ACLK rise@0.000ns)
  Data Path Delay:        0.302ns  (logic 0.141ns (46.751%)  route 0.161ns (53.249%))
  Logic Levels:           0  
  Clock Path Skew:        0.022ns (DCD - SCD - CPR)
    Destination Clock Delay (DCD):    0.432ns
    Source Clock Delay      (SCD):    0.410ns
    Clock Pessimism Removal (CPR):    -0.000ns

    Location             Delay type                Incr(ns)  Path(ns)    Netlist Resource(s)
  -------------------------------------------------------------------    -------------------
                         (clock ACLK rise edge)       0.000     0.000 r  
                                                      0.000     0.000 r  clk (IN)
                         net (fo=3700, unset)         0.410     0.410    u_conv_mac/clk
    SLICE_X67Y99         FDRE                                         r  u_conv_mac/acc_tag_r_reg[7]/C
  -------------------------------------------------------------------    -------------------
    SLICE_X67Y99         FDRE (Prop_fdre_C_Q)         0.141     0.551 r  u_conv_mac/acc_tag_r_reg[7]/Q
                         net (fo=1, estimated)        0.161     0.712    u_enc_rq/rq_tag_r0_reg[18][7]
    SLICE_X66Y98         SRL16E                                       r  u_enc_rq/rq_tag_reg[7]_srl4/D
  -------------------------------------------------------------------    -------------------

                         (clock ACLK rise edge)       0.000     0.000 r  
                                                      0.000     0.000 r  clk (IN)
                         net (fo=3700, unset)         0.432     0.432    u_enc_rq/clk
    SLICE_X66Y98         SRL16E                                       r  u_enc_rq/rq_tag_reg[7]_srl4/CLK
                         clock pessimism              0.000     0.432    
    SLICE_X66Y98         SRL16E (Hold_srl16e_CLK_D)
                                                      0.183     0.615    u_enc_rq/rq_tag_reg[7]_srl4
  -------------------------------------------------------------------
                         required time                         -0.615    
                         arrival time                           0.712    
  -------------------------------------------------------------------
                         slack                                  0.097    

Slack (MET) :             0.113ns  (arrival time - required time)
  Source:                 u_pool/q_r4_reg[0]/C
                            (rising edge-triggered cell FDRE clocked by ACLK  {rise@0.000ns fall@5.000ns period=10.000ns})
  Destination:            u_pool/res_mem_reg/DIADI[8]
                            (rising edge-triggered cell RAMB36E1 clocked by ACLK  {rise@0.000ns fall@5.000ns period=10.000ns})
  Path Group:             ACLK
  Path Type:              Hold (Min at Fast Process Corner)
  Requirement:            0.000ns  (ACLK rise@0.000ns - ACLK rise@0.000ns)
  Data Path Delay:        0.290ns  (logic 0.141ns (48.655%)  route 0.149ns (51.345%))
  Logic Levels:           0  
  Clock Path Skew:        0.022ns (DCD - SCD - CPR)
    Destination Clock Delay (DCD):    0.432ns
    Source Clock Delay      (SCD):    0.410ns
    Clock Pessimism Removal (CPR):    -0.000ns

    Location             Delay type                Incr(ns)  Path(ns)    Netlist Resource(s)
  -------------------------------------------------------------------    -------------------
                         (clock ACLK rise edge)       0.000     0.000 r  
                                                      0.000     0.000 r  clk (IN)
                         net (fo=3700, unset)         0.410     0.410    u_pool/clk
    SLICE_X33Y72         FDRE                                         r  u_pool/q_r4_reg[0]/C
  -------------------------------------------------------------------    -------------------
    SLICE_X33Y72         FDRE (Prop_fdre_C_Q)         0.141     0.551 r  u_pool/q_r4_reg[0]/Q
                         net (fo=9, estimated)        0.149     0.700    u_pool/q_r4_reg_n_0_[0]
    RAMB36_X2Y14         RAMB36E1                                     r  u_pool/res_mem_reg/DIADI[8]
  -------------------------------------------------------------------    -------------------

                         (clock ACLK rise edge)       0.000     0.000 r  
                                                      0.000     0.000 r  clk (IN)
                         net (fo=3700, unset)         0.432     0.432    u_pool/clk
    RAMB36_X2Y14         RAMB36E1                                     r  u_pool/res_mem_reg/CLKBWRCLK
                         clock pessimism              0.000     0.432    
    RAMB36_X2Y14         RAMB36E1 (Hold_ramb36e1_CLKBWRCLK_DIADI[8])
                                                      0.155     0.587    u_pool/res_mem_reg
  -------------------------------------------------------------------
                         required time                         -0.587    
                         arrival time                           0.700    
  -------------------------------------------------------------------
                         slack                                  0.113    

Slack (MET) :             0.113ns  (arrival time - required time)
  Source:                 u_pool/q_r4_reg[0]/C
                            (rising edge-triggered cell FDRE clocked by ACLK  {rise@0.000ns fall@5.000ns period=10.000ns})
  Destination:            u_pool/res_mem_reg/DIBDI[8]
                            (rising edge-triggered cell RAMB36E1 clocked by ACLK  {rise@0.000ns fall@5.000ns period=10.000ns})
  Path Group:             ACLK
  Path Type:              Hold (Min at Fast Process Corner)
  Requirement:            0.000ns  (ACLK rise@0.000ns - ACLK rise@0.000ns)
  Data Path Delay:        0.290ns  (logic 0.141ns (48.655%)  route 0.149ns (51.345%))
  Logic Levels:           0  
  Clock Path Skew:        0.022ns (DCD - SCD - CPR)
    Destination Clock Delay (DCD):    0.432ns
    Source Clock Delay      (SCD):    0.410ns
    Clock Pessimism Removal (CPR):    -0.000ns

    Location             Delay type                Incr(ns)  Path(ns)    Netlist Resource(s)
  -------------------------------------------------------------------    -------------------
                         (clock ACLK rise edge)       0.000     0.000 r  
                                                      0.000     0.000 r  clk (IN)
                         net (fo=3700, unset)         0.410     0.410    u_pool/clk
    SLICE_X33Y72         FDRE                                         r  u_pool/q_r4_reg[0]/C
  -------------------------------------------------------------------    -------------------
    SLICE_X33Y72         FDRE (Prop_fdre_C_Q)         0.141     0.551 r  u_pool/q_r4_reg[0]/Q
                         net (fo=9, estimated)        0.149     0.700    u_pool/q_r4_reg_n_0_[0]
    RAMB36_X2Y14         RAMB36E1                                     r  u_pool/res_mem_reg/DIBDI[8]
  -------------------------------------------------------------------    -------------------

                         (clock ACLK rise edge)       0.000     0.000 r  
                                                      0.000     0.000 r  clk (IN)
                         net (fo=3700, unset)         0.432     0.432    u_pool/clk
    RAMB36_X2Y14         RAMB36E1                                     r  u_pool/res_mem_reg/CLKBWRCLK
                         clock pessimism              0.000     0.432    
    RAMB36_X2Y14         RAMB36E1 (Hold_ramb36e1_CLKBWRCLK_DIBDI[8])
                                                      0.155     0.587    u_pool/res_mem_reg
  -------------------------------------------------------------------
                         required time                         -0.587    
                         arrival time                           0.700    
  -------------------------------------------------------------------
                         slack                                  0.113    





Pulse Width Checks
--------------------------------------------------------------------------------------
Clock Name:         ACLK
Waveform(ns):       { 0.000 5.000 }
Period(ns):         10.000
Sources:            { clk }

Check Type        Corner  Lib Pin             Reference Pin  Required(ns)  Actual(ns)  Slack(ns)  Location      Pin
Min Period        n/a     RAMB36E1/CLKARDCLK  n/a            2.944         10.000      7.056      RAMB36_X2Y14  u_pool/res_mem_reg/CLKARDCLK
Min Period        n/a     RAMB36E1/CLKBWRCLK  n/a            2.944         10.000      7.056      RAMB36_X2Y14  u_pool/res_mem_reg/CLKBWRCLK
Min Period        n/a     RAMB36E1/CLKARDCLK  n/a            2.944         10.000      7.056      RAMB36_X3Y14  u_fmap1_buf/gen_legacy.mem_reg_0_0/CLKARDCLK
Low Pulse Width   Fast    SRL16E/CLK          n/a            0.980         5.000       4.020      SLICE_X34Y77  u_pool/v_r2_reg_srl2___u_enc_rq_valid_r1_reg_r/CLK
Low Pulse Width   Fast    SRL16E/CLK          n/a            0.980         5.000       4.020      SLICE_X34Y71  u_pool/idx_r3_reg[0]_srl3/CLK
Low Pulse Width   Fast    SRL16E/CLK          n/a            0.980         5.000       4.020      SLICE_X34Y71  u_pool/idx_r3_reg[1]_srl3/CLK
High Pulse Width  Slow    SRL16E/CLK          n/a            0.980         5.000       4.020      SLICE_X34Y77  u_pool/v_r2_reg_srl2___u_enc_rq_valid_r1_reg_r/CLK
High Pulse Width  Fast    SRL16E/CLK          n/a            0.980         5.000       4.020      SLICE_X34Y77  u_pool/v_r2_reg_srl2___u_enc_rq_valid_r1_reg_r/CLK
High Pulse Width  Slow    SRL16E/CLK          n/a            0.980         5.000       4.020      SLICE_X34Y71  u_pool/idx_r3_reg[0]_srl3/CLK



