Copyright 1986-2020 Xilinx, Inc. All Rights Reserved.
----------------------------------------------------------------------------------------------------------------------------------------------------------------------------------
| Tool Version : Vivado v.2020.2 (win64) Build 3064766 Wed Nov 18 09:12:45 MST 2020
| Date         : Sat Sep 26 19:55:08 2026
| Host         : DESKTOP-7CFQ9ND running 64-bit major release  (build 9200)
| Command      : report_timing -max_paths 3 -nworst 1 -input_pins -delay_type max -file D:/2609_final_project/cnn_rtl/docs/E-02a_runs/encoder_default_10.000/post_place_paths.rpt
| Design       : CNN_Encoder
| Device       : 7z020-clg400
| Speed File   : -1  PRODUCTION 1.12 2019-11-22
----------------------------------------------------------------------------------------------------------------------------------------------------------------------------------

Timing Report

Slack (VIOLATED) :        -3.376ns  (required time - arrival time)
  Source:                 u_input_buf/gen_word_write.mem_reg_1/CLKBWRCLK
                            (rising edge-triggered cell RAMB36E1 clocked by ACLK  {rise@0.000ns fall@5.000ns period=10.000ns})
  Destination:            u_conv_mac/g_lane[4].lane_out_reg[29]/D
                            (rising edge-triggered cell FDRE clocked by ACLK  {rise@0.000ns fall@5.000ns period=10.000ns})
  Path Group:             ACLK
  Path Type:              Setup (Max at Slow Process Corner)
  Requirement:            10.000ns  (ACLK rise@10.000ns - ACLK rise@0.000ns)
  Data Path Delay:        13.401ns  (logic 6.564ns (48.981%)  route 6.837ns (51.019%))
  Logic Levels:           17  (CARRY4=10 LUT2=2 LUT3=1 LUT4=1 LUT6=3)
  Clock Path Skew:        -0.049ns (DCD - SCD + CPR)
    Destination Clock Delay (DCD):    0.924ns = ( 10.924 - 10.000 ) 
    Source Clock Delay      (SCD):    0.973ns
    Clock Pessimism Removal (CPR):    0.000ns
  Clock Uncertainty:      0.035ns  ((TSJ^2 + TIJ^2)^1/2 + DJ) / 2 + PE
    Total System Jitter     (TSJ):    0.071ns
    Total Input Jitter      (TIJ):    0.000ns
    Discrete Jitter          (DJ):    0.000ns
    Phase Error              (PE):    0.000ns

    Location             Delay type                Incr(ns)  Path(ns)    Netlist Resource(s)
  -------------------------------------------------------------------    -------------------
                         (clock ACLK rise edge)       0.000     0.000 r  
                                                      0.000     0.000 r  clk (IN)
                         net (fo=3700, unset)         0.973     0.973    u_input_buf/clk
    RAMB36_X4Y20         RAMB36E1                                     r  u_input_buf/gen_word_write.mem_reg_1/CLKBWRCLK
  -------------------------------------------------------------------    -------------------
    RAMB36_X4Y20         RAMB36E1 (Prop_ramb36e1_CLKBWRCLK_DOBDO[9])
                                                      2.454     3.427 f  u_input_buf/gen_word_write.mem_reg_1/DOBDO[9]
                         net (fo=1, estimated)        1.614     5.041    u_input_buf/gen_word_write.read_word_reg[27]
    SLICE_X80Y98                                                      f  u_input_buf/g_lane[0].prod__0_carry_i_17/I0
    SLICE_X80Y98         LUT6 (Prop_lut6_I0_O)        0.124     5.165 f  u_input_buf/g_lane[0].prod__0_carry_i_17/O
                         net (fo=3, estimated)        0.425     5.590    u_input_buf/g_lane[0].prod__0_carry_i_17_n_0
    SLICE_X85Y98                                                      f  u_input_buf/g_lane[2].prod__0_carry_i_9/I1
    SLICE_X85Y98         LUT6 (Prop_lut6_I1_O)        0.124     5.714 f  u_input_buf/g_lane[2].prod__0_carry_i_9/O
                         net (fo=133, estimated)      0.511     6.225    u_input_buf/g_lane[2].prod__0_carry_i_9_n_0
    SLICE_X85Y99                                                      f  u_input_buf/g_lane[4].prod__0_carry_i_8/I0
    SLICE_X85Y99         LUT2 (Prop_lut2_I0_O)        0.124     6.349 r  u_input_buf/g_lane[4].prod__0_carry_i_8/O
                         net (fo=1, estimated)        1.533     7.882    u_input_buf/g_lane[4].prod__0_carry_i_8_n_0
    SLICE_X44Y102                                                     r  u_input_buf/g_lane[4].prod__0_carry_i_4/I1
    SLICE_X44Y102        LUT6 (Prop_lut6_I1_O)        0.124     8.006 r  u_input_buf/g_lane[4].prod__0_carry_i_4/O
                         net (fo=1, routed)           0.000     8.006    u_conv_mac/g_lane[4].lane_out_reg[3]_1[3]
    SLICE_X44Y102                                                     r  u_conv_mac/g_lane[4].prod__0_carry/S[3]
    SLICE_X44Y102        CARRY4 (Prop_carry4_S[3]_CO[3])
                                                      0.401     8.407 r  u_conv_mac/g_lane[4].prod__0_carry/CO[3]
                         net (fo=1, estimated)        0.000     8.407    u_conv_mac/g_lane[4].prod__0_carry_n_0
    SLICE_X44Y103                                                     r  u_conv_mac/g_lane[4].prod__0_carry__0/CI
    SLICE_X44Y103        CARRY4 (Prop_carry4_CI_O[1])
                                                      0.334     8.741 r  u_conv_mac/g_lane[4].prod__0_carry__0/O[1]
                         net (fo=2, estimated)        1.084     9.825    u_conv_mac/g_lane[4].prod__0_carry__0_n_6
    SLICE_X33Y101                                                     r  u_conv_mac/g_lane[4].prod__86_carry_i_1/I1
    SLICE_X33Y101        LUT2 (Prop_lut2_I1_O)        0.332    10.157 r  u_conv_mac/g_lane[4].prod__86_carry_i_1/O
                         net (fo=2, estimated)        0.841    10.998    u_conv_mac/g_lane[4].prod__86_carry_i_1_n_0
    SLICE_X33Y101                                                     r  u_conv_mac/g_lane[4].prod__86_carry_i_4/I0
    SLICE_X33Y101        LUT4 (Prop_lut4_I0_O)        0.327    11.325 r  u_conv_mac/g_lane[4].prod__86_carry_i_4/O
                         net (fo=1, routed)           0.000    11.325    u_conv_mac/g_lane[4].prod__86_carry_i_4_n_0
    SLICE_X33Y101                                                     r  u_conv_mac/g_lane[4].prod__86_carry/S[3]
    SLICE_X33Y101        CARRY4 (Prop_carry4_S[3]_CO[3])
                                                      0.401    11.726 r  u_conv_mac/g_lane[4].prod__86_carry/CO[3]
                         net (fo=1, estimated)        0.000    11.726    u_conv_mac/g_lane[4].prod__86_carry_n_0
    SLICE_X33Y102                                                     r  u_conv_mac/g_lane[4].prod__86_carry__0/CI
    SLICE_X33Y102        CARRY4 (Prop_carry4_CI_CO[3])
                                                      0.114    11.840 r  u_conv_mac/g_lane[4].prod__86_carry__0/CO[3]
                         net (fo=1, estimated)        0.000    11.840    u_conv_mac/g_lane[4].prod__86_carry__0_n_0
    SLICE_X33Y103                                                     r  u_conv_mac/g_lane[4].prod__86_carry__1/CI
    SLICE_X33Y103        CARRY4 (Prop_carry4_CI_CO[3])
                                                      0.114    11.954 r  u_conv_mac/g_lane[4].prod__86_carry__1/CO[3]
                         net (fo=1, estimated)        0.000    11.954    u_conv_mac/g_lane[4].prod__86_carry__1_n_0
    SLICE_X33Y104                                                     r  u_conv_mac/g_lane[4].prod__86_carry__2/CI
    SLICE_X33Y104        CARRY4 (Prop_carry4_CI_O[0])
                                                      0.222    12.176 r  u_conv_mac/g_lane[4].prod__86_carry__2/O[0]
                         net (fo=37, estimated)       0.829    13.005    u_conv_mac/g_lane[4].prod[15]
    SLICE_X34Y108                                                     r  u_conv_mac/g_lane[4].sum_carry__3_i_8/I0
    SLICE_X34Y108        LUT3 (Prop_lut3_I0_O)        0.299    13.304 r  u_conv_mac/g_lane[4].sum_carry__3_i_8/O
                         net (fo=1, routed)           0.000    13.304    u_conv_mac/g_lane[4].sum_carry__3_i_8_n_0
    SLICE_X34Y108                                                     r  u_conv_mac/g_lane[4].sum_carry__3/S[0]
    SLICE_X34Y108        CARRY4 (Prop_carry4_S[0]_CO[3])
                                                      0.513    13.817 r  u_conv_mac/g_lane[4].sum_carry__3/CO[3]
                         net (fo=1, estimated)        0.000    13.817    u_conv_mac/g_lane[4].sum_carry__3_n_0
    SLICE_X34Y109                                                     r  u_conv_mac/g_lane[4].sum_carry__4/CI
    SLICE_X34Y109        CARRY4 (Prop_carry4_CI_CO[3])
                                                      0.117    13.934 r  u_conv_mac/g_lane[4].sum_carry__4/CO[3]
                         net (fo=1, estimated)        0.000    13.934    u_conv_mac/g_lane[4].sum_carry__4_n_0
    SLICE_X34Y110                                                     r  u_conv_mac/g_lane[4].sum_carry__5/CI
    SLICE_X34Y110        CARRY4 (Prop_carry4_CI_CO[3])
                                                      0.117    14.051 r  u_conv_mac/g_lane[4].sum_carry__5/CO[3]
                         net (fo=1, estimated)        0.000    14.051    u_conv_mac/g_lane[4].sum_carry__5_n_0
    SLICE_X34Y111                                                     r  u_conv_mac/g_lane[4].sum_carry__6/CI
    SLICE_X34Y111        CARRY4 (Prop_carry4_CI_O[1])
                                                      0.323    14.374 r  u_conv_mac/g_lane[4].sum_carry__6/O[1]
                         net (fo=1, routed)           0.000    14.374    u_conv_mac/g_lane[4].sum[29]
    SLICE_X34Y111        FDRE                                         r  u_conv_mac/g_lane[4].lane_out_reg[29]/D
  -------------------------------------------------------------------    -------------------

                         (clock ACLK rise edge)      10.000    10.000 r  
                                                      0.000    10.000 r  clk (IN)
                         net (fo=3700, unset)         0.924    10.924    u_conv_mac/clk
    SLICE_X34Y111        FDRE                                         r  u_conv_mac/g_lane[4].lane_out_reg[29]/C
                         clock pessimism              0.000    10.924    
                         clock uncertainty           -0.035    10.889    
    SLICE_X34Y111        FDRE (Setup_fdre_C_D)        0.109    10.998    u_conv_mac/g_lane[4].lane_out_reg[29]
  -------------------------------------------------------------------
                         required time                         10.998    
                         arrival time                         -14.374    
  -------------------------------------------------------------------
                         slack                                 -3.376    

Slack (VIOLATED) :        -3.368ns  (required time - arrival time)
  Source:                 u_input_buf/gen_word_write.mem_reg_2/CLKBWRCLK
                            (rising edge-triggered cell RAMB36E1 clocked by ACLK  {rise@0.000ns fall@5.000ns period=10.000ns})
  Destination:            u_conv_mac/g_lane[11].lane_out_reg[29]/D
                            (rising edge-triggered cell FDRE clocked by ACLK  {rise@0.000ns fall@5.000ns period=10.000ns})
  Path Group:             ACLK
  Path Type:              Setup (Max at Slow Process Corner)
  Requirement:            10.000ns  (ACLK rise@10.000ns - ACLK rise@0.000ns)
  Data Path Delay:        13.346ns  (logic 6.283ns (47.078%)  route 7.063ns (52.922%))
  Logic Levels:           16  (CARRY4=9 LUT2=1 LUT3=1 LUT4=1 LUT6=4)
  Clock Path Skew:        -0.049ns (DCD - SCD + CPR)
    Destination Clock Delay (DCD):    0.924ns = ( 10.924 - 10.000 ) 
    Source Clock Delay      (SCD):    0.973ns
    Clock Pessimism Removal (CPR):    0.000ns
  Clock Uncertainty:      0.035ns  ((TSJ^2 + TIJ^2)^1/2 + DJ) / 2 + PE
    Total System Jitter     (TSJ):    0.071ns
    Total Input Jitter      (TIJ):    0.000ns
    Discrete Jitter          (DJ):    0.000ns
    Phase Error              (PE):    0.000ns

    Location             Delay type                Incr(ns)  Path(ns)    Netlist Resource(s)
  -------------------------------------------------------------------    -------------------
                         (clock ACLK rise edge)       0.000     0.000 r  
                                                      0.000     0.000 r  clk (IN)
                         net (fo=3700, unset)         0.973     0.973    u_input_buf/clk
    RAMB36_X4Y19         RAMB36E1                                     r  u_input_buf/gen_word_write.mem_reg_2/CLKBWRCLK
  -------------------------------------------------------------------    -------------------
    RAMB36_X4Y19         RAMB36E1 (Prop_ramb36e1_CLKBWRCLK_DOBDO[13])
                                                      2.454     3.427 r  u_input_buf/gen_word_write.mem_reg_2/DOBDO[13]
                         net (fo=1, estimated)        2.056     5.483    u_input_buf/gen_word_write.read_word_reg[49]
    SLICE_X53Y99                                                      r  u_input_buf/g_lane[0].prod__0_carry_i_16/I1
    SLICE_X53Y99         LUT6 (Prop_lut6_I1_O)        0.124     5.607 r  u_input_buf/g_lane[0].prod__0_carry_i_16/O
                         net (fo=3, estimated)        0.762     6.369    u_input_buf/g_lane[0].prod__0_carry_i_16_n_0
    SLICE_X57Y105                                                     r  u_input_buf/g_lane[9].prod__0_carry_i_8/I3
    SLICE_X57Y105        LUT6 (Prop_lut6_I3_O)        0.124     6.493 r  u_input_buf/g_lane[9].prod__0_carry_i_8/O
                         net (fo=133, estimated)      1.423     7.916    u_input_buf/u_conv_mac/act[1]
    SLICE_X65Y113                                                     r  u_input_buf/g_lane[11].prod__0_carry__0_i_4/I1
    SLICE_X65Y113        LUT6 (Prop_lut6_I1_O)        0.124     8.040 r  u_input_buf/g_lane[11].prod__0_carry__0_i_4/O
                         net (fo=2, estimated)        0.598     8.638    u_input_buf/conv_rdata[90][0]
    SLICE_X66Y113                                                     r  u_input_buf/g_lane[11].prod__0_carry__0_i_8/I0
    SLICE_X66Y113        LUT6 (Prop_lut6_I0_O)        0.124     8.762 r  u_input_buf/g_lane[11].prod__0_carry__0_i_8/O
                         net (fo=1, routed)           0.000     8.762    u_conv_mac/g_lane[11].prod__86_carry_i_6_1[0]
    SLICE_X66Y113                                                     r  u_conv_mac/g_lane[11].prod__0_carry__0/S[0]
    SLICE_X66Y113        CARRY4 (Prop_carry4_S[0]_O[1])
                                                      0.427     9.189 r  u_conv_mac/g_lane[11].prod__0_carry__0/O[1]
                         net (fo=2, estimated)        0.742     9.931    u_conv_mac/g_lane[11].prod__0_carry__0_n_6
    SLICE_X63Y114                                                     r  u_conv_mac/g_lane[11].prod__86_carry_i_1/I1
    SLICE_X63Y114        LUT2 (Prop_lut2_I1_O)        0.335    10.266 r  u_conv_mac/g_lane[11].prod__86_carry_i_1/O
                         net (fo=2, estimated)        0.841    11.107    u_conv_mac/g_lane[11].prod__86_carry_i_1_n_0
    SLICE_X63Y114                                                     r  u_conv_mac/g_lane[11].prod__86_carry_i_4/I0
    SLICE_X63Y114        LUT4 (Prop_lut4_I0_O)        0.327    11.434 r  u_conv_mac/g_lane[11].prod__86_carry_i_4/O
                         net (fo=1, routed)           0.000    11.434    u_conv_mac/g_lane[11].prod__86_carry_i_4_n_0
    SLICE_X63Y114                                                     r  u_conv_mac/g_lane[11].prod__86_carry/S[3]
    SLICE_X63Y114        CARRY4 (Prop_carry4_S[3]_CO[3])
                                                      0.401    11.835 r  u_conv_mac/g_lane[11].prod__86_carry/CO[3]
                         net (fo=1, estimated)        0.000    11.835    u_conv_mac/g_lane[11].prod__86_carry_n_0
    SLICE_X63Y115                                                     r  u_conv_mac/g_lane[11].prod__86_carry__0/CI
    SLICE_X63Y115        CARRY4 (Prop_carry4_CI_CO[3])
                                                      0.114    11.949 r  u_conv_mac/g_lane[11].prod__86_carry__0/CO[3]
                         net (fo=1, estimated)        0.000    11.949    u_conv_mac/g_lane[11].prod__86_carry__0_n_0
    SLICE_X63Y116                                                     r  u_conv_mac/g_lane[11].prod__86_carry__1/CI
    SLICE_X63Y116        CARRY4 (Prop_carry4_CI_CO[3])
                                                      0.114    12.063 r  u_conv_mac/g_lane[11].prod__86_carry__1/CO[3]
                         net (fo=1, estimated)        0.000    12.063    u_conv_mac/g_lane[11].prod__86_carry__1_n_0
    SLICE_X63Y117                                                     r  u_conv_mac/g_lane[11].prod__86_carry__2/CI
    SLICE_X63Y117        CARRY4 (Prop_carry4_CI_O[0])
                                                      0.222    12.285 r  u_conv_mac/g_lane[11].prod__86_carry__2/O[0]
                         net (fo=37, estimated)       0.641    12.926    u_conv_mac/g_lane[11].prod[15]
    SLICE_X64Y117                                                     r  u_conv_mac/g_lane[11].sum_carry__3_i_8/I0
    SLICE_X64Y117        LUT3 (Prop_lut3_I0_O)        0.299    13.225 r  u_conv_mac/g_lane[11].sum_carry__3_i_8/O
                         net (fo=1, routed)           0.000    13.225    u_conv_mac/g_lane[11].sum_carry__3_i_8_n_0
    SLICE_X64Y117                                                     r  u_conv_mac/g_lane[11].sum_carry__3/S[0]
    SLICE_X64Y117        CARRY4 (Prop_carry4_S[0]_CO[3])
                                                      0.532    13.757 r  u_conv_mac/g_lane[11].sum_carry__3/CO[3]
                         net (fo=1, estimated)        0.000    13.757    u_conv_mac/g_lane[11].sum_carry__3_n_0
    SLICE_X64Y118                                                     r  u_conv_mac/g_lane[11].sum_carry__4/CI
    SLICE_X64Y118        CARRY4 (Prop_carry4_CI_CO[3])
                                                      0.114    13.871 r  u_conv_mac/g_lane[11].sum_carry__4/CO[3]
                         net (fo=1, estimated)        0.000    13.871    u_conv_mac/g_lane[11].sum_carry__4_n_0
    SLICE_X64Y119                                                     r  u_conv_mac/g_lane[11].sum_carry__5/CI
    SLICE_X64Y119        CARRY4 (Prop_carry4_CI_CO[3])
                                                      0.114    13.985 r  u_conv_mac/g_lane[11].sum_carry__5/CO[3]
                         net (fo=1, estimated)        0.000    13.985    u_conv_mac/g_lane[11].sum_carry__5_n_0
    SLICE_X64Y120                                                     r  u_conv_mac/g_lane[11].sum_carry__6/CI
    SLICE_X64Y120        CARRY4 (Prop_carry4_CI_O[1])
                                                      0.334    14.319 r  u_conv_mac/g_lane[11].sum_carry__6/O[1]
                         net (fo=1, routed)           0.000    14.319    u_conv_mac/g_lane[11].sum[29]
    SLICE_X64Y120        FDRE                                         r  u_conv_mac/g_lane[11].lane_out_reg[29]/D
  -------------------------------------------------------------------    -------------------

                         (clock ACLK rise edge)      10.000    10.000 r  
                                                      0.000    10.000 r  clk (IN)
                         net (fo=3700, unset)         0.924    10.924    u_conv_mac/clk
    SLICE_X64Y120        FDRE                                         r  u_conv_mac/g_lane[11].lane_out_reg[29]/C
                         clock pessimism              0.000    10.924    
                         clock uncertainty           -0.035    10.889    
    SLICE_X64Y120        FDRE (Setup_fdre_C_D)        0.062    10.951    u_conv_mac/g_lane[11].lane_out_reg[29]
  -------------------------------------------------------------------
                         required time                         10.951    
                         arrival time                         -14.319    
  -------------------------------------------------------------------
                         slack                                 -3.368    

Slack (VIOLATED) :        -3.368ns  (required time - arrival time)
  Source:                 u_input_buf/gen_word_write.mem_reg_1/CLKBWRCLK
                            (rising edge-triggered cell RAMB36E1 clocked by ACLK  {rise@0.000ns fall@5.000ns period=10.000ns})
  Destination:            u_conv_mac/g_lane[4].lane_out_reg[31]/D
                            (rising edge-triggered cell FDRE clocked by ACLK  {rise@0.000ns fall@5.000ns period=10.000ns})
  Path Group:             ACLK
  Path Type:              Setup (Max at Slow Process Corner)
  Requirement:            10.000ns  (ACLK rise@10.000ns - ACLK rise@0.000ns)
  Data Path Delay:        13.393ns  (logic 6.556ns (48.951%)  route 6.837ns (51.049%))
  Logic Levels:           17  (CARRY4=10 LUT2=2 LUT3=1 LUT4=1 LUT6=3)
  Clock Path Skew:        -0.049ns (DCD - SCD + CPR)
    Destination Clock Delay (DCD):    0.924ns = ( 10.924 - 10.000 ) 
    Source Clock Delay      (SCD):    0.973ns
    Clock Pessimism Removal (CPR):    0.000ns
  Clock Uncertainty:      0.035ns  ((TSJ^2 + TIJ^2)^1/2 + DJ) / 2 + PE
    Total System Jitter     (TSJ):    0.071ns
    Total Input Jitter      (TIJ):    0.000ns
    Discrete Jitter          (DJ):    0.000ns
    Phase Error              (PE):    0.000ns

    Location             Delay type                Incr(ns)  Path(ns)    Netlist Resource(s)
  -------------------------------------------------------------------    -------------------
                         (clock ACLK rise edge)       0.000     0.000 r  
                                                      0.000     0.000 r  clk (IN)
                         net (fo=3700, unset)         0.973     0.973    u_input_buf/clk
    RAMB36_X4Y20         RAMB36E1                                     r  u_input_buf/gen_word_write.mem_reg_1/CLKBWRCLK
  -------------------------------------------------------------------    -------------------
    RAMB36_X4Y20         RAMB36E1 (Prop_ramb36e1_CLKBWRCLK_DOBDO[9])
                                                      2.454     3.427 f  u_input_buf/gen_word_write.mem_reg_1/DOBDO[9]
                         net (fo=1, estimated)        1.614     5.041    u_input_buf/gen_word_write.read_word_reg[27]
    SLICE_X80Y98                                                      f  u_input_buf/g_lane[0].prod__0_carry_i_17/I0
    SLICE_X80Y98         LUT6 (Prop_lut6_I0_O)        0.124     5.165 f  u_input_buf/g_lane[0].prod__0_carry_i_17/O
                         net (fo=3, estimated)        0.425     5.590    u_input_buf/g_lane[0].prod__0_carry_i_17_n_0
    SLICE_X85Y98                                                      f  u_input_buf/g_lane[2].prod__0_carry_i_9/I1
    SLICE_X85Y98         LUT6 (Prop_lut6_I1_O)        0.124     5.714 f  u_input_buf/g_lane[2].prod__0_carry_i_9/O
                         net (fo=133, estimated)      0.511     6.225    u_input_buf/g_lane[2].prod__0_carry_i_9_n_0
    SLICE_X85Y99                                                      f  u_input_buf/g_lane[4].prod__0_carry_i_8/I0
    SLICE_X85Y99         LUT2 (Prop_lut2_I0_O)        0.124     6.349 r  u_input_buf/g_lane[4].prod__0_carry_i_8/O
                         net (fo=1, estimated)        1.533     7.882    u_input_buf/g_lane[4].prod__0_carry_i_8_n_0
    SLICE_X44Y102                                                     r  u_input_buf/g_lane[4].prod__0_carry_i_4/I1
    SLICE_X44Y102        LUT6 (Prop_lut6_I1_O)        0.124     8.006 r  u_input_buf/g_lane[4].prod__0_carry_i_4/O
                         net (fo=1, routed)           0.000     8.006    u_conv_mac/g_lane[4].lane_out_reg[3]_1[3]
    SLICE_X44Y102                                                     r  u_conv_mac/g_lane[4].prod__0_carry/S[3]
    SLICE_X44Y102        CARRY4 (Prop_carry4_S[3]_CO[3])
                                                      0.401     8.407 r  u_conv_mac/g_lane[4].prod__0_carry/CO[3]
                         net (fo=1, estimated)        0.000     8.407    u_conv_mac/g_lane[4].prod__0_carry_n_0
    SLICE_X44Y103                                                     r  u_conv_mac/g_lane[4].prod__0_carry__0/CI
    SLICE_X44Y103        CARRY4 (Prop_carry4_CI_O[1])
                                                      0.334     8.741 r  u_conv_mac/g_lane[4].prod__0_carry__0/O[1]
                         net (fo=2, estimated)        1.084     9.825    u_conv_mac/g_lane[4].prod__0_carry__0_n_6
    SLICE_X33Y101                                                     r  u_conv_mac/g_lane[4].prod__86_carry_i_1/I1
    SLICE_X33Y101        LUT2 (Prop_lut2_I1_O)        0.332    10.157 r  u_conv_mac/g_lane[4].prod__86_carry_i_1/O
                         net (fo=2, estimated)        0.841    10.998    u_conv_mac/g_lane[4].prod__86_carry_i_1_n_0
    SLICE_X33Y101                                                     r  u_conv_mac/g_lane[4].prod__86_carry_i_4/I0
    SLICE_X33Y101        LUT4 (Prop_lut4_I0_O)        0.327    11.325 r  u_conv_mac/g_lane[4].prod__86_carry_i_4/O
                         net (fo=1, routed)           0.000    11.325    u_conv_mac/g_lane[4].prod__86_carry_i_4_n_0
    SLICE_X33Y101                                                     r  u_conv_mac/g_lane[4].prod__86_carry/S[3]
    SLICE_X33Y101        CARRY4 (Prop_carry4_S[3]_CO[3])
                                                      0.401    11.726 r  u_conv_mac/g_lane[4].prod__86_carry/CO[3]
                         net (fo=1, estimated)        0.000    11.726    u_conv_mac/g_lane[4].prod__86_carry_n_0
    SLICE_X33Y102                                                     r  u_conv_mac/g_lane[4].prod__86_carry__0/CI
    SLICE_X33Y102        CARRY4 (Prop_carry4_CI_CO[3])
                                                      0.114    11.840 r  u_conv_mac/g_lane[4].prod__86_carry__0/CO[3]
                         net (fo=1, estimated)        0.000    11.840    u_conv_mac/g_lane[4].prod__86_carry__0_n_0
    SLICE_X33Y103                                                     r  u_conv_mac/g_lane[4].prod__86_carry__1/CI
    SLICE_X33Y103        CARRY4 (Prop_carry4_CI_CO[3])
                                                      0.114    11.954 r  u_conv_mac/g_lane[4].prod__86_carry__1/CO[3]
                         net (fo=1, estimated)        0.000    11.954    u_conv_mac/g_lane[4].prod__86_carry__1_n_0
    SLICE_X33Y104                                                     r  u_conv_mac/g_lane[4].prod__86_carry__2/CI
    SLICE_X33Y104        CARRY4 (Prop_carry4_CI_O[0])
                                                      0.222    12.176 r  u_conv_mac/g_lane[4].prod__86_carry__2/O[0]
                         net (fo=37, estimated)       0.829    13.005    u_conv_mac/g_lane[4].prod[15]
    SLICE_X34Y108                                                     r  u_conv_mac/g_lane[4].sum_carry__3_i_8/I0
    SLICE_X34Y108        LUT3 (Prop_lut3_I0_O)        0.299    13.304 r  u_conv_mac/g_lane[4].sum_carry__3_i_8/O
                         net (fo=1, routed)           0.000    13.304    u_conv_mac/g_lane[4].sum_carry__3_i_8_n_0
    SLICE_X34Y108                                                     r  u_conv_mac/g_lane[4].sum_carry__3/S[0]
    SLICE_X34Y108        CARRY4 (Prop_carry4_S[0]_CO[3])
                                                      0.513    13.817 r  u_conv_mac/g_lane[4].sum_carry__3/CO[3]
                         net (fo=1, estimated)        0.000    13.817    u_conv_mac/g_lane[4].sum_carry__3_n_0
    SLICE_X34Y109                                                     r  u_conv_mac/g_lane[4].sum_carry__4/CI
    SLICE_X34Y109        CARRY4 (Prop_carry4_CI_CO[3])
                                                      0.117    13.934 r  u_conv_mac/g_lane[4].sum_carry__4/CO[3]
                         net (fo=1, estimated)        0.000    13.934    u_conv_mac/g_lane[4].sum_carry__4_n_0
    SLICE_X34Y110                                                     r  u_conv_mac/g_lane[4].sum_carry__5/CI
    SLICE_X34Y110        CARRY4 (Prop_carry4_CI_CO[3])
                                                      0.117    14.051 r  u_conv_mac/g_lane[4].sum_carry__5/CO[3]
                         net (fo=1, estimated)        0.000    14.051    u_conv_mac/g_lane[4].sum_carry__5_n_0
    SLICE_X34Y111                                                     r  u_conv_mac/g_lane[4].sum_carry__6/CI
    SLICE_X34Y111        CARRY4 (Prop_carry4_CI_O[3])
                                                      0.315    14.366 r  u_conv_mac/g_lane[4].sum_carry__6/O[3]
                         net (fo=1, routed)           0.000    14.366    u_conv_mac/g_lane[4].sum[31]
    SLICE_X34Y111        FDRE                                         r  u_conv_mac/g_lane[4].lane_out_reg[31]/D
  -------------------------------------------------------------------    -------------------

                         (clock ACLK rise edge)      10.000    10.000 r  
                                                      0.000    10.000 r  clk (IN)
                         net (fo=3700, unset)         0.924    10.924    u_conv_mac/clk
    SLICE_X34Y111        FDRE                                         r  u_conv_mac/g_lane[4].lane_out_reg[31]/C
                         clock pessimism              0.000    10.924    
                         clock uncertainty           -0.035    10.889    
    SLICE_X34Y111        FDRE (Setup_fdre_C_D)        0.109    10.998    u_conv_mac/g_lane[4].lane_out_reg[31]
  -------------------------------------------------------------------
                         required time                         10.998    
                         arrival time                         -14.366    
  -------------------------------------------------------------------
                         slack                                 -3.368    




