Copyright 1986-2020 Xilinx, Inc. All Rights Reserved.
--------------------------------------------------------------------------------------------------------------------------------------------------------------------------
| Tool Version : Vivado v.2020.2 (win64) Build 3064766 Wed Nov 18 09:12:45 MST 2020
| Date         : Sat Sep 26 19:56:11 2026
| Host         : DESKTOP-7CFQ9ND running 64-bit major release  (build 9200)
| Command      : report_timing_summary -delay_type min_max -max_paths 3 -file D:/2609_final_project/cnn_rtl/docs/E-02a_runs/encoder_default_10.000/post_route_summary.rpt
| Design       : CNN_Encoder
| Device       : 7z020-clg400
| Speed File   : -1  PRODUCTION 1.12 2019-11-22
--------------------------------------------------------------------------------------------------------------------------------------------------------------------------

Timing Summary Report

------------------------------------------------------------------------------------------------
| Timer Settings
| --------------
------------------------------------------------------------------------------------------------

  Enable Multi Corner Analysis               :  Yes
  Enable Pessimism Removal                   :  Yes
  Pessimism Removal Resolution               :  Nearest Common Node
  Enable Input Delay Default Clock           :  No
  Enable Preset / Clear Arcs                 :  No
  Disable Flight Delays                      :  No
  Ignore I/O Paths                           :  No
  Timing Early Launch at Borrowing Latches   :  No
  Borrow Time for Max Delay Exceptions       :  Yes
  Merge Timing Exceptions                    :  Yes

  Corner  Analyze    Analyze    
  Name    Max Paths  Min Paths  
  ------  ---------  ---------  
  Slow    Yes        Yes        
  Fast    Yes        Yes        



check_timing report

Table of Contents
-----------------
1. checking no_clock (0)
2. checking constant_clock (0)
3. checking pulse_width_clock (0)
4. checking unconstrained_internal_endpoints (0)
5. checking no_input_delay (0)
6. checking no_output_delay (0)
7. checking multiple_clock (0)
8. checking generated_clocks (0)
9. checking loops (0)
10. checking partial_input_delay (0)
11. checking partial_output_delay (0)
12. checking latch_loops (0)

1. checking no_clock (0)
------------------------
 There are 0 register/latch pins with no clock.


2. checking constant_clock (0)
------------------------------
 There are 0 register/latch pins with constant_clock.


3. checking pulse_width_clock (0)
---------------------------------
 There are 0 register/latch pins which need pulse_width check


4. checking unconstrained_internal_endpoints (0)
------------------------------------------------
 There are 0 pins that are not constrained for maximum delay.

 There are 0 pins that are not constrained for maximum delay due to constant clock.


5. checking no_input_delay (0)
------------------------------
 There are 0 input ports with no input delay specified.

 There are 0 input ports with no input delay but user has a false path constraint.


6. checking no_output_delay (0)
-------------------------------
 There are 0 ports with no output delay specified.

 There are 0 ports with no output delay but user has a false path constraint

 There are 0 ports with no output delay but with a timing clock defined on it or propagating through it


7. checking multiple_clock (0)
------------------------------
 There are 0 register/latch pins with multiple clocks.


8. checking generated_clocks (0)
--------------------------------
 There are 0 generated clocks that are not connected to a clock source.


9. checking loops (0)
---------------------
 There are 0 combinational loops in the design.


10. checking partial_input_delay (0)
------------------------------------
 There are 0 input ports with partial input delay specified.


11. checking partial_output_delay (0)
-------------------------------------
 There are 0 ports with partial output delay specified.


12. checking latch_loops (0)
----------------------------
 There are 0 combinational latch loops in the design through latch input



------------------------------------------------------------------------------------------------
| Design Timing Summary
| ---------------------
------------------------------------------------------------------------------------------------

    WNS(ns)      TNS(ns)  TNS Failing Endpoints  TNS Total Endpoints      WHS(ns)      THS(ns)  THS Failing Endpoints  THS Total Endpoints     WPWS(ns)     TPWS(ns)  TPWS Failing Endpoints  TPWS Total Endpoints  
    -------      -------  ---------------------  -------------------      -------      -------  ---------------------  -------------------     --------     --------  ----------------------  --------------------  
     -3.562    -2264.173                   1485                 8310        0.053        0.000                      0                 8310        4.020        0.000                       0                  3692  


Timing constraints are not met.


------------------------------------------------------------------------------------------------
| Clock Summary
| -------------
------------------------------------------------------------------------------------------------

Clock  Waveform(ns)       Period(ns)      Frequency(MHz)
-----  ------------       ----------      --------------
ACLK   {0.000 5.000}      10.000          100.000         


------------------------------------------------------------------------------------------------
| Intra Clock Table
| -----------------
------------------------------------------------------------------------------------------------

Clock             WNS(ns)      TNS(ns)  TNS Failing Endpoints  TNS Total Endpoints      WHS(ns)      THS(ns)  THS Failing Endpoints  THS Total Endpoints     WPWS(ns)     TPWS(ns)  TPWS Failing Endpoints  TPWS Total Endpoints  
-----             -------      -------  ---------------------  -------------------      -------      -------  ---------------------  -------------------     --------     --------  ----------------------  --------------------  
ACLK               -3.562    -2264.173                   1485                 8310        0.053        0.000                      0                 8310        4.020        0.000                       0                  3692  


------------------------------------------------------------------------------------------------
| Inter Clock Table
| -----------------
------------------------------------------------------------------------------------------------

From Clock    To Clock          WNS(ns)      TNS(ns)  TNS Failing Endpoints  TNS Total Endpoints      WHS(ns)      THS(ns)  THS Failing Endpoints  THS Total Endpoints  
----------    --------          -------      -------  ---------------------  -------------------      -------      -------  ---------------------  -------------------  


------------------------------------------------------------------------------------------------
| Other Path Groups Table
| -----------------------
------------------------------------------------------------------------------------------------

Path Group    From Clock    To Clock          WNS(ns)      TNS(ns)  TNS Failing Endpoints  TNS Total Endpoints      WHS(ns)      THS(ns)  THS Failing Endpoints  THS Total Endpoints  
----------    ----------    --------          -------      -------  ---------------------  -------------------      -------      -------  ---------------------  -------------------  


------------------------------------------------------------------------------------------------
| Timing Details
| --------------
------------------------------------------------------------------------------------------------


---------------------------------------------------------------------------------------------------
From Clock:  ACLK
  To Clock:  ACLK

Setup :         1485  Failing Endpoints,  Worst Slack       -3.562ns,  Total Violation    -2264.173ns
Hold  :            0  Failing Endpoints,  Worst Slack        0.053ns,  Total Violation        0.000ns
PW    :            0  Failing Endpoints,  Worst Slack        4.020ns,  Total Violation        0.000ns
---------------------------------------------------------------------------------------------------


Max Delay Paths
--------------------------------------------------------------------------------------
Slack (VIOLATED) :        -3.562ns  (required time - arrival time)
  Source:                 u_enc_rq/param3_reg[68]/C
                            (rising edge-triggered cell FDRE clocked by ACLK  {rise@0.000ns fall@5.000ns period=10.000ns})
  Destination:            u_enc_rq/rq_reg[2]/R
                            (rising edge-triggered cell FDRE clocked by ACLK  {rise@0.000ns fall@5.000ns period=10.000ns})
  Path Group:             ACLK
  Path Type:              Setup (Max at Slow Process Corner)
  Requirement:            10.000ns  (ACLK rise@10.000ns - ACLK rise@0.000ns)
  Data Path Delay:        12.954ns  (logic 5.221ns (40.305%)  route 7.733ns (59.695%))
  Logic Levels:           30  (CARRY4=22 LUT2=1 LUT3=1 LUT5=1 LUT6=5)
  Clock Path Skew:        -0.049ns (DCD - SCD + CPR)
    Destination Clock Delay (DCD):    0.924ns = ( 10.924 - 10.000 ) 
    Source Clock Delay      (SCD):    0.973ns
    Clock Pessimism Removal (CPR):    0.000ns
  Clock Uncertainty:      0.035ns  ((TSJ^2 + TIJ^2)^1/2 + DJ) / 2 + PE
    Total System Jitter     (TSJ):    0.071ns
    Total Input Jitter      (TIJ):    0.000ns
    Discrete Jitter          (DJ):    0.000ns
    Phase Error              (PE):    0.000ns

    Location             Delay type                Incr(ns)  Path(ns)    Netlist Resource(s)
  -------------------------------------------------------------------    -------------------
                         (clock ACLK rise edge)       0.000     0.000 r  
                                                      0.000     0.000 r  clk (IN)
                         net (fo=3700, unset)         0.973     0.973    u_enc_rq/clk
    SLICE_X35Y128        FDRE                                         r  u_enc_rq/param3_reg[68]/C
  -------------------------------------------------------------------    -------------------
    SLICE_X35Y128        FDRE (Prop_fdre_C_Q)         0.419     1.392 r  u_enc_rq/param3_reg[68]/Q
                         net (fo=160, routed)         0.881     2.273    u_enc_rq/p_0_in[4]
    SLICE_X35Y127        LUT6 (Prop_lut6_I5_O)        0.297     2.570 r  u_enc_rq/rq[7]_i_696/O
                         net (fo=16, routed)          0.597     3.167    u_enc_rq/rq[7]_i_696_n_0
    SLICE_X32Y126        LUT5 (Prop_lut5_I4_O)        0.124     3.291 r  u_enc_rq/rq[3]_i_19/O
                         net (fo=1, routed)           0.000     3.291    u_enc_rq/rq[3]_i_19_n_0
    SLICE_X32Y126        CARRY4 (Prop_carry4_S[1]_CO[3])
                                                      0.533     3.824 r  u_enc_rq/rq_reg[3]_i_12/CO[3]
                         net (fo=1, routed)           0.000     3.824    u_enc_rq/rq_reg[3]_i_12_n_0
    SLICE_X32Y127        CARRY4 (Prop_carry4_CI_CO[3])
                                                      0.117     3.941 r  u_enc_rq/rq_reg[7]_i_335/CO[3]
                         net (fo=1, routed)           0.000     3.941    u_enc_rq/rq_reg[7]_i_335_n_0
    SLICE_X32Y128        CARRY4 (Prop_carry4_CI_CO[3])
                                                      0.117     4.058 r  u_enc_rq/rq_reg[7]_i_334/CO[3]
                         net (fo=1, routed)           0.000     4.058    u_enc_rq/rq_reg[7]_i_334_n_0
    SLICE_X32Y129        CARRY4 (Prop_carry4_CI_CO[3])
                                                      0.117     4.175 r  u_enc_rq/rq_reg[7]_i_328/CO[3]
                         net (fo=1, routed)           0.000     4.175    u_enc_rq/rq_reg[7]_i_328_n_0
    SLICE_X32Y130        CARRY4 (Prop_carry4_CI_CO[3])
                                                      0.117     4.292 r  u_enc_rq/rq_reg[7]_i_331/CO[3]
                         net (fo=1, routed)           0.000     4.292    u_enc_rq/rq_reg[7]_i_331_n_0
    SLICE_X32Y131        CARRY4 (Prop_carry4_CI_CO[3])
                                                      0.117     4.409 r  u_enc_rq/rq_reg[7]_i_325/CO[3]
                         net (fo=1, routed)           0.000     4.409    u_enc_rq/rq_reg[7]_i_325_n_0
    SLICE_X32Y132        CARRY4 (Prop_carry4_CI_CO[3])
                                                      0.117     4.526 r  u_enc_rq/rq_reg[7]_i_332/CO[3]
                         net (fo=1, routed)           0.000     4.526    u_enc_rq/rq_reg[7]_i_332_n_0
    SLICE_X32Y133        CARRY4 (Prop_carry4_CI_CO[3])
                                                      0.117     4.643 r  u_enc_rq/rq_reg[7]_i_326/CO[3]
                         net (fo=1, routed)           0.000     4.643    u_enc_rq/rq_reg[7]_i_326_n_0
    SLICE_X32Y134        CARRY4 (Prop_carry4_CI_CO[3])
                                                      0.117     4.760 r  u_enc_rq/rq_reg[7]_i_329/CO[3]
                         net (fo=1, routed)           0.000     4.760    u_enc_rq/rq_reg[7]_i_329_n_0
    SLICE_X32Y135        CARRY4 (Prop_carry4_CI_CO[3])
                                                      0.117     4.877 r  u_enc_rq/rq_reg[7]_i_323/CO[3]
                         net (fo=1, routed)           0.000     4.877    u_enc_rq/rq_reg[7]_i_323_n_0
    SLICE_X32Y136        CARRY4 (Prop_carry4_CI_CO[3])
                                                      0.117     4.994 r  u_enc_rq/rq_reg[7]_i_333/CO[3]
                         net (fo=1, routed)           0.000     4.994    u_enc_rq/rq_reg[7]_i_333_n_0
    SLICE_X32Y137        CARRY4 (Prop_carry4_CI_CO[3])
                                                      0.117     5.111 r  u_enc_rq/rq_reg[7]_i_327/CO[3]
                         net (fo=1, routed)           0.000     5.111    u_enc_rq/rq_reg[7]_i_327_n_0
    SLICE_X32Y138        CARRY4 (Prop_carry4_CI_CO[3])
                                                      0.117     5.228 r  u_enc_rq/rq_reg[7]_i_330/CO[3]
                         net (fo=1, routed)           0.000     5.228    u_enc_rq/rq_reg[7]_i_330_n_0
    SLICE_X32Y139        CARRY4 (Prop_carry4_CI_CO[3])
                                                      0.117     5.345 r  u_enc_rq/rq_reg[7]_i_324/CO[3]
                         net (fo=1, routed)           0.000     5.345    u_enc_rq/rq_reg[7]_i_324_n_0
    SLICE_X32Y140        CARRY4 (Prop_carry4_CI_CO[3])
                                                      0.117     5.462 r  u_enc_rq/rq_reg[7]_i_253/CO[3]
                         net (fo=1, routed)           0.000     5.462    u_enc_rq/rq_reg[7]_i_253_n_0
    SLICE_X32Y141        CARRY4 (Prop_carry4_CI_O[3])
                                                      0.315     5.777 f  u_enc_rq/rq_reg[7]_i_115/O[3]
                         net (fo=64, routed)          1.108     6.885    u_enc_rq/rq_reg[7]_i_115_n_4
    SLICE_X35Y133        LUT6 (Prop_lut6_I0_O)        0.307     7.192 f  u_enc_rq/rq[7]_i_166/O
                         net (fo=4, routed)           0.923     8.115    u_enc_rq/rq[7]_i_166_n_0
    SLICE_X30Y137        LUT6 (Prop_lut6_I5_O)        0.124     8.239 f  u_enc_rq/rq[7]_i_953/O
                         net (fo=2, routed)           0.810     9.048    u_enc_rq/rq[7]_i_953_n_0
    SLICE_X35Y139        LUT3 (Prop_lut3_I2_O)        0.124     9.172 f  u_enc_rq/rq[7]_i_843/O
                         net (fo=2, routed)           0.810     9.982    u_enc_rq/rq[7]_i_843_n_0
    SLICE_X37Y138        LUT6 (Prop_lut6_I3_O)        0.124    10.106 f  u_enc_rq/rq[7]_i_721/O
                         net (fo=4, routed)           0.573    10.679    u_enc_rq/rq[7]_i_721_n_0
    SLICE_X39Y138        LUT6 (Prop_lut6_I2_O)        0.124    10.803 r  u_enc_rq/rq[7]_i_578/O
                         net (fo=1, routed)           0.708    11.511    u_enc_rq/rq[7]_i_578_n_0
    SLICE_X41Y138        CARRY4 (Prop_carry4_DI[2]_CO[3])
                                                      0.398    11.909 r  u_enc_rq/rq_reg[7]_i_369/CO[3]
                         net (fo=1, routed)           0.000    11.909    u_enc_rq/rq_reg[7]_i_369_n_0
    SLICE_X41Y139        CARRY4 (Prop_carry4_CI_CO[3])
                                                      0.114    12.023 r  u_enc_rq/rq_reg[7]_i_208/CO[3]
                         net (fo=1, routed)           0.000    12.023    u_enc_rq/rq_reg[7]_i_208_n_0
    SLICE_X41Y140        CARRY4 (Prop_carry4_CI_CO[3])
                                                      0.114    12.137 r  u_enc_rq/rq_reg[7]_i_97/CO[3]
                         net (fo=1, routed)           0.000    12.137    u_enc_rq/rq_reg[7]_i_97_n_0
    SLICE_X41Y141        CARRY4 (Prop_carry4_CI_CO[3])
                                                      0.114    12.251 r  u_enc_rq/rq_reg[7]_i_34/CO[3]
                         net (fo=1, routed)           0.000    12.251    u_enc_rq/rq_reg[7]_i_34_n_0
    SLICE_X41Y142        CARRY4 (Prop_carry4_CI_CO[3])
                                                      0.114    12.365 r  u_enc_rq/rq_reg[7]_i_8/CO[3]
                         net (fo=1, routed)           0.000    12.365    u_enc_rq/rq_reg[7]_i_8_n_0
    SLICE_X41Y143        CARRY4 (Prop_carry4_CI_CO[3])
                                                      0.114    12.479 r  u_enc_rq/rq_reg[7]_i_3/CO[3]
                         net (fo=2, routed)           0.774    13.253    u_enc_rq/acc_sat1
    SLICE_X42Y143        LUT2 (Prop_lut2_I1_O)        0.124    13.377 r  u_enc_rq/rq[7]_i_1/O
                         net (fo=7, routed)           0.550    13.927    u_enc_rq/rq[7]_i_1_n_0
    SLICE_X42Y144        FDRE                                         r  u_enc_rq/rq_reg[2]/R
  -------------------------------------------------------------------    -------------------

                         (clock ACLK rise edge)      10.000    10.000 r  
                                                      0.000    10.000 r  clk (IN)
                         net (fo=3700, unset)         0.924    10.924    u_enc_rq/clk
    SLICE_X42Y144        FDRE                                         r  u_enc_rq/rq_reg[2]/C
                         clock pessimism              0.000    10.924    
                         clock uncertainty           -0.035    10.889    
    SLICE_X42Y144        FDRE (Setup_fdre_C_R)       -0.524    10.365    u_enc_rq/rq_reg[2]
  -------------------------------------------------------------------
                         required time                         10.365    
                         arrival time                         -13.927    
  -------------------------------------------------------------------
                         slack                                 -3.562    

Slack (VIOLATED) :        -3.562ns  (required time - arrival time)
  Source:                 u_enc_rq/param3_reg[68]/C
                            (rising edge-triggered cell FDRE clocked by ACLK  {rise@0.000ns fall@5.000ns period=10.000ns})
  Destination:            u_enc_rq/rq_reg[7]/S
                            (rising edge-triggered cell FDSE clocked by ACLK  {rise@0.000ns fall@5.000ns period=10.000ns})
  Path Group:             ACLK
  Path Type:              Setup (Max at Slow Process Corner)
  Requirement:            10.000ns  (ACLK rise@10.000ns - ACLK rise@0.000ns)
  Data Path Delay:        12.954ns  (logic 5.221ns (40.305%)  route 7.733ns (59.695%))
  Logic Levels:           30  (CARRY4=22 LUT2=1 LUT3=1 LUT5=1 LUT6=5)
  Clock Path Skew:        -0.049ns (DCD - SCD + CPR)
    Destination Clock Delay (DCD):    0.924ns = ( 10.924 - 10.000 ) 
    Source Clock Delay      (SCD):    0.973ns
    Clock Pessimism Removal (CPR):    0.000ns
  Clock Uncertainty:      0.035ns  ((TSJ^2 + TIJ^2)^1/2 + DJ) / 2 + PE
    Total System Jitter     (TSJ):    0.071ns
    Total Input Jitter      (TIJ):    0.000ns
    Discrete Jitter          (DJ):    0.000ns
    Phase Error              (PE):    0.000ns

    Location             Delay type                Incr(ns)  Path(ns)    Netlist Resource(s)
  -------------------------------------------------------------------    -------------------
                         (clock ACLK rise edge)       0.000     0.000 r  
                                                      0.000     0.000 r  clk (IN)
                         net (fo=3700, unset)         0.973     0.973    u_enc_rq/clk
    SLICE_X35Y128        FDRE                                         r  u_enc_rq/param3_reg[68]/C
  -------------------------------------------------------------------    -------------------
    SLICE_X35Y128        FDRE (Prop_fdre_C_Q)         0.419     1.392 r  u_enc_rq/param3_reg[68]/Q
                         net (fo=160, routed)         0.881     2.273    u_enc_rq/p_0_in[4]
    SLICE_X35Y127        LUT6 (Prop_lut6_I5_O)        0.297     2.570 r  u_enc_rq/rq[7]_i_696/O
                         net (fo=16, routed)          0.597     3.167    u_enc_rq/rq[7]_i_696_n_0
    SLICE_X32Y126        LUT5 (Prop_lut5_I4_O)        0.124     3.291 r  u_enc_rq/rq[3]_i_19/O
                         net (fo=1, routed)           0.000     3.291    u_enc_rq/rq[3]_i_19_n_0
    SLICE_X32Y126        CARRY4 (Prop_carry4_S[1]_CO[3])
                                                      0.533     3.824 r  u_enc_rq/rq_reg[3]_i_12/CO[3]
                         net (fo=1, routed)           0.000     3.824    u_enc_rq/rq_reg[3]_i_12_n_0
    SLICE_X32Y127        CARRY4 (Prop_carry4_CI_CO[3])
                                                      0.117     3.941 r  u_enc_rq/rq_reg[7]_i_335/CO[3]
                         net (fo=1, routed)           0.000     3.941    u_enc_rq/rq_reg[7]_i_335_n_0
    SLICE_X32Y128        CARRY4 (Prop_carry4_CI_CO[3])
                                                      0.117     4.058 r  u_enc_rq/rq_reg[7]_i_334/CO[3]
                         net (fo=1, routed)           0.000     4.058    u_enc_rq/rq_reg[7]_i_334_n_0
    SLICE_X32Y129        CARRY4 (Prop_carry4_CI_CO[3])
                                                      0.117     4.175 r  u_enc_rq/rq_reg[7]_i_328/CO[3]
                         net (fo=1, routed)           0.000     4.175    u_enc_rq/rq_reg[7]_i_328_n_0
    SLICE_X32Y130        CARRY4 (Prop_carry4_CI_CO[3])
                                                      0.117     4.292 r  u_enc_rq/rq_reg[7]_i_331/CO[3]
                         net (fo=1, routed)           0.000     4.292    u_enc_rq/rq_reg[7]_i_331_n_0
    SLICE_X32Y131        CARRY4 (Prop_carry4_CI_CO[3])
                                                      0.117     4.409 r  u_enc_rq/rq_reg[7]_i_325/CO[3]
                         net (fo=1, routed)           0.000     4.409    u_enc_rq/rq_reg[7]_i_325_n_0
    SLICE_X32Y132        CARRY4 (Prop_carry4_CI_CO[3])
                                                      0.117     4.526 r  u_enc_rq/rq_reg[7]_i_332/CO[3]
                         net (fo=1, routed)           0.000     4.526    u_enc_rq/rq_reg[7]_i_332_n_0
    SLICE_X32Y133        CARRY4 (Prop_carry4_CI_CO[3])
                                                      0.117     4.643 r  u_enc_rq/rq_reg[7]_i_326/CO[3]
                         net (fo=1, routed)           0.000     4.643    u_enc_rq/rq_reg[7]_i_326_n_0
    SLICE_X32Y134        CARRY4 (Prop_carry4_CI_CO[3])
                                                      0.117     4.760 r  u_enc_rq/rq_reg[7]_i_329/CO[3]
                         net (fo=1, routed)           0.000     4.760    u_enc_rq/rq_reg[7]_i_329_n_0
    SLICE_X32Y135        CARRY4 (Prop_carry4_CI_CO[3])
                                                      0.117     4.877 r  u_enc_rq/rq_reg[7]_i_323/CO[3]
                         net (fo=1, routed)           0.000     4.877    u_enc_rq/rq_reg[7]_i_323_n_0
    SLICE_X32Y136        CARRY4 (Prop_carry4_CI_CO[3])
                                                      0.117     4.994 r  u_enc_rq/rq_reg[7]_i_333/CO[3]
                         net (fo=1, routed)           0.000     4.994    u_enc_rq/rq_reg[7]_i_333_n_0
    SLICE_X32Y137        CARRY4 (Prop_carry4_CI_CO[3])
                                                      0.117     5.111 r  u_enc_rq/rq_reg[7]_i_327/CO[3]
                         net (fo=1, routed)           0.000     5.111    u_enc_rq/rq_reg[7]_i_327_n_0
    SLICE_X32Y138        CARRY4 (Prop_carry4_CI_CO[3])
                                                      0.117     5.228 r  u_enc_rq/rq_reg[7]_i_330/CO[3]
                         net (fo=1, routed)           0.000     5.228    u_enc_rq/rq_reg[7]_i_330_n_0
    SLICE_X32Y139        CARRY4 (Prop_carry4_CI_CO[3])
                                                      0.117     5.345 r  u_enc_rq/rq_reg[7]_i_324/CO[3]
                         net (fo=1, routed)           0.000     5.345    u_enc_rq/rq_reg[7]_i_324_n_0
    SLICE_X32Y140        CARRY4 (Prop_carry4_CI_CO[3])
                                                      0.117     5.462 r  u_enc_rq/rq_reg[7]_i_253/CO[3]
                         net (fo=1, routed)           0.000     5.462    u_enc_rq/rq_reg[7]_i_253_n_0
    SLICE_X32Y141        CARRY4 (Prop_carry4_CI_O[3])
                                                      0.315     5.777 f  u_enc_rq/rq_reg[7]_i_115/O[3]
                         net (fo=64, routed)          1.108     6.885    u_enc_rq/rq_reg[7]_i_115_n_4
    SLICE_X35Y133        LUT6 (Prop_lut6_I0_O)        0.307     7.192 f  u_enc_rq/rq[7]_i_166/O
                         net (fo=4, routed)           0.923     8.115    u_enc_rq/rq[7]_i_166_n_0
    SLICE_X30Y137        LUT6 (Prop_lut6_I5_O)        0.124     8.239 f  u_enc_rq/rq[7]_i_953/O
                         net (fo=2, routed)           0.810     9.048    u_enc_rq/rq[7]_i_953_n_0
    SLICE_X35Y139        LUT3 (Prop_lut3_I2_O)        0.124     9.172 f  u_enc_rq/rq[7]_i_843/O
                         net (fo=2, routed)           0.810     9.982    u_enc_rq/rq[7]_i_843_n_0
    SLICE_X37Y138        LUT6 (Prop_lut6_I3_O)        0.124    10.106 f  u_enc_rq/rq[7]_i_721/O
                         net (fo=4, routed)           0.573    10.679    u_enc_rq/rq[7]_i_721_n_0
    SLICE_X39Y138        LUT6 (Prop_lut6_I2_O)        0.124    10.803 r  u_enc_rq/rq[7]_i_578/O
                         net (fo=1, routed)           0.708    11.511    u_enc_rq/rq[7]_i_578_n_0
    SLICE_X41Y138        CARRY4 (Prop_carry4_DI[2]_CO[3])
                                                      0.398    11.909 r  u_enc_rq/rq_reg[7]_i_369/CO[3]
                         net (fo=1, routed)           0.000    11.909    u_enc_rq/rq_reg[7]_i_369_n_0
    SLICE_X41Y139        CARRY4 (Prop_carry4_CI_CO[3])
                                                      0.114    12.023 r  u_enc_rq/rq_reg[7]_i_208/CO[3]
                         net (fo=1, routed)           0.000    12.023    u_enc_rq/rq_reg[7]_i_208_n_0
    SLICE_X41Y140        CARRY4 (Prop_carry4_CI_CO[3])
                                                      0.114    12.137 r  u_enc_rq/rq_reg[7]_i_97/CO[3]
                         net (fo=1, routed)           0.000    12.137    u_enc_rq/rq_reg[7]_i_97_n_0
    SLICE_X41Y141        CARRY4 (Prop_carry4_CI_CO[3])
                                                      0.114    12.251 r  u_enc_rq/rq_reg[7]_i_34/CO[3]
                         net (fo=1, routed)           0.000    12.251    u_enc_rq/rq_reg[7]_i_34_n_0
    SLICE_X41Y142        CARRY4 (Prop_carry4_CI_CO[3])
                                                      0.114    12.365 r  u_enc_rq/rq_reg[7]_i_8/CO[3]
                         net (fo=1, routed)           0.000    12.365    u_enc_rq/rq_reg[7]_i_8_n_0
    SLICE_X41Y143        CARRY4 (Prop_carry4_CI_CO[3])
                                                      0.114    12.479 r  u_enc_rq/rq_reg[7]_i_3/CO[3]
                         net (fo=2, routed)           0.774    13.253    u_enc_rq/acc_sat1
    SLICE_X42Y143        LUT2 (Prop_lut2_I1_O)        0.124    13.377 r  u_enc_rq/rq[7]_i_1/O
                         net (fo=7, routed)           0.550    13.927    u_enc_rq/rq[7]_i_1_n_0
    SLICE_X42Y144        FDSE                                         r  u_enc_rq/rq_reg[7]/S
  -------------------------------------------------------------------    -------------------

                         (clock ACLK rise edge)      10.000    10.000 r  
                                                      0.000    10.000 r  clk (IN)
                         net (fo=3700, unset)         0.924    10.924    u_enc_rq/clk
    SLICE_X42Y144        FDSE                                         r  u_enc_rq/rq_reg[7]/C
                         clock pessimism              0.000    10.924    
                         clock uncertainty           -0.035    10.889    
    SLICE_X42Y144        FDSE (Setup_fdse_C_S)       -0.524    10.365    u_enc_rq/rq_reg[7]
  -------------------------------------------------------------------
                         required time                         10.365    
                         arrival time                         -13.927    
  -------------------------------------------------------------------
                         slack                                 -3.562    

Slack (VIOLATED) :        -3.553ns  (required time - arrival time)
  Source:                 u_enc_rq/param3_reg[68]/C
                            (rising edge-triggered cell FDRE clocked by ACLK  {rise@0.000ns fall@5.000ns period=10.000ns})
  Destination:            u_enc_rq/rq_reg[1]/R
                            (rising edge-triggered cell FDRE clocked by ACLK  {rise@0.000ns fall@5.000ns period=10.000ns})
  Path Group:             ACLK
  Path Type:              Setup (Max at Slow Process Corner)
  Requirement:            10.000ns  (ACLK rise@10.000ns - ACLK rise@0.000ns)
  Data Path Delay:        12.945ns  (logic 5.221ns (40.331%)  route 7.724ns (59.669%))
  Logic Levels:           30  (CARRY4=22 LUT2=1 LUT3=1 LUT5=1 LUT6=5)
  Clock Path Skew:        -0.049ns (DCD - SCD + CPR)
    Destination Clock Delay (DCD):    0.924ns = ( 10.924 - 10.000 ) 
    Source Clock Delay      (SCD):    0.973ns
    Clock Pessimism Removal (CPR):    0.000ns
  Clock Uncertainty:      0.035ns  ((TSJ^2 + TIJ^2)^1/2 + DJ) / 2 + PE
    Total System Jitter     (TSJ):    0.071ns
    Total Input Jitter      (TIJ):    0.000ns
    Discrete Jitter          (DJ):    0.000ns
    Phase Error              (PE):    0.000ns

    Location             Delay type                Incr(ns)  Path(ns)    Netlist Resource(s)
  -------------------------------------------------------------------    -------------------
                         (clock ACLK rise edge)       0.000     0.000 r  
                                                      0.000     0.000 r  clk (IN)
                         net (fo=3700, unset)         0.973     0.973    u_enc_rq/clk
    SLICE_X35Y128        FDRE                                         r  u_enc_rq/param3_reg[68]/C
  -------------------------------------------------------------------    -------------------
    SLICE_X35Y128        FDRE (Prop_fdre_C_Q)         0.419     1.392 r  u_enc_rq/param3_reg[68]/Q
                         net (fo=160, routed)         0.881     2.273    u_enc_rq/p_0_in[4]
    SLICE_X35Y127        LUT6 (Prop_lut6_I5_O)        0.297     2.570 r  u_enc_rq/rq[7]_i_696/O
                         net (fo=16, routed)          0.597     3.167    u_enc_rq/rq[7]_i_696_n_0
    SLICE_X32Y126        LUT5 (Prop_lut5_I4_O)        0.124     3.291 r  u_enc_rq/rq[3]_i_19/O
                         net (fo=1, routed)           0.000     3.291    u_enc_rq/rq[3]_i_19_n_0
    SLICE_X32Y126        CARRY4 (Prop_carry4_S[1]_CO[3])
                                                      0.533     3.824 r  u_enc_rq/rq_reg[3]_i_12/CO[3]
                         net (fo=1, routed)           0.000     3.824    u_enc_rq/rq_reg[3]_i_12_n_0
    SLICE_X32Y127        CARRY4 (Prop_carry4_CI_CO[3])
                                                      0.117     3.941 r  u_enc_rq/rq_reg[7]_i_335/CO[3]
                         net (fo=1, routed)           0.000     3.941    u_enc_rq/rq_reg[7]_i_335_n_0
    SLICE_X32Y128        CARRY4 (Prop_carry4_CI_CO[3])
                                                      0.117     4.058 r  u_enc_rq/rq_reg[7]_i_334/CO[3]
                         net (fo=1, routed)           0.000     4.058    u_enc_rq/rq_reg[7]_i_334_n_0
    SLICE_X32Y129        CARRY4 (Prop_carry4_CI_CO[3])
                                                      0.117     4.175 r  u_enc_rq/rq_reg[7]_i_328/CO[3]
                         net (fo=1, routed)           0.000     4.175    u_enc_rq/rq_reg[7]_i_328_n_0
    SLICE_X32Y130        CARRY4 (Prop_carry4_CI_CO[3])
                                                      0.117     4.292 r  u_enc_rq/rq_reg[7]_i_331/CO[3]
                         net (fo=1, routed)           0.000     4.292    u_enc_rq/rq_reg[7]_i_331_n_0
    SLICE_X32Y131        CARRY4 (Prop_carry4_CI_CO[3])
                                                      0.117     4.409 r  u_enc_rq/rq_reg[7]_i_325/CO[3]
                         net (fo=1, routed)           0.000     4.409    u_enc_rq/rq_reg[7]_i_325_n_0
    SLICE_X32Y132        CARRY4 (Prop_carry4_CI_CO[3])
                                                      0.117     4.526 r  u_enc_rq/rq_reg[7]_i_332/CO[3]
                         net (fo=1, routed)           0.000     4.526    u_enc_rq/rq_reg[7]_i_332_n_0
    SLICE_X32Y133        CARRY4 (Prop_carry4_CI_CO[3])
                                                      0.117     4.643 r  u_enc_rq/rq_reg[7]_i_326/CO[3]
                         net (fo=1, routed)           0.000     4.643    u_enc_rq/rq_reg[7]_i_326_n_0
    SLICE_X32Y134        CARRY4 (Prop_carry4_CI_CO[3])
                                                      0.117     4.760 r  u_enc_rq/rq_reg[7]_i_329/CO[3]
                         net (fo=1, routed)           0.000     4.760    u_enc_rq/rq_reg[7]_i_329_n_0
    SLICE_X32Y135        CARRY4 (Prop_carry4_CI_CO[3])
                                                      0.117     4.877 r  u_enc_rq/rq_reg[7]_i_323/CO[3]
                         net (fo=1, routed)           0.000     4.877    u_enc_rq/rq_reg[7]_i_323_n_0
    SLICE_X32Y136        CARRY4 (Prop_carry4_CI_CO[3])
                                                      0.117     4.994 r  u_enc_rq/rq_reg[7]_i_333/CO[3]
                         net (fo=1, routed)           0.000     4.994    u_enc_rq/rq_reg[7]_i_333_n_0
    SLICE_X32Y137        CARRY4 (Prop_carry4_CI_CO[3])
                                                      0.117     5.111 r  u_enc_rq/rq_reg[7]_i_327/CO[3]
                         net (fo=1, routed)           0.000     5.111    u_enc_rq/rq_reg[7]_i_327_n_0
    SLICE_X32Y138        CARRY4 (Prop_carry4_CI_CO[3])
                                                      0.117     5.228 r  u_enc_rq/rq_reg[7]_i_330/CO[3]
                         net (fo=1, routed)           0.000     5.228    u_enc_rq/rq_reg[7]_i_330_n_0
    SLICE_X32Y139        CARRY4 (Prop_carry4_CI_CO[3])
                                                      0.117     5.345 r  u_enc_rq/rq_reg[7]_i_324/CO[3]
                         net (fo=1, routed)           0.000     5.345    u_enc_rq/rq_reg[7]_i_324_n_0
    SLICE_X32Y140        CARRY4 (Prop_carry4_CI_CO[3])
                                                      0.117     5.462 r  u_enc_rq/rq_reg[7]_i_253/CO[3]
                         net (fo=1, routed)           0.000     5.462    u_enc_rq/rq_reg[7]_i_253_n_0
    SLICE_X32Y141        CARRY4 (Prop_carry4_CI_O[3])
                                                      0.315     5.777 f  u_enc_rq/rq_reg[7]_i_115/O[3]
                         net (fo=64, routed)          1.108     6.885    u_enc_rq/rq_reg[7]_i_115_n_4
    SLICE_X35Y133        LUT6 (Prop_lut6_I0_O)        0.307     7.192 f  u_enc_rq/rq[7]_i_166/O
                         net (fo=4, routed)           0.923     8.115    u_enc_rq/rq[7]_i_166_n_0
    SLICE_X30Y137        LUT6 (Prop_lut6_I5_O)        0.124     8.239 f  u_enc_rq/rq[7]_i_953/O
                         net (fo=2, routed)           0.810     9.048    u_enc_rq/rq[7]_i_953_n_0
    SLICE_X35Y139        LUT3 (Prop_lut3_I2_O)        0.124     9.172 f  u_enc_rq/rq[7]_i_843/O
                         net (fo=2, routed)           0.810     9.982    u_enc_rq/rq[7]_i_843_n_0
    SLICE_X37Y138        LUT6 (Prop_lut6_I3_O)        0.124    10.106 f  u_enc_rq/rq[7]_i_721/O
                         net (fo=4, routed)           0.573    10.679    u_enc_rq/rq[7]_i_721_n_0
    SLICE_X39Y138        LUT6 (Prop_lut6_I2_O)        0.124    10.803 r  u_enc_rq/rq[7]_i_578/O
                         net (fo=1, routed)           0.708    11.511    u_enc_rq/rq[7]_i_578_n_0
    SLICE_X41Y138        CARRY4 (Prop_carry4_DI[2]_CO[3])
                                                      0.398    11.909 r  u_enc_rq/rq_reg[7]_i_369/CO[3]
                         net (fo=1, routed)           0.000    11.909    u_enc_rq/rq_reg[7]_i_369_n_0
    SLICE_X41Y139        CARRY4 (Prop_carry4_CI_CO[3])
                                                      0.114    12.023 r  u_enc_rq/rq_reg[7]_i_208/CO[3]
                         net (fo=1, routed)           0.000    12.023    u_enc_rq/rq_reg[7]_i_208_n_0
    SLICE_X41Y140        CARRY4 (Prop_carry4_CI_CO[3])
                                                      0.114    12.137 r  u_enc_rq/rq_reg[7]_i_97/CO[3]
                         net (fo=1, routed)           0.000    12.137    u_enc_rq/rq_reg[7]_i_97_n_0
    SLICE_X41Y141        CARRY4 (Prop_carry4_CI_CO[3])
                                                      0.114    12.251 r  u_enc_rq/rq_reg[7]_i_34/CO[3]
                         net (fo=1, routed)           0.000    12.251    u_enc_rq/rq_reg[7]_i_34_n_0
    SLICE_X41Y142        CARRY4 (Prop_carry4_CI_CO[3])
                                                      0.114    12.365 r  u_enc_rq/rq_reg[7]_i_8/CO[3]
                         net (fo=1, routed)           0.000    12.365    u_enc_rq/rq_reg[7]_i_8_n_0
    SLICE_X41Y143        CARRY4 (Prop_carry4_CI_CO[3])
                                                      0.114    12.479 r  u_enc_rq/rq_reg[7]_i_3/CO[3]
                         net (fo=2, routed)           0.774    13.253    u_enc_rq/acc_sat1
    SLICE_X42Y143        LUT2 (Prop_lut2_I1_O)        0.124    13.377 r  u_enc_rq/rq[7]_i_1/O
                         net (fo=7, routed)           0.541    13.918    u_enc_rq/rq[7]_i_1_n_0
    SLICE_X42Y143        FDRE                                         r  u_enc_rq/rq_reg[1]/R
  -------------------------------------------------------------------    -------------------

                         (clock ACLK rise edge)      10.000    10.000 r  
                                                      0.000    10.000 r  clk (IN)
                         net (fo=3700, unset)         0.924    10.924    u_enc_rq/clk
    SLICE_X42Y143        FDRE                                         r  u_enc_rq/rq_reg[1]/C
                         clock pessimism              0.000    10.924    
                         clock uncertainty           -0.035    10.889    
    SLICE_X42Y143        FDRE (Setup_fdre_C_R)       -0.524    10.365    u_enc_rq/rq_reg[1]
  -------------------------------------------------------------------
                         required time                         10.365    
                         arrival time                         -13.918    
  -------------------------------------------------------------------
                         slack                                 -3.553    





Min Delay Paths
--------------------------------------------------------------------------------------
Slack (MET) :             0.053ns  (arrival time - required time)
  Source:                 u_conv_mac/acc_tag_r_reg[7]/C
                            (rising edge-triggered cell FDRE clocked by ACLK  {rise@0.000ns fall@5.000ns period=10.000ns})
  Destination:            u_enc_rq/rq_tag_reg[7]_srl4/D
                            (rising edge-triggered cell SRL16E clocked by ACLK  {rise@0.000ns fall@5.000ns period=10.000ns})
  Path Group:             ACLK
  Path Type:              Hold (Min at Fast Process Corner)
  Requirement:            0.000ns  (ACLK rise@0.000ns - ACLK rise@0.000ns)
  Data Path Delay:        0.257ns  (logic 0.141ns (54.828%)  route 0.116ns (45.172%))
  Logic Levels:           0  
  Clock Path Skew:        0.022ns (DCD - SCD - CPR)
    Destination Clock Delay (DCD):    0.432ns
    Source Clock Delay      (SCD):    0.410ns
    Clock Pessimism Removal (CPR):    -0.000ns

    Location             Delay type                Incr(ns)  Path(ns)    Netlist Resource(s)
  -------------------------------------------------------------------    -------------------
                         (clock ACLK rise edge)       0.000     0.000 r  
                                                      0.000     0.000 r  clk (IN)
                         net (fo=3700, unset)         0.410     0.410    u_conv_mac/clk
    SLICE_X67Y99         FDRE                                         r  u_conv_mac/acc_tag_r_reg[7]/C
  -------------------------------------------------------------------    -------------------
    SLICE_X67Y99         FDRE (Prop_fdre_C_Q)         0.141     0.551 r  u_conv_mac/acc_tag_r_reg[7]/Q
                         net (fo=1, routed)           0.116     0.667    u_enc_rq/rq_tag_r0_reg[18][7]
    SLICE_X66Y98         SRL16E                                       r  u_enc_rq/rq_tag_reg[7]_srl4/D
  -------------------------------------------------------------------    -------------------

                         (clock ACLK rise edge)       0.000     0.000 r  
                                                      0.000     0.000 r  clk (IN)
                         net (fo=3700, unset)         0.432     0.432    u_enc_rq/clk
    SLICE_X66Y98         SRL16E                                       r  u_enc_rq/rq_tag_reg[7]_srl4/CLK
                         clock pessimism              0.000     0.432    
    SLICE_X66Y98         SRL16E (Hold_srl16e_CLK_D)
                                                      0.183     0.615    u_enc_rq/rq_tag_reg[7]_srl4
  -------------------------------------------------------------------
                         required time                         -0.615    
                         arrival time                           0.667    
  -------------------------------------------------------------------
                         slack                                  0.053    

Slack (MET) :             0.099ns  (arrival time - required time)
  Source:                 u_enc_rq/param2_reg[68]/C
                            (rising edge-triggered cell FDRE clocked by ACLK  {rise@0.000ns fall@5.000ns period=10.000ns})
  Destination:            u_enc_rq/param3_reg[68]/D
                            (rising edge-triggered cell FDRE clocked by ACLK  {rise@0.000ns fall@5.000ns period=10.000ns})
  Path Group:             ACLK
  Path Type:              Hold (Min at Fast Process Corner)
  Requirement:            0.000ns  (ACLK rise@0.000ns - ACLK rise@0.000ns)
  Data Path Delay:        0.197ns  (logic 0.141ns (71.611%)  route 0.056ns (28.389%))
  Logic Levels:           0  
  Clock Path Skew:        0.022ns (DCD - SCD - CPR)
    Destination Clock Delay (DCD):    0.432ns
    Source Clock Delay      (SCD):    0.410ns
    Clock Pessimism Removal (CPR):    -0.000ns

    Location             Delay type                Incr(ns)  Path(ns)    Netlist Resource(s)
  -------------------------------------------------------------------    -------------------
                         (clock ACLK rise edge)       0.000     0.000 r  
                                                      0.000     0.000 r  clk (IN)
                         net (fo=3700, unset)         0.410     0.410    u_enc_rq/clk
    SLICE_X35Y128        FDRE                                         r  u_enc_rq/param2_reg[68]/C
  -------------------------------------------------------------------    -------------------
    SLICE_X35Y128        FDRE (Prop_fdre_C_Q)         0.141     0.551 r  u_enc_rq/param2_reg[68]/Q
                         net (fo=1, routed)           0.056     0.607    u_enc_rq/param2[68]
    SLICE_X35Y128        FDRE                                         r  u_enc_rq/param3_reg[68]/D
  -------------------------------------------------------------------    -------------------

                         (clock ACLK rise edge)       0.000     0.000 r  
                                                      0.000     0.000 r  clk (IN)
                         net (fo=3700, unset)         0.432     0.432    u_enc_rq/clk
    SLICE_X35Y128        FDRE                                         r  u_enc_rq/param3_reg[68]/C
                         clock pessimism              0.000     0.432    
    SLICE_X35Y128        FDRE (Hold_fdre_C_D)         0.076     0.508    u_enc_rq/param3_reg[68]
  -------------------------------------------------------------------
                         required time                         -0.508    
                         arrival time                           0.607    
  -------------------------------------------------------------------
                         slack                                  0.099    

Slack (MET) :             0.104ns  (arrival time - required time)
  Source:                 u_enc_rq/param2_reg[67]/C
                            (rising edge-triggered cell FDRE clocked by ACLK  {rise@0.000ns fall@5.000ns period=10.000ns})
  Destination:            u_enc_rq/param3_reg[67]/D
                            (rising edge-triggered cell FDRE clocked by ACLK  {rise@0.000ns fall@5.000ns period=10.000ns})
  Path Group:             ACLK
  Path Type:              Hold (Min at Fast Process Corner)
  Requirement:            0.000ns  (ACLK rise@0.000ns - ACLK rise@0.000ns)
  Data Path Delay:        0.197ns  (logic 0.141ns (71.611%)  route 0.056ns (28.389%))
  Logic Levels:           0  
  Clock Path Skew:        0.022ns (DCD - SCD - CPR)
    Destination Clock Delay (DCD):    0.432ns
    Source Clock Delay      (SCD):    0.410ns
    Clock Pessimism Removal (CPR):    -0.000ns

    Location             Delay type                Incr(ns)  Path(ns)    Netlist Resource(s)
  -------------------------------------------------------------------    -------------------
                         (clock ACLK rise edge)       0.000     0.000 r  
                                                      0.000     0.000 r  clk (IN)
                         net (fo=3700, unset)         0.410     0.410    u_enc_rq/clk
    SLICE_X35Y128        FDRE                                         r  u_enc_rq/param2_reg[67]/C
  -------------------------------------------------------------------    -------------------
    SLICE_X35Y128        FDRE (Prop_fdre_C_Q)         0.141     0.551 r  u_enc_rq/param2_reg[67]/Q
                         net (fo=1, routed)           0.056     0.607    u_enc_rq/param2[67]
    SLICE_X35Y128        FDRE                                         r  u_enc_rq/param3_reg[67]/D
  -------------------------------------------------------------------    -------------------

                         (clock ACLK rise edge)       0.000     0.000 r  
                                                      0.000     0.000 r  clk (IN)
                         net (fo=3700, unset)         0.432     0.432    u_enc_rq/clk
    SLICE_X35Y128        FDRE                                         r  u_enc_rq/param3_reg[67]/C
                         clock pessimism              0.000     0.432    
    SLICE_X35Y128        FDRE (Hold_fdre_C_D)         0.071     0.503    u_enc_rq/param3_reg[67]
  -------------------------------------------------------------------
                         required time                         -0.503    
                         arrival time                           0.607    
  -------------------------------------------------------------------
                         slack                                  0.104    





Pulse Width Checks
--------------------------------------------------------------------------------------
Clock Name:         ACLK
Waveform(ns):       { 0.000 5.000 }
Period(ns):         10.000
Sources:            { clk }

Check Type        Corner  Lib Pin             Reference Pin  Required(ns)  Actual(ns)  Slack(ns)  Location      Pin
Min Period        n/a     RAMB36E1/CLKARDCLK  n/a            2.944         10.000      7.056      RAMB36_X2Y14  u_pool/res_mem_reg/CLKARDCLK
Min Period        n/a     RAMB36E1/CLKBWRCLK  n/a            2.944         10.000      7.056      RAMB36_X2Y14  u_pool/res_mem_reg/CLKBWRCLK
Min Period        n/a     RAMB36E1/CLKARDCLK  n/a            2.944         10.000      7.056      RAMB36_X3Y14  u_fmap1_buf/gen_legacy.mem_reg_0_0/CLKARDCLK
Low Pulse Width   Fast    SRL16E/CLK          n/a            0.980         5.000       4.020      SLICE_X34Y77  u_pool/v_r2_reg_srl2___u_enc_rq_valid_r1_reg_r/CLK
Low Pulse Width   Fast    SRL16E/CLK          n/a            0.980         5.000       4.020      SLICE_X34Y71  u_pool/idx_r3_reg[0]_srl3/CLK
Low Pulse Width   Fast    SRL16E/CLK          n/a            0.980         5.000       4.020      SLICE_X34Y71  u_pool/idx_r3_reg[1]_srl3/CLK
High Pulse Width  Slow    SRL16E/CLK          n/a            0.980         5.000       4.020      SLICE_X34Y77  u_pool/v_r2_reg_srl2___u_enc_rq_valid_r1_reg_r/CLK
High Pulse Width  Fast    SRL16E/CLK          n/a            0.980         5.000       4.020      SLICE_X34Y77  u_pool/v_r2_reg_srl2___u_enc_rq_valid_r1_reg_r/CLK
High Pulse Width  Slow    SRL16E/CLK          n/a            0.980         5.000       4.020      SLICE_X34Y71  u_pool/idx_r3_reg[0]_srl3/CLK



