Copyright 1986-2020 Xilinx, Inc. All Rights Reserved.
--------------------------------------------------------------------------------------------------------------------------------------------------------------------------------
| Tool Version : Vivado v.2020.2 (win64) Build 3064766 Wed Nov 18 09:12:45 MST 2020
| Date         : Sat Sep 26 20:02:26 2026
| Host         : DESKTOP-7CFQ9ND running 64-bit major release  (build 9200)
| Command      : report_timing -max_paths 3 -nworst 1 -input_pins -delay_type max -file D:/2609_final_project/cnn_rtl/docs/E-02a_runs/encoder_default_10.000/reopened_paths.rpt
| Design       : CNN_Encoder
| Device       : 7z020-clg400
| Speed File   : -1  PRODUCTION 1.12 2019-11-22
--------------------------------------------------------------------------------------------------------------------------------------------------------------------------------

Timing Report

Slack (VIOLATED) :        -3.562ns  (required time - arrival time)
  Source:                 u_enc_rq/param3_reg[68]/C
                            (rising edge-triggered cell FDRE clocked by ACLK  {rise@0.000ns fall@5.000ns period=10.000ns})
  Destination:            u_enc_rq/rq_reg[2]/R
                            (rising edge-triggered cell FDRE clocked by ACLK  {rise@0.000ns fall@5.000ns period=10.000ns})
  Path Group:             ACLK
  Path Type:              Setup (Max at Slow Process Corner)
  Requirement:            10.000ns  (ACLK rise@10.000ns - ACLK rise@0.000ns)
  Data Path Delay:        12.954ns  (logic 5.221ns (40.305%)  route 7.733ns (59.695%))
  Logic Levels:           30  (CARRY4=22 LUT2=1 LUT3=1 LUT5=1 LUT6=5)
  Clock Path Skew:        -0.049ns (DCD - SCD + CPR)
    Destination Clock Delay (DCD):    0.924ns = ( 10.924 - 10.000 ) 
    Source Clock Delay      (SCD):    0.973ns
    Clock Pessimism Removal (CPR):    0.000ns
  Clock Uncertainty:      0.035ns  ((TSJ^2 + TIJ^2)^1/2 + DJ) / 2 + PE
    Total System Jitter     (TSJ):    0.071ns
    Total Input Jitter      (TIJ):    0.000ns
    Discrete Jitter          (DJ):    0.000ns
    Phase Error              (PE):    0.000ns

    Location             Delay type                Incr(ns)  Path(ns)    Netlist Resource(s)
  -------------------------------------------------------------------    -------------------
                         (clock ACLK rise edge)       0.000     0.000 r  
                                                      0.000     0.000 r  clk (IN)
                         net (fo=3700, unset)         0.973     0.973    u_enc_rq/clk
    SLICE_X35Y128        FDRE                                         r  u_enc_rq/param3_reg[68]/C
  -------------------------------------------------------------------    -------------------
    SLICE_X35Y128        FDRE (Prop_fdre_C_Q)         0.419     1.392 r  u_enc_rq/param3_reg[68]/Q
                         net (fo=160, routed)         0.881     2.273    u_enc_rq/p_0_in[4]
    SLICE_X35Y127                                                     r  u_enc_rq/rq[7]_i_696/I5
    SLICE_X35Y127        LUT6 (Prop_lut6_I5_O)        0.297     2.570 r  u_enc_rq/rq[7]_i_696/O
                         net (fo=16, routed)          0.597     3.167    u_enc_rq/rq[7]_i_696_n_0
    SLICE_X32Y126                                                     r  u_enc_rq/rq[3]_i_19/I4
    SLICE_X32Y126        LUT5 (Prop_lut5_I4_O)        0.124     3.291 r  u_enc_rq/rq[3]_i_19/O
                         net (fo=1, routed)           0.000     3.291    u_enc_rq/rq[3]_i_19_n_0
    SLICE_X32Y126                                                     r  u_enc_rq/rq_reg[3]_i_12/S[1]
    SLICE_X32Y126        CARRY4 (Prop_carry4_S[1]_CO[3])
                                                      0.533     3.824 r  u_enc_rq/rq_reg[3]_i_12/CO[3]
                         net (fo=1, routed)           0.000     3.824    u_enc_rq/rq_reg[3]_i_12_n_0
    SLICE_X32Y127                                                     r  u_enc_rq/rq_reg[7]_i_335/CI
    SLICE_X32Y127        CARRY4 (Prop_carry4_CI_CO[3])
                                                      0.117     3.941 r  u_enc_rq/rq_reg[7]_i_335/CO[3]
                         net (fo=1, routed)           0.000     3.941    u_enc_rq/rq_reg[7]_i_335_n_0
    SLICE_X32Y128                                                     r  u_enc_rq/rq_reg[7]_i_334/CI
    SLICE_X32Y128        CARRY4 (Prop_carry4_CI_CO[3])
                                                      0.117     4.058 r  u_enc_rq/rq_reg[7]_i_334/CO[3]
                         net (fo=1, routed)           0.000     4.058    u_enc_rq/rq_reg[7]_i_334_n_0
    SLICE_X32Y129                                                     r  u_enc_rq/rq_reg[7]_i_328/CI
    SLICE_X32Y129        CARRY4 (Prop_carry4_CI_CO[3])
                                                      0.117     4.175 r  u_enc_rq/rq_reg[7]_i_328/CO[3]
                         net (fo=1, routed)           0.000     4.175    u_enc_rq/rq_reg[7]_i_328_n_0
    SLICE_X32Y130                                                     r  u_enc_rq/rq_reg[7]_i_331/CI
    SLICE_X32Y130        CARRY4 (Prop_carry4_CI_CO[3])
                                                      0.117     4.292 r  u_enc_rq/rq_reg[7]_i_331/CO[3]
                         net (fo=1, routed)           0.000     4.292    u_enc_rq/rq_reg[7]_i_331_n_0
    SLICE_X32Y131                                                     r  u_enc_rq/rq_reg[7]_i_325/CI
    SLICE_X32Y131        CARRY4 (Prop_carry4_CI_CO[3])
                                                      0.117     4.409 r  u_enc_rq/rq_reg[7]_i_325/CO[3]
                         net (fo=1, routed)           0.000     4.409    u_enc_rq/rq_reg[7]_i_325_n_0
    SLICE_X32Y132                                                     r  u_enc_rq/rq_reg[7]_i_332/CI
    SLICE_X32Y132        CARRY4 (Prop_carry4_CI_CO[3])
                                                      0.117     4.526 r  u_enc_rq/rq_reg[7]_i_332/CO[3]
                         net (fo=1, routed)           0.000     4.526    u_enc_rq/rq_reg[7]_i_332_n_0
    SLICE_X32Y133                                                     r  u_enc_rq/rq_reg[7]_i_326/CI
    SLICE_X32Y133        CARRY4 (Prop_carry4_CI_CO[3])
                                                      0.117     4.643 r  u_enc_rq/rq_reg[7]_i_326/CO[3]
                         net (fo=1, routed)           0.000     4.643    u_enc_rq/rq_reg[7]_i_326_n_0
    SLICE_X32Y134                                                     r  u_enc_rq/rq_reg[7]_i_329/CI
    SLICE_X32Y134        CARRY4 (Prop_carry4_CI_CO[3])
                                                      0.117     4.760 r  u_enc_rq/rq_reg[7]_i_329/CO[3]
                         net (fo=1, routed)           0.000     4.760    u_enc_rq/rq_reg[7]_i_329_n_0
    SLICE_X32Y135                                                     r  u_enc_rq/rq_reg[7]_i_323/CI
    SLICE_X32Y135        CARRY4 (Prop_carry4_CI_CO[3])
                                                      0.117     4.877 r  u_enc_rq/rq_reg[7]_i_323/CO[3]
                         net (fo=1, routed)           0.000     4.877    u_enc_rq/rq_reg[7]_i_323_n_0
    SLICE_X32Y136                                                     r  u_enc_rq/rq_reg[7]_i_333/CI
    SLICE_X32Y136        CARRY4 (Prop_carry4_CI_CO[3])
                                                      0.117     4.994 r  u_enc_rq/rq_reg[7]_i_333/CO[3]
                         net (fo=1, routed)           0.000     4.994    u_enc_rq/rq_reg[7]_i_333_n_0
    SLICE_X32Y137                                                     r  u_enc_rq/rq_reg[7]_i_327/CI
    SLICE_X32Y137        CARRY4 (Prop_carry4_CI_CO[3])
                                                      0.117     5.111 r  u_enc_rq/rq_reg[7]_i_327/CO[3]
                         net (fo=1, routed)           0.000     5.111    u_enc_rq/rq_reg[7]_i_327_n_0
    SLICE_X32Y138                                                     r  u_enc_rq/rq_reg[7]_i_330/CI
    SLICE_X32Y138        CARRY4 (Prop_carry4_CI_CO[3])
                                                      0.117     5.228 r  u_enc_rq/rq_reg[7]_i_330/CO[3]
                         net (fo=1, routed)           0.000     5.228    u_enc_rq/rq_reg[7]_i_330_n_0
    SLICE_X32Y139                                                     r  u_enc_rq/rq_reg[7]_i_324/CI
    SLICE_X32Y139        CARRY4 (Prop_carry4_CI_CO[3])
                                                      0.117     5.345 r  u_enc_rq/rq_reg[7]_i_324/CO[3]
                         net (fo=1, routed)           0.000     5.345    u_enc_rq/rq_reg[7]_i_324_n_0
    SLICE_X32Y140                                                     r  u_enc_rq/rq_reg[7]_i_253/CI
    SLICE_X32Y140        CARRY4 (Prop_carry4_CI_CO[3])
                                                      0.117     5.462 r  u_enc_rq/rq_reg[7]_i_253/CO[3]
                         net (fo=1, routed)           0.000     5.462    u_enc_rq/rq_reg[7]_i_253_n_0
    SLICE_X32Y141                                                     r  u_enc_rq/rq_reg[7]_i_115/CI
    SLICE_X32Y141        CARRY4 (Prop_carry4_CI_O[3])
                                                      0.315     5.777 f  u_enc_rq/rq_reg[7]_i_115/O[3]
                         net (fo=64, routed)          1.108     6.885    u_enc_rq/rq_reg[7]_i_115_n_4
    SLICE_X35Y133                                                     f  u_enc_rq/rq[7]_i_166/I0
    SLICE_X35Y133        LUT6 (Prop_lut6_I0_O)        0.307     7.192 f  u_enc_rq/rq[7]_i_166/O
                         net (fo=4, routed)           0.923     8.115    u_enc_rq/rq[7]_i_166_n_0
    SLICE_X30Y137                                                     f  u_enc_rq/rq[7]_i_953/I5
    SLICE_X30Y137        LUT6 (Prop_lut6_I5_O)        0.124     8.239 f  u_enc_rq/rq[7]_i_953/O
                         net (fo=2, routed)           0.810     9.048    u_enc_rq/rq[7]_i_953_n_0
    SLICE_X35Y139                                                     f  u_enc_rq/rq[7]_i_843/I2
    SLICE_X35Y139        LUT3 (Prop_lut3_I2_O)        0.124     9.172 f  u_enc_rq/rq[7]_i_843/O
                         net (fo=2, routed)           0.810     9.982    u_enc_rq/rq[7]_i_843_n_0
    SLICE_X37Y138                                                     f  u_enc_rq/rq[7]_i_721/I3
    SLICE_X37Y138        LUT6 (Prop_lut6_I3_O)        0.124    10.106 f  u_enc_rq/rq[7]_i_721/O
                         net (fo=4, routed)           0.573    10.679    u_enc_rq/rq[7]_i_721_n_0
    SLICE_X39Y138                                                     f  u_enc_rq/rq[7]_i_578/I2
    SLICE_X39Y138        LUT6 (Prop_lut6_I2_O)        0.124    10.803 r  u_enc_rq/rq[7]_i_578/O
                         net (fo=1, routed)           0.708    11.511    u_enc_rq/rq[7]_i_578_n_0
    SLICE_X41Y138                                                     r  u_enc_rq/rq_reg[7]_i_369/DI[2]
    SLICE_X41Y138        CARRY4 (Prop_carry4_DI[2]_CO[3])
                                                      0.398    11.909 r  u_enc_rq/rq_reg[7]_i_369/CO[3]
                         net (fo=1, routed)           0.000    11.909    u_enc_rq/rq_reg[7]_i_369_n_0
    SLICE_X41Y139                                                     r  u_enc_rq/rq_reg[7]_i_208/CI
    SLICE_X41Y139        CARRY4 (Prop_carry4_CI_CO[3])
                                                      0.114    12.023 r  u_enc_rq/rq_reg[7]_i_208/CO[3]
                         net (fo=1, routed)           0.000    12.023    u_enc_rq/rq_reg[7]_i_208_n_0
    SLICE_X41Y140                                                     r  u_enc_rq/rq_reg[7]_i_97/CI
    SLICE_X41Y140        CARRY4 (Prop_carry4_CI_CO[3])
                                                      0.114    12.137 r  u_enc_rq/rq_reg[7]_i_97/CO[3]
                         net (fo=1, routed)           0.000    12.137    u_enc_rq/rq_reg[7]_i_97_n_0
    SLICE_X41Y141                                                     r  u_enc_rq/rq_reg[7]_i_34/CI
    SLICE_X41Y141        CARRY4 (Prop_carry4_CI_CO[3])
                                                      0.114    12.251 r  u_enc_rq/rq_reg[7]_i_34/CO[3]
                         net (fo=1, routed)           0.000    12.251    u_enc_rq/rq_reg[7]_i_34_n_0
    SLICE_X41Y142                                                     r  u_enc_rq/rq_reg[7]_i_8/CI
    SLICE_X41Y142        CARRY4 (Prop_carry4_CI_CO[3])
                                                      0.114    12.365 r  u_enc_rq/rq_reg[7]_i_8/CO[3]
                         net (fo=1, routed)           0.000    12.365    u_enc_rq/rq_reg[7]_i_8_n_0
    SLICE_X41Y143                                                     r  u_enc_rq/rq_reg[7]_i_3/CI
    SLICE_X41Y143        CARRY4 (Prop_carry4_CI_CO[3])
                                                      0.114    12.479 r  u_enc_rq/rq_reg[7]_i_3/CO[3]
                         net (fo=2, routed)           0.774    13.253    u_enc_rq/acc_sat1
    SLICE_X42Y143                                                     r  u_enc_rq/rq[7]_i_1/I1
    SLICE_X42Y143        LUT2 (Prop_lut2_I1_O)        0.124    13.377 r  u_enc_rq/rq[7]_i_1/O
                         net (fo=7, routed)           0.550    13.927    u_enc_rq/rq[7]_i_1_n_0
    SLICE_X42Y144        FDRE                                         r  u_enc_rq/rq_reg[2]/R
  -------------------------------------------------------------------    -------------------

                         (clock ACLK rise edge)      10.000    10.000 r  
                                                      0.000    10.000 r  clk (IN)
                         net (fo=3700, unset)         0.924    10.924    u_enc_rq/clk
    SLICE_X42Y144        FDRE                                         r  u_enc_rq/rq_reg[2]/C
                         clock pessimism              0.000    10.924    
                         clock uncertainty           -0.035    10.889    
    SLICE_X42Y144        FDRE (Setup_fdre_C_R)       -0.524    10.365    u_enc_rq/rq_reg[2]
  -------------------------------------------------------------------
                         required time                         10.365    
                         arrival time                         -13.927    
  -------------------------------------------------------------------
                         slack                                 -3.562    

Slack (VIOLATED) :        -3.562ns  (required time - arrival time)
  Source:                 u_enc_rq/param3_reg[68]/C
                            (rising edge-triggered cell FDRE clocked by ACLK  {rise@0.000ns fall@5.000ns period=10.000ns})
  Destination:            u_enc_rq/rq_reg[7]/S
                            (rising edge-triggered cell FDSE clocked by ACLK  {rise@0.000ns fall@5.000ns period=10.000ns})
  Path Group:             ACLK
  Path Type:              Setup (Max at Slow Process Corner)
  Requirement:            10.000ns  (ACLK rise@10.000ns - ACLK rise@0.000ns)
  Data Path Delay:        12.954ns  (logic 5.221ns (40.305%)  route 7.733ns (59.695%))
  Logic Levels:           30  (CARRY4=22 LUT2=1 LUT3=1 LUT5=1 LUT6=5)
  Clock Path Skew:        -0.049ns (DCD - SCD + CPR)
    Destination Clock Delay (DCD):    0.924ns = ( 10.924 - 10.000 ) 
    Source Clock Delay      (SCD):    0.973ns
    Clock Pessimism Removal (CPR):    0.000ns
  Clock Uncertainty:      0.035ns  ((TSJ^2 + TIJ^2)^1/2 + DJ) / 2 + PE
    Total System Jitter     (TSJ):    0.071ns
    Total Input Jitter      (TIJ):    0.000ns
    Discrete Jitter          (DJ):    0.000ns
    Phase Error              (PE):    0.000ns

    Location             Delay type                Incr(ns)  Path(ns)    Netlist Resource(s)
  -------------------------------------------------------------------    -------------------
                         (clock ACLK rise edge)       0.000     0.000 r  
                                                      0.000     0.000 r  clk (IN)
                         net (fo=3700, unset)         0.973     0.973    u_enc_rq/clk
    SLICE_X35Y128        FDRE                                         r  u_enc_rq/param3_reg[68]/C
  -------------------------------------------------------------------    -------------------
    SLICE_X35Y128        FDRE (Prop_fdre_C_Q)         0.419     1.392 r  u_enc_rq/param3_reg[68]/Q
                         net (fo=160, routed)         0.881     2.273    u_enc_rq/p_0_in[4]
    SLICE_X35Y127                                                     r  u_enc_rq/rq[7]_i_696/I5
    SLICE_X35Y127        LUT6 (Prop_lut6_I5_O)        0.297     2.570 r  u_enc_rq/rq[7]_i_696/O
                         net (fo=16, routed)          0.597     3.167    u_enc_rq/rq[7]_i_696_n_0
    SLICE_X32Y126                                                     r  u_enc_rq/rq[3]_i_19/I4
    SLICE_X32Y126        LUT5 (Prop_lut5_I4_O)        0.124     3.291 r  u_enc_rq/rq[3]_i_19/O
                         net (fo=1, routed)           0.000     3.291    u_enc_rq/rq[3]_i_19_n_0
    SLICE_X32Y126                                                     r  u_enc_rq/rq_reg[3]_i_12/S[1]
    SLICE_X32Y126        CARRY4 (Prop_carry4_S[1]_CO[3])
                                                      0.533     3.824 r  u_enc_rq/rq_reg[3]_i_12/CO[3]
                         net (fo=1, routed)           0.000     3.824    u_enc_rq/rq_reg[3]_i_12_n_0
    SLICE_X32Y127                                                     r  u_enc_rq/rq_reg[7]_i_335/CI
    SLICE_X32Y127        CARRY4 (Prop_carry4_CI_CO[3])
                                                      0.117     3.941 r  u_enc_rq/rq_reg[7]_i_335/CO[3]
                         net (fo=1, routed)           0.000     3.941    u_enc_rq/rq_reg[7]_i_335_n_0
    SLICE_X32Y128                                                     r  u_enc_rq/rq_reg[7]_i_334/CI
    SLICE_X32Y128        CARRY4 (Prop_carry4_CI_CO[3])
                                                      0.117     4.058 r  u_enc_rq/rq_reg[7]_i_334/CO[3]
                         net (fo=1, routed)           0.000     4.058    u_enc_rq/rq_reg[7]_i_334_n_0
    SLICE_X32Y129                                                     r  u_enc_rq/rq_reg[7]_i_328/CI
    SLICE_X32Y129        CARRY4 (Prop_carry4_CI_CO[3])
                                                      0.117     4.175 r  u_enc_rq/rq_reg[7]_i_328/CO[3]
                         net (fo=1, routed)           0.000     4.175    u_enc_rq/rq_reg[7]_i_328_n_0
    SLICE_X32Y130                                                     r  u_enc_rq/rq_reg[7]_i_331/CI
    SLICE_X32Y130        CARRY4 (Prop_carry4_CI_CO[3])
                                                      0.117     4.292 r  u_enc_rq/rq_reg[7]_i_331/CO[3]
                         net (fo=1, routed)           0.000     4.292    u_enc_rq/rq_reg[7]_i_331_n_0
    SLICE_X32Y131                                                     r  u_enc_rq/rq_reg[7]_i_325/CI
    SLICE_X32Y131        CARRY4 (Prop_carry4_CI_CO[3])
                                                      0.117     4.409 r  u_enc_rq/rq_reg[7]_i_325/CO[3]
                         net (fo=1, routed)           0.000     4.409    u_enc_rq/rq_reg[7]_i_325_n_0
    SLICE_X32Y132                                                     r  u_enc_rq/rq_reg[7]_i_332/CI
    SLICE_X32Y132        CARRY4 (Prop_carry4_CI_CO[3])
                                                      0.117     4.526 r  u_enc_rq/rq_reg[7]_i_332/CO[3]
                         net (fo=1, routed)           0.000     4.526    u_enc_rq/rq_reg[7]_i_332_n_0
    SLICE_X32Y133                                                     r  u_enc_rq/rq_reg[7]_i_326/CI
    SLICE_X32Y133        CARRY4 (Prop_carry4_CI_CO[3])
                                                      0.117     4.643 r  u_enc_rq/rq_reg[7]_i_326/CO[3]
                         net (fo=1, routed)           0.000     4.643    u_enc_rq/rq_reg[7]_i_326_n_0
    SLICE_X32Y134                                                     r  u_enc_rq/rq_reg[7]_i_329/CI
    SLICE_X32Y134        CARRY4 (Prop_carry4_CI_CO[3])
                                                      0.117     4.760 r  u_enc_rq/rq_reg[7]_i_329/CO[3]
                         net (fo=1, routed)           0.000     4.760    u_enc_rq/rq_reg[7]_i_329_n_0
    SLICE_X32Y135                                                     r  u_enc_rq/rq_reg[7]_i_323/CI
    SLICE_X32Y135        CARRY4 (Prop_carry4_CI_CO[3])
                                                      0.117     4.877 r  u_enc_rq/rq_reg[7]_i_323/CO[3]
                         net (fo=1, routed)           0.000     4.877    u_enc_rq/rq_reg[7]_i_323_n_0
    SLICE_X32Y136                                                     r  u_enc_rq/rq_reg[7]_i_333/CI
    SLICE_X32Y136        CARRY4 (Prop_carry4_CI_CO[3])
                                                      0.117     4.994 r  u_enc_rq/rq_reg[7]_i_333/CO[3]
                         net (fo=1, routed)           0.000     4.994    u_enc_rq/rq_reg[7]_i_333_n_0
    SLICE_X32Y137                                                     r  u_enc_rq/rq_reg[7]_i_327/CI
    SLICE_X32Y137        CARRY4 (Prop_carry4_CI_CO[3])
                                                      0.117     5.111 r  u_enc_rq/rq_reg[7]_i_327/CO[3]
                         net (fo=1, routed)           0.000     5.111    u_enc_rq/rq_reg[7]_i_327_n_0
    SLICE_X32Y138                                                     r  u_enc_rq/rq_reg[7]_i_330/CI
    SLICE_X32Y138        CARRY4 (Prop_carry4_CI_CO[3])
                                                      0.117     5.228 r  u_enc_rq/rq_reg[7]_i_330/CO[3]
                         net (fo=1, routed)           0.000     5.228    u_enc_rq/rq_reg[7]_i_330_n_0
    SLICE_X32Y139                                                     r  u_enc_rq/rq_reg[7]_i_324/CI
    SLICE_X32Y139        CARRY4 (Prop_carry4_CI_CO[3])
                                                      0.117     5.345 r  u_enc_rq/rq_reg[7]_i_324/CO[3]
                         net (fo=1, routed)           0.000     5.345    u_enc_rq/rq_reg[7]_i_324_n_0
    SLICE_X32Y140                                                     r  u_enc_rq/rq_reg[7]_i_253/CI
    SLICE_X32Y140        CARRY4 (Prop_carry4_CI_CO[3])
                                                      0.117     5.462 r  u_enc_rq/rq_reg[7]_i_253/CO[3]
                         net (fo=1, routed)           0.000     5.462    u_enc_rq/rq_reg[7]_i_253_n_0
    SLICE_X32Y141                                                     r  u_enc_rq/rq_reg[7]_i_115/CI
    SLICE_X32Y141        CARRY4 (Prop_carry4_CI_O[3])
                                                      0.315     5.777 f  u_enc_rq/rq_reg[7]_i_115/O[3]
                         net (fo=64, routed)          1.108     6.885    u_enc_rq/rq_reg[7]_i_115_n_4
    SLICE_X35Y133                                                     f  u_enc_rq/rq[7]_i_166/I0
    SLICE_X35Y133        LUT6 (Prop_lut6_I0_O)        0.307     7.192 f  u_enc_rq/rq[7]_i_166/O
                         net (fo=4, routed)           0.923     8.115    u_enc_rq/rq[7]_i_166_n_0
    SLICE_X30Y137                                                     f  u_enc_rq/rq[7]_i_953/I5
    SLICE_X30Y137        LUT6 (Prop_lut6_I5_O)        0.124     8.239 f  u_enc_rq/rq[7]_i_953/O
                         net (fo=2, routed)           0.810     9.048    u_enc_rq/rq[7]_i_953_n_0
    SLICE_X35Y139                                                     f  u_enc_rq/rq[7]_i_843/I2
    SLICE_X35Y139        LUT3 (Prop_lut3_I2_O)        0.124     9.172 f  u_enc_rq/rq[7]_i_843/O
                         net (fo=2, routed)           0.810     9.982    u_enc_rq/rq[7]_i_843_n_0
    SLICE_X37Y138                                                     f  u_enc_rq/rq[7]_i_721/I3
    SLICE_X37Y138        LUT6 (Prop_lut6_I3_O)        0.124    10.106 f  u_enc_rq/rq[7]_i_721/O
                         net (fo=4, routed)           0.573    10.679    u_enc_rq/rq[7]_i_721_n_0
    SLICE_X39Y138                                                     f  u_enc_rq/rq[7]_i_578/I2
    SLICE_X39Y138        LUT6 (Prop_lut6_I2_O)        0.124    10.803 r  u_enc_rq/rq[7]_i_578/O
                         net (fo=1, routed)           0.708    11.511    u_enc_rq/rq[7]_i_578_n_0
    SLICE_X41Y138                                                     r  u_enc_rq/rq_reg[7]_i_369/DI[2]
    SLICE_X41Y138        CARRY4 (Prop_carry4_DI[2]_CO[3])
                                                      0.398    11.909 r  u_enc_rq/rq_reg[7]_i_369/CO[3]
                         net (fo=1, routed)           0.000    11.909    u_enc_rq/rq_reg[7]_i_369_n_0
    SLICE_X41Y139                                                     r  u_enc_rq/rq_reg[7]_i_208/CI
    SLICE_X41Y139        CARRY4 (Prop_carry4_CI_CO[3])
                                                      0.114    12.023 r  u_enc_rq/rq_reg[7]_i_208/CO[3]
                         net (fo=1, routed)           0.000    12.023    u_enc_rq/rq_reg[7]_i_208_n_0
    SLICE_X41Y140                                                     r  u_enc_rq/rq_reg[7]_i_97/CI
    SLICE_X41Y140        CARRY4 (Prop_carry4_CI_CO[3])
                                                      0.114    12.137 r  u_enc_rq/rq_reg[7]_i_97/CO[3]
                         net (fo=1, routed)           0.000    12.137    u_enc_rq/rq_reg[7]_i_97_n_0
    SLICE_X41Y141                                                     r  u_enc_rq/rq_reg[7]_i_34/CI
    SLICE_X41Y141        CARRY4 (Prop_carry4_CI_CO[3])
                                                      0.114    12.251 r  u_enc_rq/rq_reg[7]_i_34/CO[3]
                         net (fo=1, routed)           0.000    12.251    u_enc_rq/rq_reg[7]_i_34_n_0
    SLICE_X41Y142                                                     r  u_enc_rq/rq_reg[7]_i_8/CI
    SLICE_X41Y142        CARRY4 (Prop_carry4_CI_CO[3])
                                                      0.114    12.365 r  u_enc_rq/rq_reg[7]_i_8/CO[3]
                         net (fo=1, routed)           0.000    12.365    u_enc_rq/rq_reg[7]_i_8_n_0
    SLICE_X41Y143                                                     r  u_enc_rq/rq_reg[7]_i_3/CI
    SLICE_X41Y143        CARRY4 (Prop_carry4_CI_CO[3])
                                                      0.114    12.479 r  u_enc_rq/rq_reg[7]_i_3/CO[3]
                         net (fo=2, routed)           0.774    13.253    u_enc_rq/acc_sat1
    SLICE_X42Y143                                                     r  u_enc_rq/rq[7]_i_1/I1
    SLICE_X42Y143        LUT2 (Prop_lut2_I1_O)        0.124    13.377 r  u_enc_rq/rq[7]_i_1/O
                         net (fo=7, routed)           0.550    13.927    u_enc_rq/rq[7]_i_1_n_0
    SLICE_X42Y144        FDSE                                         r  u_enc_rq/rq_reg[7]/S
  -------------------------------------------------------------------    -------------------

                         (clock ACLK rise edge)      10.000    10.000 r  
                                                      0.000    10.000 r  clk (IN)
                         net (fo=3700, unset)         0.924    10.924    u_enc_rq/clk
    SLICE_X42Y144        FDSE                                         r  u_enc_rq/rq_reg[7]/C
                         clock pessimism              0.000    10.924    
                         clock uncertainty           -0.035    10.889    
    SLICE_X42Y144        FDSE (Setup_fdse_C_S)       -0.524    10.365    u_enc_rq/rq_reg[7]
  -------------------------------------------------------------------
                         required time                         10.365    
                         arrival time                         -13.927    
  -------------------------------------------------------------------
                         slack                                 -3.562    

Slack (VIOLATED) :        -3.553ns  (required time - arrival time)
  Source:                 u_enc_rq/param3_reg[68]/C
                            (rising edge-triggered cell FDRE clocked by ACLK  {rise@0.000ns fall@5.000ns period=10.000ns})
  Destination:            u_enc_rq/rq_reg[1]/R
                            (rising edge-triggered cell FDRE clocked by ACLK  {rise@0.000ns fall@5.000ns period=10.000ns})
  Path Group:             ACLK
  Path Type:              Setup (Max at Slow Process Corner)
  Requirement:            10.000ns  (ACLK rise@10.000ns - ACLK rise@0.000ns)
  Data Path Delay:        12.945ns  (logic 5.221ns (40.331%)  route 7.724ns (59.669%))
  Logic Levels:           30  (CARRY4=22 LUT2=1 LUT3=1 LUT5=1 LUT6=5)
  Clock Path Skew:        -0.049ns (DCD - SCD + CPR)
    Destination Clock Delay (DCD):    0.924ns = ( 10.924 - 10.000 ) 
    Source Clock Delay      (SCD):    0.973ns
    Clock Pessimism Removal (CPR):    0.000ns
  Clock Uncertainty:      0.035ns  ((TSJ^2 + TIJ^2)^1/2 + DJ) / 2 + PE
    Total System Jitter     (TSJ):    0.071ns
    Total Input Jitter      (TIJ):    0.000ns
    Discrete Jitter          (DJ):    0.000ns
    Phase Error              (PE):    0.000ns

    Location             Delay type                Incr(ns)  Path(ns)    Netlist Resource(s)
  -------------------------------------------------------------------    -------------------
                         (clock ACLK rise edge)       0.000     0.000 r  
                                                      0.000     0.000 r  clk (IN)
                         net (fo=3700, unset)         0.973     0.973    u_enc_rq/clk
    SLICE_X35Y128        FDRE                                         r  u_enc_rq/param3_reg[68]/C
  -------------------------------------------------------------------    -------------------
    SLICE_X35Y128        FDRE (Prop_fdre_C_Q)         0.419     1.392 r  u_enc_rq/param3_reg[68]/Q
                         net (fo=160, routed)         0.881     2.273    u_enc_rq/p_0_in[4]
    SLICE_X35Y127                                                     r  u_enc_rq/rq[7]_i_696/I5
    SLICE_X35Y127        LUT6 (Prop_lut6_I5_O)        0.297     2.570 r  u_enc_rq/rq[7]_i_696/O
                         net (fo=16, routed)          0.597     3.167    u_enc_rq/rq[7]_i_696_n_0
    SLICE_X32Y126                                                     r  u_enc_rq/rq[3]_i_19/I4
    SLICE_X32Y126        LUT5 (Prop_lut5_I4_O)        0.124     3.291 r  u_enc_rq/rq[3]_i_19/O
                         net (fo=1, routed)           0.000     3.291    u_enc_rq/rq[3]_i_19_n_0
    SLICE_X32Y126                                                     r  u_enc_rq/rq_reg[3]_i_12/S[1]
    SLICE_X32Y126        CARRY4 (Prop_carry4_S[1]_CO[3])
                                                      0.533     3.824 r  u_enc_rq/rq_reg[3]_i_12/CO[3]
                         net (fo=1, routed)           0.000     3.824    u_enc_rq/rq_reg[3]_i_12_n_0
    SLICE_X32Y127                                                     r  u_enc_rq/rq_reg[7]_i_335/CI
    SLICE_X32Y127        CARRY4 (Prop_carry4_CI_CO[3])
                                                      0.117     3.941 r  u_enc_rq/rq_reg[7]_i_335/CO[3]
                         net (fo=1, routed)           0.000     3.941    u_enc_rq/rq_reg[7]_i_335_n_0
    SLICE_X32Y128                                                     r  u_enc_rq/rq_reg[7]_i_334/CI
    SLICE_X32Y128        CARRY4 (Prop_carry4_CI_CO[3])
                                                      0.117     4.058 r  u_enc_rq/rq_reg[7]_i_334/CO[3]
                         net (fo=1, routed)           0.000     4.058    u_enc_rq/rq_reg[7]_i_334_n_0
    SLICE_X32Y129                                                     r  u_enc_rq/rq_reg[7]_i_328/CI
    SLICE_X32Y129        CARRY4 (Prop_carry4_CI_CO[3])
                                                      0.117     4.175 r  u_enc_rq/rq_reg[7]_i_328/CO[3]
                         net (fo=1, routed)           0.000     4.175    u_enc_rq/rq_reg[7]_i_328_n_0
    SLICE_X32Y130                                                     r  u_enc_rq/rq_reg[7]_i_331/CI
    SLICE_X32Y130        CARRY4 (Prop_carry4_CI_CO[3])
                                                      0.117     4.292 r  u_enc_rq/rq_reg[7]_i_331/CO[3]
                         net (fo=1, routed)           0.000     4.292    u_enc_rq/rq_reg[7]_i_331_n_0
    SLICE_X32Y131                                                     r  u_enc_rq/rq_reg[7]_i_325/CI
    SLICE_X32Y131        CARRY4 (Prop_carry4_CI_CO[3])
                                                      0.117     4.409 r  u_enc_rq/rq_reg[7]_i_325/CO[3]
                         net (fo=1, routed)           0.000     4.409    u_enc_rq/rq_reg[7]_i_325_n_0
    SLICE_X32Y132                                                     r  u_enc_rq/rq_reg[7]_i_332/CI
    SLICE_X32Y132        CARRY4 (Prop_carry4_CI_CO[3])
                                                      0.117     4.526 r  u_enc_rq/rq_reg[7]_i_332/CO[3]
                         net (fo=1, routed)           0.000     4.526    u_enc_rq/rq_reg[7]_i_332_n_0
    SLICE_X32Y133                                                     r  u_enc_rq/rq_reg[7]_i_326/CI
    SLICE_X32Y133        CARRY4 (Prop_carry4_CI_CO[3])
                                                      0.117     4.643 r  u_enc_rq/rq_reg[7]_i_326/CO[3]
                         net (fo=1, routed)           0.000     4.643    u_enc_rq/rq_reg[7]_i_326_n_0
    SLICE_X32Y134                                                     r  u_enc_rq/rq_reg[7]_i_329/CI
    SLICE_X32Y134        CARRY4 (Prop_carry4_CI_CO[3])
                                                      0.117     4.760 r  u_enc_rq/rq_reg[7]_i_329/CO[3]
                         net (fo=1, routed)           0.000     4.760    u_enc_rq/rq_reg[7]_i_329_n_0
    SLICE_X32Y135                                                     r  u_enc_rq/rq_reg[7]_i_323/CI
    SLICE_X32Y135        CARRY4 (Prop_carry4_CI_CO[3])
                                                      0.117     4.877 r  u_enc_rq/rq_reg[7]_i_323/CO[3]
                         net (fo=1, routed)           0.000     4.877    u_enc_rq/rq_reg[7]_i_323_n_0
    SLICE_X32Y136                                                     r  u_enc_rq/rq_reg[7]_i_333/CI
    SLICE_X32Y136        CARRY4 (Prop_carry4_CI_CO[3])
                                                      0.117     4.994 r  u_enc_rq/rq_reg[7]_i_333/CO[3]
                         net (fo=1, routed)           0.000     4.994    u_enc_rq/rq_reg[7]_i_333_n_0
    SLICE_X32Y137                                                     r  u_enc_rq/rq_reg[7]_i_327/CI
    SLICE_X32Y137        CARRY4 (Prop_carry4_CI_CO[3])
                                                      0.117     5.111 r  u_enc_rq/rq_reg[7]_i_327/CO[3]
                         net (fo=1, routed)           0.000     5.111    u_enc_rq/rq_reg[7]_i_327_n_0
    SLICE_X32Y138                                                     r  u_enc_rq/rq_reg[7]_i_330/CI
    SLICE_X32Y138        CARRY4 (Prop_carry4_CI_CO[3])
                                                      0.117     5.228 r  u_enc_rq/rq_reg[7]_i_330/CO[3]
                         net (fo=1, routed)           0.000     5.228    u_enc_rq/rq_reg[7]_i_330_n_0
    SLICE_X32Y139                                                     r  u_enc_rq/rq_reg[7]_i_324/CI
    SLICE_X32Y139        CARRY4 (Prop_carry4_CI_CO[3])
                                                      0.117     5.345 r  u_enc_rq/rq_reg[7]_i_324/CO[3]
                         net (fo=1, routed)           0.000     5.345    u_enc_rq/rq_reg[7]_i_324_n_0
    SLICE_X32Y140                                                     r  u_enc_rq/rq_reg[7]_i_253/CI
    SLICE_X32Y140        CARRY4 (Prop_carry4_CI_CO[3])
                                                      0.117     5.462 r  u_enc_rq/rq_reg[7]_i_253/CO[3]
                         net (fo=1, routed)           0.000     5.462    u_enc_rq/rq_reg[7]_i_253_n_0
    SLICE_X32Y141                                                     r  u_enc_rq/rq_reg[7]_i_115/CI
    SLICE_X32Y141        CARRY4 (Prop_carry4_CI_O[3])
                                                      0.315     5.777 f  u_enc_rq/rq_reg[7]_i_115/O[3]
                         net (fo=64, routed)          1.108     6.885    u_enc_rq/rq_reg[7]_i_115_n_4
    SLICE_X35Y133                                                     f  u_enc_rq/rq[7]_i_166/I0
    SLICE_X35Y133        LUT6 (Prop_lut6_I0_O)        0.307     7.192 f  u_enc_rq/rq[7]_i_166/O
                         net (fo=4, routed)           0.923     8.115    u_enc_rq/rq[7]_i_166_n_0
    SLICE_X30Y137                                                     f  u_enc_rq/rq[7]_i_953/I5
    SLICE_X30Y137        LUT6 (Prop_lut6_I5_O)        0.124     8.239 f  u_enc_rq/rq[7]_i_953/O
                         net (fo=2, routed)           0.810     9.048    u_enc_rq/rq[7]_i_953_n_0
    SLICE_X35Y139                                                     f  u_enc_rq/rq[7]_i_843/I2
    SLICE_X35Y139        LUT3 (Prop_lut3_I2_O)        0.124     9.172 f  u_enc_rq/rq[7]_i_843/O
                         net (fo=2, routed)           0.810     9.982    u_enc_rq/rq[7]_i_843_n_0
    SLICE_X37Y138                                                     f  u_enc_rq/rq[7]_i_721/I3
    SLICE_X37Y138        LUT6 (Prop_lut6_I3_O)        0.124    10.106 f  u_enc_rq/rq[7]_i_721/O
                         net (fo=4, routed)           0.573    10.679    u_enc_rq/rq[7]_i_721_n_0
    SLICE_X39Y138                                                     f  u_enc_rq/rq[7]_i_578/I2
    SLICE_X39Y138        LUT6 (Prop_lut6_I2_O)        0.124    10.803 r  u_enc_rq/rq[7]_i_578/O
                         net (fo=1, routed)           0.708    11.511    u_enc_rq/rq[7]_i_578_n_0
    SLICE_X41Y138                                                     r  u_enc_rq/rq_reg[7]_i_369/DI[2]
    SLICE_X41Y138        CARRY4 (Prop_carry4_DI[2]_CO[3])
                                                      0.398    11.909 r  u_enc_rq/rq_reg[7]_i_369/CO[3]
                         net (fo=1, routed)           0.000    11.909    u_enc_rq/rq_reg[7]_i_369_n_0
    SLICE_X41Y139                                                     r  u_enc_rq/rq_reg[7]_i_208/CI
    SLICE_X41Y139        CARRY4 (Prop_carry4_CI_CO[3])
                                                      0.114    12.023 r  u_enc_rq/rq_reg[7]_i_208/CO[3]
                         net (fo=1, routed)           0.000    12.023    u_enc_rq/rq_reg[7]_i_208_n_0
    SLICE_X41Y140                                                     r  u_enc_rq/rq_reg[7]_i_97/CI
    SLICE_X41Y140        CARRY4 (Prop_carry4_CI_CO[3])
                                                      0.114    12.137 r  u_enc_rq/rq_reg[7]_i_97/CO[3]
                         net (fo=1, routed)           0.000    12.137    u_enc_rq/rq_reg[7]_i_97_n_0
    SLICE_X41Y141                                                     r  u_enc_rq/rq_reg[7]_i_34/CI
    SLICE_X41Y141        CARRY4 (Prop_carry4_CI_CO[3])
                                                      0.114    12.251 r  u_enc_rq/rq_reg[7]_i_34/CO[3]
                         net (fo=1, routed)           0.000    12.251    u_enc_rq/rq_reg[7]_i_34_n_0
    SLICE_X41Y142                                                     r  u_enc_rq/rq_reg[7]_i_8/CI
    SLICE_X41Y142        CARRY4 (Prop_carry4_CI_CO[3])
                                                      0.114    12.365 r  u_enc_rq/rq_reg[7]_i_8/CO[3]
                         net (fo=1, routed)           0.000    12.365    u_enc_rq/rq_reg[7]_i_8_n_0
    SLICE_X41Y143                                                     r  u_enc_rq/rq_reg[7]_i_3/CI
    SLICE_X41Y143        CARRY4 (Prop_carry4_CI_CO[3])
                                                      0.114    12.479 r  u_enc_rq/rq_reg[7]_i_3/CO[3]
                         net (fo=2, routed)           0.774    13.253    u_enc_rq/acc_sat1
    SLICE_X42Y143                                                     r  u_enc_rq/rq[7]_i_1/I1
    SLICE_X42Y143        LUT2 (Prop_lut2_I1_O)        0.124    13.377 r  u_enc_rq/rq[7]_i_1/O
                         net (fo=7, routed)           0.541    13.918    u_enc_rq/rq[7]_i_1_n_0
    SLICE_X42Y143        FDRE                                         r  u_enc_rq/rq_reg[1]/R
  -------------------------------------------------------------------    -------------------

                         (clock ACLK rise edge)      10.000    10.000 r  
                                                      0.000    10.000 r  clk (IN)
                         net (fo=3700, unset)         0.924    10.924    u_enc_rq/clk
    SLICE_X42Y143        FDRE                                         r  u_enc_rq/rq_reg[1]/C
                         clock pessimism              0.000    10.924    
                         clock uncertainty           -0.035    10.889    
    SLICE_X42Y143        FDRE (Setup_fdre_C_R)       -0.524    10.365    u_enc_rq/rq_reg[1]
  -------------------------------------------------------------------
                         required time                         10.365    
                         arrival time                         -13.918    
  -------------------------------------------------------------------
                         slack                                 -3.553    




