Copyright 1986-2020 Xilinx, Inc. All Rights Reserved.
------------------------------------------------------------------------------------------------------------------------------------------------------------------------
| Tool Version : Vivado v.2020.2 (win64) Build 3064766 Wed Nov 18 09:12:45 MST 2020
| Date         : Sat Sep 26 20:16:40 2026
| Host         : DESKTOP-7CFQ9ND running 64-bit major release  (build 9200)
| Command      : report_timing_summary -delay_type min_max -max_paths 3 -file D:/2609_final_project/cnn_rtl/docs/E-02a_runs/encoder_freq3_14.000/post_place_summary.rpt
| Design       : CNN_Encoder
| Device       : 7z020-clg400
| Speed File   : -1  PRODUCTION 1.12 2019-11-22
------------------------------------------------------------------------------------------------------------------------------------------------------------------------

Timing Summary Report

------------------------------------------------------------------------------------------------
| Timer Settings
| --------------
------------------------------------------------------------------------------------------------

  Enable Multi Corner Analysis               :  Yes
  Enable Pessimism Removal                   :  Yes
  Pessimism Removal Resolution               :  Nearest Common Node
  Enable Input Delay Default Clock           :  No
  Enable Preset / Clear Arcs                 :  No
  Disable Flight Delays                      :  No
  Ignore I/O Paths                           :  No
  Timing Early Launch at Borrowing Latches   :  No
  Borrow Time for Max Delay Exceptions       :  Yes
  Merge Timing Exceptions                    :  Yes

  Corner  Analyze    Analyze    
  Name    Max Paths  Min Paths  
  ------  ---------  ---------  
  Slow    Yes        Yes        
  Fast    Yes        Yes        



check_timing report

Table of Contents
-----------------
1. checking no_clock (0)
2. checking constant_clock (0)
3. checking pulse_width_clock (0)
4. checking unconstrained_internal_endpoints (0)
5. checking no_input_delay (0)
6. checking no_output_delay (0)
7. checking multiple_clock (0)
8. checking generated_clocks (0)
9. checking loops (0)
10. checking partial_input_delay (0)
11. checking partial_output_delay (0)
12. checking latch_loops (0)

1. checking no_clock (0)
------------------------
 There are 0 register/latch pins with no clock.


2. checking constant_clock (0)
------------------------------
 There are 0 register/latch pins with constant_clock.


3. checking pulse_width_clock (0)
---------------------------------
 There are 0 register/latch pins which need pulse_width check


4. checking unconstrained_internal_endpoints (0)
------------------------------------------------
 There are 0 pins that are not constrained for maximum delay.

 There are 0 pins that are not constrained for maximum delay due to constant clock.


5. checking no_input_delay (0)
------------------------------
 There are 0 input ports with no input delay specified.

 There are 0 input ports with no input delay but user has a false path constraint.


6. checking no_output_delay (0)
-------------------------------
 There are 0 ports with no output delay specified.

 There are 0 ports with no output delay but user has a false path constraint

 There are 0 ports with no output delay but with a timing clock defined on it or propagating through it


7. checking multiple_clock (0)
------------------------------
 There are 0 register/latch pins with multiple clocks.


8. checking generated_clocks (0)
--------------------------------
 There are 0 generated clocks that are not connected to a clock source.


9. checking loops (0)
---------------------
 There are 0 combinational loops in the design.


10. checking partial_input_delay (0)
------------------------------------
 There are 0 input ports with partial input delay specified.


11. checking partial_output_delay (0)
-------------------------------------
 There are 0 ports with partial output delay specified.


12. checking latch_loops (0)
----------------------------
 There are 0 combinational latch loops in the design through latch input



------------------------------------------------------------------------------------------------
| Design Timing Summary
| ---------------------
------------------------------------------------------------------------------------------------

    WNS(ns)      TNS(ns)  TNS Failing Endpoints  TNS Total Endpoints      WHS(ns)      THS(ns)  THS Failing Endpoints  THS Total Endpoints     WPWS(ns)     TPWS(ns)  TPWS Failing Endpoints  TPWS Total Endpoints  
    -------      -------  ---------------------  -------------------      -------      -------  ---------------------  -------------------     --------     --------  ----------------------  --------------------  
      0.332        0.000                      0                 8315        0.097        0.000                      0                 8315        6.020        0.000                       0                  3662  


All user specified timing constraints are met.


------------------------------------------------------------------------------------------------
| Clock Summary
| -------------
------------------------------------------------------------------------------------------------

Clock  Waveform(ns)       Period(ns)      Frequency(MHz)
-----  ------------       ----------      --------------
ACLK   {0.000 7.000}      14.000          71.429          


------------------------------------------------------------------------------------------------
| Intra Clock Table
| -----------------
------------------------------------------------------------------------------------------------

Clock             WNS(ns)      TNS(ns)  TNS Failing Endpoints  TNS Total Endpoints      WHS(ns)      THS(ns)  THS Failing Endpoints  THS Total Endpoints     WPWS(ns)     TPWS(ns)  TPWS Failing Endpoints  TPWS Total Endpoints  
-----             -------      -------  ---------------------  -------------------      -------      -------  ---------------------  -------------------     --------     --------  ----------------------  --------------------  
ACLK                0.332        0.000                      0                 8315        0.097        0.000                      0                 8315        6.020        0.000                       0                  3662  


------------------------------------------------------------------------------------------------
| Inter Clock Table
| -----------------
------------------------------------------------------------------------------------------------

From Clock    To Clock          WNS(ns)      TNS(ns)  TNS Failing Endpoints  TNS Total Endpoints      WHS(ns)      THS(ns)  THS Failing Endpoints  THS Total Endpoints  
----------    --------          -------      -------  ---------------------  -------------------      -------      -------  ---------------------  -------------------  


------------------------------------------------------------------------------------------------
| Other Path Groups Table
| -----------------------
------------------------------------------------------------------------------------------------

Path Group    From Clock    To Clock          WNS(ns)      TNS(ns)  TNS Failing Endpoints  TNS Total Endpoints      WHS(ns)      THS(ns)  THS Failing Endpoints  THS Total Endpoints  
----------    ----------    --------          -------      -------  ---------------------  -------------------      -------      -------  ---------------------  -------------------  


------------------------------------------------------------------------------------------------
| Timing Details
| --------------
------------------------------------------------------------------------------------------------


---------------------------------------------------------------------------------------------------
From Clock:  ACLK
  To Clock:  ACLK

Setup :            0  Failing Endpoints,  Worst Slack        0.332ns,  Total Violation        0.000ns
Hold  :            0  Failing Endpoints,  Worst Slack        0.097ns,  Total Violation        0.000ns
PW    :            0  Failing Endpoints,  Worst Slack        6.020ns,  Total Violation        0.000ns
---------------------------------------------------------------------------------------------------


Max Delay Paths
--------------------------------------------------------------------------------------
Slack (MET) :             0.332ns  (required time - arrival time)
  Source:                 u_input_buf/gen_word_write.mem_reg_0/CLKBWRCLK
                            (rising edge-triggered cell RAMB36E1 clocked by ACLK  {rise@0.000ns fall@7.000ns period=14.000ns})
  Destination:            u_conv_mac/g_lane[9].lane_acc_reg[29]/D
                            (rising edge-triggered cell FDRE clocked by ACLK  {rise@0.000ns fall@7.000ns period=14.000ns})
  Path Group:             ACLK
  Path Type:              Setup (Max at Slow Process Corner)
  Requirement:            14.000ns  (ACLK rise@14.000ns - ACLK rise@0.000ns)
  Data Path Delay:        13.646ns  (logic 6.721ns (49.253%)  route 6.925ns (50.747%))
  Logic Levels:           16  (CARRY4=9 LUT3=2 LUT4=1 LUT6=4)
  Clock Path Skew:        -0.049ns (DCD - SCD + CPR)
    Destination Clock Delay (DCD):    0.924ns = ( 14.924 - 14.000 ) 
    Source Clock Delay      (SCD):    0.973ns
    Clock Pessimism Removal (CPR):    0.000ns
  Clock Uncertainty:      0.035ns  ((TSJ^2 + TIJ^2)^1/2 + DJ) / 2 + PE
    Total System Jitter     (TSJ):    0.071ns
    Total Input Jitter      (TIJ):    0.000ns
    Discrete Jitter          (DJ):    0.000ns
    Phase Error              (PE):    0.000ns

    Location             Delay type                Incr(ns)  Path(ns)    Netlist Resource(s)
  -------------------------------------------------------------------    -------------------
                         (clock ACLK rise edge)       0.000     0.000 r  
                                                      0.000     0.000 r  clk (IN)
                         net (fo=3669, unset)         0.973     0.973    u_input_buf/clk
    RAMB36_X3Y14         RAMB36E1                                     r  u_input_buf/gen_word_write.mem_reg_0/CLKBWRCLK
  -------------------------------------------------------------------    -------------------
    RAMB36_X3Y14         RAMB36E1 (Prop_ramb36e1_CLKBWRCLK_DOPBDOP[1])
                                                      2.454     3.427 r  u_input_buf/gen_word_write.mem_reg_0/DOPBDOP[1]
                         net (fo=1, estimated)        1.539     4.966    u_input_buf/gen_word_write.read_word_reg[17]
    SLICE_X61Y84         LUT6 (Prop_lut6_I1_O)        0.124     5.090 r  u_input_buf/g_lane[0].prod__0_carry_i_15/O
                         net (fo=3, estimated)        0.285     5.375    u_input_buf/g_lane[0].prod__0_carry_i_15_n_0
    SLICE_X61Y84         LUT6 (Prop_lut6_I1_O)        0.124     5.499 r  u_input_buf/g_lane[9].prod__0_carry_i_8/O
                         net (fo=133, estimated)      1.727     7.226    u_input_buf/u_conv_mac/act[1]
    SLICE_X57Y109        LUT6 (Prop_lut6_I1_O)        0.124     7.350 r  u_input_buf/g_lane[9].prod__0_carry__0_i_4/O
                         net (fo=2, estimated)        0.605     7.955    u_input_buf/conv_rdata[74][0]
    SLICE_X55Y110        LUT6 (Prop_lut6_I0_O)        0.124     8.079 r  u_input_buf/g_lane[9].prod__0_carry__0_i_8/O
                         net (fo=1, routed)           0.000     8.079    u_conv_mac/g_lane[9].prod__86_carry_i_6_1[0]
    SLICE_X55Y110        CARRY4 (Prop_carry4_S[0]_CO[3])
                                                      0.532     8.611 r  u_conv_mac/g_lane[9].prod__0_carry__0/CO[3]
                         net (fo=1, estimated)        0.000     8.611    u_conv_mac/g_lane[9].prod__0_carry__0_n_0
    SLICE_X55Y111        CARRY4 (Prop_carry4_CI_O[1])
                                                      0.334     8.945 r  u_conv_mac/g_lane[9].prod__0_carry__1/O[1]
                         net (fo=2, estimated)        1.146    10.091    u_conv_mac/g_lane[9].prod__0_carry__1_n_6
    SLICE_X47Y114        LUT3 (Prop_lut3_I2_O)        0.332    10.423 r  u_conv_mac/g_lane[9].prod__86_carry__0_i_1/O
                         net (fo=2, estimated)        0.841    11.264    u_conv_mac/g_lane[9].prod__86_carry__0_i_1_n_0
    SLICE_X47Y114        LUT4 (Prop_lut4_I0_O)        0.327    11.591 r  u_conv_mac/g_lane[9].prod__86_carry__0_i_5/O
                         net (fo=1, routed)           0.000    11.591    u_conv_mac/g_lane[9].prod__86_carry__0_i_5_n_0
    SLICE_X47Y114        CARRY4 (Prop_carry4_S[3]_CO[3])
                                                      0.401    11.992 r  u_conv_mac/g_lane[9].prod__86_carry__0/CO[3]
                         net (fo=1, estimated)        0.000    11.992    u_conv_mac/g_lane[9].prod__86_carry__0_n_0
    SLICE_X47Y115        CARRY4 (Prop_carry4_CI_O[1])
                                                      0.334    12.326 r  u_conv_mac/g_lane[9].prod__86_carry__1/O[1]
                         net (fo=4, estimated)        0.782    13.108    u_conv_mac/g_lane[9].prod[12]
    SLICE_X55Y115        LUT3 (Prop_lut3_I0_O)        0.303    13.411 r  u_conv_mac/g_lane[9].lane_acc[12]_i_5/O
                         net (fo=1, routed)           0.000    13.411    u_conv_mac/g_lane[9].lane_acc[12]_i_5_n_0
    SLICE_X55Y115        CARRY4 (Prop_carry4_S[0]_CO[3])
                                                      0.532    13.943 r  u_conv_mac/g_lane[9].lane_acc_reg[12]_i_1/CO[3]
                         net (fo=1, estimated)        0.000    13.943    u_conv_mac/g_lane[9].lane_acc_reg[12]_i_1_n_0
    SLICE_X55Y116        CARRY4 (Prop_carry4_CI_CO[3])
                                                      0.114    14.057 r  u_conv_mac/g_lane[9].lane_acc_reg[16]_i_1/CO[3]
                         net (fo=1, estimated)        0.000    14.057    u_conv_mac/g_lane[9].lane_acc_reg[16]_i_1_n_0
    SLICE_X55Y117        CARRY4 (Prop_carry4_CI_CO[3])
                                                      0.114    14.171 r  u_conv_mac/g_lane[9].lane_acc_reg[20]_i_1/CO[3]
                         net (fo=1, estimated)        0.000    14.171    u_conv_mac/g_lane[9].lane_acc_reg[20]_i_1_n_0
    SLICE_X55Y118        CARRY4 (Prop_carry4_CI_CO[3])
                                                      0.114    14.285 r  u_conv_mac/g_lane[9].lane_acc_reg[24]_i_1/CO[3]
                         net (fo=1, estimated)        0.000    14.285    u_conv_mac/g_lane[9].lane_acc_reg[24]_i_1_n_0
    SLICE_X55Y119        CARRY4 (Prop_carry4_CI_O[1])
                                                      0.334    14.619 r  u_conv_mac/g_lane[9].lane_acc_reg[28]_i_1/O[1]
                         net (fo=1, routed)           0.000    14.619    u_conv_mac/g_lane[9].lane_acc_reg[28]_i_1_n_6
    SLICE_X55Y119        FDRE                                         r  u_conv_mac/g_lane[9].lane_acc_reg[29]/D
  -------------------------------------------------------------------    -------------------

                         (clock ACLK rise edge)      14.000    14.000 r  
                                                      0.000    14.000 r  clk (IN)
                         net (fo=3669, unset)         0.924    14.924    u_conv_mac/clk
    SLICE_X55Y119        FDRE                                         r  u_conv_mac/g_lane[9].lane_acc_reg[29]/C
                         clock pessimism              0.000    14.924    
                         clock uncertainty           -0.035    14.889    
    SLICE_X55Y119        FDRE (Setup_fdre_C_D)        0.062    14.951    u_conv_mac/g_lane[9].lane_acc_reg[29]
  -------------------------------------------------------------------
                         required time                         14.951    
                         arrival time                         -14.619    
  -------------------------------------------------------------------
                         slack                                  0.332    

Slack (MET) :             0.337ns  (required time - arrival time)
  Source:                 u_input_buf/gen_word_write.mem_reg_1/CLKBWRCLK
                            (rising edge-triggered cell RAMB36E1 clocked by ACLK  {rise@0.000ns fall@7.000ns period=14.000ns})
  Destination:            u_conv_mac/g_lane[12].lane_out_reg[29]/D
                            (rising edge-triggered cell FDRE clocked by ACLK  {rise@0.000ns fall@7.000ns period=14.000ns})
  Path Group:             ACLK
  Path Type:              Setup (Max at Slow Process Corner)
  Requirement:            14.000ns  (ACLK rise@14.000ns - ACLK rise@0.000ns)
  Data Path Delay:        13.641ns  (logic 6.416ns (47.035%)  route 7.225ns (52.965%))
  Logic Levels:           16  (CARRY4=9 LUT3=2 LUT4=1 LUT6=4)
  Clock Path Skew:        -0.049ns (DCD - SCD + CPR)
    Destination Clock Delay (DCD):    0.924ns = ( 14.924 - 14.000 ) 
    Source Clock Delay      (SCD):    0.973ns
    Clock Pessimism Removal (CPR):    0.000ns
  Clock Uncertainty:      0.035ns  ((TSJ^2 + TIJ^2)^1/2 + DJ) / 2 + PE
    Total System Jitter     (TSJ):    0.071ns
    Total Input Jitter      (TIJ):    0.000ns
    Discrete Jitter          (DJ):    0.000ns
    Phase Error              (PE):    0.000ns

    Location             Delay type                Incr(ns)  Path(ns)    Netlist Resource(s)
  -------------------------------------------------------------------    -------------------
                         (clock ACLK rise edge)       0.000     0.000 r  
                                                      0.000     0.000 r  clk (IN)
                         net (fo=3669, unset)         0.973     0.973    u_input_buf/clk
    RAMB36_X3Y17         RAMB36E1                                     r  u_input_buf/gen_word_write.mem_reg_1/CLKBWRCLK
  -------------------------------------------------------------------    -------------------
    RAMB36_X3Y17         RAMB36E1 (Prop_ramb36e1_CLKBWRCLK_DOBDO[12])
                                                      2.454     3.427 r  u_input_buf/gen_word_write.mem_reg_1/DOBDO[12]
                         net (fo=1, estimated)        1.542     4.969    u_input_buf/gen_word_write.read_word_reg[30]
    SLICE_X67Y79         LUT6 (Prop_lut6_I0_O)        0.124     5.093 r  u_input_buf/g_lane[0].prod__0_carry__0_i_21/O
                         net (fo=3, estimated)        1.365     6.458    u_input_buf/g_lane[0].prod__0_carry__0_i_21_n_0
    SLICE_X63Y99         LUT6 (Prop_lut6_I1_O)        0.124     6.582 r  u_input_buf/g_lane[9].prod__0_carry__0_i_10/O
                         net (fo=133, estimated)      1.388     7.970    u_input_buf/u_conv_mac/act[6]
    SLICE_X43Y115        LUT6 (Prop_lut6_I5_O)        0.124     8.094 r  u_input_buf/g_lane[12].prod__0_carry__0_i_1/O
                         net (fo=2, estimated)        0.668     8.762    u_input_buf/conv_rdata[98][3]
    SLICE_X42Y115        LUT6 (Prop_lut6_I0_O)        0.124     8.886 r  u_input_buf/g_lane[12].prod__0_carry__0_i_5/O
                         net (fo=1, routed)           0.000     8.886    u_conv_mac/g_lane[12].prod__86_carry_i_6_1[3]
    SLICE_X42Y115        CARRY4 (Prop_carry4_S[3]_CO[3])
                                                      0.376     9.262 r  u_conv_mac/g_lane[12].prod__0_carry__0/CO[3]
                         net (fo=1, estimated)        0.000     9.262    u_conv_mac/g_lane[12].prod__0_carry__0_n_0
    SLICE_X42Y116        CARRY4 (Prop_carry4_CI_O[1])
                                                      0.323     9.585 r  u_conv_mac/g_lane[12].prod__0_carry__1/O[1]
                         net (fo=2, estimated)        0.893    10.478    u_conv_mac/g_lane[12].prod__0_carry__1_n_6
    SLICE_X42Y121        LUT3 (Prop_lut3_I2_O)        0.335    10.813 r  u_conv_mac/g_lane[12].prod__86_carry__0_i_1/O
                         net (fo=2, estimated)        0.683    11.496    u_conv_mac/g_lane[12].prod__86_carry__0_i_1_n_0
    SLICE_X42Y121        LUT4 (Prop_lut4_I0_O)        0.331    11.827 r  u_conv_mac/g_lane[12].prod__86_carry__0_i_5/O
                         net (fo=1, routed)           0.000    11.827    u_conv_mac/g_lane[12].prod__86_carry__0_i_5_n_0
    SLICE_X42Y121        CARRY4 (Prop_carry4_S[3]_CO[3])
                                                      0.376    12.203 r  u_conv_mac/g_lane[12].prod__86_carry__0/CO[3]
                         net (fo=1, estimated)        0.000    12.203    u_conv_mac/g_lane[12].prod__86_carry__0_n_0
    SLICE_X42Y122        CARRY4 (Prop_carry4_CI_CO[3])
                                                      0.117    12.320 r  u_conv_mac/g_lane[12].prod__86_carry__1/CO[3]
                         net (fo=1, estimated)        0.000    12.320    u_conv_mac/g_lane[12].prod__86_carry__1_n_0
    SLICE_X42Y123        CARRY4 (Prop_carry4_CI_O[0])
                                                      0.219    12.539 r  u_conv_mac/g_lane[12].prod__86_carry__2/O[0]
                         net (fo=37, estimated)       0.677    13.216    u_conv_mac/g_lane[12].prod[15]
    SLICE_X41Y122        LUT3 (Prop_lut3_I0_O)        0.295    13.511 r  u_conv_mac/g_lane[12].sum_carry__3_i_8/O
                         net (fo=1, routed)           0.000    13.511    u_conv_mac/g_lane[12].sum_carry__3_i_8_n_0
    SLICE_X41Y122        CARRY4 (Prop_carry4_S[0]_CO[3])
                                                      0.532    14.043 r  u_conv_mac/g_lane[12].sum_carry__3/CO[3]
                         net (fo=1, estimated)        0.000    14.043    u_conv_mac/g_lane[12].sum_carry__3_n_0
    SLICE_X41Y123        CARRY4 (Prop_carry4_CI_CO[3])
                                                      0.114    14.157 r  u_conv_mac/g_lane[12].sum_carry__4/CO[3]
                         net (fo=1, estimated)        0.000    14.157    u_conv_mac/g_lane[12].sum_carry__4_n_0
    SLICE_X41Y124        CARRY4 (Prop_carry4_CI_CO[3])
                                                      0.114    14.271 r  u_conv_mac/g_lane[12].sum_carry__5/CO[3]
                         net (fo=1, estimated)        0.009    14.280    u_conv_mac/g_lane[12].sum_carry__5_n_0
    SLICE_X41Y125        CARRY4 (Prop_carry4_CI_O[1])
                                                      0.334    14.614 r  u_conv_mac/g_lane[12].sum_carry__6/O[1]
                         net (fo=1, routed)           0.000    14.614    u_conv_mac/g_lane[12].sum[29]
    SLICE_X41Y125        FDRE                                         r  u_conv_mac/g_lane[12].lane_out_reg[29]/D
  -------------------------------------------------------------------    -------------------

                         (clock ACLK rise edge)      14.000    14.000 r  
                                                      0.000    14.000 r  clk (IN)
                         net (fo=3669, unset)         0.924    14.924    u_conv_mac/clk
    SLICE_X41Y125        FDRE                                         r  u_conv_mac/g_lane[12].lane_out_reg[29]/C
                         clock pessimism              0.000    14.924    
                         clock uncertainty           -0.035    14.889    
    SLICE_X41Y125        FDRE (Setup_fdre_C_D)        0.062    14.951    u_conv_mac/g_lane[12].lane_out_reg[29]
  -------------------------------------------------------------------
                         required time                         14.951    
                         arrival time                         -14.614    
  -------------------------------------------------------------------
                         slack                                  0.337    

Slack (MET) :             0.353ns  (required time - arrival time)
  Source:                 u_input_buf/gen_word_write.mem_reg_0/CLKBWRCLK
                            (rising edge-triggered cell RAMB36E1 clocked by ACLK  {rise@0.000ns fall@7.000ns period=14.000ns})
  Destination:            u_conv_mac/g_lane[9].lane_acc_reg[31]/D
                            (rising edge-triggered cell FDRE clocked by ACLK  {rise@0.000ns fall@7.000ns period=14.000ns})
  Path Group:             ACLK
  Path Type:              Setup (Max at Slow Process Corner)
  Requirement:            14.000ns  (ACLK rise@14.000ns - ACLK rise@0.000ns)
  Data Path Delay:        13.625ns  (logic 6.700ns (49.174%)  route 6.925ns (50.826%))
  Logic Levels:           16  (CARRY4=9 LUT3=2 LUT4=1 LUT6=4)
  Clock Path Skew:        -0.049ns (DCD - SCD + CPR)
    Destination Clock Delay (DCD):    0.924ns = ( 14.924 - 14.000 ) 
    Source Clock Delay      (SCD):    0.973ns
    Clock Pessimism Removal (CPR):    0.000ns
  Clock Uncertainty:      0.035ns  ((TSJ^2 + TIJ^2)^1/2 + DJ) / 2 + PE
    Total System Jitter     (TSJ):    0.071ns
    Total Input Jitter      (TIJ):    0.000ns
    Discrete Jitter          (DJ):    0.000ns
    Phase Error              (PE):    0.000ns

    Location             Delay type                Incr(ns)  Path(ns)    Netlist Resource(s)
  -------------------------------------------------------------------    -------------------
                         (clock ACLK rise edge)       0.000     0.000 r  
                                                      0.000     0.000 r  clk (IN)
                         net (fo=3669, unset)         0.973     0.973    u_input_buf/clk
    RAMB36_X3Y14         RAMB36E1                                     r  u_input_buf/gen_word_write.mem_reg_0/CLKBWRCLK
  -------------------------------------------------------------------    -------------------
    RAMB36_X3Y14         RAMB36E1 (Prop_ramb36e1_CLKBWRCLK_DOPBDOP[1])
                                                      2.454     3.427 r  u_input_buf/gen_word_write.mem_reg_0/DOPBDOP[1]
                         net (fo=1, estimated)        1.539     4.966    u_input_buf/gen_word_write.read_word_reg[17]
    SLICE_X61Y84         LUT6 (Prop_lut6_I1_O)        0.124     5.090 r  u_input_buf/g_lane[0].prod__0_carry_i_15/O
                         net (fo=3, estimated)        0.285     5.375    u_input_buf/g_lane[0].prod__0_carry_i_15_n_0
    SLICE_X61Y84         LUT6 (Prop_lut6_I1_O)        0.124     5.499 r  u_input_buf/g_lane[9].prod__0_carry_i_8/O
                         net (fo=133, estimated)      1.727     7.226    u_input_buf/u_conv_mac/act[1]
    SLICE_X57Y109        LUT6 (Prop_lut6_I1_O)        0.124     7.350 r  u_input_buf/g_lane[9].prod__0_carry__0_i_4/O
                         net (fo=2, estimated)        0.605     7.955    u_input_buf/conv_rdata[74][0]
    SLICE_X55Y110        LUT6 (Prop_lut6_I0_O)        0.124     8.079 r  u_input_buf/g_lane[9].prod__0_carry__0_i_8/O
                         net (fo=1, routed)           0.000     8.079    u_conv_mac/g_lane[9].prod__86_carry_i_6_1[0]
    SLICE_X55Y110        CARRY4 (Prop_carry4_S[0]_CO[3])
                                                      0.532     8.611 r  u_conv_mac/g_lane[9].prod__0_carry__0/CO[3]
                         net (fo=1, estimated)        0.000     8.611    u_conv_mac/g_lane[9].prod__0_carry__0_n_0
    SLICE_X55Y111        CARRY4 (Prop_carry4_CI_O[1])
                                                      0.334     8.945 r  u_conv_mac/g_lane[9].prod__0_carry__1/O[1]
                         net (fo=2, estimated)        1.146    10.091    u_conv_mac/g_lane[9].prod__0_carry__1_n_6
    SLICE_X47Y114        LUT3 (Prop_lut3_I2_O)        0.332    10.423 r  u_conv_mac/g_lane[9].prod__86_carry__0_i_1/O
                         net (fo=2, estimated)        0.841    11.264    u_conv_mac/g_lane[9].prod__86_carry__0_i_1_n_0
    SLICE_X47Y114        LUT4 (Prop_lut4_I0_O)        0.327    11.591 r  u_conv_mac/g_lane[9].prod__86_carry__0_i_5/O
                         net (fo=1, routed)           0.000    11.591    u_conv_mac/g_lane[9].prod__86_carry__0_i_5_n_0
    SLICE_X47Y114        CARRY4 (Prop_carry4_S[3]_CO[3])
                                                      0.401    11.992 r  u_conv_mac/g_lane[9].prod__86_carry__0/CO[3]
                         net (fo=1, estimated)        0.000    11.992    u_conv_mac/g_lane[9].prod__86_carry__0_n_0
    SLICE_X47Y115        CARRY4 (Prop_carry4_CI_O[1])
                                                      0.334    12.326 r  u_conv_mac/g_lane[9].prod__86_carry__1/O[1]
                         net (fo=4, estimated)        0.782    13.108    u_conv_mac/g_lane[9].prod[12]
    SLICE_X55Y115        LUT3 (Prop_lut3_I0_O)        0.303    13.411 r  u_conv_mac/g_lane[9].lane_acc[12]_i_5/O
                         net (fo=1, routed)           0.000    13.411    u_conv_mac/g_lane[9].lane_acc[12]_i_5_n_0
    SLICE_X55Y115        CARRY4 (Prop_carry4_S[0]_CO[3])
                                                      0.532    13.943 r  u_conv_mac/g_lane[9].lane_acc_reg[12]_i_1/CO[3]
                         net (fo=1, estimated)        0.000    13.943    u_conv_mac/g_lane[9].lane_acc_reg[12]_i_1_n_0
    SLICE_X55Y116        CARRY4 (Prop_carry4_CI_CO[3])
                                                      0.114    14.057 r  u_conv_mac/g_lane[9].lane_acc_reg[16]_i_1/CO[3]
                         net (fo=1, estimated)        0.000    14.057    u_conv_mac/g_lane[9].lane_acc_reg[16]_i_1_n_0
    SLICE_X55Y117        CARRY4 (Prop_carry4_CI_CO[3])
                                                      0.114    14.171 r  u_conv_mac/g_lane[9].lane_acc_reg[20]_i_1/CO[3]
                         net (fo=1, estimated)        0.000    14.171    u_conv_mac/g_lane[9].lane_acc_reg[20]_i_1_n_0
    SLICE_X55Y118        CARRY4 (Prop_carry4_CI_CO[3])
                                                      0.114    14.285 r  u_conv_mac/g_lane[9].lane_acc_reg[24]_i_1/CO[3]
                         net (fo=1, estimated)        0.000    14.285    u_conv_mac/g_lane[9].lane_acc_reg[24]_i_1_n_0
    SLICE_X55Y119        CARRY4 (Prop_carry4_CI_O[3])
                                                      0.313    14.598 r  u_conv_mac/g_lane[9].lane_acc_reg[28]_i_1/O[3]
                         net (fo=1, routed)           0.000    14.598    u_conv_mac/g_lane[9].lane_acc_reg[28]_i_1_n_4
    SLICE_X55Y119        FDRE                                         r  u_conv_mac/g_lane[9].lane_acc_reg[31]/D
  -------------------------------------------------------------------    -------------------

                         (clock ACLK rise edge)      14.000    14.000 r  
                                                      0.000    14.000 r  clk (IN)
                         net (fo=3669, unset)         0.924    14.924    u_conv_mac/clk
    SLICE_X55Y119        FDRE                                         r  u_conv_mac/g_lane[9].lane_acc_reg[31]/C
                         clock pessimism              0.000    14.924    
                         clock uncertainty           -0.035    14.889    
    SLICE_X55Y119        FDRE (Setup_fdre_C_D)        0.062    14.951    u_conv_mac/g_lane[9].lane_acc_reg[31]
  -------------------------------------------------------------------
                         required time                         14.951    
                         arrival time                         -14.598    
  -------------------------------------------------------------------
                         slack                                  0.353    





Min Delay Paths
--------------------------------------------------------------------------------------
Slack (MET) :             0.097ns  (arrival time - required time)
  Source:                 u_conv_mac/drain_busy_reg/C
                            (rising edge-triggered cell FDRE clocked by ACLK  {rise@0.000ns fall@7.000ns period=14.000ns})
  Destination:            u_enc_rq/rq_valid_reg_srl5___u_enc_rq_rq_valid_reg_r/D
                            (rising edge-triggered cell SRL16E clocked by ACLK  {rise@0.000ns fall@7.000ns period=14.000ns})
  Path Group:             ACLK
  Path Type:              Hold (Min at Fast Process Corner)
  Requirement:            0.000ns  (ACLK rise@0.000ns - ACLK rise@0.000ns)
  Data Path Delay:        0.235ns  (logic 0.141ns (59.893%)  route 0.094ns (40.107%))
  Logic Levels:           0  
  Clock Path Skew:        0.022ns (DCD - SCD - CPR)
    Destination Clock Delay (DCD):    0.432ns
    Source Clock Delay      (SCD):    0.410ns
    Clock Pessimism Removal (CPR):    -0.000ns

    Location             Delay type                Incr(ns)  Path(ns)    Netlist Resource(s)
  -------------------------------------------------------------------    -------------------
                         (clock ACLK rise edge)       0.000     0.000 r  
                                                      0.000     0.000 r  clk (IN)
                         net (fo=3669, unset)         0.410     0.410    u_conv_mac/clk
    SLICE_X63Y100        FDRE                                         r  u_conv_mac/drain_busy_reg/C
  -------------------------------------------------------------------    -------------------
    SLICE_X63Y100        FDRE (Prop_fdre_C_Q)         0.141     0.551 r  u_conv_mac/drain_busy_reg/Q
                         net (fo=6, estimated)        0.094     0.646    u_enc_rq/E[0]
    SLICE_X62Y100        SRL16E                                       r  u_enc_rq/rq_valid_reg_srl5___u_enc_rq_rq_valid_reg_r/D
  -------------------------------------------------------------------    -------------------

                         (clock ACLK rise edge)       0.000     0.000 r  
                                                      0.000     0.000 r  clk (IN)
                         net (fo=3669, unset)         0.432     0.432    u_enc_rq/clk
    SLICE_X62Y100        SRL16E                                       r  u_enc_rq/rq_valid_reg_srl5___u_enc_rq_rq_valid_reg_r/CLK
                         clock pessimism              0.000     0.432    
    SLICE_X62Y100        SRL16E (Hold_srl16e_CLK_D)
                                                      0.117     0.549    u_enc_rq/rq_valid_reg_srl5___u_enc_rq_rq_valid_reg_r
  -------------------------------------------------------------------
                         required time                         -0.549    
                         arrival time                           0.646    
  -------------------------------------------------------------------
                         slack                                  0.097    

Slack (MET) :             0.114ns  (arrival time - required time)
  Source:                 u_pool/q_r4_reg[2]/C
                            (rising edge-triggered cell FDSE clocked by ACLK  {rise@0.000ns fall@7.000ns period=14.000ns})
  Destination:            u_pool/res_mem_reg/DIADI[2]
                            (rising edge-triggered cell RAMB36E1 clocked by ACLK  {rise@0.000ns fall@7.000ns period=14.000ns})
  Path Group:             ACLK
  Path Type:              Hold (Min at Fast Process Corner)
  Requirement:            0.000ns  (ACLK rise@0.000ns - ACLK rise@0.000ns)
  Data Path Delay:        0.291ns  (logic 0.141ns (48.443%)  route 0.150ns (51.557%))
  Logic Levels:           0  
  Clock Path Skew:        0.022ns (DCD - SCD - CPR)
    Destination Clock Delay (DCD):    0.432ns
    Source Clock Delay      (SCD):    0.410ns
    Clock Pessimism Removal (CPR):    -0.000ns

    Location             Delay type                Incr(ns)  Path(ns)    Netlist Resource(s)
  -------------------------------------------------------------------    -------------------
                         (clock ACLK rise edge)       0.000     0.000 r  
                                                      0.000     0.000 r  clk (IN)
                         net (fo=3669, unset)         0.410     0.410    u_pool/clk
    SLICE_X35Y55         FDSE                                         r  u_pool/q_r4_reg[2]/C
  -------------------------------------------------------------------    -------------------
    SLICE_X35Y55         FDSE (Prop_fdse_C_Q)         0.141     0.551 r  u_pool/q_r4_reg[2]/Q
                         net (fo=8, estimated)        0.150     0.701    u_pool/q_r4_reg_n_0_[2]
    RAMB36_X2Y11         RAMB36E1                                     r  u_pool/res_mem_reg/DIADI[2]
  -------------------------------------------------------------------    -------------------

                         (clock ACLK rise edge)       0.000     0.000 r  
                                                      0.000     0.000 r  clk (IN)
                         net (fo=3669, unset)         0.432     0.432    u_pool/clk
    RAMB36_X2Y11         RAMB36E1                                     r  u_pool/res_mem_reg/CLKBWRCLK
                         clock pessimism              0.000     0.432    
    RAMB36_X2Y11         RAMB36E1 (Hold_ramb36e1_CLKBWRCLK_DIADI[2])
                                                      0.155     0.587    u_pool/res_mem_reg
  -------------------------------------------------------------------
                         required time                         -0.587    
                         arrival time                           0.701    
  -------------------------------------------------------------------
                         slack                                  0.114    

Slack (MET) :             0.114ns  (arrival time - required time)
  Source:                 u_pool/q_r4_reg[2]/C
                            (rising edge-triggered cell FDSE clocked by ACLK  {rise@0.000ns fall@7.000ns period=14.000ns})
  Destination:            u_pool/res_mem_reg/DIBDI[2]
                            (rising edge-triggered cell RAMB36E1 clocked by ACLK  {rise@0.000ns fall@7.000ns period=14.000ns})
  Path Group:             ACLK
  Path Type:              Hold (Min at Fast Process Corner)
  Requirement:            0.000ns  (ACLK rise@0.000ns - ACLK rise@0.000ns)
  Data Path Delay:        0.291ns  (logic 0.141ns (48.443%)  route 0.150ns (51.557%))
  Logic Levels:           0  
  Clock Path Skew:        0.022ns (DCD - SCD - CPR)
    Destination Clock Delay (DCD):    0.432ns
    Source Clock Delay      (SCD):    0.410ns
    Clock Pessimism Removal (CPR):    -0.000ns

    Location             Delay type                Incr(ns)  Path(ns)    Netlist Resource(s)
  -------------------------------------------------------------------    -------------------
                         (clock ACLK rise edge)       0.000     0.000 r  
                                                      0.000     0.000 r  clk (IN)
                         net (fo=3669, unset)         0.410     0.410    u_pool/clk
    SLICE_X35Y55         FDSE                                         r  u_pool/q_r4_reg[2]/C
  -------------------------------------------------------------------    -------------------
    SLICE_X35Y55         FDSE (Prop_fdse_C_Q)         0.141     0.551 r  u_pool/q_r4_reg[2]/Q
                         net (fo=8, estimated)        0.150     0.701    u_pool/q_r4_reg_n_0_[2]
    RAMB36_X2Y11         RAMB36E1                                     r  u_pool/res_mem_reg/DIBDI[2]
  -------------------------------------------------------------------    -------------------

                         (clock ACLK rise edge)       0.000     0.000 r  
                                                      0.000     0.000 r  clk (IN)
                         net (fo=3669, unset)         0.432     0.432    u_pool/clk
    RAMB36_X2Y11         RAMB36E1                                     r  u_pool/res_mem_reg/CLKBWRCLK
                         clock pessimism              0.000     0.432    
    RAMB36_X2Y11         RAMB36E1 (Hold_ramb36e1_CLKBWRCLK_DIBDI[2])
                                                      0.155     0.587    u_pool/res_mem_reg
  -------------------------------------------------------------------
                         required time                         -0.587    
                         arrival time                           0.701    
  -------------------------------------------------------------------
                         slack                                  0.114    





Pulse Width Checks
--------------------------------------------------------------------------------------
Clock Name:         ACLK
Waveform(ns):       { 0.000 7.000 }
Period(ns):         14.000
Sources:            { clk }

Check Type        Corner  Lib Pin             Reference Pin  Required(ns)  Actual(ns)  Slack(ns)  Location      Pin
Min Period        n/a     DSP48E1/CLK         n/a            3.884         14.000      10.116     DSP48_X2Y35   u_pool/prod_r2_reg/CLK
Min Period        n/a     RAMB36E1/CLKARDCLK  n/a            2.944         14.000      11.056     RAMB36_X2Y11  u_pool/res_mem_reg/CLKARDCLK
Min Period        n/a     RAMB36E1/CLKBWRCLK  n/a            2.944         14.000      11.056     RAMB36_X2Y11  u_pool/res_mem_reg/CLKBWRCLK
Low Pulse Width   Slow    SRL16E/CLK          n/a            0.980         7.000       6.020      SLICE_X30Y60  u_pool/v_r2_reg_srl2___u_enc_rq_valid_r1_reg_r/CLK
Low Pulse Width   Fast    SRL16E/CLK          n/a            0.980         7.000       6.020      SLICE_X30Y60  u_pool/v_r2_reg_srl2___u_enc_rq_valid_r1_reg_r/CLK
Low Pulse Width   Slow    SRL16E/CLK          n/a            0.980         7.000       6.020      SLICE_X30Y59  u_pool/idx_r3_reg[0]_srl3/CLK
High Pulse Width  Slow    SRL16E/CLK          n/a            0.980         7.000       6.020      SLICE_X30Y60  u_pool/v_r2_reg_srl2___u_enc_rq_valid_r1_reg_r/CLK
High Pulse Width  Fast    SRL16E/CLK          n/a            0.980         7.000       6.020      SLICE_X30Y60  u_pool/v_r2_reg_srl2___u_enc_rq_valid_r1_reg_r/CLK
High Pulse Width  Slow    SRL16E/CLK          n/a            0.980         7.000       6.020      SLICE_X30Y59  u_pool/idx_r3_reg[0]_srl3/CLK



