Copyright 1986-2020 Xilinx, Inc. All Rights Reserved.
----------------------------------------------------------------------------------------------------------------------------------------------------------------------------
| Tool Version : Vivado v.2020.2 (win64) Build 3064766 Wed Nov 18 09:12:45 MST 2020
| Date         : Sat Sep 26 19:59:49 2026
| Host         : DESKTOP-7CFQ9ND running 64-bit major release  (build 9200)
| Command      : report_timing_summary -delay_type min_max -max_paths 3 -file D:/2609_final_project/cnn_rtl/docs/E-02a_runs/fc_performance_10.000/post_phys_opt_summary.rpt
| Design       : fc_mac_requant_ooc
| Device       : 7z020-clg400
| Speed File   : -1  PRODUCTION 1.12 2019-11-22
----------------------------------------------------------------------------------------------------------------------------------------------------------------------------

Timing Summary Report

------------------------------------------------------------------------------------------------
| Timer Settings
| --------------
------------------------------------------------------------------------------------------------

  Enable Multi Corner Analysis               :  Yes
  Enable Pessimism Removal                   :  Yes
  Pessimism Removal Resolution               :  Nearest Common Node
  Enable Input Delay Default Clock           :  No
  Enable Preset / Clear Arcs                 :  No
  Disable Flight Delays                      :  No
  Ignore I/O Paths                           :  No
  Timing Early Launch at Borrowing Latches   :  No
  Borrow Time for Max Delay Exceptions       :  Yes
  Merge Timing Exceptions                    :  Yes

  Corner  Analyze    Analyze    
  Name    Max Paths  Min Paths  
  ------  ---------  ---------  
  Slow    Yes        Yes        
  Fast    Yes        Yes        



check_timing report

Table of Contents
-----------------
1. checking no_clock (0)
2. checking constant_clock (0)
3. checking pulse_width_clock (0)
4. checking unconstrained_internal_endpoints (0)
5. checking no_input_delay (0)
6. checking no_output_delay (0)
7. checking multiple_clock (0)
8. checking generated_clocks (0)
9. checking loops (0)
10. checking partial_input_delay (0)
11. checking partial_output_delay (0)
12. checking latch_loops (0)

1. checking no_clock (0)
------------------------
 There are 0 register/latch pins with no clock.


2. checking constant_clock (0)
------------------------------
 There are 0 register/latch pins with constant_clock.


3. checking pulse_width_clock (0)
---------------------------------
 There are 0 register/latch pins which need pulse_width check


4. checking unconstrained_internal_endpoints (0)
------------------------------------------------
 There are 0 pins that are not constrained for maximum delay.

 There are 0 pins that are not constrained for maximum delay due to constant clock.


5. checking no_input_delay (0)
------------------------------
 There are 0 input ports with no input delay specified.

 There are 0 input ports with no input delay but user has a false path constraint.


6. checking no_output_delay (0)
-------------------------------
 There are 0 ports with no output delay specified.

 There are 0 ports with no output delay but user has a false path constraint

 There are 0 ports with no output delay but with a timing clock defined on it or propagating through it


7. checking multiple_clock (0)
------------------------------
 There are 0 register/latch pins with multiple clocks.


8. checking generated_clocks (0)
--------------------------------
 There are 0 generated clocks that are not connected to a clock source.


9. checking loops (0)
---------------------
 There are 0 combinational loops in the design.


10. checking partial_input_delay (0)
------------------------------------
 There are 0 input ports with partial input delay specified.


11. checking partial_output_delay (0)
-------------------------------------
 There are 0 ports with partial output delay specified.


12. checking latch_loops (0)
----------------------------
 There are 0 combinational latch loops in the design through latch input



------------------------------------------------------------------------------------------------
| Design Timing Summary
| ---------------------
------------------------------------------------------------------------------------------------

    WNS(ns)      TNS(ns)  TNS Failing Endpoints  TNS Total Endpoints      WHS(ns)      THS(ns)  THS Failing Endpoints  THS Total Endpoints     WPWS(ns)     TPWS(ns)  TPWS Failing Endpoints  TPWS Total Endpoints  
    -------      -------  ---------------------  -------------------      -------      -------  ---------------------  -------------------     --------     --------  ----------------------  --------------------  
     -0.964      -12.810                     15                 2662        0.087        0.000                      0                 2662        4.020        0.000                       0                   880  


Timing constraints are not met.


------------------------------------------------------------------------------------------------
| Clock Summary
| -------------
------------------------------------------------------------------------------------------------

Clock  Waveform(ns)       Period(ns)      Frequency(MHz)
-----  ------------       ----------      --------------
ACLK   {0.000 5.000}      10.000          100.000         


------------------------------------------------------------------------------------------------
| Intra Clock Table
| -----------------
------------------------------------------------------------------------------------------------

Clock             WNS(ns)      TNS(ns)  TNS Failing Endpoints  TNS Total Endpoints      WHS(ns)      THS(ns)  THS Failing Endpoints  THS Total Endpoints     WPWS(ns)     TPWS(ns)  TPWS Failing Endpoints  TPWS Total Endpoints  
-----             -------      -------  ---------------------  -------------------      -------      -------  ---------------------  -------------------     --------     --------  ----------------------  --------------------  
ACLK               -0.964      -12.810                     15                 2662        0.087        0.000                      0                 2662        4.020        0.000                       0                   880  


------------------------------------------------------------------------------------------------
| Inter Clock Table
| -----------------
------------------------------------------------------------------------------------------------

From Clock    To Clock          WNS(ns)      TNS(ns)  TNS Failing Endpoints  TNS Total Endpoints      WHS(ns)      THS(ns)  THS Failing Endpoints  THS Total Endpoints  
----------    --------          -------      -------  ---------------------  -------------------      -------      -------  ---------------------  -------------------  


------------------------------------------------------------------------------------------------
| Other Path Groups Table
| -----------------------
------------------------------------------------------------------------------------------------

Path Group    From Clock    To Clock          WNS(ns)      TNS(ns)  TNS Failing Endpoints  TNS Total Endpoints      WHS(ns)      THS(ns)  THS Failing Endpoints  THS Total Endpoints  
----------    ----------    --------          -------      -------  ---------------------  -------------------      -------      -------  ---------------------  -------------------  


------------------------------------------------------------------------------------------------
| Timing Details
| --------------
------------------------------------------------------------------------------------------------


---------------------------------------------------------------------------------------------------
From Clock:  ACLK
  To Clock:  ACLK

Setup :           15  Failing Endpoints,  Worst Slack       -0.964ns,  Total Violation      -12.810ns
Hold  :            0  Failing Endpoints,  Worst Slack        0.087ns,  Total Violation        0.000ns
PW    :            0  Failing Endpoints,  Worst Slack        4.020ns,  Total Violation        0.000ns
---------------------------------------------------------------------------------------------------


Max Delay Paths
--------------------------------------------------------------------------------------
Slack (VIOLATED) :        -0.964ns  (required time - arrival time)
  Source:                 u_rq/param3_reg[66]_rep_replica_6/C
                            (rising edge-triggered cell FDRE clocked by ACLK  {rise@0.000ns fall@5.000ns period=10.000ns})
  Destination:            u_rq/rq_reg[1]/R
                            (rising edge-triggered cell FDRE clocked by ACLK  {rise@0.000ns fall@5.000ns period=10.000ns})
  Path Group:             ACLK
  Path Type:              Setup (Max at Slow Process Corner)
  Requirement:            10.000ns  (ACLK rise@10.000ns - ACLK rise@0.000ns)
  Data Path Delay:        10.356ns  (logic 5.297ns (51.149%)  route 5.059ns (48.851%))
  Logic Levels:           31  (CARRY4=23 LUT2=1 LUT5=1 LUT6=5 MUXF7=1)
  Clock Path Skew:        -0.049ns (DCD - SCD + CPR)
    Destination Clock Delay (DCD):    0.924ns = ( 10.924 - 10.000 ) 
    Source Clock Delay      (SCD):    0.973ns
    Clock Pessimism Removal (CPR):    0.000ns
  Clock Uncertainty:      0.035ns  ((TSJ^2 + TIJ^2)^1/2 + DJ) / 2 + PE
    Total System Jitter     (TSJ):    0.071ns
    Total Input Jitter      (TIJ):    0.000ns
    Discrete Jitter          (DJ):    0.000ns
    Phase Error              (PE):    0.000ns

    Location             Delay type                Incr(ns)  Path(ns)    Netlist Resource(s)
  -------------------------------------------------------------------    -------------------
                         (clock ACLK rise edge)       0.000     0.000 r  
                                                      0.000     0.000 r  clk (IN)
                         net (fo=886, unset)          0.973     0.973    u_rq/clk
    SLICE_X39Y88         FDRE                                         r  u_rq/param3_reg[66]_rep_replica_6/C
  -------------------------------------------------------------------    -------------------
    SLICE_X39Y88         FDRE (Prop_fdre_C_Q)         0.456     1.429 r  u_rq/param3_reg[66]_rep_replica_6/Q
                         net (fo=1, estimated)        0.802     2.231    u_rq/param3_reg[66]_rep_n_0_repN_6
    SLICE_X39Y87         LUT5 (Prop_lut5_I0_O)        0.124     2.355 r  u_rq/rq[7]_i_692_replica_rewire/O
                         net (fo=7, estimated)        0.466     2.821    u_rq/rq[7]_i_692_n_0_repN
    SLICE_X37Y87         LUT6 (Prop_lut6_I5_O)        0.124     2.945 r  u_rq/rq[3]_i_13_rewire/O
                         net (fo=1, routed)           0.000     2.945    u_rq/rq[3]_i_13_n_0
    SLICE_X37Y87         CARRY4 (Prop_carry4_S[3]_CO[3])
                                                      0.401     3.346 r  u_rq/rq_reg[3]_i_11/CO[3]
                         net (fo=1, estimated)        0.000     3.346    u_rq/rq_reg[3]_i_11_n_0
    SLICE_X37Y88         CARRY4 (Prop_carry4_CI_CO[3])
                                                      0.114     3.460 r  u_rq/rq_reg[7]_i_361/CO[3]
                         net (fo=1, estimated)        0.000     3.460    u_rq/rq_reg[7]_i_361_n_0
    SLICE_X37Y89         CARRY4 (Prop_carry4_CI_CO[3])
                                                      0.114     3.574 r  u_rq/rq_reg[7]_i_360/CO[3]
                         net (fo=1, estimated)        0.000     3.574    u_rq/rq_reg[7]_i_360_n_0
    SLICE_X37Y90         CARRY4 (Prop_carry4_CI_CO[3])
                                                      0.114     3.688 r  u_rq/rq_reg[7]_i_354/CO[3]
                         net (fo=1, estimated)        0.000     3.688    u_rq/rq_reg[7]_i_354_n_0
    SLICE_X37Y91         CARRY4 (Prop_carry4_CI_CO[3])
                                                      0.114     3.802 r  u_rq/rq_reg[7]_i_357/CO[3]
                         net (fo=1, estimated)        0.000     3.802    u_rq/rq_reg[7]_i_357_n_0
    SLICE_X37Y92         CARRY4 (Prop_carry4_CI_CO[3])
                                                      0.114     3.916 r  u_rq/rq_reg[7]_i_351/CO[3]
                         net (fo=1, estimated)        0.000     3.916    u_rq/rq_reg[7]_i_351_n_0
    SLICE_X37Y93         CARRY4 (Prop_carry4_CI_CO[3])
                                                      0.114     4.030 r  u_rq/rq_reg[7]_i_358/CO[3]
                         net (fo=1, estimated)        0.000     4.030    u_rq/rq_reg[7]_i_358_n_0
    SLICE_X37Y94         CARRY4 (Prop_carry4_CI_CO[3])
                                                      0.114     4.144 r  u_rq/rq_reg[7]_i_352/CO[3]
                         net (fo=1, estimated)        0.000     4.144    u_rq/rq_reg[7]_i_352_n_0
    SLICE_X37Y95         CARRY4 (Prop_carry4_CI_CO[3])
                                                      0.114     4.258 r  u_rq/rq_reg[7]_i_355/CO[3]
                         net (fo=1, estimated)        0.000     4.258    u_rq/rq_reg[7]_i_355_n_0
    SLICE_X37Y96         CARRY4 (Prop_carry4_CI_CO[3])
                                                      0.114     4.372 r  u_rq/rq_reg[7]_i_349/CO[3]
                         net (fo=1, estimated)        0.000     4.372    u_rq/rq_reg[7]_i_349_n_0
    SLICE_X37Y97         CARRY4 (Prop_carry4_CI_CO[3])
                                                      0.114     4.486 r  u_rq/rq_reg[7]_i_359/CO[3]
                         net (fo=1, estimated)        0.000     4.486    u_rq/rq_reg[7]_i_359_n_0
    SLICE_X37Y98         CARRY4 (Prop_carry4_CI_CO[3])
                                                      0.114     4.600 r  u_rq/rq_reg[7]_i_353/CO[3]
                         net (fo=1, estimated)        0.000     4.600    u_rq/rq_reg[7]_i_353_n_0
    SLICE_X37Y99         CARRY4 (Prop_carry4_CI_CO[3])
                                                      0.114     4.714 r  u_rq/rq_reg[7]_i_356/CO[3]
                         net (fo=1, estimated)        0.000     4.714    u_rq/rq_reg[7]_i_356_n_0
    SLICE_X37Y100        CARRY4 (Prop_carry4_CI_CO[3])
                                                      0.114     4.828 r  u_rq/rq_reg[7]_i_350/CO[3]
                         net (fo=1, estimated)        0.000     4.828    u_rq/rq_reg[7]_i_350_n_0
    SLICE_X37Y101        CARRY4 (Prop_carry4_CI_CO[3])
                                                      0.114     4.942 r  u_rq/rq_reg[7]_i_292/CO[3]
                         net (fo=1, estimated)        0.000     4.942    u_rq/rq_reg[7]_i_292_n_0
    SLICE_X37Y102        CARRY4 (Prop_carry4_CI_O[3])
                                                      0.313     5.255 f  u_rq/rq_reg[7]_i_133/O[3]
                         net (fo=64, estimated)       0.556     5.811    u_rq/rq_reg[7]_i_133_n_4
    SLICE_X38Y100        LUT6 (Prop_lut6_I0_O)        0.306     6.117 f  u_rq/rq[7]_i_966/O
                         net (fo=4, estimated)        0.816     6.933    u_rq/rq[7]_i_966_n_0
    SLICE_X44Y99         LUT6 (Prop_lut6_I0_O)        0.124     7.057 f  u_rq/rq[7]_i_976/O
                         net (fo=4, estimated)        0.747     7.804    u_rq/rq[7]_i_976_n_0
    SLICE_X48Y101        LUT6 (Prop_lut6_I1_O)        0.124     7.928 f  u_rq/rq[7]_i_913/O
                         net (fo=1, routed)           0.000     7.928    u_rq/acc_sh10_in[14]
    SLICE_X48Y101        MUXF7 (Prop_muxf7_I0_O)      0.238     8.166 f  u_rq/rq_reg[7]_i_819/O
                         net (fo=4, estimated)        0.439     8.605    u_rq/rq_reg[7]_i_819_n_0
    SLICE_X47Y100        LUT6 (Prop_lut6_I1_O)        0.298     8.903 r  u_rq/rq[7]_i_703/O
                         net (fo=1, estimated)        0.479     9.382    u_rq/rq[7]_i_703_n_0
    SLICE_X40Y100        CARRY4 (Prop_carry4_DI[3]_CO[3])
                                                      0.385     9.767 r  u_rq/rq_reg[7]_i_594/CO[3]
                         net (fo=1, estimated)        0.000     9.767    u_rq/rq_reg[7]_i_594_n_0
    SLICE_X40Y101        CARRY4 (Prop_carry4_CI_CO[3])
                                                      0.114     9.881 r  u_rq/rq_reg[7]_i_388/CO[3]
                         net (fo=1, estimated)        0.000     9.881    u_rq/rq_reg[7]_i_388_n_0
    SLICE_X40Y102        CARRY4 (Prop_carry4_CI_CO[3])
                                                      0.114     9.995 r  u_rq/rq_reg[7]_i_238/CO[3]
                         net (fo=1, estimated)        0.000     9.995    u_rq/rq_reg[7]_i_238_n_0
    SLICE_X40Y103        CARRY4 (Prop_carry4_CI_CO[3])
                                                      0.114    10.109 r  u_rq/rq_reg[7]_i_107/CO[3]
                         net (fo=1, estimated)        0.000    10.109    u_rq/rq_reg[7]_i_107_n_0
    SLICE_X40Y104        CARRY4 (Prop_carry4_CI_CO[3])
                                                      0.114    10.223 r  u_rq/rq_reg[7]_i_38/CO[3]
                         net (fo=1, estimated)        0.000    10.223    u_rq/rq_reg[7]_i_38_n_0
    SLICE_X40Y105        CARRY4 (Prop_carry4_CI_CO[3])
                                                      0.114    10.337 r  u_rq/rq_reg[7]_i_9/CO[3]
                         net (fo=1, estimated)        0.000    10.337    u_rq/rq_reg[7]_i_9_n_0
    SLICE_X40Y106        CARRY4 (Prop_carry4_CI_CO[3])
                                                      0.114    10.451 r  u_rq/rq_reg[7]_i_3/CO[3]
                         net (fo=2, estimated)        0.331    10.782    u_rq/acc_sat1
    SLICE_X39Y107        LUT2 (Prop_lut2_I1_O)        0.124    10.906 r  u_rq/rq[7]_i_1/O
                         net (fo=7, estimated)        0.423    11.329    u_rq/rq[7]_i_1_n_0
    SLICE_X38Y107        FDRE                                         r  u_rq/rq_reg[1]/R
  -------------------------------------------------------------------    -------------------

                         (clock ACLK rise edge)      10.000    10.000 r  
                                                      0.000    10.000 r  clk (IN)
                         net (fo=886, unset)          0.924    10.924    u_rq/clk
    SLICE_X38Y107        FDRE                                         r  u_rq/rq_reg[1]/C
                         clock pessimism              0.000    10.924    
                         clock uncertainty           -0.035    10.889    
    SLICE_X38Y107        FDRE (Setup_fdre_C_R)       -0.524    10.365    u_rq/rq_reg[1]
  -------------------------------------------------------------------
                         required time                         10.365    
                         arrival time                         -11.329    
  -------------------------------------------------------------------
                         slack                                 -0.964    

Slack (VIOLATED) :        -0.964ns  (required time - arrival time)
  Source:                 u_rq/param3_reg[66]_rep_replica_6/C
                            (rising edge-triggered cell FDRE clocked by ACLK  {rise@0.000ns fall@5.000ns period=10.000ns})
  Destination:            u_rq/rq_reg[2]/R
                            (rising edge-triggered cell FDRE clocked by ACLK  {rise@0.000ns fall@5.000ns period=10.000ns})
  Path Group:             ACLK
  Path Type:              Setup (Max at Slow Process Corner)
  Requirement:            10.000ns  (ACLK rise@10.000ns - ACLK rise@0.000ns)
  Data Path Delay:        10.356ns  (logic 5.297ns (51.149%)  route 5.059ns (48.851%))
  Logic Levels:           31  (CARRY4=23 LUT2=1 LUT5=1 LUT6=5 MUXF7=1)
  Clock Path Skew:        -0.049ns (DCD - SCD + CPR)
    Destination Clock Delay (DCD):    0.924ns = ( 10.924 - 10.000 ) 
    Source Clock Delay      (SCD):    0.973ns
    Clock Pessimism Removal (CPR):    0.000ns
  Clock Uncertainty:      0.035ns  ((TSJ^2 + TIJ^2)^1/2 + DJ) / 2 + PE
    Total System Jitter     (TSJ):    0.071ns
    Total Input Jitter      (TIJ):    0.000ns
    Discrete Jitter          (DJ):    0.000ns
    Phase Error              (PE):    0.000ns

    Location             Delay type                Incr(ns)  Path(ns)    Netlist Resource(s)
  -------------------------------------------------------------------    -------------------
                         (clock ACLK rise edge)       0.000     0.000 r  
                                                      0.000     0.000 r  clk (IN)
                         net (fo=886, unset)          0.973     0.973    u_rq/clk
    SLICE_X39Y88         FDRE                                         r  u_rq/param3_reg[66]_rep_replica_6/C
  -------------------------------------------------------------------    -------------------
    SLICE_X39Y88         FDRE (Prop_fdre_C_Q)         0.456     1.429 r  u_rq/param3_reg[66]_rep_replica_6/Q
                         net (fo=1, estimated)        0.802     2.231    u_rq/param3_reg[66]_rep_n_0_repN_6
    SLICE_X39Y87         LUT5 (Prop_lut5_I0_O)        0.124     2.355 r  u_rq/rq[7]_i_692_replica_rewire/O
                         net (fo=7, estimated)        0.466     2.821    u_rq/rq[7]_i_692_n_0_repN
    SLICE_X37Y87         LUT6 (Prop_lut6_I5_O)        0.124     2.945 r  u_rq/rq[3]_i_13_rewire/O
                         net (fo=1, routed)           0.000     2.945    u_rq/rq[3]_i_13_n_0
    SLICE_X37Y87         CARRY4 (Prop_carry4_S[3]_CO[3])
                                                      0.401     3.346 r  u_rq/rq_reg[3]_i_11/CO[3]
                         net (fo=1, estimated)        0.000     3.346    u_rq/rq_reg[3]_i_11_n_0
    SLICE_X37Y88         CARRY4 (Prop_carry4_CI_CO[3])
                                                      0.114     3.460 r  u_rq/rq_reg[7]_i_361/CO[3]
                         net (fo=1, estimated)        0.000     3.460    u_rq/rq_reg[7]_i_361_n_0
    SLICE_X37Y89         CARRY4 (Prop_carry4_CI_CO[3])
                                                      0.114     3.574 r  u_rq/rq_reg[7]_i_360/CO[3]
                         net (fo=1, estimated)        0.000     3.574    u_rq/rq_reg[7]_i_360_n_0
    SLICE_X37Y90         CARRY4 (Prop_carry4_CI_CO[3])
                                                      0.114     3.688 r  u_rq/rq_reg[7]_i_354/CO[3]
                         net (fo=1, estimated)        0.000     3.688    u_rq/rq_reg[7]_i_354_n_0
    SLICE_X37Y91         CARRY4 (Prop_carry4_CI_CO[3])
                                                      0.114     3.802 r  u_rq/rq_reg[7]_i_357/CO[3]
                         net (fo=1, estimated)        0.000     3.802    u_rq/rq_reg[7]_i_357_n_0
    SLICE_X37Y92         CARRY4 (Prop_carry4_CI_CO[3])
                                                      0.114     3.916 r  u_rq/rq_reg[7]_i_351/CO[3]
                         net (fo=1, estimated)        0.000     3.916    u_rq/rq_reg[7]_i_351_n_0
    SLICE_X37Y93         CARRY4 (Prop_carry4_CI_CO[3])
                                                      0.114     4.030 r  u_rq/rq_reg[7]_i_358/CO[3]
                         net (fo=1, estimated)        0.000     4.030    u_rq/rq_reg[7]_i_358_n_0
    SLICE_X37Y94         CARRY4 (Prop_carry4_CI_CO[3])
                                                      0.114     4.144 r  u_rq/rq_reg[7]_i_352/CO[3]
                         net (fo=1, estimated)        0.000     4.144    u_rq/rq_reg[7]_i_352_n_0
    SLICE_X37Y95         CARRY4 (Prop_carry4_CI_CO[3])
                                                      0.114     4.258 r  u_rq/rq_reg[7]_i_355/CO[3]
                         net (fo=1, estimated)        0.000     4.258    u_rq/rq_reg[7]_i_355_n_0
    SLICE_X37Y96         CARRY4 (Prop_carry4_CI_CO[3])
                                                      0.114     4.372 r  u_rq/rq_reg[7]_i_349/CO[3]
                         net (fo=1, estimated)        0.000     4.372    u_rq/rq_reg[7]_i_349_n_0
    SLICE_X37Y97         CARRY4 (Prop_carry4_CI_CO[3])
                                                      0.114     4.486 r  u_rq/rq_reg[7]_i_359/CO[3]
                         net (fo=1, estimated)        0.000     4.486    u_rq/rq_reg[7]_i_359_n_0
    SLICE_X37Y98         CARRY4 (Prop_carry4_CI_CO[3])
                                                      0.114     4.600 r  u_rq/rq_reg[7]_i_353/CO[3]
                         net (fo=1, estimated)        0.000     4.600    u_rq/rq_reg[7]_i_353_n_0
    SLICE_X37Y99         CARRY4 (Prop_carry4_CI_CO[3])
                                                      0.114     4.714 r  u_rq/rq_reg[7]_i_356/CO[3]
                         net (fo=1, estimated)        0.000     4.714    u_rq/rq_reg[7]_i_356_n_0
    SLICE_X37Y100        CARRY4 (Prop_carry4_CI_CO[3])
                                                      0.114     4.828 r  u_rq/rq_reg[7]_i_350/CO[3]
                         net (fo=1, estimated)        0.000     4.828    u_rq/rq_reg[7]_i_350_n_0
    SLICE_X37Y101        CARRY4 (Prop_carry4_CI_CO[3])
                                                      0.114     4.942 r  u_rq/rq_reg[7]_i_292/CO[3]
                         net (fo=1, estimated)        0.000     4.942    u_rq/rq_reg[7]_i_292_n_0
    SLICE_X37Y102        CARRY4 (Prop_carry4_CI_O[3])
                                                      0.313     5.255 f  u_rq/rq_reg[7]_i_133/O[3]
                         net (fo=64, estimated)       0.556     5.811    u_rq/rq_reg[7]_i_133_n_4
    SLICE_X38Y100        LUT6 (Prop_lut6_I0_O)        0.306     6.117 f  u_rq/rq[7]_i_966/O
                         net (fo=4, estimated)        0.816     6.933    u_rq/rq[7]_i_966_n_0
    SLICE_X44Y99         LUT6 (Prop_lut6_I0_O)        0.124     7.057 f  u_rq/rq[7]_i_976/O
                         net (fo=4, estimated)        0.747     7.804    u_rq/rq[7]_i_976_n_0
    SLICE_X48Y101        LUT6 (Prop_lut6_I1_O)        0.124     7.928 f  u_rq/rq[7]_i_913/O
                         net (fo=1, routed)           0.000     7.928    u_rq/acc_sh10_in[14]
    SLICE_X48Y101        MUXF7 (Prop_muxf7_I0_O)      0.238     8.166 f  u_rq/rq_reg[7]_i_819/O
                         net (fo=4, estimated)        0.439     8.605    u_rq/rq_reg[7]_i_819_n_0
    SLICE_X47Y100        LUT6 (Prop_lut6_I1_O)        0.298     8.903 r  u_rq/rq[7]_i_703/O
                         net (fo=1, estimated)        0.479     9.382    u_rq/rq[7]_i_703_n_0
    SLICE_X40Y100        CARRY4 (Prop_carry4_DI[3]_CO[3])
                                                      0.385     9.767 r  u_rq/rq_reg[7]_i_594/CO[3]
                         net (fo=1, estimated)        0.000     9.767    u_rq/rq_reg[7]_i_594_n_0
    SLICE_X40Y101        CARRY4 (Prop_carry4_CI_CO[3])
                                                      0.114     9.881 r  u_rq/rq_reg[7]_i_388/CO[3]
                         net (fo=1, estimated)        0.000     9.881    u_rq/rq_reg[7]_i_388_n_0
    SLICE_X40Y102        CARRY4 (Prop_carry4_CI_CO[3])
                                                      0.114     9.995 r  u_rq/rq_reg[7]_i_238/CO[3]
                         net (fo=1, estimated)        0.000     9.995    u_rq/rq_reg[7]_i_238_n_0
    SLICE_X40Y103        CARRY4 (Prop_carry4_CI_CO[3])
                                                      0.114    10.109 r  u_rq/rq_reg[7]_i_107/CO[3]
                         net (fo=1, estimated)        0.000    10.109    u_rq/rq_reg[7]_i_107_n_0
    SLICE_X40Y104        CARRY4 (Prop_carry4_CI_CO[3])
                                                      0.114    10.223 r  u_rq/rq_reg[7]_i_38/CO[3]
                         net (fo=1, estimated)        0.000    10.223    u_rq/rq_reg[7]_i_38_n_0
    SLICE_X40Y105        CARRY4 (Prop_carry4_CI_CO[3])
                                                      0.114    10.337 r  u_rq/rq_reg[7]_i_9/CO[3]
                         net (fo=1, estimated)        0.000    10.337    u_rq/rq_reg[7]_i_9_n_0
    SLICE_X40Y106        CARRY4 (Prop_carry4_CI_CO[3])
                                                      0.114    10.451 r  u_rq/rq_reg[7]_i_3/CO[3]
                         net (fo=2, estimated)        0.331    10.782    u_rq/acc_sat1
    SLICE_X39Y107        LUT2 (Prop_lut2_I1_O)        0.124    10.906 r  u_rq/rq[7]_i_1/O
                         net (fo=7, estimated)        0.423    11.329    u_rq/rq[7]_i_1_n_0
    SLICE_X38Y107        FDRE                                         r  u_rq/rq_reg[2]/R
  -------------------------------------------------------------------    -------------------

                         (clock ACLK rise edge)      10.000    10.000 r  
                                                      0.000    10.000 r  clk (IN)
                         net (fo=886, unset)          0.924    10.924    u_rq/clk
    SLICE_X38Y107        FDRE                                         r  u_rq/rq_reg[2]/C
                         clock pessimism              0.000    10.924    
                         clock uncertainty           -0.035    10.889    
    SLICE_X38Y107        FDRE (Setup_fdre_C_R)       -0.524    10.365    u_rq/rq_reg[2]
  -------------------------------------------------------------------
                         required time                         10.365    
                         arrival time                         -11.329    
  -------------------------------------------------------------------
                         slack                                 -0.964    

Slack (VIOLATED) :        -0.964ns  (required time - arrival time)
  Source:                 u_rq/param3_reg[66]_rep_replica_6/C
                            (rising edge-triggered cell FDRE clocked by ACLK  {rise@0.000ns fall@5.000ns period=10.000ns})
  Destination:            u_rq/rq_reg[5]/R
                            (rising edge-triggered cell FDRE clocked by ACLK  {rise@0.000ns fall@5.000ns period=10.000ns})
  Path Group:             ACLK
  Path Type:              Setup (Max at Slow Process Corner)
  Requirement:            10.000ns  (ACLK rise@10.000ns - ACLK rise@0.000ns)
  Data Path Delay:        10.356ns  (logic 5.297ns (51.149%)  route 5.059ns (48.851%))
  Logic Levels:           31  (CARRY4=23 LUT2=1 LUT5=1 LUT6=5 MUXF7=1)
  Clock Path Skew:        -0.049ns (DCD - SCD + CPR)
    Destination Clock Delay (DCD):    0.924ns = ( 10.924 - 10.000 ) 
    Source Clock Delay      (SCD):    0.973ns
    Clock Pessimism Removal (CPR):    0.000ns
  Clock Uncertainty:      0.035ns  ((TSJ^2 + TIJ^2)^1/2 + DJ) / 2 + PE
    Total System Jitter     (TSJ):    0.071ns
    Total Input Jitter      (TIJ):    0.000ns
    Discrete Jitter          (DJ):    0.000ns
    Phase Error              (PE):    0.000ns

    Location             Delay type                Incr(ns)  Path(ns)    Netlist Resource(s)
  -------------------------------------------------------------------    -------------------
                         (clock ACLK rise edge)       0.000     0.000 r  
                                                      0.000     0.000 r  clk (IN)
                         net (fo=886, unset)          0.973     0.973    u_rq/clk
    SLICE_X39Y88         FDRE                                         r  u_rq/param3_reg[66]_rep_replica_6/C
  -------------------------------------------------------------------    -------------------
    SLICE_X39Y88         FDRE (Prop_fdre_C_Q)         0.456     1.429 r  u_rq/param3_reg[66]_rep_replica_6/Q
                         net (fo=1, estimated)        0.802     2.231    u_rq/param3_reg[66]_rep_n_0_repN_6
    SLICE_X39Y87         LUT5 (Prop_lut5_I0_O)        0.124     2.355 r  u_rq/rq[7]_i_692_replica_rewire/O
                         net (fo=7, estimated)        0.466     2.821    u_rq/rq[7]_i_692_n_0_repN
    SLICE_X37Y87         LUT6 (Prop_lut6_I5_O)        0.124     2.945 r  u_rq/rq[3]_i_13_rewire/O
                         net (fo=1, routed)           0.000     2.945    u_rq/rq[3]_i_13_n_0
    SLICE_X37Y87         CARRY4 (Prop_carry4_S[3]_CO[3])
                                                      0.401     3.346 r  u_rq/rq_reg[3]_i_11/CO[3]
                         net (fo=1, estimated)        0.000     3.346    u_rq/rq_reg[3]_i_11_n_0
    SLICE_X37Y88         CARRY4 (Prop_carry4_CI_CO[3])
                                                      0.114     3.460 r  u_rq/rq_reg[7]_i_361/CO[3]
                         net (fo=1, estimated)        0.000     3.460    u_rq/rq_reg[7]_i_361_n_0
    SLICE_X37Y89         CARRY4 (Prop_carry4_CI_CO[3])
                                                      0.114     3.574 r  u_rq/rq_reg[7]_i_360/CO[3]
                         net (fo=1, estimated)        0.000     3.574    u_rq/rq_reg[7]_i_360_n_0
    SLICE_X37Y90         CARRY4 (Prop_carry4_CI_CO[3])
                                                      0.114     3.688 r  u_rq/rq_reg[7]_i_354/CO[3]
                         net (fo=1, estimated)        0.000     3.688    u_rq/rq_reg[7]_i_354_n_0
    SLICE_X37Y91         CARRY4 (Prop_carry4_CI_CO[3])
                                                      0.114     3.802 r  u_rq/rq_reg[7]_i_357/CO[3]
                         net (fo=1, estimated)        0.000     3.802    u_rq/rq_reg[7]_i_357_n_0
    SLICE_X37Y92         CARRY4 (Prop_carry4_CI_CO[3])
                                                      0.114     3.916 r  u_rq/rq_reg[7]_i_351/CO[3]
                         net (fo=1, estimated)        0.000     3.916    u_rq/rq_reg[7]_i_351_n_0
    SLICE_X37Y93         CARRY4 (Prop_carry4_CI_CO[3])
                                                      0.114     4.030 r  u_rq/rq_reg[7]_i_358/CO[3]
                         net (fo=1, estimated)        0.000     4.030    u_rq/rq_reg[7]_i_358_n_0
    SLICE_X37Y94         CARRY4 (Prop_carry4_CI_CO[3])
                                                      0.114     4.144 r  u_rq/rq_reg[7]_i_352/CO[3]
                         net (fo=1, estimated)        0.000     4.144    u_rq/rq_reg[7]_i_352_n_0
    SLICE_X37Y95         CARRY4 (Prop_carry4_CI_CO[3])
                                                      0.114     4.258 r  u_rq/rq_reg[7]_i_355/CO[3]
                         net (fo=1, estimated)        0.000     4.258    u_rq/rq_reg[7]_i_355_n_0
    SLICE_X37Y96         CARRY4 (Prop_carry4_CI_CO[3])
                                                      0.114     4.372 r  u_rq/rq_reg[7]_i_349/CO[3]
                         net (fo=1, estimated)        0.000     4.372    u_rq/rq_reg[7]_i_349_n_0
    SLICE_X37Y97         CARRY4 (Prop_carry4_CI_CO[3])
                                                      0.114     4.486 r  u_rq/rq_reg[7]_i_359/CO[3]
                         net (fo=1, estimated)        0.000     4.486    u_rq/rq_reg[7]_i_359_n_0
    SLICE_X37Y98         CARRY4 (Prop_carry4_CI_CO[3])
                                                      0.114     4.600 r  u_rq/rq_reg[7]_i_353/CO[3]
                         net (fo=1, estimated)        0.000     4.600    u_rq/rq_reg[7]_i_353_n_0
    SLICE_X37Y99         CARRY4 (Prop_carry4_CI_CO[3])
                                                      0.114     4.714 r  u_rq/rq_reg[7]_i_356/CO[3]
                         net (fo=1, estimated)        0.000     4.714    u_rq/rq_reg[7]_i_356_n_0
    SLICE_X37Y100        CARRY4 (Prop_carry4_CI_CO[3])
                                                      0.114     4.828 r  u_rq/rq_reg[7]_i_350/CO[3]
                         net (fo=1, estimated)        0.000     4.828    u_rq/rq_reg[7]_i_350_n_0
    SLICE_X37Y101        CARRY4 (Prop_carry4_CI_CO[3])
                                                      0.114     4.942 r  u_rq/rq_reg[7]_i_292/CO[3]
                         net (fo=1, estimated)        0.000     4.942    u_rq/rq_reg[7]_i_292_n_0
    SLICE_X37Y102        CARRY4 (Prop_carry4_CI_O[3])
                                                      0.313     5.255 f  u_rq/rq_reg[7]_i_133/O[3]
                         net (fo=64, estimated)       0.556     5.811    u_rq/rq_reg[7]_i_133_n_4
    SLICE_X38Y100        LUT6 (Prop_lut6_I0_O)        0.306     6.117 f  u_rq/rq[7]_i_966/O
                         net (fo=4, estimated)        0.816     6.933    u_rq/rq[7]_i_966_n_0
    SLICE_X44Y99         LUT6 (Prop_lut6_I0_O)        0.124     7.057 f  u_rq/rq[7]_i_976/O
                         net (fo=4, estimated)        0.747     7.804    u_rq/rq[7]_i_976_n_0
    SLICE_X48Y101        LUT6 (Prop_lut6_I1_O)        0.124     7.928 f  u_rq/rq[7]_i_913/O
                         net (fo=1, routed)           0.000     7.928    u_rq/acc_sh10_in[14]
    SLICE_X48Y101        MUXF7 (Prop_muxf7_I0_O)      0.238     8.166 f  u_rq/rq_reg[7]_i_819/O
                         net (fo=4, estimated)        0.439     8.605    u_rq/rq_reg[7]_i_819_n_0
    SLICE_X47Y100        LUT6 (Prop_lut6_I1_O)        0.298     8.903 r  u_rq/rq[7]_i_703/O
                         net (fo=1, estimated)        0.479     9.382    u_rq/rq[7]_i_703_n_0
    SLICE_X40Y100        CARRY4 (Prop_carry4_DI[3]_CO[3])
                                                      0.385     9.767 r  u_rq/rq_reg[7]_i_594/CO[3]
                         net (fo=1, estimated)        0.000     9.767    u_rq/rq_reg[7]_i_594_n_0
    SLICE_X40Y101        CARRY4 (Prop_carry4_CI_CO[3])
                                                      0.114     9.881 r  u_rq/rq_reg[7]_i_388/CO[3]
                         net (fo=1, estimated)        0.000     9.881    u_rq/rq_reg[7]_i_388_n_0
    SLICE_X40Y102        CARRY4 (Prop_carry4_CI_CO[3])
                                                      0.114     9.995 r  u_rq/rq_reg[7]_i_238/CO[3]
                         net (fo=1, estimated)        0.000     9.995    u_rq/rq_reg[7]_i_238_n_0
    SLICE_X40Y103        CARRY4 (Prop_carry4_CI_CO[3])
                                                      0.114    10.109 r  u_rq/rq_reg[7]_i_107/CO[3]
                         net (fo=1, estimated)        0.000    10.109    u_rq/rq_reg[7]_i_107_n_0
    SLICE_X40Y104        CARRY4 (Prop_carry4_CI_CO[3])
                                                      0.114    10.223 r  u_rq/rq_reg[7]_i_38/CO[3]
                         net (fo=1, estimated)        0.000    10.223    u_rq/rq_reg[7]_i_38_n_0
    SLICE_X40Y105        CARRY4 (Prop_carry4_CI_CO[3])
                                                      0.114    10.337 r  u_rq/rq_reg[7]_i_9/CO[3]
                         net (fo=1, estimated)        0.000    10.337    u_rq/rq_reg[7]_i_9_n_0
    SLICE_X40Y106        CARRY4 (Prop_carry4_CI_CO[3])
                                                      0.114    10.451 r  u_rq/rq_reg[7]_i_3/CO[3]
                         net (fo=2, estimated)        0.331    10.782    u_rq/acc_sat1
    SLICE_X39Y107        LUT2 (Prop_lut2_I1_O)        0.124    10.906 r  u_rq/rq[7]_i_1/O
                         net (fo=7, estimated)        0.423    11.329    u_rq/rq[7]_i_1_n_0
    SLICE_X38Y107        FDRE                                         r  u_rq/rq_reg[5]/R
  -------------------------------------------------------------------    -------------------

                         (clock ACLK rise edge)      10.000    10.000 r  
                                                      0.000    10.000 r  clk (IN)
                         net (fo=886, unset)          0.924    10.924    u_rq/clk
    SLICE_X38Y107        FDRE                                         r  u_rq/rq_reg[5]/C
                         clock pessimism              0.000    10.924    
                         clock uncertainty           -0.035    10.889    
    SLICE_X38Y107        FDRE (Setup_fdre_C_R)       -0.524    10.365    u_rq/rq_reg[5]
  -------------------------------------------------------------------
                         required time                         10.365    
                         arrival time                         -11.329    
  -------------------------------------------------------------------
                         slack                                 -0.964    





Min Delay Paths
--------------------------------------------------------------------------------------
Slack (MET) :             0.087ns  (arrival time - required time)
  Source:                 u_mac/tag_reg_reg[7]/C
                            (rising edge-triggered cell FDRE clocked by ACLK  {rise@0.000ns fall@5.000ns period=10.000ns})
  Destination:            u_rq/tag_r3_reg[7]_srl3/D
                            (rising edge-triggered cell SRL16E clocked by ACLK  {rise@0.000ns fall@5.000ns period=10.000ns})
  Path Group:             ACLK
  Path Type:              Hold (Min at Fast Process Corner)
  Requirement:            0.000ns  (ACLK rise@0.000ns - ACLK rise@0.000ns)
  Data Path Delay:        0.292ns  (logic 0.141ns (48.304%)  route 0.151ns (51.696%))
  Logic Levels:           0  
  Clock Path Skew:        0.022ns (DCD - SCD - CPR)
    Destination Clock Delay (DCD):    0.432ns
    Source Clock Delay      (SCD):    0.410ns
    Clock Pessimism Removal (CPR):    -0.000ns

    Location             Delay type                Incr(ns)  Path(ns)    Netlist Resource(s)
  -------------------------------------------------------------------    -------------------
                         (clock ACLK rise edge)       0.000     0.000 r  
                                                      0.000     0.000 r  clk (IN)
                         net (fo=886, unset)          0.410     0.410    u_mac/clk
    SLICE_X45Y84         FDRE                                         r  u_mac/tag_reg_reg[7]/C
  -------------------------------------------------------------------    -------------------
    SLICE_X45Y84         FDRE (Prop_fdre_C_Q)         0.141     0.551 r  u_mac/tag_reg_reg[7]/Q
                         net (fo=3, estimated)        0.151     0.702    u_rq/Q[3]
    SLICE_X46Y85         SRL16E                                       r  u_rq/tag_r3_reg[7]_srl3/D
  -------------------------------------------------------------------    -------------------

                         (clock ACLK rise edge)       0.000     0.000 r  
                                                      0.000     0.000 r  clk (IN)
                         net (fo=886, unset)          0.432     0.432    u_rq/clk
    SLICE_X46Y85         SRL16E                                       r  u_rq/tag_r3_reg[7]_srl3/CLK
                         clock pessimism              0.000     0.432    
    SLICE_X46Y85         SRL16E (Hold_srl16e_CLK_D)
                                                      0.183     0.615    u_rq/tag_r3_reg[7]_srl3
  -------------------------------------------------------------------
                         required time                         -0.615    
                         arrival time                           0.702    
  -------------------------------------------------------------------
                         slack                                  0.087    

Slack (MET) :             0.139ns  (arrival time - required time)
  Source:                 u_mac/read_meta_reg_reg[3]/C
                            (rising edge-triggered cell FDRE clocked by ACLK  {rise@0.000ns fall@5.000ns period=10.000ns})
  Destination:            u_mac/operand_meta_reg_reg[3]/D
                            (rising edge-triggered cell FDRE clocked by ACLK  {rise@0.000ns fall@5.000ns period=10.000ns})
  Path Group:             ACLK
  Path Type:              Hold (Min at Fast Process Corner)
  Requirement:            0.000ns  (ACLK rise@0.000ns - ACLK rise@0.000ns)
  Data Path Delay:        0.208ns  (logic 0.141ns (67.919%)  route 0.067ns (32.081%))
  Logic Levels:           0  
  Clock Path Skew:        0.022ns (DCD - SCD - CPR)
    Destination Clock Delay (DCD):    0.432ns
    Source Clock Delay      (SCD):    0.410ns
    Clock Pessimism Removal (CPR):    -0.000ns

    Location             Delay type                Incr(ns)  Path(ns)    Netlist Resource(s)
  -------------------------------------------------------------------    -------------------
                         (clock ACLK rise edge)       0.000     0.000 r  
                                                      0.000     0.000 r  clk (IN)
                         net (fo=886, unset)          0.410     0.410    u_mac/clk
    SLICE_X40Y82         FDRE                                         r  u_mac/read_meta_reg_reg[3]/C
  -------------------------------------------------------------------    -------------------
    SLICE_X40Y82         FDRE (Prop_fdre_C_Q)         0.141     0.551 r  u_mac/read_meta_reg_reg[3]/Q
                         net (fo=1, estimated)        0.067     0.618    u_mac/read_meta_reg[3]
    SLICE_X41Y82         FDRE                                         r  u_mac/operand_meta_reg_reg[3]/D
  -------------------------------------------------------------------    -------------------

                         (clock ACLK rise edge)       0.000     0.000 r  
                                                      0.000     0.000 r  clk (IN)
                         net (fo=886, unset)          0.432     0.432    u_mac/clk
    SLICE_X41Y82         FDRE                                         r  u_mac/operand_meta_reg_reg[3]/C
                         clock pessimism              0.000     0.432    
    SLICE_X41Y82         FDRE (Hold_fdre_C_D)         0.047     0.479    u_mac/operand_meta_reg_reg[3]
  -------------------------------------------------------------------
                         required time                         -0.479    
                         arrival time                           0.618    
  -------------------------------------------------------------------
                         slack                                  0.139    

Slack (MET) :             0.152ns  (arrival time - required time)
  Source:                 u_mac/tag_reg_reg[1]/C
                            (rising edge-triggered cell FDRE clocked by ACLK  {rise@0.000ns fall@5.000ns period=10.000ns})
  Destination:            u_rq/tag_r3_reg[1]_srl3/D
                            (rising edge-triggered cell SRL16E clocked by ACLK  {rise@0.000ns fall@5.000ns period=10.000ns})
  Path Group:             ACLK
  Path Type:              Hold (Min at Fast Process Corner)
  Requirement:            0.000ns  (ACLK rise@0.000ns - ACLK rise@0.000ns)
  Data Path Delay:        0.283ns  (logic 0.141ns (49.888%)  route 0.142ns (50.112%))
  Logic Levels:           0  
  Clock Path Skew:        0.022ns (DCD - SCD - CPR)
    Destination Clock Delay (DCD):    0.432ns
    Source Clock Delay      (SCD):    0.410ns
    Clock Pessimism Removal (CPR):    -0.000ns

    Location             Delay type                Incr(ns)  Path(ns)    Netlist Resource(s)
  -------------------------------------------------------------------    -------------------
                         (clock ACLK rise edge)       0.000     0.000 r  
                                                      0.000     0.000 r  clk (IN)
                         net (fo=886, unset)          0.410     0.410    u_mac/clk
    SLICE_X44Y84         FDRE                                         r  u_mac/tag_reg_reg[1]/C
  -------------------------------------------------------------------    -------------------
    SLICE_X44Y84         FDRE (Prop_fdre_C_Q)         0.141     0.551 r  u_mac/tag_reg_reg[1]/Q
                         net (fo=1, estimated)        0.142     0.693    u_rq/fc_param_raddr[1]
    SLICE_X46Y85         SRL16E                                       r  u_rq/tag_r3_reg[1]_srl3/D
  -------------------------------------------------------------------    -------------------

                         (clock ACLK rise edge)       0.000     0.000 r  
                                                      0.000     0.000 r  clk (IN)
                         net (fo=886, unset)          0.432     0.432    u_rq/clk
    SLICE_X46Y85         SRL16E                                       r  u_rq/tag_r3_reg[1]_srl3/CLK
                         clock pessimism              0.000     0.432    
    SLICE_X46Y85         SRL16E (Hold_srl16e_CLK_D)
                                                      0.109     0.541    u_rq/tag_r3_reg[1]_srl3
  -------------------------------------------------------------------
                         required time                         -0.541    
                         arrival time                           0.693    
  -------------------------------------------------------------------
                         slack                                  0.152    





Pulse Width Checks
--------------------------------------------------------------------------------------
Clock Name:         ACLK
Waveform(ns):       { 0.000 5.000 }
Period(ns):         10.000
Sources:            { clk }

Check Type        Corner  Lib Pin     Reference Pin  Required(ns)  Actual(ns)  Slack(ns)  Location      Pin
Min Period        n/a     FDRE/C      n/a            1.000         10.000      9.000      SLICE_X35Y80  u_mac/acc_reg_reg[0]/C
Min Period        n/a     FDRE/C      n/a            1.000         10.000      9.000      SLICE_X35Y82  u_mac/acc_reg_reg[10]/C
Min Period        n/a     FDRE/C      n/a            1.000         10.000      9.000      SLICE_X35Y82  u_mac/acc_reg_reg[11]/C
Low Pulse Width   Fast    SRL16E/CLK  n/a            0.980         5.000       4.020      SLICE_X46Y85  u_rq/tag_r3_reg[0]_srl3/CLK
Low Pulse Width   Fast    SRL16E/CLK  n/a            0.980         5.000       4.020      SLICE_X46Y85  u_rq/tag_r3_reg[1]_srl3/CLK
Low Pulse Width   Fast    SRL16E/CLK  n/a            0.980         5.000       4.020      SLICE_X46Y85  u_rq/tag_r3_reg[2]_srl3/CLK
High Pulse Width  Slow    SRL16E/CLK  n/a            0.980         5.000       4.020      SLICE_X46Y85  u_rq/tag_r3_reg[0]_srl3/CLK
High Pulse Width  Fast    SRL16E/CLK  n/a            0.980         5.000       4.020      SLICE_X46Y85  u_rq/tag_r3_reg[0]_srl3/CLK
High Pulse Width  Slow    SRL16E/CLK  n/a            0.980         5.000       4.020      SLICE_X46Y85  u_rq/tag_r3_reg[1]_srl3/CLK



