Copyright 1986-2020 Xilinx, Inc. All Rights Reserved.
-------------------------------------------------------------------------------------------------------------------------------------------------------------------------
| Tool Version : Vivado v.2020.2 (win64) Build 3064766 Wed Nov 18 09:12:45 MST 2020
| Date         : Sat Sep 26 20:00:51 2026
| Host         : DESKTOP-7CFQ9ND running 64-bit major release  (build 9200)
| Command      : report_timing_summary -delay_type min_max -max_paths 3 -file D:/2609_final_project/cnn_rtl/docs/E-02a_runs/fc_performance_10.000/post_route_summary.rpt
| Design       : fc_mac_requant_ooc
| Device       : 7z020-clg400
| Speed File   : -1  PRODUCTION 1.12 2019-11-22
-------------------------------------------------------------------------------------------------------------------------------------------------------------------------

Timing Summary Report

------------------------------------------------------------------------------------------------
| Timer Settings
| --------------
------------------------------------------------------------------------------------------------

  Enable Multi Corner Analysis               :  Yes
  Enable Pessimism Removal                   :  Yes
  Pessimism Removal Resolution               :  Nearest Common Node
  Enable Input Delay Default Clock           :  No
  Enable Preset / Clear Arcs                 :  No
  Disable Flight Delays                      :  No
  Ignore I/O Paths                           :  No
  Timing Early Launch at Borrowing Latches   :  No
  Borrow Time for Max Delay Exceptions       :  Yes
  Merge Timing Exceptions                    :  Yes

  Corner  Analyze    Analyze    
  Name    Max Paths  Min Paths  
  ------  ---------  ---------  
  Slow    Yes        Yes        
  Fast    Yes        Yes        



check_timing report

Table of Contents
-----------------
1. checking no_clock (0)
2. checking constant_clock (0)
3. checking pulse_width_clock (0)
4. checking unconstrained_internal_endpoints (0)
5. checking no_input_delay (0)
6. checking no_output_delay (0)
7. checking multiple_clock (0)
8. checking generated_clocks (0)
9. checking loops (0)
10. checking partial_input_delay (0)
11. checking partial_output_delay (0)
12. checking latch_loops (0)

1. checking no_clock (0)
------------------------
 There are 0 register/latch pins with no clock.


2. checking constant_clock (0)
------------------------------
 There are 0 register/latch pins with constant_clock.


3. checking pulse_width_clock (0)
---------------------------------
 There are 0 register/latch pins which need pulse_width check


4. checking unconstrained_internal_endpoints (0)
------------------------------------------------
 There are 0 pins that are not constrained for maximum delay.

 There are 0 pins that are not constrained for maximum delay due to constant clock.


5. checking no_input_delay (0)
------------------------------
 There are 0 input ports with no input delay specified.

 There are 0 input ports with no input delay but user has a false path constraint.


6. checking no_output_delay (0)
-------------------------------
 There are 0 ports with no output delay specified.

 There are 0 ports with no output delay but user has a false path constraint

 There are 0 ports with no output delay but with a timing clock defined on it or propagating through it


7. checking multiple_clock (0)
------------------------------
 There are 0 register/latch pins with multiple clocks.


8. checking generated_clocks (0)
--------------------------------
 There are 0 generated clocks that are not connected to a clock source.


9. checking loops (0)
---------------------
 There are 0 combinational loops in the design.


10. checking partial_input_delay (0)
------------------------------------
 There are 0 input ports with partial input delay specified.


11. checking partial_output_delay (0)
-------------------------------------
 There are 0 ports with partial output delay specified.


12. checking latch_loops (0)
----------------------------
 There are 0 combinational latch loops in the design through latch input



------------------------------------------------------------------------------------------------
| Design Timing Summary
| ---------------------
------------------------------------------------------------------------------------------------

    WNS(ns)      TNS(ns)  TNS Failing Endpoints  TNS Total Endpoints      WHS(ns)      THS(ns)  THS Failing Endpoints  THS Total Endpoints     WPWS(ns)     TPWS(ns)  TPWS Failing Endpoints  TPWS Total Endpoints  
    -------      -------  ---------------------  -------------------      -------      -------  ---------------------  -------------------     --------     --------  ----------------------  --------------------  
     -2.133      -28.150                     15                 2662        0.111        0.000                      0                 2662        4.020        0.000                       0                   880  


Timing constraints are not met.


------------------------------------------------------------------------------------------------
| Clock Summary
| -------------
------------------------------------------------------------------------------------------------

Clock  Waveform(ns)       Period(ns)      Frequency(MHz)
-----  ------------       ----------      --------------
ACLK   {0.000 5.000}      10.000          100.000         


------------------------------------------------------------------------------------------------
| Intra Clock Table
| -----------------
------------------------------------------------------------------------------------------------

Clock             WNS(ns)      TNS(ns)  TNS Failing Endpoints  TNS Total Endpoints      WHS(ns)      THS(ns)  THS Failing Endpoints  THS Total Endpoints     WPWS(ns)     TPWS(ns)  TPWS Failing Endpoints  TPWS Total Endpoints  
-----             -------      -------  ---------------------  -------------------      -------      -------  ---------------------  -------------------     --------     --------  ----------------------  --------------------  
ACLK               -2.133      -28.150                     15                 2662        0.111        0.000                      0                 2662        4.020        0.000                       0                   880  


------------------------------------------------------------------------------------------------
| Inter Clock Table
| -----------------
------------------------------------------------------------------------------------------------

From Clock    To Clock          WNS(ns)      TNS(ns)  TNS Failing Endpoints  TNS Total Endpoints      WHS(ns)      THS(ns)  THS Failing Endpoints  THS Total Endpoints  
----------    --------          -------      -------  ---------------------  -------------------      -------      -------  ---------------------  -------------------  


------------------------------------------------------------------------------------------------
| Other Path Groups Table
| -----------------------
------------------------------------------------------------------------------------------------

Path Group    From Clock    To Clock          WNS(ns)      TNS(ns)  TNS Failing Endpoints  TNS Total Endpoints      WHS(ns)      THS(ns)  THS Failing Endpoints  THS Total Endpoints  
----------    ----------    --------          -------      -------  ---------------------  -------------------      -------      -------  ---------------------  -------------------  


------------------------------------------------------------------------------------------------
| Timing Details
| --------------
------------------------------------------------------------------------------------------------


---------------------------------------------------------------------------------------------------
From Clock:  ACLK
  To Clock:  ACLK

Setup :           15  Failing Endpoints,  Worst Slack       -2.133ns,  Total Violation      -28.150ns
Hold  :            0  Failing Endpoints,  Worst Slack        0.111ns,  Total Violation        0.000ns
PW    :            0  Failing Endpoints,  Worst Slack        4.020ns,  Total Violation        0.000ns
---------------------------------------------------------------------------------------------------


Max Delay Paths
--------------------------------------------------------------------------------------
Slack (VIOLATED) :        -2.133ns  (required time - arrival time)
  Source:                 u_rq/rq[7]_i_343_psdsp/C
                            (rising edge-triggered cell FDRE clocked by ACLK  {rise@0.000ns fall@5.000ns period=10.000ns})
  Destination:            u_rq/rq_reg[1]/R
                            (rising edge-triggered cell FDRE clocked by ACLK  {rise@0.000ns fall@5.000ns period=10.000ns})
  Path Group:             ACLK
  Path Type:              Setup (Max at Slow Process Corner)
  Requirement:            10.000ns  (ACLK rise@10.000ns - ACLK rise@0.000ns)
  Data Path Delay:        11.525ns  (logic 4.979ns (43.202%)  route 6.546ns (56.798%))
  Logic Levels:           21  (CARRY4=12 LUT2=1 LUT3=1 LUT4=1 LUT5=1 LUT6=4 MUXF7=1)
  Clock Path Skew:        -0.049ns (DCD - SCD + CPR)
    Destination Clock Delay (DCD):    0.924ns = ( 10.924 - 10.000 ) 
    Source Clock Delay      (SCD):    0.973ns
    Clock Pessimism Removal (CPR):    0.000ns
  Clock Uncertainty:      0.035ns  ((TSJ^2 + TIJ^2)^1/2 + DJ) / 2 + PE
    Total System Jitter     (TSJ):    0.071ns
    Total Input Jitter      (TIJ):    0.000ns
    Discrete Jitter          (DJ):    0.000ns
    Phase Error              (PE):    0.000ns

    Location             Delay type                Incr(ns)  Path(ns)    Netlist Resource(s)
  -------------------------------------------------------------------    -------------------
                         (clock ACLK rise edge)       0.000     0.000 r  
                                                      0.000     0.000 r  clk (IN)
                         net (fo=886, unset)          0.973     0.973    u_rq/clk
    SLICE_X35Y96         FDRE                                         r  u_rq/rq[7]_i_343_psdsp/C
  -------------------------------------------------------------------    -------------------
    SLICE_X35Y96         FDRE (Prop_fdre_C_Q)         0.456     1.429 r  u_rq/rq[7]_i_343_psdsp/Q
                         net (fo=2, routed)           0.461     1.890    u_rq/acc_mult_n_103
    SLICE_X34Y96         LUT3 (Prop_lut3_I0_O)        0.124     2.014 r  u_rq/rq[7]_i_343/O
                         net (fo=2, routed)           0.565     2.580    u_rq/rq[7]_i_343_n_0
    SLICE_X35Y98         LUT4 (Prop_lut4_I3_O)        0.124     2.704 r  u_rq/rq[7]_i_347/O
                         net (fo=1, routed)           0.000     2.704    u_rq/rq[7]_i_347_n_0
    SLICE_X35Y98         CARRY4 (Prop_carry4_S[1]_CO[3])
                                                      0.550     3.254 r  u_rq/rq_reg[7]_i_159/CO[3]
                         net (fo=1, routed)           0.000     3.254    u_rq/rq_reg[7]_i_159_n_0
    SLICE_X35Y99         CARRY4 (Prop_carry4_CI_O[1])
                                                      0.334     3.588 r  u_rq/rq_reg[7]_i_63/O[1]
                         net (fo=5, routed)           0.882     4.469    u_rq/acc_r3_reg__2[58]
    SLICE_X41Y101        LUT5 (Prop_lut5_I4_O)        0.303     4.772 r  u_rq/rq[7]_i_464/O
                         net (fo=1, routed)           0.000     4.772    u_rq/rq[7]_i_464_n_0
    SLICE_X41Y101        CARRY4 (Prop_carry4_S[2]_CO[3])
                                                      0.398     5.170 r  u_rq/rq_reg[7]_i_287/CO[3]
                         net (fo=1, routed)           0.000     5.170    u_rq/rq_reg[7]_i_287_n_0
    SLICE_X41Y102        CARRY4 (Prop_carry4_CI_O[3])
                                                      0.313     5.483 f  u_rq/rq_reg[7]_i_132/O[3]
                         net (fo=64, routed)          0.980     6.464    u_rq/rq_reg[7]_i_132_n_4
    SLICE_X42Y98         LUT6 (Prop_lut6_I0_O)        0.306     6.770 f  u_rq/rq[7]_i_186/O
                         net (fo=4, routed)           0.338     7.108    u_rq/rq[7]_i_186_n_0
    SLICE_X42Y97         LUT6 (Prop_lut6_I3_O)        0.124     7.232 f  u_rq/rq[7]_i_73/O
                         net (fo=4, routed)           0.898     8.130    u_rq/rq[7]_i_73_n_0
    SLICE_X43Y97         LUT6 (Prop_lut6_I0_O)        0.124     8.254 f  u_rq/rq[7]_i_20/O
                         net (fo=1, routed)           0.000     8.254    u_rq/rq[7]_i_20_n_0
    SLICE_X43Y97         MUXF7 (Prop_muxf7_I1_O)      0.217     8.471 f  u_rq/rq_reg[7]_i_4/O
                         net (fo=5, routed)           0.499     8.970    u_rq/rq_reg[7]_i_4_n_0
    SLICE_X38Y98         LUT6 (Prop_lut6_I0_O)        0.299     9.269 r  u_rq/rq[7]_i_812/O
                         net (fo=1, routed)           0.884    10.153    u_rq/rq[7]_i_812_n_0
    SLICE_X40Y99         CARRY4 (Prop_carry4_DI[3]_CO[3])
                                                      0.385    10.538 r  u_rq/rq_reg[7]_i_702/CO[3]
                         net (fo=1, routed)           0.001    10.539    u_rq/rq_reg[7]_i_702_n_0
    SLICE_X40Y100        CARRY4 (Prop_carry4_CI_CO[3])
                                                      0.114    10.653 r  u_rq/rq_reg[7]_i_594/CO[3]
                         net (fo=1, routed)           0.000    10.653    u_rq/rq_reg[7]_i_594_n_0
    SLICE_X40Y101        CARRY4 (Prop_carry4_CI_CO[3])
                                                      0.114    10.767 r  u_rq/rq_reg[7]_i_388/CO[3]
                         net (fo=1, routed)           0.000    10.767    u_rq/rq_reg[7]_i_388_n_0
    SLICE_X40Y102        CARRY4 (Prop_carry4_CI_CO[3])
                                                      0.114    10.881 r  u_rq/rq_reg[7]_i_238/CO[3]
                         net (fo=1, routed)           0.000    10.881    u_rq/rq_reg[7]_i_238_n_0
    SLICE_X40Y103        CARRY4 (Prop_carry4_CI_CO[3])
                                                      0.114    10.995 r  u_rq/rq_reg[7]_i_107/CO[3]
                         net (fo=1, routed)           0.000    10.995    u_rq/rq_reg[7]_i_107_n_0
    SLICE_X40Y104        CARRY4 (Prop_carry4_CI_CO[3])
                                                      0.114    11.109 r  u_rq/rq_reg[7]_i_38/CO[3]
                         net (fo=1, routed)           0.000    11.109    u_rq/rq_reg[7]_i_38_n_0
    SLICE_X40Y105        CARRY4 (Prop_carry4_CI_CO[3])
                                                      0.114    11.223 r  u_rq/rq_reg[7]_i_9/CO[3]
                         net (fo=1, routed)           0.000    11.223    u_rq/rq_reg[7]_i_9_n_0
    SLICE_X40Y106        CARRY4 (Prop_carry4_CI_CO[3])
                                                      0.114    11.337 r  u_rq/rq_reg[7]_i_3/CO[3]
                         net (fo=2, routed)           0.638    11.975    u_rq/acc_sat1
    SLICE_X39Y107        LUT2 (Prop_lut2_I1_O)        0.124    12.099 r  u_rq/rq[7]_i_1/O
                         net (fo=7, routed)           0.399    12.498    u_rq/rq[7]_i_1_n_0
    SLICE_X38Y107        FDRE                                         r  u_rq/rq_reg[1]/R
  -------------------------------------------------------------------    -------------------

                         (clock ACLK rise edge)      10.000    10.000 r  
                                                      0.000    10.000 r  clk (IN)
                         net (fo=886, unset)          0.924    10.924    u_rq/clk
    SLICE_X38Y107        FDRE                                         r  u_rq/rq_reg[1]/C
                         clock pessimism              0.000    10.924    
                         clock uncertainty           -0.035    10.889    
    SLICE_X38Y107        FDRE (Setup_fdre_C_R)       -0.524    10.365    u_rq/rq_reg[1]
  -------------------------------------------------------------------
                         required time                         10.365    
                         arrival time                         -12.498    
  -------------------------------------------------------------------
                         slack                                 -2.133    

Slack (VIOLATED) :        -2.133ns  (required time - arrival time)
  Source:                 u_rq/rq[7]_i_343_psdsp/C
                            (rising edge-triggered cell FDRE clocked by ACLK  {rise@0.000ns fall@5.000ns period=10.000ns})
  Destination:            u_rq/rq_reg[2]/R
                            (rising edge-triggered cell FDRE clocked by ACLK  {rise@0.000ns fall@5.000ns period=10.000ns})
  Path Group:             ACLK
  Path Type:              Setup (Max at Slow Process Corner)
  Requirement:            10.000ns  (ACLK rise@10.000ns - ACLK rise@0.000ns)
  Data Path Delay:        11.525ns  (logic 4.979ns (43.202%)  route 6.546ns (56.798%))
  Logic Levels:           21  (CARRY4=12 LUT2=1 LUT3=1 LUT4=1 LUT5=1 LUT6=4 MUXF7=1)
  Clock Path Skew:        -0.049ns (DCD - SCD + CPR)
    Destination Clock Delay (DCD):    0.924ns = ( 10.924 - 10.000 ) 
    Source Clock Delay      (SCD):    0.973ns
    Clock Pessimism Removal (CPR):    0.000ns
  Clock Uncertainty:      0.035ns  ((TSJ^2 + TIJ^2)^1/2 + DJ) / 2 + PE
    Total System Jitter     (TSJ):    0.071ns
    Total Input Jitter      (TIJ):    0.000ns
    Discrete Jitter          (DJ):    0.000ns
    Phase Error              (PE):    0.000ns

    Location             Delay type                Incr(ns)  Path(ns)    Netlist Resource(s)
  -------------------------------------------------------------------    -------------------
                         (clock ACLK rise edge)       0.000     0.000 r  
                                                      0.000     0.000 r  clk (IN)
                         net (fo=886, unset)          0.973     0.973    u_rq/clk
    SLICE_X35Y96         FDRE                                         r  u_rq/rq[7]_i_343_psdsp/C
  -------------------------------------------------------------------    -------------------
    SLICE_X35Y96         FDRE (Prop_fdre_C_Q)         0.456     1.429 r  u_rq/rq[7]_i_343_psdsp/Q
                         net (fo=2, routed)           0.461     1.890    u_rq/acc_mult_n_103
    SLICE_X34Y96         LUT3 (Prop_lut3_I0_O)        0.124     2.014 r  u_rq/rq[7]_i_343/O
                         net (fo=2, routed)           0.565     2.580    u_rq/rq[7]_i_343_n_0
    SLICE_X35Y98         LUT4 (Prop_lut4_I3_O)        0.124     2.704 r  u_rq/rq[7]_i_347/O
                         net (fo=1, routed)           0.000     2.704    u_rq/rq[7]_i_347_n_0
    SLICE_X35Y98         CARRY4 (Prop_carry4_S[1]_CO[3])
                                                      0.550     3.254 r  u_rq/rq_reg[7]_i_159/CO[3]
                         net (fo=1, routed)           0.000     3.254    u_rq/rq_reg[7]_i_159_n_0
    SLICE_X35Y99         CARRY4 (Prop_carry4_CI_O[1])
                                                      0.334     3.588 r  u_rq/rq_reg[7]_i_63/O[1]
                         net (fo=5, routed)           0.882     4.469    u_rq/acc_r3_reg__2[58]
    SLICE_X41Y101        LUT5 (Prop_lut5_I4_O)        0.303     4.772 r  u_rq/rq[7]_i_464/O
                         net (fo=1, routed)           0.000     4.772    u_rq/rq[7]_i_464_n_0
    SLICE_X41Y101        CARRY4 (Prop_carry4_S[2]_CO[3])
                                                      0.398     5.170 r  u_rq/rq_reg[7]_i_287/CO[3]
                         net (fo=1, routed)           0.000     5.170    u_rq/rq_reg[7]_i_287_n_0
    SLICE_X41Y102        CARRY4 (Prop_carry4_CI_O[3])
                                                      0.313     5.483 f  u_rq/rq_reg[7]_i_132/O[3]
                         net (fo=64, routed)          0.980     6.464    u_rq/rq_reg[7]_i_132_n_4
    SLICE_X42Y98         LUT6 (Prop_lut6_I0_O)        0.306     6.770 f  u_rq/rq[7]_i_186/O
                         net (fo=4, routed)           0.338     7.108    u_rq/rq[7]_i_186_n_0
    SLICE_X42Y97         LUT6 (Prop_lut6_I3_O)        0.124     7.232 f  u_rq/rq[7]_i_73/O
                         net (fo=4, routed)           0.898     8.130    u_rq/rq[7]_i_73_n_0
    SLICE_X43Y97         LUT6 (Prop_lut6_I0_O)        0.124     8.254 f  u_rq/rq[7]_i_20/O
                         net (fo=1, routed)           0.000     8.254    u_rq/rq[7]_i_20_n_0
    SLICE_X43Y97         MUXF7 (Prop_muxf7_I1_O)      0.217     8.471 f  u_rq/rq_reg[7]_i_4/O
                         net (fo=5, routed)           0.499     8.970    u_rq/rq_reg[7]_i_4_n_0
    SLICE_X38Y98         LUT6 (Prop_lut6_I0_O)        0.299     9.269 r  u_rq/rq[7]_i_812/O
                         net (fo=1, routed)           0.884    10.153    u_rq/rq[7]_i_812_n_0
    SLICE_X40Y99         CARRY4 (Prop_carry4_DI[3]_CO[3])
                                                      0.385    10.538 r  u_rq/rq_reg[7]_i_702/CO[3]
                         net (fo=1, routed)           0.001    10.539    u_rq/rq_reg[7]_i_702_n_0
    SLICE_X40Y100        CARRY4 (Prop_carry4_CI_CO[3])
                                                      0.114    10.653 r  u_rq/rq_reg[7]_i_594/CO[3]
                         net (fo=1, routed)           0.000    10.653    u_rq/rq_reg[7]_i_594_n_0
    SLICE_X40Y101        CARRY4 (Prop_carry4_CI_CO[3])
                                                      0.114    10.767 r  u_rq/rq_reg[7]_i_388/CO[3]
                         net (fo=1, routed)           0.000    10.767    u_rq/rq_reg[7]_i_388_n_0
    SLICE_X40Y102        CARRY4 (Prop_carry4_CI_CO[3])
                                                      0.114    10.881 r  u_rq/rq_reg[7]_i_238/CO[3]
                         net (fo=1, routed)           0.000    10.881    u_rq/rq_reg[7]_i_238_n_0
    SLICE_X40Y103        CARRY4 (Prop_carry4_CI_CO[3])
                                                      0.114    10.995 r  u_rq/rq_reg[7]_i_107/CO[3]
                         net (fo=1, routed)           0.000    10.995    u_rq/rq_reg[7]_i_107_n_0
    SLICE_X40Y104        CARRY4 (Prop_carry4_CI_CO[3])
                                                      0.114    11.109 r  u_rq/rq_reg[7]_i_38/CO[3]
                         net (fo=1, routed)           0.000    11.109    u_rq/rq_reg[7]_i_38_n_0
    SLICE_X40Y105        CARRY4 (Prop_carry4_CI_CO[3])
                                                      0.114    11.223 r  u_rq/rq_reg[7]_i_9/CO[3]
                         net (fo=1, routed)           0.000    11.223    u_rq/rq_reg[7]_i_9_n_0
    SLICE_X40Y106        CARRY4 (Prop_carry4_CI_CO[3])
                                                      0.114    11.337 r  u_rq/rq_reg[7]_i_3/CO[3]
                         net (fo=2, routed)           0.638    11.975    u_rq/acc_sat1
    SLICE_X39Y107        LUT2 (Prop_lut2_I1_O)        0.124    12.099 r  u_rq/rq[7]_i_1/O
                         net (fo=7, routed)           0.399    12.498    u_rq/rq[7]_i_1_n_0
    SLICE_X38Y107        FDRE                                         r  u_rq/rq_reg[2]/R
  -------------------------------------------------------------------    -------------------

                         (clock ACLK rise edge)      10.000    10.000 r  
                                                      0.000    10.000 r  clk (IN)
                         net (fo=886, unset)          0.924    10.924    u_rq/clk
    SLICE_X38Y107        FDRE                                         r  u_rq/rq_reg[2]/C
                         clock pessimism              0.000    10.924    
                         clock uncertainty           -0.035    10.889    
    SLICE_X38Y107        FDRE (Setup_fdre_C_R)       -0.524    10.365    u_rq/rq_reg[2]
  -------------------------------------------------------------------
                         required time                         10.365    
                         arrival time                         -12.498    
  -------------------------------------------------------------------
                         slack                                 -2.133    

Slack (VIOLATED) :        -2.133ns  (required time - arrival time)
  Source:                 u_rq/rq[7]_i_343_psdsp/C
                            (rising edge-triggered cell FDRE clocked by ACLK  {rise@0.000ns fall@5.000ns period=10.000ns})
  Destination:            u_rq/rq_reg[5]/R
                            (rising edge-triggered cell FDRE clocked by ACLK  {rise@0.000ns fall@5.000ns period=10.000ns})
  Path Group:             ACLK
  Path Type:              Setup (Max at Slow Process Corner)
  Requirement:            10.000ns  (ACLK rise@10.000ns - ACLK rise@0.000ns)
  Data Path Delay:        11.525ns  (logic 4.979ns (43.202%)  route 6.546ns (56.798%))
  Logic Levels:           21  (CARRY4=12 LUT2=1 LUT3=1 LUT4=1 LUT5=1 LUT6=4 MUXF7=1)
  Clock Path Skew:        -0.049ns (DCD - SCD + CPR)
    Destination Clock Delay (DCD):    0.924ns = ( 10.924 - 10.000 ) 
    Source Clock Delay      (SCD):    0.973ns
    Clock Pessimism Removal (CPR):    0.000ns
  Clock Uncertainty:      0.035ns  ((TSJ^2 + TIJ^2)^1/2 + DJ) / 2 + PE
    Total System Jitter     (TSJ):    0.071ns
    Total Input Jitter      (TIJ):    0.000ns
    Discrete Jitter          (DJ):    0.000ns
    Phase Error              (PE):    0.000ns

    Location             Delay type                Incr(ns)  Path(ns)    Netlist Resource(s)
  -------------------------------------------------------------------    -------------------
                         (clock ACLK rise edge)       0.000     0.000 r  
                                                      0.000     0.000 r  clk (IN)
                         net (fo=886, unset)          0.973     0.973    u_rq/clk
    SLICE_X35Y96         FDRE                                         r  u_rq/rq[7]_i_343_psdsp/C
  -------------------------------------------------------------------    -------------------
    SLICE_X35Y96         FDRE (Prop_fdre_C_Q)         0.456     1.429 r  u_rq/rq[7]_i_343_psdsp/Q
                         net (fo=2, routed)           0.461     1.890    u_rq/acc_mult_n_103
    SLICE_X34Y96         LUT3 (Prop_lut3_I0_O)        0.124     2.014 r  u_rq/rq[7]_i_343/O
                         net (fo=2, routed)           0.565     2.580    u_rq/rq[7]_i_343_n_0
    SLICE_X35Y98         LUT4 (Prop_lut4_I3_O)        0.124     2.704 r  u_rq/rq[7]_i_347/O
                         net (fo=1, routed)           0.000     2.704    u_rq/rq[7]_i_347_n_0
    SLICE_X35Y98         CARRY4 (Prop_carry4_S[1]_CO[3])
                                                      0.550     3.254 r  u_rq/rq_reg[7]_i_159/CO[3]
                         net (fo=1, routed)           0.000     3.254    u_rq/rq_reg[7]_i_159_n_0
    SLICE_X35Y99         CARRY4 (Prop_carry4_CI_O[1])
                                                      0.334     3.588 r  u_rq/rq_reg[7]_i_63/O[1]
                         net (fo=5, routed)           0.882     4.469    u_rq/acc_r3_reg__2[58]
    SLICE_X41Y101        LUT5 (Prop_lut5_I4_O)        0.303     4.772 r  u_rq/rq[7]_i_464/O
                         net (fo=1, routed)           0.000     4.772    u_rq/rq[7]_i_464_n_0
    SLICE_X41Y101        CARRY4 (Prop_carry4_S[2]_CO[3])
                                                      0.398     5.170 r  u_rq/rq_reg[7]_i_287/CO[3]
                         net (fo=1, routed)           0.000     5.170    u_rq/rq_reg[7]_i_287_n_0
    SLICE_X41Y102        CARRY4 (Prop_carry4_CI_O[3])
                                                      0.313     5.483 f  u_rq/rq_reg[7]_i_132/O[3]
                         net (fo=64, routed)          0.980     6.464    u_rq/rq_reg[7]_i_132_n_4
    SLICE_X42Y98         LUT6 (Prop_lut6_I0_O)        0.306     6.770 f  u_rq/rq[7]_i_186/O
                         net (fo=4, routed)           0.338     7.108    u_rq/rq[7]_i_186_n_0
    SLICE_X42Y97         LUT6 (Prop_lut6_I3_O)        0.124     7.232 f  u_rq/rq[7]_i_73/O
                         net (fo=4, routed)           0.898     8.130    u_rq/rq[7]_i_73_n_0
    SLICE_X43Y97         LUT6 (Prop_lut6_I0_O)        0.124     8.254 f  u_rq/rq[7]_i_20/O
                         net (fo=1, routed)           0.000     8.254    u_rq/rq[7]_i_20_n_0
    SLICE_X43Y97         MUXF7 (Prop_muxf7_I1_O)      0.217     8.471 f  u_rq/rq_reg[7]_i_4/O
                         net (fo=5, routed)           0.499     8.970    u_rq/rq_reg[7]_i_4_n_0
    SLICE_X38Y98         LUT6 (Prop_lut6_I0_O)        0.299     9.269 r  u_rq/rq[7]_i_812/O
                         net (fo=1, routed)           0.884    10.153    u_rq/rq[7]_i_812_n_0
    SLICE_X40Y99         CARRY4 (Prop_carry4_DI[3]_CO[3])
                                                      0.385    10.538 r  u_rq/rq_reg[7]_i_702/CO[3]
                         net (fo=1, routed)           0.001    10.539    u_rq/rq_reg[7]_i_702_n_0
    SLICE_X40Y100        CARRY4 (Prop_carry4_CI_CO[3])
                                                      0.114    10.653 r  u_rq/rq_reg[7]_i_594/CO[3]
                         net (fo=1, routed)           0.000    10.653    u_rq/rq_reg[7]_i_594_n_0
    SLICE_X40Y101        CARRY4 (Prop_carry4_CI_CO[3])
                                                      0.114    10.767 r  u_rq/rq_reg[7]_i_388/CO[3]
                         net (fo=1, routed)           0.000    10.767    u_rq/rq_reg[7]_i_388_n_0
    SLICE_X40Y102        CARRY4 (Prop_carry4_CI_CO[3])
                                                      0.114    10.881 r  u_rq/rq_reg[7]_i_238/CO[3]
                         net (fo=1, routed)           0.000    10.881    u_rq/rq_reg[7]_i_238_n_0
    SLICE_X40Y103        CARRY4 (Prop_carry4_CI_CO[3])
                                                      0.114    10.995 r  u_rq/rq_reg[7]_i_107/CO[3]
                         net (fo=1, routed)           0.000    10.995    u_rq/rq_reg[7]_i_107_n_0
    SLICE_X40Y104        CARRY4 (Prop_carry4_CI_CO[3])
                                                      0.114    11.109 r  u_rq/rq_reg[7]_i_38/CO[3]
                         net (fo=1, routed)           0.000    11.109    u_rq/rq_reg[7]_i_38_n_0
    SLICE_X40Y105        CARRY4 (Prop_carry4_CI_CO[3])
                                                      0.114    11.223 r  u_rq/rq_reg[7]_i_9/CO[3]
                         net (fo=1, routed)           0.000    11.223    u_rq/rq_reg[7]_i_9_n_0
    SLICE_X40Y106        CARRY4 (Prop_carry4_CI_CO[3])
                                                      0.114    11.337 r  u_rq/rq_reg[7]_i_3/CO[3]
                         net (fo=2, routed)           0.638    11.975    u_rq/acc_sat1
    SLICE_X39Y107        LUT2 (Prop_lut2_I1_O)        0.124    12.099 r  u_rq/rq[7]_i_1/O
                         net (fo=7, routed)           0.399    12.498    u_rq/rq[7]_i_1_n_0
    SLICE_X38Y107        FDRE                                         r  u_rq/rq_reg[5]/R
  -------------------------------------------------------------------    -------------------

                         (clock ACLK rise edge)      10.000    10.000 r  
                                                      0.000    10.000 r  clk (IN)
                         net (fo=886, unset)          0.924    10.924    u_rq/clk
    SLICE_X38Y107        FDRE                                         r  u_rq/rq_reg[5]/C
                         clock pessimism              0.000    10.924    
                         clock uncertainty           -0.035    10.889    
    SLICE_X38Y107        FDRE (Setup_fdre_C_R)       -0.524    10.365    u_rq/rq_reg[5]
  -------------------------------------------------------------------
                         required time                         10.365    
                         arrival time                         -12.498    
  -------------------------------------------------------------------
                         slack                                 -2.133    





Min Delay Paths
--------------------------------------------------------------------------------------
Slack (MET) :             0.111ns  (arrival time - required time)
  Source:                 u_mac/tag_reg_reg[1]/C
                            (rising edge-triggered cell FDRE clocked by ACLK  {rise@0.000ns fall@5.000ns period=10.000ns})
  Destination:            u_rq/tag_r3_reg[1]_srl3/D
                            (rising edge-triggered cell SRL16E clocked by ACLK  {rise@0.000ns fall@5.000ns period=10.000ns})
  Path Group:             ACLK
  Path Type:              Hold (Min at Fast Process Corner)
  Requirement:            0.000ns  (ACLK rise@0.000ns - ACLK rise@0.000ns)
  Data Path Delay:        0.242ns  (logic 0.141ns (58.248%)  route 0.101ns (41.752%))
  Logic Levels:           0  
  Clock Path Skew:        0.022ns (DCD - SCD - CPR)
    Destination Clock Delay (DCD):    0.432ns
    Source Clock Delay      (SCD):    0.410ns
    Clock Pessimism Removal (CPR):    -0.000ns

    Location             Delay type                Incr(ns)  Path(ns)    Netlist Resource(s)
  -------------------------------------------------------------------    -------------------
                         (clock ACLK rise edge)       0.000     0.000 r  
                                                      0.000     0.000 r  clk (IN)
                         net (fo=886, unset)          0.410     0.410    u_mac/clk
    SLICE_X44Y84         FDRE                                         r  u_mac/tag_reg_reg[1]/C
  -------------------------------------------------------------------    -------------------
    SLICE_X44Y84         FDRE (Prop_fdre_C_Q)         0.141     0.551 r  u_mac/tag_reg_reg[1]/Q
                         net (fo=1, routed)           0.101     0.652    u_rq/fc_param_raddr[1]
    SLICE_X46Y85         SRL16E                                       r  u_rq/tag_r3_reg[1]_srl3/D
  -------------------------------------------------------------------    -------------------

                         (clock ACLK rise edge)       0.000     0.000 r  
                                                      0.000     0.000 r  clk (IN)
                         net (fo=886, unset)          0.432     0.432    u_rq/clk
    SLICE_X46Y85         SRL16E                                       r  u_rq/tag_r3_reg[1]_srl3/CLK
                         clock pessimism              0.000     0.432    
    SLICE_X46Y85         SRL16E (Hold_srl16e_CLK_D)
                                                      0.109     0.541    u_rq/tag_r3_reg[1]_srl3
  -------------------------------------------------------------------
                         required time                         -0.541    
                         arrival time                           0.652    
  -------------------------------------------------------------------
                         slack                                  0.111    

Slack (MET) :             0.126ns  (arrival time - required time)
  Source:                 u_mac/read_meta_reg_reg[3]/C
                            (rising edge-triggered cell FDRE clocked by ACLK  {rise@0.000ns fall@5.000ns period=10.000ns})
  Destination:            u_mac/operand_meta_reg_reg[3]/D
                            (rising edge-triggered cell FDRE clocked by ACLK  {rise@0.000ns fall@5.000ns period=10.000ns})
  Path Group:             ACLK
  Path Type:              Hold (Min at Fast Process Corner)
  Requirement:            0.000ns  (ACLK rise@0.000ns - ACLK rise@0.000ns)
  Data Path Delay:        0.195ns  (logic 0.141ns (72.334%)  route 0.054ns (27.666%))
  Logic Levels:           0  
  Clock Path Skew:        0.022ns (DCD - SCD - CPR)
    Destination Clock Delay (DCD):    0.432ns
    Source Clock Delay      (SCD):    0.410ns
    Clock Pessimism Removal (CPR):    -0.000ns

    Location             Delay type                Incr(ns)  Path(ns)    Netlist Resource(s)
  -------------------------------------------------------------------    -------------------
                         (clock ACLK rise edge)       0.000     0.000 r  
                                                      0.000     0.000 r  clk (IN)
                         net (fo=886, unset)          0.410     0.410    u_mac/clk
    SLICE_X40Y82         FDRE                                         r  u_mac/read_meta_reg_reg[3]/C
  -------------------------------------------------------------------    -------------------
    SLICE_X40Y82         FDRE (Prop_fdre_C_Q)         0.141     0.551 r  u_mac/read_meta_reg_reg[3]/Q
                         net (fo=1, routed)           0.054     0.605    u_mac/read_meta_reg[3]
    SLICE_X41Y82         FDRE                                         r  u_mac/operand_meta_reg_reg[3]/D
  -------------------------------------------------------------------    -------------------

                         (clock ACLK rise edge)       0.000     0.000 r  
                                                      0.000     0.000 r  clk (IN)
                         net (fo=886, unset)          0.432     0.432    u_mac/clk
    SLICE_X41Y82         FDRE                                         r  u_mac/operand_meta_reg_reg[3]/C
                         clock pessimism              0.000     0.432    
    SLICE_X41Y82         FDRE (Hold_fdre_C_D)         0.047     0.479    u_mac/operand_meta_reg_reg[3]
  -------------------------------------------------------------------
                         required time                         -0.479    
                         arrival time                           0.605    
  -------------------------------------------------------------------
                         slack                                  0.126    

Slack (MET) :             0.134ns  (arrival time - required time)
  Source:                 u_rq/param2_reg[81]/C
                            (rising edge-triggered cell FDRE clocked by ACLK  {rise@0.000ns fall@5.000ns period=10.000ns})
  Destination:            u_rq/param3_reg[81]/D
                            (rising edge-triggered cell FDRE clocked by ACLK  {rise@0.000ns fall@5.000ns period=10.000ns})
  Path Group:             ACLK
  Path Type:              Hold (Min at Fast Process Corner)
  Requirement:            0.000ns  (ACLK rise@0.000ns - ACLK rise@0.000ns)
  Data Path Delay:        0.220ns  (logic 0.164ns (74.580%)  route 0.056ns (25.420%))
  Logic Levels:           0  
  Clock Path Skew:        0.022ns (DCD - SCD - CPR)
    Destination Clock Delay (DCD):    0.432ns
    Source Clock Delay      (SCD):    0.410ns
    Clock Pessimism Removal (CPR):    -0.000ns

    Location             Delay type                Incr(ns)  Path(ns)    Netlist Resource(s)
  -------------------------------------------------------------------    -------------------
                         (clock ACLK rise edge)       0.000     0.000 r  
                                                      0.000     0.000 r  clk (IN)
                         net (fo=886, unset)          0.410     0.410    u_rq/clk
    SLICE_X30Y106        FDRE                                         r  u_rq/param2_reg[81]/C
  -------------------------------------------------------------------    -------------------
    SLICE_X30Y106        FDRE (Prop_fdre_C_Q)         0.164     0.574 r  u_rq/param2_reg[81]/Q
                         net (fo=1, routed)           0.056     0.630    u_rq/param2[81]
    SLICE_X30Y106        FDRE                                         r  u_rq/param3_reg[81]/D
  -------------------------------------------------------------------    -------------------

                         (clock ACLK rise edge)       0.000     0.000 r  
                                                      0.000     0.000 r  clk (IN)
                         net (fo=886, unset)          0.432     0.432    u_rq/clk
    SLICE_X30Y106        FDRE                                         r  u_rq/param3_reg[81]/C
                         clock pessimism              0.000     0.432    
    SLICE_X30Y106        FDRE (Hold_fdre_C_D)         0.064     0.496    u_rq/param3_reg[81]
  -------------------------------------------------------------------
                         required time                         -0.496    
                         arrival time                           0.630    
  -------------------------------------------------------------------
                         slack                                  0.134    





Pulse Width Checks
--------------------------------------------------------------------------------------
Clock Name:         ACLK
Waveform(ns):       { 0.000 5.000 }
Period(ns):         10.000
Sources:            { clk }

Check Type        Corner  Lib Pin     Reference Pin  Required(ns)  Actual(ns)  Slack(ns)  Location      Pin
Min Period        n/a     FDRE/C      n/a            1.000         10.000      9.000      SLICE_X35Y80  u_mac/acc_reg_reg[0]/C
Min Period        n/a     FDRE/C      n/a            1.000         10.000      9.000      SLICE_X35Y82  u_mac/acc_reg_reg[10]/C
Min Period        n/a     FDRE/C      n/a            1.000         10.000      9.000      SLICE_X35Y82  u_mac/acc_reg_reg[11]/C
Low Pulse Width   Fast    SRL16E/CLK  n/a            0.980         5.000       4.020      SLICE_X46Y85  u_rq/tag_r3_reg[0]_srl3/CLK
Low Pulse Width   Fast    SRL16E/CLK  n/a            0.980         5.000       4.020      SLICE_X46Y85  u_rq/tag_r3_reg[1]_srl3/CLK
Low Pulse Width   Fast    SRL16E/CLK  n/a            0.980         5.000       4.020      SLICE_X46Y85  u_rq/tag_r3_reg[2]_srl3/CLK
High Pulse Width  Slow    SRL16E/CLK  n/a            0.980         5.000       4.020      SLICE_X46Y85  u_rq/tag_r3_reg[0]_srl3/CLK
High Pulse Width  Fast    SRL16E/CLK  n/a            0.980         5.000       4.020      SLICE_X46Y85  u_rq/tag_r3_reg[0]_srl3/CLK
High Pulse Width  Slow    SRL16E/CLK  n/a            0.980         5.000       4.020      SLICE_X46Y85  u_rq/tag_r3_reg[1]_srl3/CLK



