Copyright 1986-2020 Xilinx, Inc. All Rights Reserved.
---------------------------------------------------------------------------------------------------------------------------------------------------------------------------------
| Tool Version : Vivado v.2020.2 (win64) Build 3064766 Wed Nov 18 09:12:45 MST 2020
| Date         : Sat Sep 26 19:57:13 2026
| Host         : DESKTOP-7CFQ9ND running 64-bit major release  (build 9200)
| Command      : report_timing -max_paths 3 -nworst 1 -input_pins -delay_type max -file D:/2609_final_project/cnn_rtl/docs/E-02a_runs/fc_performance_10.000/post_synth_paths.rpt
| Design       : fc_mac_requant_ooc
| Device       : 7z020-clg400
| Speed File   : -1  PRODUCTION 1.12 2019-11-22
---------------------------------------------------------------------------------------------------------------------------------------------------------------------------------

Timing Report

Slack (VIOLATED) :        -3.494ns  (required time - arrival time)
  Source:                 u_rq/param3_reg[69]/C
                            (rising edge-triggered cell FDRE clocked by ACLK  {rise@0.000ns fall@5.000ns period=10.000ns})
  Destination:            u_rq/rq_reg[1]/R
                            (rising edge-triggered cell FDRE clocked by ACLK  {rise@0.000ns fall@5.000ns period=10.000ns})
  Path Group:             ACLK
  Path Type:              Setup (Max at Slow Process Corner)
  Requirement:            10.000ns  (ACLK rise@10.000ns - ACLK rise@0.000ns)
  Data Path Delay:        12.886ns  (logic 5.885ns (45.670%)  route 7.001ns (54.330%))
  Logic Levels:           31  (CARRY4=23 LUT2=1 LUT5=1 LUT6=5 MUXF7=1)
  Clock Path Skew:        -0.049ns (DCD - SCD + CPR)
    Destination Clock Delay (DCD):    0.924ns = ( 10.924 - 10.000 ) 
    Source Clock Delay      (SCD):    0.973ns
    Clock Pessimism Removal (CPR):    0.000ns
  Clock Uncertainty:      0.035ns  ((TSJ^2 + TIJ^2)^1/2 + DJ) / 2 + PE
    Total System Jitter     (TSJ):    0.071ns
    Total Input Jitter      (TIJ):    0.000ns
    Discrete Jitter          (DJ):    0.000ns
    Phase Error              (PE):    0.000ns

    Location             Delay type                Incr(ns)  Path(ns)    Netlist Resource(s)
  -------------------------------------------------------------------    -------------------
                         (clock ACLK rise edge)       0.000     0.000 r  
                                                      0.000     0.000 r  clk (IN)
                         net (fo=788, unset)          0.973     0.973    u_rq/clk
                         FDRE                                         r  u_rq/param3_reg[69]/C
  -------------------------------------------------------------------    -------------------
                         FDRE (Prop_fdre_C_Q)         0.518     1.491 r  u_rq/param3_reg[69]/Q
                         net (fo=160, unplaced)       1.076     2.567    u_rq/p_0_in[5]
                                                                      r  u_rq/rq[7]_i_692/I0
                         LUT6 (Prop_lut6_I0_O)        0.295     2.862 r  u_rq/rq[7]_i_692/O
                         net (fo=16, unplaced)        0.503     3.365    u_rq/rq[7]_i_692_n_0
                                                                      r  u_rq/rq[3]_i_19/I0
                         LUT5 (Prop_lut5_I0_O)        0.124     3.489 r  u_rq/rq[3]_i_19/O
                         net (fo=1, unplaced)         0.000     3.489    u_rq/rq[3]_i_19_n_0
                                                                      r  u_rq/rq_reg[3]_i_12/S[1]
                         CARRY4 (Prop_carry4_S[1]_CO[3])
                                                      0.533     4.022 r  u_rq/rq_reg[3]_i_12/CO[3]
                         net (fo=1, unplaced)         0.009     4.031    u_rq/rq_reg[3]_i_12_n_0
                                                                      r  u_rq/rq_reg[7]_i_374/CI
                         CARRY4 (Prop_carry4_CI_CO[3])
                                                      0.117     4.148 r  u_rq/rq_reg[7]_i_374/CO[3]
                         net (fo=1, unplaced)         0.000     4.148    u_rq/rq_reg[7]_i_374_n_0
                                                                      r  u_rq/rq_reg[7]_i_373/CI
                         CARRY4 (Prop_carry4_CI_CO[3])
                                                      0.117     4.265 r  u_rq/rq_reg[7]_i_373/CO[3]
                         net (fo=1, unplaced)         0.000     4.265    u_rq/rq_reg[7]_i_373_n_0
                                                                      r  u_rq/rq_reg[7]_i_367/CI
                         CARRY4 (Prop_carry4_CI_CO[3])
                                                      0.117     4.382 r  u_rq/rq_reg[7]_i_367/CO[3]
                         net (fo=1, unplaced)         0.000     4.382    u_rq/rq_reg[7]_i_367_n_0
                                                                      r  u_rq/rq_reg[7]_i_370/CI
                         CARRY4 (Prop_carry4_CI_CO[3])
                                                      0.117     4.499 r  u_rq/rq_reg[7]_i_370/CO[3]
                         net (fo=1, unplaced)         0.000     4.499    u_rq/rq_reg[7]_i_370_n_0
                                                                      r  u_rq/rq_reg[7]_i_364/CI
                         CARRY4 (Prop_carry4_CI_CO[3])
                                                      0.117     4.616 r  u_rq/rq_reg[7]_i_364/CO[3]
                         net (fo=1, unplaced)         0.000     4.616    u_rq/rq_reg[7]_i_364_n_0
                                                                      r  u_rq/rq_reg[7]_i_371/CI
                         CARRY4 (Prop_carry4_CI_CO[3])
                                                      0.117     4.733 r  u_rq/rq_reg[7]_i_371/CO[3]
                         net (fo=1, unplaced)         0.000     4.733    u_rq/rq_reg[7]_i_371_n_0
                                                                      r  u_rq/rq_reg[7]_i_365/CI
                         CARRY4 (Prop_carry4_CI_CO[3])
                                                      0.117     4.850 r  u_rq/rq_reg[7]_i_365/CO[3]
                         net (fo=1, unplaced)         0.000     4.850    u_rq/rq_reg[7]_i_365_n_0
                                                                      r  u_rq/rq_reg[7]_i_368/CI
                         CARRY4 (Prop_carry4_CI_CO[3])
                                                      0.117     4.967 r  u_rq/rq_reg[7]_i_368/CO[3]
                         net (fo=1, unplaced)         0.000     4.967    u_rq/rq_reg[7]_i_368_n_0
                                                                      r  u_rq/rq_reg[7]_i_362/CI
                         CARRY4 (Prop_carry4_CI_CO[3])
                                                      0.117     5.084 r  u_rq/rq_reg[7]_i_362/CO[3]
                         net (fo=1, unplaced)         0.000     5.084    u_rq/rq_reg[7]_i_362_n_0
                                                                      r  u_rq/rq_reg[7]_i_372/CI
                         CARRY4 (Prop_carry4_CI_CO[3])
                                                      0.117     5.201 r  u_rq/rq_reg[7]_i_372/CO[3]
                         net (fo=1, unplaced)         0.000     5.201    u_rq/rq_reg[7]_i_372_n_0
                                                                      r  u_rq/rq_reg[7]_i_366/CI
                         CARRY4 (Prop_carry4_CI_CO[3])
                                                      0.117     5.318 r  u_rq/rq_reg[7]_i_366/CO[3]
                         net (fo=1, unplaced)         0.000     5.318    u_rq/rq_reg[7]_i_366_n_0
                                                                      r  u_rq/rq_reg[7]_i_369/CI
                         CARRY4 (Prop_carry4_CI_CO[3])
                                                      0.117     5.435 r  u_rq/rq_reg[7]_i_369/CO[3]
                         net (fo=1, unplaced)         0.000     5.435    u_rq/rq_reg[7]_i_369_n_0
                                                                      r  u_rq/rq_reg[7]_i_363/CI
                         CARRY4 (Prop_carry4_CI_CO[3])
                                                      0.117     5.552 r  u_rq/rq_reg[7]_i_363/CO[3]
                         net (fo=1, unplaced)         0.000     5.552    u_rq/rq_reg[7]_i_363_n_0
                                                                      r  u_rq/rq_reg[7]_i_287/CI
                         CARRY4 (Prop_carry4_CI_CO[3])
                                                      0.117     5.669 r  u_rq/rq_reg[7]_i_287/CO[3]
                         net (fo=1, unplaced)         0.000     5.669    u_rq/rq_reg[7]_i_287_n_0
                                                                      r  u_rq/rq_reg[7]_i_132/CI
                         CARRY4 (Prop_carry4_CI_O[3])
                                                      0.331     6.000 f  u_rq/rq_reg[7]_i_132/O[3]
                         net (fo=64, unplaced)        0.706     6.706    u_rq/rq_reg[7]_i_132_n_4
                                                                      f  u_rq/rq[7]_i_190/I0
                         LUT6 (Prop_lut6_I0_O)        0.307     7.013 f  u_rq/rq[7]_i_190/O
                         net (fo=4, unplaced)         0.926     7.939    u_rq/rq[7]_i_190_n_0
                                                                      f  u_rq/rq[7]_i_985/I1
                         LUT6 (Prop_lut6_I1_O)        0.124     8.063 f  u_rq/rq[7]_i_985/O
                         net (fo=4, unplaced)         0.926     8.989    u_rq/rq[7]_i_985_n_0
                                                                      f  u_rq/rq[7]_i_928/I1
                         LUT6 (Prop_lut6_I1_O)        0.124     9.113 f  u_rq/rq[7]_i_928/O
                         net (fo=1, unplaced)         0.000     9.113    u_rq/rq[7]_i_928_n_0
                                                                      f  u_rq/rq_reg[7]_i_828/I1
                         MUXF7 (Prop_muxf7_I1_O)      0.247     9.360 f  u_rq/rq_reg[7]_i_828/O
                         net (fo=4, unplaced)         0.476     9.836    u_rq/rq_reg[7]_i_828_n_0
                                                                      f  u_rq/rq[7]_i_705/I2
                         LUT6 (Prop_lut6_I2_O)        0.298    10.134 r  u_rq/rq[7]_i_705/O
                         net (fo=1, unplaced)         0.639    10.773    u_rq/rq[7]_i_705_n_0
                                                                      r  u_rq/rq_reg[7]_i_594/DI[1]
                         CARRY4 (Prop_carry4_DI[1]_CO[3])
                                                      0.520    11.293 r  u_rq/rq_reg[7]_i_594/CO[3]
                         net (fo=1, unplaced)         0.000    11.293    u_rq/rq_reg[7]_i_594_n_0
                                                                      r  u_rq/rq_reg[7]_i_388/CI
                         CARRY4 (Prop_carry4_CI_CO[3])
                                                      0.117    11.410 r  u_rq/rq_reg[7]_i_388/CO[3]
                         net (fo=1, unplaced)         0.000    11.410    u_rq/rq_reg[7]_i_388_n_0
                                                                      r  u_rq/rq_reg[7]_i_238/CI
                         CARRY4 (Prop_carry4_CI_CO[3])
                                                      0.117    11.527 r  u_rq/rq_reg[7]_i_238/CO[3]
                         net (fo=1, unplaced)         0.000    11.527    u_rq/rq_reg[7]_i_238_n_0
                                                                      r  u_rq/rq_reg[7]_i_107/CI
                         CARRY4 (Prop_carry4_CI_CO[3])
                                                      0.117    11.644 r  u_rq/rq_reg[7]_i_107/CO[3]
                         net (fo=1, unplaced)         0.000    11.644    u_rq/rq_reg[7]_i_107_n_0
                                                                      r  u_rq/rq_reg[7]_i_38/CI
                         CARRY4 (Prop_carry4_CI_CO[3])
                                                      0.117    11.761 r  u_rq/rq_reg[7]_i_38/CO[3]
                         net (fo=1, unplaced)         0.000    11.761    u_rq/rq_reg[7]_i_38_n_0
                                                                      r  u_rq/rq_reg[7]_i_9/CI
                         CARRY4 (Prop_carry4_CI_CO[3])
                                                      0.117    11.878 r  u_rq/rq_reg[7]_i_9/CO[3]
                         net (fo=1, unplaced)         0.000    11.878    u_rq/rq_reg[7]_i_9_n_0
                                                                      r  u_rq/rq_reg[7]_i_3/CI
                         CARRY4 (Prop_carry4_CI_CO[3])
                                                      0.117    11.995 r  u_rq/rq_reg[7]_i_3/CO[3]
                         net (fo=2, unplaced)         0.929    12.924    u_rq/acc_sat1
                                                                      r  u_rq/rq[7]_i_1/I1
                         LUT2 (Prop_lut2_I1_O)        0.124    13.048 r  u_rq/rq[7]_i_1/O
                         net (fo=7, unplaced)         0.811    13.859    u_rq/rq[7]_i_1_n_0
                         FDRE                                         r  u_rq/rq_reg[1]/R
  -------------------------------------------------------------------    -------------------

                         (clock ACLK rise edge)      10.000    10.000 r  
                                                      0.000    10.000 r  clk (IN)
                         net (fo=788, unset)          0.924    10.924    u_rq/clk
                         FDRE                                         r  u_rq/rq_reg[1]/C
                         clock pessimism              0.000    10.924    
                         clock uncertainty           -0.035    10.889    
                         FDRE (Setup_fdre_C_R)       -0.524    10.365    u_rq/rq_reg[1]
  -------------------------------------------------------------------
                         required time                         10.365    
                         arrival time                         -13.859    
  -------------------------------------------------------------------
                         slack                                 -3.494    

Slack (VIOLATED) :        -3.494ns  (required time - arrival time)
  Source:                 u_rq/param3_reg[69]/C
                            (rising edge-triggered cell FDRE clocked by ACLK  {rise@0.000ns fall@5.000ns period=10.000ns})
  Destination:            u_rq/rq_reg[2]/R
                            (rising edge-triggered cell FDRE clocked by ACLK  {rise@0.000ns fall@5.000ns period=10.000ns})
  Path Group:             ACLK
  Path Type:              Setup (Max at Slow Process Corner)
  Requirement:            10.000ns  (ACLK rise@10.000ns - ACLK rise@0.000ns)
  Data Path Delay:        12.886ns  (logic 5.885ns (45.670%)  route 7.001ns (54.330%))
  Logic Levels:           31  (CARRY4=23 LUT2=1 LUT5=1 LUT6=5 MUXF7=1)
  Clock Path Skew:        -0.049ns (DCD - SCD + CPR)
    Destination Clock Delay (DCD):    0.924ns = ( 10.924 - 10.000 ) 
    Source Clock Delay      (SCD):    0.973ns
    Clock Pessimism Removal (CPR):    0.000ns
  Clock Uncertainty:      0.035ns  ((TSJ^2 + TIJ^2)^1/2 + DJ) / 2 + PE
    Total System Jitter     (TSJ):    0.071ns
    Total Input Jitter      (TIJ):    0.000ns
    Discrete Jitter          (DJ):    0.000ns
    Phase Error              (PE):    0.000ns

    Location             Delay type                Incr(ns)  Path(ns)    Netlist Resource(s)
  -------------------------------------------------------------------    -------------------
                         (clock ACLK rise edge)       0.000     0.000 r  
                                                      0.000     0.000 r  clk (IN)
                         net (fo=788, unset)          0.973     0.973    u_rq/clk
                         FDRE                                         r  u_rq/param3_reg[69]/C
  -------------------------------------------------------------------    -------------------
                         FDRE (Prop_fdre_C_Q)         0.518     1.491 r  u_rq/param3_reg[69]/Q
                         net (fo=160, unplaced)       1.076     2.567    u_rq/p_0_in[5]
                                                                      r  u_rq/rq[7]_i_692/I0
                         LUT6 (Prop_lut6_I0_O)        0.295     2.862 r  u_rq/rq[7]_i_692/O
                         net (fo=16, unplaced)        0.503     3.365    u_rq/rq[7]_i_692_n_0
                                                                      r  u_rq/rq[3]_i_19/I0
                         LUT5 (Prop_lut5_I0_O)        0.124     3.489 r  u_rq/rq[3]_i_19/O
                         net (fo=1, unplaced)         0.000     3.489    u_rq/rq[3]_i_19_n_0
                                                                      r  u_rq/rq_reg[3]_i_12/S[1]
                         CARRY4 (Prop_carry4_S[1]_CO[3])
                                                      0.533     4.022 r  u_rq/rq_reg[3]_i_12/CO[3]
                         net (fo=1, unplaced)         0.009     4.031    u_rq/rq_reg[3]_i_12_n_0
                                                                      r  u_rq/rq_reg[7]_i_374/CI
                         CARRY4 (Prop_carry4_CI_CO[3])
                                                      0.117     4.148 r  u_rq/rq_reg[7]_i_374/CO[3]
                         net (fo=1, unplaced)         0.000     4.148    u_rq/rq_reg[7]_i_374_n_0
                                                                      r  u_rq/rq_reg[7]_i_373/CI
                         CARRY4 (Prop_carry4_CI_CO[3])
                                                      0.117     4.265 r  u_rq/rq_reg[7]_i_373/CO[3]
                         net (fo=1, unplaced)         0.000     4.265    u_rq/rq_reg[7]_i_373_n_0
                                                                      r  u_rq/rq_reg[7]_i_367/CI
                         CARRY4 (Prop_carry4_CI_CO[3])
                                                      0.117     4.382 r  u_rq/rq_reg[7]_i_367/CO[3]
                         net (fo=1, unplaced)         0.000     4.382    u_rq/rq_reg[7]_i_367_n_0
                                                                      r  u_rq/rq_reg[7]_i_370/CI
                         CARRY4 (Prop_carry4_CI_CO[3])
                                                      0.117     4.499 r  u_rq/rq_reg[7]_i_370/CO[3]
                         net (fo=1, unplaced)         0.000     4.499    u_rq/rq_reg[7]_i_370_n_0
                                                                      r  u_rq/rq_reg[7]_i_364/CI
                         CARRY4 (Prop_carry4_CI_CO[3])
                                                      0.117     4.616 r  u_rq/rq_reg[7]_i_364/CO[3]
                         net (fo=1, unplaced)         0.000     4.616    u_rq/rq_reg[7]_i_364_n_0
                                                                      r  u_rq/rq_reg[7]_i_371/CI
                         CARRY4 (Prop_carry4_CI_CO[3])
                                                      0.117     4.733 r  u_rq/rq_reg[7]_i_371/CO[3]
                         net (fo=1, unplaced)         0.000     4.733    u_rq/rq_reg[7]_i_371_n_0
                                                                      r  u_rq/rq_reg[7]_i_365/CI
                         CARRY4 (Prop_carry4_CI_CO[3])
                                                      0.117     4.850 r  u_rq/rq_reg[7]_i_365/CO[3]
                         net (fo=1, unplaced)         0.000     4.850    u_rq/rq_reg[7]_i_365_n_0
                                                                      r  u_rq/rq_reg[7]_i_368/CI
                         CARRY4 (Prop_carry4_CI_CO[3])
                                                      0.117     4.967 r  u_rq/rq_reg[7]_i_368/CO[3]
                         net (fo=1, unplaced)         0.000     4.967    u_rq/rq_reg[7]_i_368_n_0
                                                                      r  u_rq/rq_reg[7]_i_362/CI
                         CARRY4 (Prop_carry4_CI_CO[3])
                                                      0.117     5.084 r  u_rq/rq_reg[7]_i_362/CO[3]
                         net (fo=1, unplaced)         0.000     5.084    u_rq/rq_reg[7]_i_362_n_0
                                                                      r  u_rq/rq_reg[7]_i_372/CI
                         CARRY4 (Prop_carry4_CI_CO[3])
                                                      0.117     5.201 r  u_rq/rq_reg[7]_i_372/CO[3]
                         net (fo=1, unplaced)         0.000     5.201    u_rq/rq_reg[7]_i_372_n_0
                                                                      r  u_rq/rq_reg[7]_i_366/CI
                         CARRY4 (Prop_carry4_CI_CO[3])
                                                      0.117     5.318 r  u_rq/rq_reg[7]_i_366/CO[3]
                         net (fo=1, unplaced)         0.000     5.318    u_rq/rq_reg[7]_i_366_n_0
                                                                      r  u_rq/rq_reg[7]_i_369/CI
                         CARRY4 (Prop_carry4_CI_CO[3])
                                                      0.117     5.435 r  u_rq/rq_reg[7]_i_369/CO[3]
                         net (fo=1, unplaced)         0.000     5.435    u_rq/rq_reg[7]_i_369_n_0
                                                                      r  u_rq/rq_reg[7]_i_363/CI
                         CARRY4 (Prop_carry4_CI_CO[3])
                                                      0.117     5.552 r  u_rq/rq_reg[7]_i_363/CO[3]
                         net (fo=1, unplaced)         0.000     5.552    u_rq/rq_reg[7]_i_363_n_0
                                                                      r  u_rq/rq_reg[7]_i_287/CI
                         CARRY4 (Prop_carry4_CI_CO[3])
                                                      0.117     5.669 r  u_rq/rq_reg[7]_i_287/CO[3]
                         net (fo=1, unplaced)         0.000     5.669    u_rq/rq_reg[7]_i_287_n_0
                                                                      r  u_rq/rq_reg[7]_i_132/CI
                         CARRY4 (Prop_carry4_CI_O[3])
                                                      0.331     6.000 f  u_rq/rq_reg[7]_i_132/O[3]
                         net (fo=64, unplaced)        0.706     6.706    u_rq/rq_reg[7]_i_132_n_4
                                                                      f  u_rq/rq[7]_i_190/I0
                         LUT6 (Prop_lut6_I0_O)        0.307     7.013 f  u_rq/rq[7]_i_190/O
                         net (fo=4, unplaced)         0.926     7.939    u_rq/rq[7]_i_190_n_0
                                                                      f  u_rq/rq[7]_i_985/I1
                         LUT6 (Prop_lut6_I1_O)        0.124     8.063 f  u_rq/rq[7]_i_985/O
                         net (fo=4, unplaced)         0.926     8.989    u_rq/rq[7]_i_985_n_0
                                                                      f  u_rq/rq[7]_i_928/I1
                         LUT6 (Prop_lut6_I1_O)        0.124     9.113 f  u_rq/rq[7]_i_928/O
                         net (fo=1, unplaced)         0.000     9.113    u_rq/rq[7]_i_928_n_0
                                                                      f  u_rq/rq_reg[7]_i_828/I1
                         MUXF7 (Prop_muxf7_I1_O)      0.247     9.360 f  u_rq/rq_reg[7]_i_828/O
                         net (fo=4, unplaced)         0.476     9.836    u_rq/rq_reg[7]_i_828_n_0
                                                                      f  u_rq/rq[7]_i_705/I2
                         LUT6 (Prop_lut6_I2_O)        0.298    10.134 r  u_rq/rq[7]_i_705/O
                         net (fo=1, unplaced)         0.639    10.773    u_rq/rq[7]_i_705_n_0
                                                                      r  u_rq/rq_reg[7]_i_594/DI[1]
                         CARRY4 (Prop_carry4_DI[1]_CO[3])
                                                      0.520    11.293 r  u_rq/rq_reg[7]_i_594/CO[3]
                         net (fo=1, unplaced)         0.000    11.293    u_rq/rq_reg[7]_i_594_n_0
                                                                      r  u_rq/rq_reg[7]_i_388/CI
                         CARRY4 (Prop_carry4_CI_CO[3])
                                                      0.117    11.410 r  u_rq/rq_reg[7]_i_388/CO[3]
                         net (fo=1, unplaced)         0.000    11.410    u_rq/rq_reg[7]_i_388_n_0
                                                                      r  u_rq/rq_reg[7]_i_238/CI
                         CARRY4 (Prop_carry4_CI_CO[3])
                                                      0.117    11.527 r  u_rq/rq_reg[7]_i_238/CO[3]
                         net (fo=1, unplaced)         0.000    11.527    u_rq/rq_reg[7]_i_238_n_0
                                                                      r  u_rq/rq_reg[7]_i_107/CI
                         CARRY4 (Prop_carry4_CI_CO[3])
                                                      0.117    11.644 r  u_rq/rq_reg[7]_i_107/CO[3]
                         net (fo=1, unplaced)         0.000    11.644    u_rq/rq_reg[7]_i_107_n_0
                                                                      r  u_rq/rq_reg[7]_i_38/CI
                         CARRY4 (Prop_carry4_CI_CO[3])
                                                      0.117    11.761 r  u_rq/rq_reg[7]_i_38/CO[3]
                         net (fo=1, unplaced)         0.000    11.761    u_rq/rq_reg[7]_i_38_n_0
                                                                      r  u_rq/rq_reg[7]_i_9/CI
                         CARRY4 (Prop_carry4_CI_CO[3])
                                                      0.117    11.878 r  u_rq/rq_reg[7]_i_9/CO[3]
                         net (fo=1, unplaced)         0.000    11.878    u_rq/rq_reg[7]_i_9_n_0
                                                                      r  u_rq/rq_reg[7]_i_3/CI
                         CARRY4 (Prop_carry4_CI_CO[3])
                                                      0.117    11.995 r  u_rq/rq_reg[7]_i_3/CO[3]
                         net (fo=2, unplaced)         0.929    12.924    u_rq/acc_sat1
                                                                      r  u_rq/rq[7]_i_1/I1
                         LUT2 (Prop_lut2_I1_O)        0.124    13.048 r  u_rq/rq[7]_i_1/O
                         net (fo=7, unplaced)         0.811    13.859    u_rq/rq[7]_i_1_n_0
                         FDRE                                         r  u_rq/rq_reg[2]/R
  -------------------------------------------------------------------    -------------------

                         (clock ACLK rise edge)      10.000    10.000 r  
                                                      0.000    10.000 r  clk (IN)
                         net (fo=788, unset)          0.924    10.924    u_rq/clk
                         FDRE                                         r  u_rq/rq_reg[2]/C
                         clock pessimism              0.000    10.924    
                         clock uncertainty           -0.035    10.889    
                         FDRE (Setup_fdre_C_R)       -0.524    10.365    u_rq/rq_reg[2]
  -------------------------------------------------------------------
                         required time                         10.365    
                         arrival time                         -13.859    
  -------------------------------------------------------------------
                         slack                                 -3.494    

Slack (VIOLATED) :        -3.494ns  (required time - arrival time)
  Source:                 u_rq/param3_reg[69]/C
                            (rising edge-triggered cell FDRE clocked by ACLK  {rise@0.000ns fall@5.000ns period=10.000ns})
  Destination:            u_rq/rq_reg[3]/R
                            (rising edge-triggered cell FDRE clocked by ACLK  {rise@0.000ns fall@5.000ns period=10.000ns})
  Path Group:             ACLK
  Path Type:              Setup (Max at Slow Process Corner)
  Requirement:            10.000ns  (ACLK rise@10.000ns - ACLK rise@0.000ns)
  Data Path Delay:        12.886ns  (logic 5.885ns (45.670%)  route 7.001ns (54.330%))
  Logic Levels:           31  (CARRY4=23 LUT2=1 LUT5=1 LUT6=5 MUXF7=1)
  Clock Path Skew:        -0.049ns (DCD - SCD + CPR)
    Destination Clock Delay (DCD):    0.924ns = ( 10.924 - 10.000 ) 
    Source Clock Delay      (SCD):    0.973ns
    Clock Pessimism Removal (CPR):    0.000ns
  Clock Uncertainty:      0.035ns  ((TSJ^2 + TIJ^2)^1/2 + DJ) / 2 + PE
    Total System Jitter     (TSJ):    0.071ns
    Total Input Jitter      (TIJ):    0.000ns
    Discrete Jitter          (DJ):    0.000ns
    Phase Error              (PE):    0.000ns

    Location             Delay type                Incr(ns)  Path(ns)    Netlist Resource(s)
  -------------------------------------------------------------------    -------------------
                         (clock ACLK rise edge)       0.000     0.000 r  
                                                      0.000     0.000 r  clk (IN)
                         net (fo=788, unset)          0.973     0.973    u_rq/clk
                         FDRE                                         r  u_rq/param3_reg[69]/C
  -------------------------------------------------------------------    -------------------
                         FDRE (Prop_fdre_C_Q)         0.518     1.491 r  u_rq/param3_reg[69]/Q
                         net (fo=160, unplaced)       1.076     2.567    u_rq/p_0_in[5]
                                                                      r  u_rq/rq[7]_i_692/I0
                         LUT6 (Prop_lut6_I0_O)        0.295     2.862 r  u_rq/rq[7]_i_692/O
                         net (fo=16, unplaced)        0.503     3.365    u_rq/rq[7]_i_692_n_0
                                                                      r  u_rq/rq[3]_i_19/I0
                         LUT5 (Prop_lut5_I0_O)        0.124     3.489 r  u_rq/rq[3]_i_19/O
                         net (fo=1, unplaced)         0.000     3.489    u_rq/rq[3]_i_19_n_0
                                                                      r  u_rq/rq_reg[3]_i_12/S[1]
                         CARRY4 (Prop_carry4_S[1]_CO[3])
                                                      0.533     4.022 r  u_rq/rq_reg[3]_i_12/CO[3]
                         net (fo=1, unplaced)         0.009     4.031    u_rq/rq_reg[3]_i_12_n_0
                                                                      r  u_rq/rq_reg[7]_i_374/CI
                         CARRY4 (Prop_carry4_CI_CO[3])
                                                      0.117     4.148 r  u_rq/rq_reg[7]_i_374/CO[3]
                         net (fo=1, unplaced)         0.000     4.148    u_rq/rq_reg[7]_i_374_n_0
                                                                      r  u_rq/rq_reg[7]_i_373/CI
                         CARRY4 (Prop_carry4_CI_CO[3])
                                                      0.117     4.265 r  u_rq/rq_reg[7]_i_373/CO[3]
                         net (fo=1, unplaced)         0.000     4.265    u_rq/rq_reg[7]_i_373_n_0
                                                                      r  u_rq/rq_reg[7]_i_367/CI
                         CARRY4 (Prop_carry4_CI_CO[3])
                                                      0.117     4.382 r  u_rq/rq_reg[7]_i_367/CO[3]
                         net (fo=1, unplaced)         0.000     4.382    u_rq/rq_reg[7]_i_367_n_0
                                                                      r  u_rq/rq_reg[7]_i_370/CI
                         CARRY4 (Prop_carry4_CI_CO[3])
                                                      0.117     4.499 r  u_rq/rq_reg[7]_i_370/CO[3]
                         net (fo=1, unplaced)         0.000     4.499    u_rq/rq_reg[7]_i_370_n_0
                                                                      r  u_rq/rq_reg[7]_i_364/CI
                         CARRY4 (Prop_carry4_CI_CO[3])
                                                      0.117     4.616 r  u_rq/rq_reg[7]_i_364/CO[3]
                         net (fo=1, unplaced)         0.000     4.616    u_rq/rq_reg[7]_i_364_n_0
                                                                      r  u_rq/rq_reg[7]_i_371/CI
                         CARRY4 (Prop_carry4_CI_CO[3])
                                                      0.117     4.733 r  u_rq/rq_reg[7]_i_371/CO[3]
                         net (fo=1, unplaced)         0.000     4.733    u_rq/rq_reg[7]_i_371_n_0
                                                                      r  u_rq/rq_reg[7]_i_365/CI
                         CARRY4 (Prop_carry4_CI_CO[3])
                                                      0.117     4.850 r  u_rq/rq_reg[7]_i_365/CO[3]
                         net (fo=1, unplaced)         0.000     4.850    u_rq/rq_reg[7]_i_365_n_0
                                                                      r  u_rq/rq_reg[7]_i_368/CI
                         CARRY4 (Prop_carry4_CI_CO[3])
                                                      0.117     4.967 r  u_rq/rq_reg[7]_i_368/CO[3]
                         net (fo=1, unplaced)         0.000     4.967    u_rq/rq_reg[7]_i_368_n_0
                                                                      r  u_rq/rq_reg[7]_i_362/CI
                         CARRY4 (Prop_carry4_CI_CO[3])
                                                      0.117     5.084 r  u_rq/rq_reg[7]_i_362/CO[3]
                         net (fo=1, unplaced)         0.000     5.084    u_rq/rq_reg[7]_i_362_n_0
                                                                      r  u_rq/rq_reg[7]_i_372/CI
                         CARRY4 (Prop_carry4_CI_CO[3])
                                                      0.117     5.201 r  u_rq/rq_reg[7]_i_372/CO[3]
                         net (fo=1, unplaced)         0.000     5.201    u_rq/rq_reg[7]_i_372_n_0
                                                                      r  u_rq/rq_reg[7]_i_366/CI
                         CARRY4 (Prop_carry4_CI_CO[3])
                                                      0.117     5.318 r  u_rq/rq_reg[7]_i_366/CO[3]
                         net (fo=1, unplaced)         0.000     5.318    u_rq/rq_reg[7]_i_366_n_0
                                                                      r  u_rq/rq_reg[7]_i_369/CI
                         CARRY4 (Prop_carry4_CI_CO[3])
                                                      0.117     5.435 r  u_rq/rq_reg[7]_i_369/CO[3]
                         net (fo=1, unplaced)         0.000     5.435    u_rq/rq_reg[7]_i_369_n_0
                                                                      r  u_rq/rq_reg[7]_i_363/CI
                         CARRY4 (Prop_carry4_CI_CO[3])
                                                      0.117     5.552 r  u_rq/rq_reg[7]_i_363/CO[3]
                         net (fo=1, unplaced)         0.000     5.552    u_rq/rq_reg[7]_i_363_n_0
                                                                      r  u_rq/rq_reg[7]_i_287/CI
                         CARRY4 (Prop_carry4_CI_CO[3])
                                                      0.117     5.669 r  u_rq/rq_reg[7]_i_287/CO[3]
                         net (fo=1, unplaced)         0.000     5.669    u_rq/rq_reg[7]_i_287_n_0
                                                                      r  u_rq/rq_reg[7]_i_132/CI
                         CARRY4 (Prop_carry4_CI_O[3])
                                                      0.331     6.000 f  u_rq/rq_reg[7]_i_132/O[3]
                         net (fo=64, unplaced)        0.706     6.706    u_rq/rq_reg[7]_i_132_n_4
                                                                      f  u_rq/rq[7]_i_190/I0
                         LUT6 (Prop_lut6_I0_O)        0.307     7.013 f  u_rq/rq[7]_i_190/O
                         net (fo=4, unplaced)         0.926     7.939    u_rq/rq[7]_i_190_n_0
                                                                      f  u_rq/rq[7]_i_985/I1
                         LUT6 (Prop_lut6_I1_O)        0.124     8.063 f  u_rq/rq[7]_i_985/O
                         net (fo=4, unplaced)         0.926     8.989    u_rq/rq[7]_i_985_n_0
                                                                      f  u_rq/rq[7]_i_928/I1
                         LUT6 (Prop_lut6_I1_O)        0.124     9.113 f  u_rq/rq[7]_i_928/O
                         net (fo=1, unplaced)         0.000     9.113    u_rq/rq[7]_i_928_n_0
                                                                      f  u_rq/rq_reg[7]_i_828/I1
                         MUXF7 (Prop_muxf7_I1_O)      0.247     9.360 f  u_rq/rq_reg[7]_i_828/O
                         net (fo=4, unplaced)         0.476     9.836    u_rq/rq_reg[7]_i_828_n_0
                                                                      f  u_rq/rq[7]_i_705/I2
                         LUT6 (Prop_lut6_I2_O)        0.298    10.134 r  u_rq/rq[7]_i_705/O
                         net (fo=1, unplaced)         0.639    10.773    u_rq/rq[7]_i_705_n_0
                                                                      r  u_rq/rq_reg[7]_i_594/DI[1]
                         CARRY4 (Prop_carry4_DI[1]_CO[3])
                                                      0.520    11.293 r  u_rq/rq_reg[7]_i_594/CO[3]
                         net (fo=1, unplaced)         0.000    11.293    u_rq/rq_reg[7]_i_594_n_0
                                                                      r  u_rq/rq_reg[7]_i_388/CI
                         CARRY4 (Prop_carry4_CI_CO[3])
                                                      0.117    11.410 r  u_rq/rq_reg[7]_i_388/CO[3]
                         net (fo=1, unplaced)         0.000    11.410    u_rq/rq_reg[7]_i_388_n_0
                                                                      r  u_rq/rq_reg[7]_i_238/CI
                         CARRY4 (Prop_carry4_CI_CO[3])
                                                      0.117    11.527 r  u_rq/rq_reg[7]_i_238/CO[3]
                         net (fo=1, unplaced)         0.000    11.527    u_rq/rq_reg[7]_i_238_n_0
                                                                      r  u_rq/rq_reg[7]_i_107/CI
                         CARRY4 (Prop_carry4_CI_CO[3])
                                                      0.117    11.644 r  u_rq/rq_reg[7]_i_107/CO[3]
                         net (fo=1, unplaced)         0.000    11.644    u_rq/rq_reg[7]_i_107_n_0
                                                                      r  u_rq/rq_reg[7]_i_38/CI
                         CARRY4 (Prop_carry4_CI_CO[3])
                                                      0.117    11.761 r  u_rq/rq_reg[7]_i_38/CO[3]
                         net (fo=1, unplaced)         0.000    11.761    u_rq/rq_reg[7]_i_38_n_0
                                                                      r  u_rq/rq_reg[7]_i_9/CI
                         CARRY4 (Prop_carry4_CI_CO[3])
                                                      0.117    11.878 r  u_rq/rq_reg[7]_i_9/CO[3]
                         net (fo=1, unplaced)         0.000    11.878    u_rq/rq_reg[7]_i_9_n_0
                                                                      r  u_rq/rq_reg[7]_i_3/CI
                         CARRY4 (Prop_carry4_CI_CO[3])
                                                      0.117    11.995 r  u_rq/rq_reg[7]_i_3/CO[3]
                         net (fo=2, unplaced)         0.929    12.924    u_rq/acc_sat1
                                                                      r  u_rq/rq[7]_i_1/I1
                         LUT2 (Prop_lut2_I1_O)        0.124    13.048 r  u_rq/rq[7]_i_1/O
                         net (fo=7, unplaced)         0.811    13.859    u_rq/rq[7]_i_1_n_0
                         FDRE                                         r  u_rq/rq_reg[3]/R
  -------------------------------------------------------------------    -------------------

                         (clock ACLK rise edge)      10.000    10.000 r  
                                                      0.000    10.000 r  clk (IN)
                         net (fo=788, unset)          0.924    10.924    u_rq/clk
                         FDRE                                         r  u_rq/rq_reg[3]/C
                         clock pessimism              0.000    10.924    
                         clock uncertainty           -0.035    10.889    
                         FDRE (Setup_fdre_C_R)       -0.524    10.365    u_rq/rq_reg[3]
  -------------------------------------------------------------------
                         required time                         10.365    
                         arrival time                         -13.859    
  -------------------------------------------------------------------
                         slack                                 -3.494    




