Copyright 1986-2020 Xilinx, Inc. All Rights Reserved.
------------------------------------------------------------------------------------------------------------------------------------------------------------------------------------
| Tool Version : Vivado v.2020.2 (win64) Build 3064766 Wed Nov 18 09:12:45 MST 2020
| Date         : Sat Sep 26 19:59:49 2026
| Host         : DESKTOP-7CFQ9ND running 64-bit major release  (build 9200)
| Command      : report_timing -max_paths 3 -nworst 1 -input_pins -delay_type max -file D:/2609_final_project/cnn_rtl/docs/E-02a_runs/fc_performance_10.000/post_phys_opt_paths.rpt
| Design       : fc_mac_requant_ooc
| Device       : 7z020-clg400
| Speed File   : -1  PRODUCTION 1.12 2019-11-22
------------------------------------------------------------------------------------------------------------------------------------------------------------------------------------

Timing Report

Slack (VIOLATED) :        -0.964ns  (required time - arrival time)
  Source:                 u_rq/param3_reg[66]_rep_replica_6/C
                            (rising edge-triggered cell FDRE clocked by ACLK  {rise@0.000ns fall@5.000ns period=10.000ns})
  Destination:            u_rq/rq_reg[1]/R
                            (rising edge-triggered cell FDRE clocked by ACLK  {rise@0.000ns fall@5.000ns period=10.000ns})
  Path Group:             ACLK
  Path Type:              Setup (Max at Slow Process Corner)
  Requirement:            10.000ns  (ACLK rise@10.000ns - ACLK rise@0.000ns)
  Data Path Delay:        10.356ns  (logic 5.297ns (51.149%)  route 5.059ns (48.851%))
  Logic Levels:           31  (CARRY4=23 LUT2=1 LUT5=1 LUT6=5 MUXF7=1)
  Clock Path Skew:        -0.049ns (DCD - SCD + CPR)
    Destination Clock Delay (DCD):    0.924ns = ( 10.924 - 10.000 ) 
    Source Clock Delay      (SCD):    0.973ns
    Clock Pessimism Removal (CPR):    0.000ns
  Clock Uncertainty:      0.035ns  ((TSJ^2 + TIJ^2)^1/2 + DJ) / 2 + PE
    Total System Jitter     (TSJ):    0.071ns
    Total Input Jitter      (TIJ):    0.000ns
    Discrete Jitter          (DJ):    0.000ns
    Phase Error              (PE):    0.000ns

    Location             Delay type                Incr(ns)  Path(ns)    Netlist Resource(s)
  -------------------------------------------------------------------    -------------------
                         (clock ACLK rise edge)       0.000     0.000 r  
                                                      0.000     0.000 r  clk (IN)
                         net (fo=886, unset)          0.973     0.973    u_rq/clk
    SLICE_X39Y88         FDRE                                         r  u_rq/param3_reg[66]_rep_replica_6/C
  -------------------------------------------------------------------    -------------------
    SLICE_X39Y88         FDRE (Prop_fdre_C_Q)         0.456     1.429 r  u_rq/param3_reg[66]_rep_replica_6/Q
                         net (fo=1, estimated)        0.802     2.231    u_rq/param3_reg[66]_rep_n_0_repN_6
    SLICE_X39Y87                                                      r  u_rq/rq[7]_i_692_replica_rewire/I0
    SLICE_X39Y87         LUT5 (Prop_lut5_I0_O)        0.124     2.355 r  u_rq/rq[7]_i_692_replica_rewire/O
                         net (fo=7, estimated)        0.466     2.821    u_rq/rq[7]_i_692_n_0_repN
    SLICE_X37Y87                                                      r  u_rq/rq[3]_i_13_rewire/I5
    SLICE_X37Y87         LUT6 (Prop_lut6_I5_O)        0.124     2.945 r  u_rq/rq[3]_i_13_rewire/O
                         net (fo=1, routed)           0.000     2.945    u_rq/rq[3]_i_13_n_0
    SLICE_X37Y87                                                      r  u_rq/rq_reg[3]_i_11/S[3]
    SLICE_X37Y87         CARRY4 (Prop_carry4_S[3]_CO[3])
                                                      0.401     3.346 r  u_rq/rq_reg[3]_i_11/CO[3]
                         net (fo=1, estimated)        0.000     3.346    u_rq/rq_reg[3]_i_11_n_0
    SLICE_X37Y88                                                      r  u_rq/rq_reg[7]_i_361/CI
    SLICE_X37Y88         CARRY4 (Prop_carry4_CI_CO[3])
                                                      0.114     3.460 r  u_rq/rq_reg[7]_i_361/CO[3]
                         net (fo=1, estimated)        0.000     3.460    u_rq/rq_reg[7]_i_361_n_0
    SLICE_X37Y89                                                      r  u_rq/rq_reg[7]_i_360/CI
    SLICE_X37Y89         CARRY4 (Prop_carry4_CI_CO[3])
                                                      0.114     3.574 r  u_rq/rq_reg[7]_i_360/CO[3]
                         net (fo=1, estimated)        0.000     3.574    u_rq/rq_reg[7]_i_360_n_0
    SLICE_X37Y90                                                      r  u_rq/rq_reg[7]_i_354/CI
    SLICE_X37Y90         CARRY4 (Prop_carry4_CI_CO[3])
                                                      0.114     3.688 r  u_rq/rq_reg[7]_i_354/CO[3]
                         net (fo=1, estimated)        0.000     3.688    u_rq/rq_reg[7]_i_354_n_0
    SLICE_X37Y91                                                      r  u_rq/rq_reg[7]_i_357/CI
    SLICE_X37Y91         CARRY4 (Prop_carry4_CI_CO[3])
                                                      0.114     3.802 r  u_rq/rq_reg[7]_i_357/CO[3]
                         net (fo=1, estimated)        0.000     3.802    u_rq/rq_reg[7]_i_357_n_0
    SLICE_X37Y92                                                      r  u_rq/rq_reg[7]_i_351/CI
    SLICE_X37Y92         CARRY4 (Prop_carry4_CI_CO[3])
                                                      0.114     3.916 r  u_rq/rq_reg[7]_i_351/CO[3]
                         net (fo=1, estimated)        0.000     3.916    u_rq/rq_reg[7]_i_351_n_0
    SLICE_X37Y93                                                      r  u_rq/rq_reg[7]_i_358/CI
    SLICE_X37Y93         CARRY4 (Prop_carry4_CI_CO[3])
                                                      0.114     4.030 r  u_rq/rq_reg[7]_i_358/CO[3]
                         net (fo=1, estimated)        0.000     4.030    u_rq/rq_reg[7]_i_358_n_0
    SLICE_X37Y94                                                      r  u_rq/rq_reg[7]_i_352/CI
    SLICE_X37Y94         CARRY4 (Prop_carry4_CI_CO[3])
                                                      0.114     4.144 r  u_rq/rq_reg[7]_i_352/CO[3]
                         net (fo=1, estimated)        0.000     4.144    u_rq/rq_reg[7]_i_352_n_0
    SLICE_X37Y95                                                      r  u_rq/rq_reg[7]_i_355/CI
    SLICE_X37Y95         CARRY4 (Prop_carry4_CI_CO[3])
                                                      0.114     4.258 r  u_rq/rq_reg[7]_i_355/CO[3]
                         net (fo=1, estimated)        0.000     4.258    u_rq/rq_reg[7]_i_355_n_0
    SLICE_X37Y96                                                      r  u_rq/rq_reg[7]_i_349/CI
    SLICE_X37Y96         CARRY4 (Prop_carry4_CI_CO[3])
                                                      0.114     4.372 r  u_rq/rq_reg[7]_i_349/CO[3]
                         net (fo=1, estimated)        0.000     4.372    u_rq/rq_reg[7]_i_349_n_0
    SLICE_X37Y97                                                      r  u_rq/rq_reg[7]_i_359/CI
    SLICE_X37Y97         CARRY4 (Prop_carry4_CI_CO[3])
                                                      0.114     4.486 r  u_rq/rq_reg[7]_i_359/CO[3]
                         net (fo=1, estimated)        0.000     4.486    u_rq/rq_reg[7]_i_359_n_0
    SLICE_X37Y98                                                      r  u_rq/rq_reg[7]_i_353/CI
    SLICE_X37Y98         CARRY4 (Prop_carry4_CI_CO[3])
                                                      0.114     4.600 r  u_rq/rq_reg[7]_i_353/CO[3]
                         net (fo=1, estimated)        0.000     4.600    u_rq/rq_reg[7]_i_353_n_0
    SLICE_X37Y99                                                      r  u_rq/rq_reg[7]_i_356/CI
    SLICE_X37Y99         CARRY4 (Prop_carry4_CI_CO[3])
                                                      0.114     4.714 r  u_rq/rq_reg[7]_i_356/CO[3]
                         net (fo=1, estimated)        0.000     4.714    u_rq/rq_reg[7]_i_356_n_0
    SLICE_X37Y100                                                     r  u_rq/rq_reg[7]_i_350/CI
    SLICE_X37Y100        CARRY4 (Prop_carry4_CI_CO[3])
                                                      0.114     4.828 r  u_rq/rq_reg[7]_i_350/CO[3]
                         net (fo=1, estimated)        0.000     4.828    u_rq/rq_reg[7]_i_350_n_0
    SLICE_X37Y101                                                     r  u_rq/rq_reg[7]_i_292/CI
    SLICE_X37Y101        CARRY4 (Prop_carry4_CI_CO[3])
                                                      0.114     4.942 r  u_rq/rq_reg[7]_i_292/CO[3]
                         net (fo=1, estimated)        0.000     4.942    u_rq/rq_reg[7]_i_292_n_0
    SLICE_X37Y102                                                     r  u_rq/rq_reg[7]_i_133/CI
    SLICE_X37Y102        CARRY4 (Prop_carry4_CI_O[3])
                                                      0.313     5.255 f  u_rq/rq_reg[7]_i_133/O[3]
                         net (fo=64, estimated)       0.556     5.811    u_rq/rq_reg[7]_i_133_n_4
    SLICE_X38Y100                                                     f  u_rq/rq[7]_i_966/I0
    SLICE_X38Y100        LUT6 (Prop_lut6_I0_O)        0.306     6.117 f  u_rq/rq[7]_i_966/O
                         net (fo=4, estimated)        0.816     6.933    u_rq/rq[7]_i_966_n_0
    SLICE_X44Y99                                                      f  u_rq/rq[7]_i_976/I0
    SLICE_X44Y99         LUT6 (Prop_lut6_I0_O)        0.124     7.057 f  u_rq/rq[7]_i_976/O
                         net (fo=4, estimated)        0.747     7.804    u_rq/rq[7]_i_976_n_0
    SLICE_X48Y101                                                     f  u_rq/rq[7]_i_913/I1
    SLICE_X48Y101        LUT6 (Prop_lut6_I1_O)        0.124     7.928 f  u_rq/rq[7]_i_913/O
                         net (fo=1, routed)           0.000     7.928    u_rq/acc_sh10_in[14]
    SLICE_X48Y101                                                     f  u_rq/rq_reg[7]_i_819/I0
    SLICE_X48Y101        MUXF7 (Prop_muxf7_I0_O)      0.238     8.166 f  u_rq/rq_reg[7]_i_819/O
                         net (fo=4, estimated)        0.439     8.605    u_rq/rq_reg[7]_i_819_n_0
    SLICE_X47Y100                                                     f  u_rq/rq[7]_i_703/I1
    SLICE_X47Y100        LUT6 (Prop_lut6_I1_O)        0.298     8.903 r  u_rq/rq[7]_i_703/O
                         net (fo=1, estimated)        0.479     9.382    u_rq/rq[7]_i_703_n_0
    SLICE_X40Y100                                                     r  u_rq/rq_reg[7]_i_594/DI[3]
    SLICE_X40Y100        CARRY4 (Prop_carry4_DI[3]_CO[3])
                                                      0.385     9.767 r  u_rq/rq_reg[7]_i_594/CO[3]
                         net (fo=1, estimated)        0.000     9.767    u_rq/rq_reg[7]_i_594_n_0
    SLICE_X40Y101                                                     r  u_rq/rq_reg[7]_i_388/CI
    SLICE_X40Y101        CARRY4 (Prop_carry4_CI_CO[3])
                                                      0.114     9.881 r  u_rq/rq_reg[7]_i_388/CO[3]
                         net (fo=1, estimated)        0.000     9.881    u_rq/rq_reg[7]_i_388_n_0
    SLICE_X40Y102                                                     r  u_rq/rq_reg[7]_i_238/CI
    SLICE_X40Y102        CARRY4 (Prop_carry4_CI_CO[3])
                                                      0.114     9.995 r  u_rq/rq_reg[7]_i_238/CO[3]
                         net (fo=1, estimated)        0.000     9.995    u_rq/rq_reg[7]_i_238_n_0
    SLICE_X40Y103                                                     r  u_rq/rq_reg[7]_i_107/CI
    SLICE_X40Y103        CARRY4 (Prop_carry4_CI_CO[3])
                                                      0.114    10.109 r  u_rq/rq_reg[7]_i_107/CO[3]
                         net (fo=1, estimated)        0.000    10.109    u_rq/rq_reg[7]_i_107_n_0
    SLICE_X40Y104                                                     r  u_rq/rq_reg[7]_i_38/CI
    SLICE_X40Y104        CARRY4 (Prop_carry4_CI_CO[3])
                                                      0.114    10.223 r  u_rq/rq_reg[7]_i_38/CO[3]
                         net (fo=1, estimated)        0.000    10.223    u_rq/rq_reg[7]_i_38_n_0
    SLICE_X40Y105                                                     r  u_rq/rq_reg[7]_i_9/CI
    SLICE_X40Y105        CARRY4 (Prop_carry4_CI_CO[3])
                                                      0.114    10.337 r  u_rq/rq_reg[7]_i_9/CO[3]
                         net (fo=1, estimated)        0.000    10.337    u_rq/rq_reg[7]_i_9_n_0
    SLICE_X40Y106                                                     r  u_rq/rq_reg[7]_i_3/CI
    SLICE_X40Y106        CARRY4 (Prop_carry4_CI_CO[3])
                                                      0.114    10.451 r  u_rq/rq_reg[7]_i_3/CO[3]
                         net (fo=2, estimated)        0.331    10.782    u_rq/acc_sat1
    SLICE_X39Y107                                                     r  u_rq/rq[7]_i_1/I1
    SLICE_X39Y107        LUT2 (Prop_lut2_I1_O)        0.124    10.906 r  u_rq/rq[7]_i_1/O
                         net (fo=7, estimated)        0.423    11.329    u_rq/rq[7]_i_1_n_0
    SLICE_X38Y107        FDRE                                         r  u_rq/rq_reg[1]/R
  -------------------------------------------------------------------    -------------------

                         (clock ACLK rise edge)      10.000    10.000 r  
                                                      0.000    10.000 r  clk (IN)
                         net (fo=886, unset)          0.924    10.924    u_rq/clk
    SLICE_X38Y107        FDRE                                         r  u_rq/rq_reg[1]/C
                         clock pessimism              0.000    10.924    
                         clock uncertainty           -0.035    10.889    
    SLICE_X38Y107        FDRE (Setup_fdre_C_R)       -0.524    10.365    u_rq/rq_reg[1]
  -------------------------------------------------------------------
                         required time                         10.365    
                         arrival time                         -11.329    
  -------------------------------------------------------------------
                         slack                                 -0.964    

Slack (VIOLATED) :        -0.964ns  (required time - arrival time)
  Source:                 u_rq/param3_reg[66]_rep_replica_6/C
                            (rising edge-triggered cell FDRE clocked by ACLK  {rise@0.000ns fall@5.000ns period=10.000ns})
  Destination:            u_rq/rq_reg[2]/R
                            (rising edge-triggered cell FDRE clocked by ACLK  {rise@0.000ns fall@5.000ns period=10.000ns})
  Path Group:             ACLK
  Path Type:              Setup (Max at Slow Process Corner)
  Requirement:            10.000ns  (ACLK rise@10.000ns - ACLK rise@0.000ns)
  Data Path Delay:        10.356ns  (logic 5.297ns (51.149%)  route 5.059ns (48.851%))
  Logic Levels:           31  (CARRY4=23 LUT2=1 LUT5=1 LUT6=5 MUXF7=1)
  Clock Path Skew:        -0.049ns (DCD - SCD + CPR)
    Destination Clock Delay (DCD):    0.924ns = ( 10.924 - 10.000 ) 
    Source Clock Delay      (SCD):    0.973ns
    Clock Pessimism Removal (CPR):    0.000ns
  Clock Uncertainty:      0.035ns  ((TSJ^2 + TIJ^2)^1/2 + DJ) / 2 + PE
    Total System Jitter     (TSJ):    0.071ns
    Total Input Jitter      (TIJ):    0.000ns
    Discrete Jitter          (DJ):    0.000ns
    Phase Error              (PE):    0.000ns

    Location             Delay type                Incr(ns)  Path(ns)    Netlist Resource(s)
  -------------------------------------------------------------------    -------------------
                         (clock ACLK rise edge)       0.000     0.000 r  
                                                      0.000     0.000 r  clk (IN)
                         net (fo=886, unset)          0.973     0.973    u_rq/clk
    SLICE_X39Y88         FDRE                                         r  u_rq/param3_reg[66]_rep_replica_6/C
  -------------------------------------------------------------------    -------------------
    SLICE_X39Y88         FDRE (Prop_fdre_C_Q)         0.456     1.429 r  u_rq/param3_reg[66]_rep_replica_6/Q
                         net (fo=1, estimated)        0.802     2.231    u_rq/param3_reg[66]_rep_n_0_repN_6
    SLICE_X39Y87                                                      r  u_rq/rq[7]_i_692_replica_rewire/I0
    SLICE_X39Y87         LUT5 (Prop_lut5_I0_O)        0.124     2.355 r  u_rq/rq[7]_i_692_replica_rewire/O
                         net (fo=7, estimated)        0.466     2.821    u_rq/rq[7]_i_692_n_0_repN
    SLICE_X37Y87                                                      r  u_rq/rq[3]_i_13_rewire/I5
    SLICE_X37Y87         LUT6 (Prop_lut6_I5_O)        0.124     2.945 r  u_rq/rq[3]_i_13_rewire/O
                         net (fo=1, routed)           0.000     2.945    u_rq/rq[3]_i_13_n_0
    SLICE_X37Y87                                                      r  u_rq/rq_reg[3]_i_11/S[3]
    SLICE_X37Y87         CARRY4 (Prop_carry4_S[3]_CO[3])
                                                      0.401     3.346 r  u_rq/rq_reg[3]_i_11/CO[3]
                         net (fo=1, estimated)        0.000     3.346    u_rq/rq_reg[3]_i_11_n_0
    SLICE_X37Y88                                                      r  u_rq/rq_reg[7]_i_361/CI
    SLICE_X37Y88         CARRY4 (Prop_carry4_CI_CO[3])
                                                      0.114     3.460 r  u_rq/rq_reg[7]_i_361/CO[3]
                         net (fo=1, estimated)        0.000     3.460    u_rq/rq_reg[7]_i_361_n_0
    SLICE_X37Y89                                                      r  u_rq/rq_reg[7]_i_360/CI
    SLICE_X37Y89         CARRY4 (Prop_carry4_CI_CO[3])
                                                      0.114     3.574 r  u_rq/rq_reg[7]_i_360/CO[3]
                         net (fo=1, estimated)        0.000     3.574    u_rq/rq_reg[7]_i_360_n_0
    SLICE_X37Y90                                                      r  u_rq/rq_reg[7]_i_354/CI
    SLICE_X37Y90         CARRY4 (Prop_carry4_CI_CO[3])
                                                      0.114     3.688 r  u_rq/rq_reg[7]_i_354/CO[3]
                         net (fo=1, estimated)        0.000     3.688    u_rq/rq_reg[7]_i_354_n_0
    SLICE_X37Y91                                                      r  u_rq/rq_reg[7]_i_357/CI
    SLICE_X37Y91         CARRY4 (Prop_carry4_CI_CO[3])
                                                      0.114     3.802 r  u_rq/rq_reg[7]_i_357/CO[3]
                         net (fo=1, estimated)        0.000     3.802    u_rq/rq_reg[7]_i_357_n_0
    SLICE_X37Y92                                                      r  u_rq/rq_reg[7]_i_351/CI
    SLICE_X37Y92         CARRY4 (Prop_carry4_CI_CO[3])
                                                      0.114     3.916 r  u_rq/rq_reg[7]_i_351/CO[3]
                         net (fo=1, estimated)        0.000     3.916    u_rq/rq_reg[7]_i_351_n_0
    SLICE_X37Y93                                                      r  u_rq/rq_reg[7]_i_358/CI
    SLICE_X37Y93         CARRY4 (Prop_carry4_CI_CO[3])
                                                      0.114     4.030 r  u_rq/rq_reg[7]_i_358/CO[3]
                         net (fo=1, estimated)        0.000     4.030    u_rq/rq_reg[7]_i_358_n_0
    SLICE_X37Y94                                                      r  u_rq/rq_reg[7]_i_352/CI
    SLICE_X37Y94         CARRY4 (Prop_carry4_CI_CO[3])
                                                      0.114     4.144 r  u_rq/rq_reg[7]_i_352/CO[3]
                         net (fo=1, estimated)        0.000     4.144    u_rq/rq_reg[7]_i_352_n_0
    SLICE_X37Y95                                                      r  u_rq/rq_reg[7]_i_355/CI
    SLICE_X37Y95         CARRY4 (Prop_carry4_CI_CO[3])
                                                      0.114     4.258 r  u_rq/rq_reg[7]_i_355/CO[3]
                         net (fo=1, estimated)        0.000     4.258    u_rq/rq_reg[7]_i_355_n_0
    SLICE_X37Y96                                                      r  u_rq/rq_reg[7]_i_349/CI
    SLICE_X37Y96         CARRY4 (Prop_carry4_CI_CO[3])
                                                      0.114     4.372 r  u_rq/rq_reg[7]_i_349/CO[3]
                         net (fo=1, estimated)        0.000     4.372    u_rq/rq_reg[7]_i_349_n_0
    SLICE_X37Y97                                                      r  u_rq/rq_reg[7]_i_359/CI
    SLICE_X37Y97         CARRY4 (Prop_carry4_CI_CO[3])
                                                      0.114     4.486 r  u_rq/rq_reg[7]_i_359/CO[3]
                         net (fo=1, estimated)        0.000     4.486    u_rq/rq_reg[7]_i_359_n_0
    SLICE_X37Y98                                                      r  u_rq/rq_reg[7]_i_353/CI
    SLICE_X37Y98         CARRY4 (Prop_carry4_CI_CO[3])
                                                      0.114     4.600 r  u_rq/rq_reg[7]_i_353/CO[3]
                         net (fo=1, estimated)        0.000     4.600    u_rq/rq_reg[7]_i_353_n_0
    SLICE_X37Y99                                                      r  u_rq/rq_reg[7]_i_356/CI
    SLICE_X37Y99         CARRY4 (Prop_carry4_CI_CO[3])
                                                      0.114     4.714 r  u_rq/rq_reg[7]_i_356/CO[3]
                         net (fo=1, estimated)        0.000     4.714    u_rq/rq_reg[7]_i_356_n_0
    SLICE_X37Y100                                                     r  u_rq/rq_reg[7]_i_350/CI
    SLICE_X37Y100        CARRY4 (Prop_carry4_CI_CO[3])
                                                      0.114     4.828 r  u_rq/rq_reg[7]_i_350/CO[3]
                         net (fo=1, estimated)        0.000     4.828    u_rq/rq_reg[7]_i_350_n_0
    SLICE_X37Y101                                                     r  u_rq/rq_reg[7]_i_292/CI
    SLICE_X37Y101        CARRY4 (Prop_carry4_CI_CO[3])
                                                      0.114     4.942 r  u_rq/rq_reg[7]_i_292/CO[3]
                         net (fo=1, estimated)        0.000     4.942    u_rq/rq_reg[7]_i_292_n_0
    SLICE_X37Y102                                                     r  u_rq/rq_reg[7]_i_133/CI
    SLICE_X37Y102        CARRY4 (Prop_carry4_CI_O[3])
                                                      0.313     5.255 f  u_rq/rq_reg[7]_i_133/O[3]
                         net (fo=64, estimated)       0.556     5.811    u_rq/rq_reg[7]_i_133_n_4
    SLICE_X38Y100                                                     f  u_rq/rq[7]_i_966/I0
    SLICE_X38Y100        LUT6 (Prop_lut6_I0_O)        0.306     6.117 f  u_rq/rq[7]_i_966/O
                         net (fo=4, estimated)        0.816     6.933    u_rq/rq[7]_i_966_n_0
    SLICE_X44Y99                                                      f  u_rq/rq[7]_i_976/I0
    SLICE_X44Y99         LUT6 (Prop_lut6_I0_O)        0.124     7.057 f  u_rq/rq[7]_i_976/O
                         net (fo=4, estimated)        0.747     7.804    u_rq/rq[7]_i_976_n_0
    SLICE_X48Y101                                                     f  u_rq/rq[7]_i_913/I1
    SLICE_X48Y101        LUT6 (Prop_lut6_I1_O)        0.124     7.928 f  u_rq/rq[7]_i_913/O
                         net (fo=1, routed)           0.000     7.928    u_rq/acc_sh10_in[14]
    SLICE_X48Y101                                                     f  u_rq/rq_reg[7]_i_819/I0
    SLICE_X48Y101        MUXF7 (Prop_muxf7_I0_O)      0.238     8.166 f  u_rq/rq_reg[7]_i_819/O
                         net (fo=4, estimated)        0.439     8.605    u_rq/rq_reg[7]_i_819_n_0
    SLICE_X47Y100                                                     f  u_rq/rq[7]_i_703/I1
    SLICE_X47Y100        LUT6 (Prop_lut6_I1_O)        0.298     8.903 r  u_rq/rq[7]_i_703/O
                         net (fo=1, estimated)        0.479     9.382    u_rq/rq[7]_i_703_n_0
    SLICE_X40Y100                                                     r  u_rq/rq_reg[7]_i_594/DI[3]
    SLICE_X40Y100        CARRY4 (Prop_carry4_DI[3]_CO[3])
                                                      0.385     9.767 r  u_rq/rq_reg[7]_i_594/CO[3]
                         net (fo=1, estimated)        0.000     9.767    u_rq/rq_reg[7]_i_594_n_0
    SLICE_X40Y101                                                     r  u_rq/rq_reg[7]_i_388/CI
    SLICE_X40Y101        CARRY4 (Prop_carry4_CI_CO[3])
                                                      0.114     9.881 r  u_rq/rq_reg[7]_i_388/CO[3]
                         net (fo=1, estimated)        0.000     9.881    u_rq/rq_reg[7]_i_388_n_0
    SLICE_X40Y102                                                     r  u_rq/rq_reg[7]_i_238/CI
    SLICE_X40Y102        CARRY4 (Prop_carry4_CI_CO[3])
                                                      0.114     9.995 r  u_rq/rq_reg[7]_i_238/CO[3]
                         net (fo=1, estimated)        0.000     9.995    u_rq/rq_reg[7]_i_238_n_0
    SLICE_X40Y103                                                     r  u_rq/rq_reg[7]_i_107/CI
    SLICE_X40Y103        CARRY4 (Prop_carry4_CI_CO[3])
                                                      0.114    10.109 r  u_rq/rq_reg[7]_i_107/CO[3]
                         net (fo=1, estimated)        0.000    10.109    u_rq/rq_reg[7]_i_107_n_0
    SLICE_X40Y104                                                     r  u_rq/rq_reg[7]_i_38/CI
    SLICE_X40Y104        CARRY4 (Prop_carry4_CI_CO[3])
                                                      0.114    10.223 r  u_rq/rq_reg[7]_i_38/CO[3]
                         net (fo=1, estimated)        0.000    10.223    u_rq/rq_reg[7]_i_38_n_0
    SLICE_X40Y105                                                     r  u_rq/rq_reg[7]_i_9/CI
    SLICE_X40Y105        CARRY4 (Prop_carry4_CI_CO[3])
                                                      0.114    10.337 r  u_rq/rq_reg[7]_i_9/CO[3]
                         net (fo=1, estimated)        0.000    10.337    u_rq/rq_reg[7]_i_9_n_0
    SLICE_X40Y106                                                     r  u_rq/rq_reg[7]_i_3/CI
    SLICE_X40Y106        CARRY4 (Prop_carry4_CI_CO[3])
                                                      0.114    10.451 r  u_rq/rq_reg[7]_i_3/CO[3]
                         net (fo=2, estimated)        0.331    10.782    u_rq/acc_sat1
    SLICE_X39Y107                                                     r  u_rq/rq[7]_i_1/I1
    SLICE_X39Y107        LUT2 (Prop_lut2_I1_O)        0.124    10.906 r  u_rq/rq[7]_i_1/O
                         net (fo=7, estimated)        0.423    11.329    u_rq/rq[7]_i_1_n_0
    SLICE_X38Y107        FDRE                                         r  u_rq/rq_reg[2]/R
  -------------------------------------------------------------------    -------------------

                         (clock ACLK rise edge)      10.000    10.000 r  
                                                      0.000    10.000 r  clk (IN)
                         net (fo=886, unset)          0.924    10.924    u_rq/clk
    SLICE_X38Y107        FDRE                                         r  u_rq/rq_reg[2]/C
                         clock pessimism              0.000    10.924    
                         clock uncertainty           -0.035    10.889    
    SLICE_X38Y107        FDRE (Setup_fdre_C_R)       -0.524    10.365    u_rq/rq_reg[2]
  -------------------------------------------------------------------
                         required time                         10.365    
                         arrival time                         -11.329    
  -------------------------------------------------------------------
                         slack                                 -0.964    

Slack (VIOLATED) :        -0.964ns  (required time - arrival time)
  Source:                 u_rq/param3_reg[66]_rep_replica_6/C
                            (rising edge-triggered cell FDRE clocked by ACLK  {rise@0.000ns fall@5.000ns period=10.000ns})
  Destination:            u_rq/rq_reg[5]/R
                            (rising edge-triggered cell FDRE clocked by ACLK  {rise@0.000ns fall@5.000ns period=10.000ns})
  Path Group:             ACLK
  Path Type:              Setup (Max at Slow Process Corner)
  Requirement:            10.000ns  (ACLK rise@10.000ns - ACLK rise@0.000ns)
  Data Path Delay:        10.356ns  (logic 5.297ns (51.149%)  route 5.059ns (48.851%))
  Logic Levels:           31  (CARRY4=23 LUT2=1 LUT5=1 LUT6=5 MUXF7=1)
  Clock Path Skew:        -0.049ns (DCD - SCD + CPR)
    Destination Clock Delay (DCD):    0.924ns = ( 10.924 - 10.000 ) 
    Source Clock Delay      (SCD):    0.973ns
    Clock Pessimism Removal (CPR):    0.000ns
  Clock Uncertainty:      0.035ns  ((TSJ^2 + TIJ^2)^1/2 + DJ) / 2 + PE
    Total System Jitter     (TSJ):    0.071ns
    Total Input Jitter      (TIJ):    0.000ns
    Discrete Jitter          (DJ):    0.000ns
    Phase Error              (PE):    0.000ns

    Location             Delay type                Incr(ns)  Path(ns)    Netlist Resource(s)
  -------------------------------------------------------------------    -------------------
                         (clock ACLK rise edge)       0.000     0.000 r  
                                                      0.000     0.000 r  clk (IN)
                         net (fo=886, unset)          0.973     0.973    u_rq/clk
    SLICE_X39Y88         FDRE                                         r  u_rq/param3_reg[66]_rep_replica_6/C
  -------------------------------------------------------------------    -------------------
    SLICE_X39Y88         FDRE (Prop_fdre_C_Q)         0.456     1.429 r  u_rq/param3_reg[66]_rep_replica_6/Q
                         net (fo=1, estimated)        0.802     2.231    u_rq/param3_reg[66]_rep_n_0_repN_6
    SLICE_X39Y87                                                      r  u_rq/rq[7]_i_692_replica_rewire/I0
    SLICE_X39Y87         LUT5 (Prop_lut5_I0_O)        0.124     2.355 r  u_rq/rq[7]_i_692_replica_rewire/O
                         net (fo=7, estimated)        0.466     2.821    u_rq/rq[7]_i_692_n_0_repN
    SLICE_X37Y87                                                      r  u_rq/rq[3]_i_13_rewire/I5
    SLICE_X37Y87         LUT6 (Prop_lut6_I5_O)        0.124     2.945 r  u_rq/rq[3]_i_13_rewire/O
                         net (fo=1, routed)           0.000     2.945    u_rq/rq[3]_i_13_n_0
    SLICE_X37Y87                                                      r  u_rq/rq_reg[3]_i_11/S[3]
    SLICE_X37Y87         CARRY4 (Prop_carry4_S[3]_CO[3])
                                                      0.401     3.346 r  u_rq/rq_reg[3]_i_11/CO[3]
                         net (fo=1, estimated)        0.000     3.346    u_rq/rq_reg[3]_i_11_n_0
    SLICE_X37Y88                                                      r  u_rq/rq_reg[7]_i_361/CI
    SLICE_X37Y88         CARRY4 (Prop_carry4_CI_CO[3])
                                                      0.114     3.460 r  u_rq/rq_reg[7]_i_361/CO[3]
                         net (fo=1, estimated)        0.000     3.460    u_rq/rq_reg[7]_i_361_n_0
    SLICE_X37Y89                                                      r  u_rq/rq_reg[7]_i_360/CI
    SLICE_X37Y89         CARRY4 (Prop_carry4_CI_CO[3])
                                                      0.114     3.574 r  u_rq/rq_reg[7]_i_360/CO[3]
                         net (fo=1, estimated)        0.000     3.574    u_rq/rq_reg[7]_i_360_n_0
    SLICE_X37Y90                                                      r  u_rq/rq_reg[7]_i_354/CI
    SLICE_X37Y90         CARRY4 (Prop_carry4_CI_CO[3])
                                                      0.114     3.688 r  u_rq/rq_reg[7]_i_354/CO[3]
                         net (fo=1, estimated)        0.000     3.688    u_rq/rq_reg[7]_i_354_n_0
    SLICE_X37Y91                                                      r  u_rq/rq_reg[7]_i_357/CI
    SLICE_X37Y91         CARRY4 (Prop_carry4_CI_CO[3])
                                                      0.114     3.802 r  u_rq/rq_reg[7]_i_357/CO[3]
                         net (fo=1, estimated)        0.000     3.802    u_rq/rq_reg[7]_i_357_n_0
    SLICE_X37Y92                                                      r  u_rq/rq_reg[7]_i_351/CI
    SLICE_X37Y92         CARRY4 (Prop_carry4_CI_CO[3])
                                                      0.114     3.916 r  u_rq/rq_reg[7]_i_351/CO[3]
                         net (fo=1, estimated)        0.000     3.916    u_rq/rq_reg[7]_i_351_n_0
    SLICE_X37Y93                                                      r  u_rq/rq_reg[7]_i_358/CI
    SLICE_X37Y93         CARRY4 (Prop_carry4_CI_CO[3])
                                                      0.114     4.030 r  u_rq/rq_reg[7]_i_358/CO[3]
                         net (fo=1, estimated)        0.000     4.030    u_rq/rq_reg[7]_i_358_n_0
    SLICE_X37Y94                                                      r  u_rq/rq_reg[7]_i_352/CI
    SLICE_X37Y94         CARRY4 (Prop_carry4_CI_CO[3])
                                                      0.114     4.144 r  u_rq/rq_reg[7]_i_352/CO[3]
                         net (fo=1, estimated)        0.000     4.144    u_rq/rq_reg[7]_i_352_n_0
    SLICE_X37Y95                                                      r  u_rq/rq_reg[7]_i_355/CI
    SLICE_X37Y95         CARRY4 (Prop_carry4_CI_CO[3])
                                                      0.114     4.258 r  u_rq/rq_reg[7]_i_355/CO[3]
                         net (fo=1, estimated)        0.000     4.258    u_rq/rq_reg[7]_i_355_n_0
    SLICE_X37Y96                                                      r  u_rq/rq_reg[7]_i_349/CI
    SLICE_X37Y96         CARRY4 (Prop_carry4_CI_CO[3])
                                                      0.114     4.372 r  u_rq/rq_reg[7]_i_349/CO[3]
                         net (fo=1, estimated)        0.000     4.372    u_rq/rq_reg[7]_i_349_n_0
    SLICE_X37Y97                                                      r  u_rq/rq_reg[7]_i_359/CI
    SLICE_X37Y97         CARRY4 (Prop_carry4_CI_CO[3])
                                                      0.114     4.486 r  u_rq/rq_reg[7]_i_359/CO[3]
                         net (fo=1, estimated)        0.000     4.486    u_rq/rq_reg[7]_i_359_n_0
    SLICE_X37Y98                                                      r  u_rq/rq_reg[7]_i_353/CI
    SLICE_X37Y98         CARRY4 (Prop_carry4_CI_CO[3])
                                                      0.114     4.600 r  u_rq/rq_reg[7]_i_353/CO[3]
                         net (fo=1, estimated)        0.000     4.600    u_rq/rq_reg[7]_i_353_n_0
    SLICE_X37Y99                                                      r  u_rq/rq_reg[7]_i_356/CI
    SLICE_X37Y99         CARRY4 (Prop_carry4_CI_CO[3])
                                                      0.114     4.714 r  u_rq/rq_reg[7]_i_356/CO[3]
                         net (fo=1, estimated)        0.000     4.714    u_rq/rq_reg[7]_i_356_n_0
    SLICE_X37Y100                                                     r  u_rq/rq_reg[7]_i_350/CI
    SLICE_X37Y100        CARRY4 (Prop_carry4_CI_CO[3])
                                                      0.114     4.828 r  u_rq/rq_reg[7]_i_350/CO[3]
                         net (fo=1, estimated)        0.000     4.828    u_rq/rq_reg[7]_i_350_n_0
    SLICE_X37Y101                                                     r  u_rq/rq_reg[7]_i_292/CI
    SLICE_X37Y101        CARRY4 (Prop_carry4_CI_CO[3])
                                                      0.114     4.942 r  u_rq/rq_reg[7]_i_292/CO[3]
                         net (fo=1, estimated)        0.000     4.942    u_rq/rq_reg[7]_i_292_n_0
    SLICE_X37Y102                                                     r  u_rq/rq_reg[7]_i_133/CI
    SLICE_X37Y102        CARRY4 (Prop_carry4_CI_O[3])
                                                      0.313     5.255 f  u_rq/rq_reg[7]_i_133/O[3]
                         net (fo=64, estimated)       0.556     5.811    u_rq/rq_reg[7]_i_133_n_4
    SLICE_X38Y100                                                     f  u_rq/rq[7]_i_966/I0
    SLICE_X38Y100        LUT6 (Prop_lut6_I0_O)        0.306     6.117 f  u_rq/rq[7]_i_966/O
                         net (fo=4, estimated)        0.816     6.933    u_rq/rq[7]_i_966_n_0
    SLICE_X44Y99                                                      f  u_rq/rq[7]_i_976/I0
    SLICE_X44Y99         LUT6 (Prop_lut6_I0_O)        0.124     7.057 f  u_rq/rq[7]_i_976/O
                         net (fo=4, estimated)        0.747     7.804    u_rq/rq[7]_i_976_n_0
    SLICE_X48Y101                                                     f  u_rq/rq[7]_i_913/I1
    SLICE_X48Y101        LUT6 (Prop_lut6_I1_O)        0.124     7.928 f  u_rq/rq[7]_i_913/O
                         net (fo=1, routed)           0.000     7.928    u_rq/acc_sh10_in[14]
    SLICE_X48Y101                                                     f  u_rq/rq_reg[7]_i_819/I0
    SLICE_X48Y101        MUXF7 (Prop_muxf7_I0_O)      0.238     8.166 f  u_rq/rq_reg[7]_i_819/O
                         net (fo=4, estimated)        0.439     8.605    u_rq/rq_reg[7]_i_819_n_0
    SLICE_X47Y100                                                     f  u_rq/rq[7]_i_703/I1
    SLICE_X47Y100        LUT6 (Prop_lut6_I1_O)        0.298     8.903 r  u_rq/rq[7]_i_703/O
                         net (fo=1, estimated)        0.479     9.382    u_rq/rq[7]_i_703_n_0
    SLICE_X40Y100                                                     r  u_rq/rq_reg[7]_i_594/DI[3]
    SLICE_X40Y100        CARRY4 (Prop_carry4_DI[3]_CO[3])
                                                      0.385     9.767 r  u_rq/rq_reg[7]_i_594/CO[3]
                         net (fo=1, estimated)        0.000     9.767    u_rq/rq_reg[7]_i_594_n_0
    SLICE_X40Y101                                                     r  u_rq/rq_reg[7]_i_388/CI
    SLICE_X40Y101        CARRY4 (Prop_carry4_CI_CO[3])
                                                      0.114     9.881 r  u_rq/rq_reg[7]_i_388/CO[3]
                         net (fo=1, estimated)        0.000     9.881    u_rq/rq_reg[7]_i_388_n_0
    SLICE_X40Y102                                                     r  u_rq/rq_reg[7]_i_238/CI
    SLICE_X40Y102        CARRY4 (Prop_carry4_CI_CO[3])
                                                      0.114     9.995 r  u_rq/rq_reg[7]_i_238/CO[3]
                         net (fo=1, estimated)        0.000     9.995    u_rq/rq_reg[7]_i_238_n_0
    SLICE_X40Y103                                                     r  u_rq/rq_reg[7]_i_107/CI
    SLICE_X40Y103        CARRY4 (Prop_carry4_CI_CO[3])
                                                      0.114    10.109 r  u_rq/rq_reg[7]_i_107/CO[3]
                         net (fo=1, estimated)        0.000    10.109    u_rq/rq_reg[7]_i_107_n_0
    SLICE_X40Y104                                                     r  u_rq/rq_reg[7]_i_38/CI
    SLICE_X40Y104        CARRY4 (Prop_carry4_CI_CO[3])
                                                      0.114    10.223 r  u_rq/rq_reg[7]_i_38/CO[3]
                         net (fo=1, estimated)        0.000    10.223    u_rq/rq_reg[7]_i_38_n_0
    SLICE_X40Y105                                                     r  u_rq/rq_reg[7]_i_9/CI
    SLICE_X40Y105        CARRY4 (Prop_carry4_CI_CO[3])
                                                      0.114    10.337 r  u_rq/rq_reg[7]_i_9/CO[3]
                         net (fo=1, estimated)        0.000    10.337    u_rq/rq_reg[7]_i_9_n_0
    SLICE_X40Y106                                                     r  u_rq/rq_reg[7]_i_3/CI
    SLICE_X40Y106        CARRY4 (Prop_carry4_CI_CO[3])
                                                      0.114    10.451 r  u_rq/rq_reg[7]_i_3/CO[3]
                         net (fo=2, estimated)        0.331    10.782    u_rq/acc_sat1
    SLICE_X39Y107                                                     r  u_rq/rq[7]_i_1/I1
    SLICE_X39Y107        LUT2 (Prop_lut2_I1_O)        0.124    10.906 r  u_rq/rq[7]_i_1/O
                         net (fo=7, estimated)        0.423    11.329    u_rq/rq[7]_i_1_n_0
    SLICE_X38Y107        FDRE                                         r  u_rq/rq_reg[5]/R
  -------------------------------------------------------------------    -------------------

                         (clock ACLK rise edge)      10.000    10.000 r  
                                                      0.000    10.000 r  clk (IN)
                         net (fo=886, unset)          0.924    10.924    u_rq/clk
    SLICE_X38Y107        FDRE                                         r  u_rq/rq_reg[5]/C
                         clock pessimism              0.000    10.924    
                         clock uncertainty           -0.035    10.889    
    SLICE_X38Y107        FDRE (Setup_fdre_C_R)       -0.524    10.365    u_rq/rq_reg[5]
  -------------------------------------------------------------------
                         required time                         10.365    
                         arrival time                         -11.329    
  -------------------------------------------------------------------
                         slack                                 -0.964    




