Copyright 1986-2020 Xilinx, Inc. All Rights Reserved.
----------------------------------------------------------------------------------------------------------------------------------------------------------------------------------------------------------------------------------------------------------------------------------------------------------------------------------------------------
| Tool Version : Vivado v.2020.2 (win64) Build 3064766 Wed Nov 18 09:12:45 MST 2020
| Date         : Sat Sep 26 20:01:38 2026
| Host         : DESKTOP-7CFQ9ND running 64-bit major release  (build 9200)
| Command      : report_timing -from {{u_rq/param3_reg[69]/C} {u_rq/param3_reg[69]_replica/C} {u_rq/param3_reg[69]_replica_1/C} {u_rq/param3_reg[69]_replica_2/C} {u_rq/param3_reg[69]_replica_3/C}} -max_paths 3 -nworst 1 -input_pins -delay_type max -file D:/2609_final_project/cnn_rtl/docs/E-02a_runs/fc_performance_10.000/requant_paths.rpt
| Design       : fc_mac_requant_ooc
| Device       : 7z020-clg400
| Speed File   : -1  PRODUCTION 1.12 2019-11-22
----------------------------------------------------------------------------------------------------------------------------------------------------------------------------------------------------------------------------------------------------------------------------------------------------------------------------------------------------

Timing Report

Slack (VIOLATED) :        -1.962ns  (required time - arrival time)
  Source:                 u_rq/param3_reg[69]_replica/C
                            (rising edge-triggered cell FDRE clocked by ACLK  {rise@0.000ns fall@5.000ns period=10.000ns})
  Destination:            u_rq/rq_reg[1]/R
                            (rising edge-triggered cell FDRE clocked by ACLK  {rise@0.000ns fall@5.000ns period=10.000ns})
  Path Group:             ACLK
  Path Type:              Setup (Max at Slow Process Corner)
  Requirement:            10.000ns  (ACLK rise@10.000ns - ACLK rise@0.000ns)
  Data Path Delay:        11.354ns  (logic 5.391ns (47.481%)  route 5.963ns (52.519%))
  Logic Levels:           32  (CARRY4=24 LUT2=1 LUT5=1 LUT6=5 MUXF7=1)
  Clock Path Skew:        -0.049ns (DCD - SCD + CPR)
    Destination Clock Delay (DCD):    0.924ns = ( 10.924 - 10.000 ) 
    Source Clock Delay      (SCD):    0.973ns
    Clock Pessimism Removal (CPR):    0.000ns
  Clock Uncertainty:      0.035ns  ((TSJ^2 + TIJ^2)^1/2 + DJ) / 2 + PE
    Total System Jitter     (TSJ):    0.071ns
    Total Input Jitter      (TIJ):    0.000ns
    Discrete Jitter          (DJ):    0.000ns
    Phase Error              (PE):    0.000ns

    Location             Delay type                Incr(ns)  Path(ns)    Netlist Resource(s)
  -------------------------------------------------------------------    -------------------
                         (clock ACLK rise edge)       0.000     0.000 r  
                                                      0.000     0.000 r  clk (IN)
                         net (fo=886, unset)          0.973     0.973    u_rq/clk
    SLICE_X43Y87         FDRE                                         r  u_rq/param3_reg[69]_replica/C
  -------------------------------------------------------------------    -------------------
    SLICE_X43Y87         FDRE (Prop_fdre_C_Q)         0.456     1.429 r  u_rq/param3_reg[69]_replica/Q
                         net (fo=4, routed)           0.716     2.145    u_rq/p_0_in[5]_repN
    SLICE_X42Y87                                                      r  u_rq/rq[7]_i_692/I0
    SLICE_X42Y87         LUT6 (Prop_lut6_I0_O)        0.124     2.269 r  u_rq/rq[7]_i_692/O
                         net (fo=8, routed)           0.609     2.878    u_rq/rq[7]_i_692_n_0
    SLICE_X41Y87                                                      r  u_rq/rq[3]_i_17/I0
    SLICE_X41Y87         LUT5 (Prop_lut5_I0_O)        0.124     3.002 r  u_rq/rq[3]_i_17/O
                         net (fo=1, routed)           0.000     3.002    u_rq/rq[3]_i_17_n_0
    SLICE_X41Y87                                                      r  u_rq/rq_reg[3]_i_12/S[3]
    SLICE_X41Y87         CARRY4 (Prop_carry4_S[3]_CO[3])
                                                      0.401     3.403 r  u_rq/rq_reg[3]_i_12/CO[3]
                         net (fo=1, routed)           0.000     3.403    u_rq/rq_reg[3]_i_12_n_0
    SLICE_X41Y88                                                      r  u_rq/rq_reg[7]_i_374/CI
    SLICE_X41Y88         CARRY4 (Prop_carry4_CI_CO[3])
                                                      0.114     3.517 r  u_rq/rq_reg[7]_i_374/CO[3]
                         net (fo=1, routed)           0.000     3.517    u_rq/rq_reg[7]_i_374_n_0
    SLICE_X41Y89                                                      r  u_rq/rq_reg[7]_i_373/CI
    SLICE_X41Y89         CARRY4 (Prop_carry4_CI_CO[3])
                                                      0.114     3.631 r  u_rq/rq_reg[7]_i_373/CO[3]
                         net (fo=1, routed)           0.000     3.631    u_rq/rq_reg[7]_i_373_n_0
    SLICE_X41Y90                                                      r  u_rq/rq_reg[7]_i_367/CI
    SLICE_X41Y90         CARRY4 (Prop_carry4_CI_CO[3])
                                                      0.114     3.745 r  u_rq/rq_reg[7]_i_367/CO[3]
                         net (fo=1, routed)           0.000     3.745    u_rq/rq_reg[7]_i_367_n_0
    SLICE_X41Y91                                                      r  u_rq/rq_reg[7]_i_370/CI
    SLICE_X41Y91         CARRY4 (Prop_carry4_CI_CO[3])
                                                      0.114     3.859 r  u_rq/rq_reg[7]_i_370/CO[3]
                         net (fo=1, routed)           0.000     3.859    u_rq/rq_reg[7]_i_370_n_0
    SLICE_X41Y92                                                      r  u_rq/rq_reg[7]_i_364/CI
    SLICE_X41Y92         CARRY4 (Prop_carry4_CI_CO[3])
                                                      0.114     3.973 r  u_rq/rq_reg[7]_i_364/CO[3]
                         net (fo=1, routed)           0.000     3.973    u_rq/rq_reg[7]_i_364_n_0
    SLICE_X41Y93                                                      r  u_rq/rq_reg[7]_i_371/CI
    SLICE_X41Y93         CARRY4 (Prop_carry4_CI_CO[3])
                                                      0.114     4.087 r  u_rq/rq_reg[7]_i_371/CO[3]
                         net (fo=1, routed)           0.000     4.087    u_rq/rq_reg[7]_i_371_n_0
    SLICE_X41Y94                                                      r  u_rq/rq_reg[7]_i_365/CI
    SLICE_X41Y94         CARRY4 (Prop_carry4_CI_CO[3])
                                                      0.114     4.201 r  u_rq/rq_reg[7]_i_365/CO[3]
                         net (fo=1, routed)           0.000     4.201    u_rq/rq_reg[7]_i_365_n_0
    SLICE_X41Y95                                                      r  u_rq/rq_reg[7]_i_368/CI
    SLICE_X41Y95         CARRY4 (Prop_carry4_CI_CO[3])
                                                      0.114     4.315 r  u_rq/rq_reg[7]_i_368/CO[3]
                         net (fo=1, routed)           0.000     4.315    u_rq/rq_reg[7]_i_368_n_0
    SLICE_X41Y96                                                      r  u_rq/rq_reg[7]_i_362/CI
    SLICE_X41Y96         CARRY4 (Prop_carry4_CI_CO[3])
                                                      0.114     4.429 r  u_rq/rq_reg[7]_i_362/CO[3]
                         net (fo=1, routed)           0.000     4.429    u_rq/rq_reg[7]_i_362_n_0
    SLICE_X41Y97                                                      r  u_rq/rq_reg[7]_i_372/CI
    SLICE_X41Y97         CARRY4 (Prop_carry4_CI_CO[3])
                                                      0.114     4.543 r  u_rq/rq_reg[7]_i_372/CO[3]
                         net (fo=1, routed)           0.000     4.543    u_rq/rq_reg[7]_i_372_n_0
    SLICE_X41Y98                                                      r  u_rq/rq_reg[7]_i_366/CI
    SLICE_X41Y98         CARRY4 (Prop_carry4_CI_CO[3])
                                                      0.114     4.657 r  u_rq/rq_reg[7]_i_366/CO[3]
                         net (fo=1, routed)           0.000     4.657    u_rq/rq_reg[7]_i_366_n_0
    SLICE_X41Y99                                                      r  u_rq/rq_reg[7]_i_369/CI
    SLICE_X41Y99         CARRY4 (Prop_carry4_CI_CO[3])
                                                      0.114     4.771 r  u_rq/rq_reg[7]_i_369/CO[3]
                         net (fo=1, routed)           0.001     4.772    u_rq/rq_reg[7]_i_369_n_0
    SLICE_X41Y100                                                     r  u_rq/rq_reg[7]_i_363/CI
    SLICE_X41Y100        CARRY4 (Prop_carry4_CI_CO[3])
                                                      0.114     4.886 r  u_rq/rq_reg[7]_i_363/CO[3]
                         net (fo=1, routed)           0.000     4.886    u_rq/rq_reg[7]_i_363_n_0
    SLICE_X41Y101                                                     r  u_rq/rq_reg[7]_i_287/CI
    SLICE_X41Y101        CARRY4 (Prop_carry4_CI_CO[3])
                                                      0.114     5.000 r  u_rq/rq_reg[7]_i_287/CO[3]
                         net (fo=1, routed)           0.000     5.000    u_rq/rq_reg[7]_i_287_n_0
    SLICE_X41Y102                                                     r  u_rq/rq_reg[7]_i_132/CI
    SLICE_X41Y102        CARRY4 (Prop_carry4_CI_O[3])
                                                      0.313     5.313 f  u_rq/rq_reg[7]_i_132/O[3]
                         net (fo=64, routed)          0.980     6.293    u_rq/rq_reg[7]_i_132_n_4
    SLICE_X42Y98                                                      f  u_rq/rq[7]_i_186/I0
    SLICE_X42Y98         LUT6 (Prop_lut6_I0_O)        0.306     6.599 f  u_rq/rq[7]_i_186/O
                         net (fo=4, routed)           0.338     6.937    u_rq/rq[7]_i_186_n_0
    SLICE_X42Y97                                                      f  u_rq/rq[7]_i_73/I3
    SLICE_X42Y97         LUT6 (Prop_lut6_I3_O)        0.124     7.061 f  u_rq/rq[7]_i_73/O
                         net (fo=4, routed)           0.898     7.959    u_rq/rq[7]_i_73_n_0
    SLICE_X43Y97                                                      f  u_rq/rq[7]_i_20/I0
    SLICE_X43Y97         LUT6 (Prop_lut6_I0_O)        0.124     8.083 f  u_rq/rq[7]_i_20/O
                         net (fo=1, routed)           0.000     8.083    u_rq/rq[7]_i_20_n_0
    SLICE_X43Y97                                                      f  u_rq/rq_reg[7]_i_4/I1
    SLICE_X43Y97         MUXF7 (Prop_muxf7_I1_O)      0.217     8.300 f  u_rq/rq_reg[7]_i_4/O
                         net (fo=5, routed)           0.499     8.799    u_rq/rq_reg[7]_i_4_n_0
    SLICE_X38Y98                                                      f  u_rq/rq[7]_i_812/I0
    SLICE_X38Y98         LUT6 (Prop_lut6_I0_O)        0.299     9.098 r  u_rq/rq[7]_i_812/O
                         net (fo=1, routed)           0.884     9.982    u_rq/rq[7]_i_812_n_0
    SLICE_X40Y99                                                      r  u_rq/rq_reg[7]_i_702/DI[3]
    SLICE_X40Y99         CARRY4 (Prop_carry4_DI[3]_CO[3])
                                                      0.385    10.367 r  u_rq/rq_reg[7]_i_702/CO[3]
                         net (fo=1, routed)           0.001    10.368    u_rq/rq_reg[7]_i_702_n_0
    SLICE_X40Y100                                                     r  u_rq/rq_reg[7]_i_594/CI
    SLICE_X40Y100        CARRY4 (Prop_carry4_CI_CO[3])
                                                      0.114    10.482 r  u_rq/rq_reg[7]_i_594/CO[3]
                         net (fo=1, routed)           0.000    10.482    u_rq/rq_reg[7]_i_594_n_0
    SLICE_X40Y101                                                     r  u_rq/rq_reg[7]_i_388/CI
    SLICE_X40Y101        CARRY4 (Prop_carry4_CI_CO[3])
                                                      0.114    10.596 r  u_rq/rq_reg[7]_i_388/CO[3]
                         net (fo=1, routed)           0.000    10.596    u_rq/rq_reg[7]_i_388_n_0
    SLICE_X40Y102                                                     r  u_rq/rq_reg[7]_i_238/CI
    SLICE_X40Y102        CARRY4 (Prop_carry4_CI_CO[3])
                                                      0.114    10.710 r  u_rq/rq_reg[7]_i_238/CO[3]
                         net (fo=1, routed)           0.000    10.710    u_rq/rq_reg[7]_i_238_n_0
    SLICE_X40Y103                                                     r  u_rq/rq_reg[7]_i_107/CI
    SLICE_X40Y103        CARRY4 (Prop_carry4_CI_CO[3])
                                                      0.114    10.824 r  u_rq/rq_reg[7]_i_107/CO[3]
                         net (fo=1, routed)           0.000    10.824    u_rq/rq_reg[7]_i_107_n_0
    SLICE_X40Y104                                                     r  u_rq/rq_reg[7]_i_38/CI
    SLICE_X40Y104        CARRY4 (Prop_carry4_CI_CO[3])
                                                      0.114    10.938 r  u_rq/rq_reg[7]_i_38/CO[3]
                         net (fo=1, routed)           0.000    10.938    u_rq/rq_reg[7]_i_38_n_0
    SLICE_X40Y105                                                     r  u_rq/rq_reg[7]_i_9/CI
    SLICE_X40Y105        CARRY4 (Prop_carry4_CI_CO[3])
                                                      0.114    11.052 r  u_rq/rq_reg[7]_i_9/CO[3]
                         net (fo=1, routed)           0.000    11.052    u_rq/rq_reg[7]_i_9_n_0
    SLICE_X40Y106                                                     r  u_rq/rq_reg[7]_i_3/CI
    SLICE_X40Y106        CARRY4 (Prop_carry4_CI_CO[3])
                                                      0.114    11.166 r  u_rq/rq_reg[7]_i_3/CO[3]
                         net (fo=2, routed)           0.638    11.804    u_rq/acc_sat1
    SLICE_X39Y107                                                     r  u_rq/rq[7]_i_1/I1
    SLICE_X39Y107        LUT2 (Prop_lut2_I1_O)        0.124    11.928 r  u_rq/rq[7]_i_1/O
                         net (fo=7, routed)           0.399    12.327    u_rq/rq[7]_i_1_n_0
    SLICE_X38Y107        FDRE                                         r  u_rq/rq_reg[1]/R
  -------------------------------------------------------------------    -------------------

                         (clock ACLK rise edge)      10.000    10.000 r  
                                                      0.000    10.000 r  clk (IN)
                         net (fo=886, unset)          0.924    10.924    u_rq/clk
    SLICE_X38Y107        FDRE                                         r  u_rq/rq_reg[1]/C
                         clock pessimism              0.000    10.924    
                         clock uncertainty           -0.035    10.889    
    SLICE_X38Y107        FDRE (Setup_fdre_C_R)       -0.524    10.365    u_rq/rq_reg[1]
  -------------------------------------------------------------------
                         required time                         10.365    
                         arrival time                         -12.327    
  -------------------------------------------------------------------
                         slack                                 -1.962    

Slack (VIOLATED) :        -1.962ns  (required time - arrival time)
  Source:                 u_rq/param3_reg[69]_replica/C
                            (rising edge-triggered cell FDRE clocked by ACLK  {rise@0.000ns fall@5.000ns period=10.000ns})
  Destination:            u_rq/rq_reg[2]/R
                            (rising edge-triggered cell FDRE clocked by ACLK  {rise@0.000ns fall@5.000ns period=10.000ns})
  Path Group:             ACLK
  Path Type:              Setup (Max at Slow Process Corner)
  Requirement:            10.000ns  (ACLK rise@10.000ns - ACLK rise@0.000ns)
  Data Path Delay:        11.354ns  (logic 5.391ns (47.481%)  route 5.963ns (52.519%))
  Logic Levels:           32  (CARRY4=24 LUT2=1 LUT5=1 LUT6=5 MUXF7=1)
  Clock Path Skew:        -0.049ns (DCD - SCD + CPR)
    Destination Clock Delay (DCD):    0.924ns = ( 10.924 - 10.000 ) 
    Source Clock Delay      (SCD):    0.973ns
    Clock Pessimism Removal (CPR):    0.000ns
  Clock Uncertainty:      0.035ns  ((TSJ^2 + TIJ^2)^1/2 + DJ) / 2 + PE
    Total System Jitter     (TSJ):    0.071ns
    Total Input Jitter      (TIJ):    0.000ns
    Discrete Jitter          (DJ):    0.000ns
    Phase Error              (PE):    0.000ns

    Location             Delay type                Incr(ns)  Path(ns)    Netlist Resource(s)
  -------------------------------------------------------------------    -------------------
                         (clock ACLK rise edge)       0.000     0.000 r  
                                                      0.000     0.000 r  clk (IN)
                         net (fo=886, unset)          0.973     0.973    u_rq/clk
    SLICE_X43Y87         FDRE                                         r  u_rq/param3_reg[69]_replica/C
  -------------------------------------------------------------------    -------------------
    SLICE_X43Y87         FDRE (Prop_fdre_C_Q)         0.456     1.429 r  u_rq/param3_reg[69]_replica/Q
                         net (fo=4, routed)           0.716     2.145    u_rq/p_0_in[5]_repN
    SLICE_X42Y87                                                      r  u_rq/rq[7]_i_692/I0
    SLICE_X42Y87         LUT6 (Prop_lut6_I0_O)        0.124     2.269 r  u_rq/rq[7]_i_692/O
                         net (fo=8, routed)           0.609     2.878    u_rq/rq[7]_i_692_n_0
    SLICE_X41Y87                                                      r  u_rq/rq[3]_i_17/I0
    SLICE_X41Y87         LUT5 (Prop_lut5_I0_O)        0.124     3.002 r  u_rq/rq[3]_i_17/O
                         net (fo=1, routed)           0.000     3.002    u_rq/rq[3]_i_17_n_0
    SLICE_X41Y87                                                      r  u_rq/rq_reg[3]_i_12/S[3]
    SLICE_X41Y87         CARRY4 (Prop_carry4_S[3]_CO[3])
                                                      0.401     3.403 r  u_rq/rq_reg[3]_i_12/CO[3]
                         net (fo=1, routed)           0.000     3.403    u_rq/rq_reg[3]_i_12_n_0
    SLICE_X41Y88                                                      r  u_rq/rq_reg[7]_i_374/CI
    SLICE_X41Y88         CARRY4 (Prop_carry4_CI_CO[3])
                                                      0.114     3.517 r  u_rq/rq_reg[7]_i_374/CO[3]
                         net (fo=1, routed)           0.000     3.517    u_rq/rq_reg[7]_i_374_n_0
    SLICE_X41Y89                                                      r  u_rq/rq_reg[7]_i_373/CI
    SLICE_X41Y89         CARRY4 (Prop_carry4_CI_CO[3])
                                                      0.114     3.631 r  u_rq/rq_reg[7]_i_373/CO[3]
                         net (fo=1, routed)           0.000     3.631    u_rq/rq_reg[7]_i_373_n_0
    SLICE_X41Y90                                                      r  u_rq/rq_reg[7]_i_367/CI
    SLICE_X41Y90         CARRY4 (Prop_carry4_CI_CO[3])
                                                      0.114     3.745 r  u_rq/rq_reg[7]_i_367/CO[3]
                         net (fo=1, routed)           0.000     3.745    u_rq/rq_reg[7]_i_367_n_0
    SLICE_X41Y91                                                      r  u_rq/rq_reg[7]_i_370/CI
    SLICE_X41Y91         CARRY4 (Prop_carry4_CI_CO[3])
                                                      0.114     3.859 r  u_rq/rq_reg[7]_i_370/CO[3]
                         net (fo=1, routed)           0.000     3.859    u_rq/rq_reg[7]_i_370_n_0
    SLICE_X41Y92                                                      r  u_rq/rq_reg[7]_i_364/CI
    SLICE_X41Y92         CARRY4 (Prop_carry4_CI_CO[3])
                                                      0.114     3.973 r  u_rq/rq_reg[7]_i_364/CO[3]
                         net (fo=1, routed)           0.000     3.973    u_rq/rq_reg[7]_i_364_n_0
    SLICE_X41Y93                                                      r  u_rq/rq_reg[7]_i_371/CI
    SLICE_X41Y93         CARRY4 (Prop_carry4_CI_CO[3])
                                                      0.114     4.087 r  u_rq/rq_reg[7]_i_371/CO[3]
                         net (fo=1, routed)           0.000     4.087    u_rq/rq_reg[7]_i_371_n_0
    SLICE_X41Y94                                                      r  u_rq/rq_reg[7]_i_365/CI
    SLICE_X41Y94         CARRY4 (Prop_carry4_CI_CO[3])
                                                      0.114     4.201 r  u_rq/rq_reg[7]_i_365/CO[3]
                         net (fo=1, routed)           0.000     4.201    u_rq/rq_reg[7]_i_365_n_0
    SLICE_X41Y95                                                      r  u_rq/rq_reg[7]_i_368/CI
    SLICE_X41Y95         CARRY4 (Prop_carry4_CI_CO[3])
                                                      0.114     4.315 r  u_rq/rq_reg[7]_i_368/CO[3]
                         net (fo=1, routed)           0.000     4.315    u_rq/rq_reg[7]_i_368_n_0
    SLICE_X41Y96                                                      r  u_rq/rq_reg[7]_i_362/CI
    SLICE_X41Y96         CARRY4 (Prop_carry4_CI_CO[3])
                                                      0.114     4.429 r  u_rq/rq_reg[7]_i_362/CO[3]
                         net (fo=1, routed)           0.000     4.429    u_rq/rq_reg[7]_i_362_n_0
    SLICE_X41Y97                                                      r  u_rq/rq_reg[7]_i_372/CI
    SLICE_X41Y97         CARRY4 (Prop_carry4_CI_CO[3])
                                                      0.114     4.543 r  u_rq/rq_reg[7]_i_372/CO[3]
                         net (fo=1, routed)           0.000     4.543    u_rq/rq_reg[7]_i_372_n_0
    SLICE_X41Y98                                                      r  u_rq/rq_reg[7]_i_366/CI
    SLICE_X41Y98         CARRY4 (Prop_carry4_CI_CO[3])
                                                      0.114     4.657 r  u_rq/rq_reg[7]_i_366/CO[3]
                         net (fo=1, routed)           0.000     4.657    u_rq/rq_reg[7]_i_366_n_0
    SLICE_X41Y99                                                      r  u_rq/rq_reg[7]_i_369/CI
    SLICE_X41Y99         CARRY4 (Prop_carry4_CI_CO[3])
                                                      0.114     4.771 r  u_rq/rq_reg[7]_i_369/CO[3]
                         net (fo=1, routed)           0.001     4.772    u_rq/rq_reg[7]_i_369_n_0
    SLICE_X41Y100                                                     r  u_rq/rq_reg[7]_i_363/CI
    SLICE_X41Y100        CARRY4 (Prop_carry4_CI_CO[3])
                                                      0.114     4.886 r  u_rq/rq_reg[7]_i_363/CO[3]
                         net (fo=1, routed)           0.000     4.886    u_rq/rq_reg[7]_i_363_n_0
    SLICE_X41Y101                                                     r  u_rq/rq_reg[7]_i_287/CI
    SLICE_X41Y101        CARRY4 (Prop_carry4_CI_CO[3])
                                                      0.114     5.000 r  u_rq/rq_reg[7]_i_287/CO[3]
                         net (fo=1, routed)           0.000     5.000    u_rq/rq_reg[7]_i_287_n_0
    SLICE_X41Y102                                                     r  u_rq/rq_reg[7]_i_132/CI
    SLICE_X41Y102        CARRY4 (Prop_carry4_CI_O[3])
                                                      0.313     5.313 f  u_rq/rq_reg[7]_i_132/O[3]
                         net (fo=64, routed)          0.980     6.293    u_rq/rq_reg[7]_i_132_n_4
    SLICE_X42Y98                                                      f  u_rq/rq[7]_i_186/I0
    SLICE_X42Y98         LUT6 (Prop_lut6_I0_O)        0.306     6.599 f  u_rq/rq[7]_i_186/O
                         net (fo=4, routed)           0.338     6.937    u_rq/rq[7]_i_186_n_0
    SLICE_X42Y97                                                      f  u_rq/rq[7]_i_73/I3
    SLICE_X42Y97         LUT6 (Prop_lut6_I3_O)        0.124     7.061 f  u_rq/rq[7]_i_73/O
                         net (fo=4, routed)           0.898     7.959    u_rq/rq[7]_i_73_n_0
    SLICE_X43Y97                                                      f  u_rq/rq[7]_i_20/I0
    SLICE_X43Y97         LUT6 (Prop_lut6_I0_O)        0.124     8.083 f  u_rq/rq[7]_i_20/O
                         net (fo=1, routed)           0.000     8.083    u_rq/rq[7]_i_20_n_0
    SLICE_X43Y97                                                      f  u_rq/rq_reg[7]_i_4/I1
    SLICE_X43Y97         MUXF7 (Prop_muxf7_I1_O)      0.217     8.300 f  u_rq/rq_reg[7]_i_4/O
                         net (fo=5, routed)           0.499     8.799    u_rq/rq_reg[7]_i_4_n_0
    SLICE_X38Y98                                                      f  u_rq/rq[7]_i_812/I0
    SLICE_X38Y98         LUT6 (Prop_lut6_I0_O)        0.299     9.098 r  u_rq/rq[7]_i_812/O
                         net (fo=1, routed)           0.884     9.982    u_rq/rq[7]_i_812_n_0
    SLICE_X40Y99                                                      r  u_rq/rq_reg[7]_i_702/DI[3]
    SLICE_X40Y99         CARRY4 (Prop_carry4_DI[3]_CO[3])
                                                      0.385    10.367 r  u_rq/rq_reg[7]_i_702/CO[3]
                         net (fo=1, routed)           0.001    10.368    u_rq/rq_reg[7]_i_702_n_0
    SLICE_X40Y100                                                     r  u_rq/rq_reg[7]_i_594/CI
    SLICE_X40Y100        CARRY4 (Prop_carry4_CI_CO[3])
                                                      0.114    10.482 r  u_rq/rq_reg[7]_i_594/CO[3]
                         net (fo=1, routed)           0.000    10.482    u_rq/rq_reg[7]_i_594_n_0
    SLICE_X40Y101                                                     r  u_rq/rq_reg[7]_i_388/CI
    SLICE_X40Y101        CARRY4 (Prop_carry4_CI_CO[3])
                                                      0.114    10.596 r  u_rq/rq_reg[7]_i_388/CO[3]
                         net (fo=1, routed)           0.000    10.596    u_rq/rq_reg[7]_i_388_n_0
    SLICE_X40Y102                                                     r  u_rq/rq_reg[7]_i_238/CI
    SLICE_X40Y102        CARRY4 (Prop_carry4_CI_CO[3])
                                                      0.114    10.710 r  u_rq/rq_reg[7]_i_238/CO[3]
                         net (fo=1, routed)           0.000    10.710    u_rq/rq_reg[7]_i_238_n_0
    SLICE_X40Y103                                                     r  u_rq/rq_reg[7]_i_107/CI
    SLICE_X40Y103        CARRY4 (Prop_carry4_CI_CO[3])
                                                      0.114    10.824 r  u_rq/rq_reg[7]_i_107/CO[3]
                         net (fo=1, routed)           0.000    10.824    u_rq/rq_reg[7]_i_107_n_0
    SLICE_X40Y104                                                     r  u_rq/rq_reg[7]_i_38/CI
    SLICE_X40Y104        CARRY4 (Prop_carry4_CI_CO[3])
                                                      0.114    10.938 r  u_rq/rq_reg[7]_i_38/CO[3]
                         net (fo=1, routed)           0.000    10.938    u_rq/rq_reg[7]_i_38_n_0
    SLICE_X40Y105                                                     r  u_rq/rq_reg[7]_i_9/CI
    SLICE_X40Y105        CARRY4 (Prop_carry4_CI_CO[3])
                                                      0.114    11.052 r  u_rq/rq_reg[7]_i_9/CO[3]
                         net (fo=1, routed)           0.000    11.052    u_rq/rq_reg[7]_i_9_n_0
    SLICE_X40Y106                                                     r  u_rq/rq_reg[7]_i_3/CI
    SLICE_X40Y106        CARRY4 (Prop_carry4_CI_CO[3])
                                                      0.114    11.166 r  u_rq/rq_reg[7]_i_3/CO[3]
                         net (fo=2, routed)           0.638    11.804    u_rq/acc_sat1
    SLICE_X39Y107                                                     r  u_rq/rq[7]_i_1/I1
    SLICE_X39Y107        LUT2 (Prop_lut2_I1_O)        0.124    11.928 r  u_rq/rq[7]_i_1/O
                         net (fo=7, routed)           0.399    12.327    u_rq/rq[7]_i_1_n_0
    SLICE_X38Y107        FDRE                                         r  u_rq/rq_reg[2]/R
  -------------------------------------------------------------------    -------------------

                         (clock ACLK rise edge)      10.000    10.000 r  
                                                      0.000    10.000 r  clk (IN)
                         net (fo=886, unset)          0.924    10.924    u_rq/clk
    SLICE_X38Y107        FDRE                                         r  u_rq/rq_reg[2]/C
                         clock pessimism              0.000    10.924    
                         clock uncertainty           -0.035    10.889    
    SLICE_X38Y107        FDRE (Setup_fdre_C_R)       -0.524    10.365    u_rq/rq_reg[2]
  -------------------------------------------------------------------
                         required time                         10.365    
                         arrival time                         -12.327    
  -------------------------------------------------------------------
                         slack                                 -1.962    

Slack (VIOLATED) :        -1.962ns  (required time - arrival time)
  Source:                 u_rq/param3_reg[69]_replica/C
                            (rising edge-triggered cell FDRE clocked by ACLK  {rise@0.000ns fall@5.000ns period=10.000ns})
  Destination:            u_rq/rq_reg[5]/R
                            (rising edge-triggered cell FDRE clocked by ACLK  {rise@0.000ns fall@5.000ns period=10.000ns})
  Path Group:             ACLK
  Path Type:              Setup (Max at Slow Process Corner)
  Requirement:            10.000ns  (ACLK rise@10.000ns - ACLK rise@0.000ns)
  Data Path Delay:        11.354ns  (logic 5.391ns (47.481%)  route 5.963ns (52.519%))
  Logic Levels:           32  (CARRY4=24 LUT2=1 LUT5=1 LUT6=5 MUXF7=1)
  Clock Path Skew:        -0.049ns (DCD - SCD + CPR)
    Destination Clock Delay (DCD):    0.924ns = ( 10.924 - 10.000 ) 
    Source Clock Delay      (SCD):    0.973ns
    Clock Pessimism Removal (CPR):    0.000ns
  Clock Uncertainty:      0.035ns  ((TSJ^2 + TIJ^2)^1/2 + DJ) / 2 + PE
    Total System Jitter     (TSJ):    0.071ns
    Total Input Jitter      (TIJ):    0.000ns
    Discrete Jitter          (DJ):    0.000ns
    Phase Error              (PE):    0.000ns

    Location             Delay type                Incr(ns)  Path(ns)    Netlist Resource(s)
  -------------------------------------------------------------------    -------------------
                         (clock ACLK rise edge)       0.000     0.000 r  
                                                      0.000     0.000 r  clk (IN)
                         net (fo=886, unset)          0.973     0.973    u_rq/clk
    SLICE_X43Y87         FDRE                                         r  u_rq/param3_reg[69]_replica/C
  -------------------------------------------------------------------    -------------------
    SLICE_X43Y87         FDRE (Prop_fdre_C_Q)         0.456     1.429 r  u_rq/param3_reg[69]_replica/Q
                         net (fo=4, routed)           0.716     2.145    u_rq/p_0_in[5]_repN
    SLICE_X42Y87                                                      r  u_rq/rq[7]_i_692/I0
    SLICE_X42Y87         LUT6 (Prop_lut6_I0_O)        0.124     2.269 r  u_rq/rq[7]_i_692/O
                         net (fo=8, routed)           0.609     2.878    u_rq/rq[7]_i_692_n_0
    SLICE_X41Y87                                                      r  u_rq/rq[3]_i_17/I0
    SLICE_X41Y87         LUT5 (Prop_lut5_I0_O)        0.124     3.002 r  u_rq/rq[3]_i_17/O
                         net (fo=1, routed)           0.000     3.002    u_rq/rq[3]_i_17_n_0
    SLICE_X41Y87                                                      r  u_rq/rq_reg[3]_i_12/S[3]
    SLICE_X41Y87         CARRY4 (Prop_carry4_S[3]_CO[3])
                                                      0.401     3.403 r  u_rq/rq_reg[3]_i_12/CO[3]
                         net (fo=1, routed)           0.000     3.403    u_rq/rq_reg[3]_i_12_n_0
    SLICE_X41Y88                                                      r  u_rq/rq_reg[7]_i_374/CI
    SLICE_X41Y88         CARRY4 (Prop_carry4_CI_CO[3])
                                                      0.114     3.517 r  u_rq/rq_reg[7]_i_374/CO[3]
                         net (fo=1, routed)           0.000     3.517    u_rq/rq_reg[7]_i_374_n_0
    SLICE_X41Y89                                                      r  u_rq/rq_reg[7]_i_373/CI
    SLICE_X41Y89         CARRY4 (Prop_carry4_CI_CO[3])
                                                      0.114     3.631 r  u_rq/rq_reg[7]_i_373/CO[3]
                         net (fo=1, routed)           0.000     3.631    u_rq/rq_reg[7]_i_373_n_0
    SLICE_X41Y90                                                      r  u_rq/rq_reg[7]_i_367/CI
    SLICE_X41Y90         CARRY4 (Prop_carry4_CI_CO[3])
                                                      0.114     3.745 r  u_rq/rq_reg[7]_i_367/CO[3]
                         net (fo=1, routed)           0.000     3.745    u_rq/rq_reg[7]_i_367_n_0
    SLICE_X41Y91                                                      r  u_rq/rq_reg[7]_i_370/CI
    SLICE_X41Y91         CARRY4 (Prop_carry4_CI_CO[3])
                                                      0.114     3.859 r  u_rq/rq_reg[7]_i_370/CO[3]
                         net (fo=1, routed)           0.000     3.859    u_rq/rq_reg[7]_i_370_n_0
    SLICE_X41Y92                                                      r  u_rq/rq_reg[7]_i_364/CI
    SLICE_X41Y92         CARRY4 (Prop_carry4_CI_CO[3])
                                                      0.114     3.973 r  u_rq/rq_reg[7]_i_364/CO[3]
                         net (fo=1, routed)           0.000     3.973    u_rq/rq_reg[7]_i_364_n_0
    SLICE_X41Y93                                                      r  u_rq/rq_reg[7]_i_371/CI
    SLICE_X41Y93         CARRY4 (Prop_carry4_CI_CO[3])
                                                      0.114     4.087 r  u_rq/rq_reg[7]_i_371/CO[3]
                         net (fo=1, routed)           0.000     4.087    u_rq/rq_reg[7]_i_371_n_0
    SLICE_X41Y94                                                      r  u_rq/rq_reg[7]_i_365/CI
    SLICE_X41Y94         CARRY4 (Prop_carry4_CI_CO[3])
                                                      0.114     4.201 r  u_rq/rq_reg[7]_i_365/CO[3]
                         net (fo=1, routed)           0.000     4.201    u_rq/rq_reg[7]_i_365_n_0
    SLICE_X41Y95                                                      r  u_rq/rq_reg[7]_i_368/CI
    SLICE_X41Y95         CARRY4 (Prop_carry4_CI_CO[3])
                                                      0.114     4.315 r  u_rq/rq_reg[7]_i_368/CO[3]
                         net (fo=1, routed)           0.000     4.315    u_rq/rq_reg[7]_i_368_n_0
    SLICE_X41Y96                                                      r  u_rq/rq_reg[7]_i_362/CI
    SLICE_X41Y96         CARRY4 (Prop_carry4_CI_CO[3])
                                                      0.114     4.429 r  u_rq/rq_reg[7]_i_362/CO[3]
                         net (fo=1, routed)           0.000     4.429    u_rq/rq_reg[7]_i_362_n_0
    SLICE_X41Y97                                                      r  u_rq/rq_reg[7]_i_372/CI
    SLICE_X41Y97         CARRY4 (Prop_carry4_CI_CO[3])
                                                      0.114     4.543 r  u_rq/rq_reg[7]_i_372/CO[3]
                         net (fo=1, routed)           0.000     4.543    u_rq/rq_reg[7]_i_372_n_0
    SLICE_X41Y98                                                      r  u_rq/rq_reg[7]_i_366/CI
    SLICE_X41Y98         CARRY4 (Prop_carry4_CI_CO[3])
                                                      0.114     4.657 r  u_rq/rq_reg[7]_i_366/CO[3]
                         net (fo=1, routed)           0.000     4.657    u_rq/rq_reg[7]_i_366_n_0
    SLICE_X41Y99                                                      r  u_rq/rq_reg[7]_i_369/CI
    SLICE_X41Y99         CARRY4 (Prop_carry4_CI_CO[3])
                                                      0.114     4.771 r  u_rq/rq_reg[7]_i_369/CO[3]
                         net (fo=1, routed)           0.001     4.772    u_rq/rq_reg[7]_i_369_n_0
    SLICE_X41Y100                                                     r  u_rq/rq_reg[7]_i_363/CI
    SLICE_X41Y100        CARRY4 (Prop_carry4_CI_CO[3])
                                                      0.114     4.886 r  u_rq/rq_reg[7]_i_363/CO[3]
                         net (fo=1, routed)           0.000     4.886    u_rq/rq_reg[7]_i_363_n_0
    SLICE_X41Y101                                                     r  u_rq/rq_reg[7]_i_287/CI
    SLICE_X41Y101        CARRY4 (Prop_carry4_CI_CO[3])
                                                      0.114     5.000 r  u_rq/rq_reg[7]_i_287/CO[3]
                         net (fo=1, routed)           0.000     5.000    u_rq/rq_reg[7]_i_287_n_0
    SLICE_X41Y102                                                     r  u_rq/rq_reg[7]_i_132/CI
    SLICE_X41Y102        CARRY4 (Prop_carry4_CI_O[3])
                                                      0.313     5.313 f  u_rq/rq_reg[7]_i_132/O[3]
                         net (fo=64, routed)          0.980     6.293    u_rq/rq_reg[7]_i_132_n_4
    SLICE_X42Y98                                                      f  u_rq/rq[7]_i_186/I0
    SLICE_X42Y98         LUT6 (Prop_lut6_I0_O)        0.306     6.599 f  u_rq/rq[7]_i_186/O
                         net (fo=4, routed)           0.338     6.937    u_rq/rq[7]_i_186_n_0
    SLICE_X42Y97                                                      f  u_rq/rq[7]_i_73/I3
    SLICE_X42Y97         LUT6 (Prop_lut6_I3_O)        0.124     7.061 f  u_rq/rq[7]_i_73/O
                         net (fo=4, routed)           0.898     7.959    u_rq/rq[7]_i_73_n_0
    SLICE_X43Y97                                                      f  u_rq/rq[7]_i_20/I0
    SLICE_X43Y97         LUT6 (Prop_lut6_I0_O)        0.124     8.083 f  u_rq/rq[7]_i_20/O
                         net (fo=1, routed)           0.000     8.083    u_rq/rq[7]_i_20_n_0
    SLICE_X43Y97                                                      f  u_rq/rq_reg[7]_i_4/I1
    SLICE_X43Y97         MUXF7 (Prop_muxf7_I1_O)      0.217     8.300 f  u_rq/rq_reg[7]_i_4/O
                         net (fo=5, routed)           0.499     8.799    u_rq/rq_reg[7]_i_4_n_0
    SLICE_X38Y98                                                      f  u_rq/rq[7]_i_812/I0
    SLICE_X38Y98         LUT6 (Prop_lut6_I0_O)        0.299     9.098 r  u_rq/rq[7]_i_812/O
                         net (fo=1, routed)           0.884     9.982    u_rq/rq[7]_i_812_n_0
    SLICE_X40Y99                                                      r  u_rq/rq_reg[7]_i_702/DI[3]
    SLICE_X40Y99         CARRY4 (Prop_carry4_DI[3]_CO[3])
                                                      0.385    10.367 r  u_rq/rq_reg[7]_i_702/CO[3]
                         net (fo=1, routed)           0.001    10.368    u_rq/rq_reg[7]_i_702_n_0
    SLICE_X40Y100                                                     r  u_rq/rq_reg[7]_i_594/CI
    SLICE_X40Y100        CARRY4 (Prop_carry4_CI_CO[3])
                                                      0.114    10.482 r  u_rq/rq_reg[7]_i_594/CO[3]
                         net (fo=1, routed)           0.000    10.482    u_rq/rq_reg[7]_i_594_n_0
    SLICE_X40Y101                                                     r  u_rq/rq_reg[7]_i_388/CI
    SLICE_X40Y101        CARRY4 (Prop_carry4_CI_CO[3])
                                                      0.114    10.596 r  u_rq/rq_reg[7]_i_388/CO[3]
                         net (fo=1, routed)           0.000    10.596    u_rq/rq_reg[7]_i_388_n_0
    SLICE_X40Y102                                                     r  u_rq/rq_reg[7]_i_238/CI
    SLICE_X40Y102        CARRY4 (Prop_carry4_CI_CO[3])
                                                      0.114    10.710 r  u_rq/rq_reg[7]_i_238/CO[3]
                         net (fo=1, routed)           0.000    10.710    u_rq/rq_reg[7]_i_238_n_0
    SLICE_X40Y103                                                     r  u_rq/rq_reg[7]_i_107/CI
    SLICE_X40Y103        CARRY4 (Prop_carry4_CI_CO[3])
                                                      0.114    10.824 r  u_rq/rq_reg[7]_i_107/CO[3]
                         net (fo=1, routed)           0.000    10.824    u_rq/rq_reg[7]_i_107_n_0
    SLICE_X40Y104                                                     r  u_rq/rq_reg[7]_i_38/CI
    SLICE_X40Y104        CARRY4 (Prop_carry4_CI_CO[3])
                                                      0.114    10.938 r  u_rq/rq_reg[7]_i_38/CO[3]
                         net (fo=1, routed)           0.000    10.938    u_rq/rq_reg[7]_i_38_n_0
    SLICE_X40Y105                                                     r  u_rq/rq_reg[7]_i_9/CI
    SLICE_X40Y105        CARRY4 (Prop_carry4_CI_CO[3])
                                                      0.114    11.052 r  u_rq/rq_reg[7]_i_9/CO[3]
                         net (fo=1, routed)           0.000    11.052    u_rq/rq_reg[7]_i_9_n_0
    SLICE_X40Y106                                                     r  u_rq/rq_reg[7]_i_3/CI
    SLICE_X40Y106        CARRY4 (Prop_carry4_CI_CO[3])
                                                      0.114    11.166 r  u_rq/rq_reg[7]_i_3/CO[3]
                         net (fo=2, routed)           0.638    11.804    u_rq/acc_sat1
    SLICE_X39Y107                                                     r  u_rq/rq[7]_i_1/I1
    SLICE_X39Y107        LUT2 (Prop_lut2_I1_O)        0.124    11.928 r  u_rq/rq[7]_i_1/O
                         net (fo=7, routed)           0.399    12.327    u_rq/rq[7]_i_1_n_0
    SLICE_X38Y107        FDRE                                         r  u_rq/rq_reg[5]/R
  -------------------------------------------------------------------    -------------------

                         (clock ACLK rise edge)      10.000    10.000 r  
                                                      0.000    10.000 r  clk (IN)
                         net (fo=886, unset)          0.924    10.924    u_rq/clk
    SLICE_X38Y107        FDRE                                         r  u_rq/rq_reg[5]/C
                         clock pessimism              0.000    10.924    
                         clock uncertainty           -0.035    10.889    
    SLICE_X38Y107        FDRE (Setup_fdre_C_R)       -0.524    10.365    u_rq/rq_reg[5]
  -------------------------------------------------------------------
                         required time                         10.365    
                         arrival time                         -12.327    
  -------------------------------------------------------------------
                         slack                                 -1.962    




