Copyright 1986-2020 Xilinx, Inc. All Rights Reserved.
-----------------------------------------------------------------------------------------------------------------------------------------------------------------------------
| Tool Version : Vivado v.2020.2 (win64) Build 3064766 Wed Nov 18 09:12:45 MST 2020
| Date         : Sat Sep 26 19:54:23 2026
| Host         : DESKTOP-7CFQ9ND running 64-bit major release  (build 9200)
| Command      : report_timing -max_paths 3 -nworst 1 -input_pins -delay_type max -file D:/2609_final_project/cnn_rtl/docs/E-02a_runs/fc_default_10.000/post_place_paths.rpt
| Design       : fc_mac_requant_ooc
| Device       : 7z020-clg400
| Speed File   : -1  PRODUCTION 1.12 2019-11-22
-----------------------------------------------------------------------------------------------------------------------------------------------------------------------------

Timing Report

Slack (VIOLATED) :        -1.718ns  (required time - arrival time)
  Source:                 u_rq/param3_reg[69]/C
                            (rising edge-triggered cell FDRE clocked by ACLK  {rise@0.000ns fall@5.000ns period=10.000ns})
  Destination:            u_rq/rq_reg[7]/D
                            (rising edge-triggered cell FDSE clocked by ACLK  {rise@0.000ns fall@5.000ns period=10.000ns})
  Path Group:             ACLK
  Path Type:              Setup (Max at Slow Process Corner)
  Requirement:            10.000ns  (ACLK rise@10.000ns - ACLK rise@0.000ns)
  Data Path Delay:        11.752ns  (logic 6.056ns (51.532%)  route 5.696ns (48.468%))
  Logic Levels:           31  (CARRY4=23 LUT5=2 LUT6=5 MUXF7=1)
  Clock Path Skew:        -0.049ns (DCD - SCD + CPR)
    Destination Clock Delay (DCD):    0.924ns = ( 10.924 - 10.000 ) 
    Source Clock Delay      (SCD):    0.973ns
    Clock Pessimism Removal (CPR):    0.000ns
  Clock Uncertainty:      0.035ns  ((TSJ^2 + TIJ^2)^1/2 + DJ) / 2 + PE
    Total System Jitter     (TSJ):    0.071ns
    Total Input Jitter      (TIJ):    0.000ns
    Discrete Jitter          (DJ):    0.000ns
    Phase Error              (PE):    0.000ns

    Location             Delay type                Incr(ns)  Path(ns)    Netlist Resource(s)
  -------------------------------------------------------------------    -------------------
                         (clock ACLK rise edge)       0.000     0.000 r  
                                                      0.000     0.000 r  clk (IN)
                         net (fo=861, unset)          0.973     0.973    u_rq/clk
    SLICE_X30Y41         FDRE                                         r  u_rq/param3_reg[69]/C
  -------------------------------------------------------------------    -------------------
    SLICE_X30Y41         FDRE (Prop_fdre_C_Q)         0.518     1.491 r  u_rq/param3_reg[69]/Q
                         net (fo=160, estimated)      0.781     2.272    u_rq/p_0_in[5]
    SLICE_X31Y41                                                      r  u_rq/rq[7]_i_692/I0
    SLICE_X31Y41         LUT6 (Prop_lut6_I0_O)        0.124     2.396 r  u_rq/rq[7]_i_692/O
                         net (fo=16, estimated)       0.595     2.991    u_rq/rq[7]_i_692_n_0
    SLICE_X32Y39                                                      r  u_rq/rq[3]_i_19/I0
    SLICE_X32Y39         LUT5 (Prop_lut5_I0_O)        0.124     3.115 r  u_rq/rq[3]_i_19/O
                         net (fo=1, routed)           0.000     3.115    u_rq/rq[3]_i_19_n_0
    SLICE_X32Y39                                                      r  u_rq/rq_reg[3]_i_12/S[1]
    SLICE_X32Y39         CARRY4 (Prop_carry4_S[1]_CO[3])
                                                      0.533     3.648 r  u_rq/rq_reg[3]_i_12/CO[3]
                         net (fo=1, estimated)        0.000     3.648    u_rq/rq_reg[3]_i_12_n_0
    SLICE_X32Y40                                                      r  u_rq/rq_reg[7]_i_374/CI
    SLICE_X32Y40         CARRY4 (Prop_carry4_CI_CO[3])
                                                      0.117     3.765 r  u_rq/rq_reg[7]_i_374/CO[3]
                         net (fo=1, estimated)        0.000     3.765    u_rq/rq_reg[7]_i_374_n_0
    SLICE_X32Y41                                                      r  u_rq/rq_reg[7]_i_373/CI
    SLICE_X32Y41         CARRY4 (Prop_carry4_CI_CO[3])
                                                      0.117     3.882 r  u_rq/rq_reg[7]_i_373/CO[3]
                         net (fo=1, estimated)        0.000     3.882    u_rq/rq_reg[7]_i_373_n_0
    SLICE_X32Y42                                                      r  u_rq/rq_reg[7]_i_367/CI
    SLICE_X32Y42         CARRY4 (Prop_carry4_CI_CO[3])
                                                      0.117     3.999 r  u_rq/rq_reg[7]_i_367/CO[3]
                         net (fo=1, estimated)        0.000     3.999    u_rq/rq_reg[7]_i_367_n_0
    SLICE_X32Y43                                                      r  u_rq/rq_reg[7]_i_370/CI
    SLICE_X32Y43         CARRY4 (Prop_carry4_CI_CO[3])
                                                      0.117     4.116 r  u_rq/rq_reg[7]_i_370/CO[3]
                         net (fo=1, estimated)        0.000     4.116    u_rq/rq_reg[7]_i_370_n_0
    SLICE_X32Y44                                                      r  u_rq/rq_reg[7]_i_364/CI
    SLICE_X32Y44         CARRY4 (Prop_carry4_CI_CO[3])
                                                      0.117     4.233 r  u_rq/rq_reg[7]_i_364/CO[3]
                         net (fo=1, estimated)        0.000     4.233    u_rq/rq_reg[7]_i_364_n_0
    SLICE_X32Y45                                                      r  u_rq/rq_reg[7]_i_371/CI
    SLICE_X32Y45         CARRY4 (Prop_carry4_CI_CO[3])
                                                      0.117     4.350 r  u_rq/rq_reg[7]_i_371/CO[3]
                         net (fo=1, estimated)        0.000     4.350    u_rq/rq_reg[7]_i_371_n_0
    SLICE_X32Y46                                                      r  u_rq/rq_reg[7]_i_365/CI
    SLICE_X32Y46         CARRY4 (Prop_carry4_CI_CO[3])
                                                      0.117     4.467 r  u_rq/rq_reg[7]_i_365/CO[3]
                         net (fo=1, estimated)        0.000     4.467    u_rq/rq_reg[7]_i_365_n_0
    SLICE_X32Y47                                                      r  u_rq/rq_reg[7]_i_368/CI
    SLICE_X32Y47         CARRY4 (Prop_carry4_CI_CO[3])
                                                      0.117     4.584 r  u_rq/rq_reg[7]_i_368/CO[3]
                         net (fo=1, estimated)        0.000     4.584    u_rq/rq_reg[7]_i_368_n_0
    SLICE_X32Y48                                                      r  u_rq/rq_reg[7]_i_362/CI
    SLICE_X32Y48         CARRY4 (Prop_carry4_CI_CO[3])
                                                      0.117     4.701 r  u_rq/rq_reg[7]_i_362/CO[3]
                         net (fo=1, estimated)        0.000     4.701    u_rq/rq_reg[7]_i_362_n_0
    SLICE_X32Y49                                                      r  u_rq/rq_reg[7]_i_372/CI
    SLICE_X32Y49         CARRY4 (Prop_carry4_CI_CO[3])
                                                      0.117     4.818 r  u_rq/rq_reg[7]_i_372/CO[3]
                         net (fo=1, estimated)        0.000     4.818    u_rq/rq_reg[7]_i_372_n_0
    SLICE_X32Y50                                                      r  u_rq/rq_reg[7]_i_366/CI
    SLICE_X32Y50         CARRY4 (Prop_carry4_CI_CO[3])
                                                      0.117     4.935 r  u_rq/rq_reg[7]_i_366/CO[3]
                         net (fo=1, estimated)        0.000     4.935    u_rq/rq_reg[7]_i_366_n_0
    SLICE_X32Y51                                                      r  u_rq/rq_reg[7]_i_369/CI
    SLICE_X32Y51         CARRY4 (Prop_carry4_CI_CO[3])
                                                      0.117     5.052 r  u_rq/rq_reg[7]_i_369/CO[3]
                         net (fo=1, estimated)        0.000     5.052    u_rq/rq_reg[7]_i_369_n_0
    SLICE_X32Y52                                                      r  u_rq/rq_reg[7]_i_363/CI
    SLICE_X32Y52         CARRY4 (Prop_carry4_CI_CO[3])
                                                      0.117     5.169 r  u_rq/rq_reg[7]_i_363/CO[3]
                         net (fo=1, estimated)        0.000     5.169    u_rq/rq_reg[7]_i_363_n_0
    SLICE_X32Y53                                                      r  u_rq/rq_reg[7]_i_287/CI
    SLICE_X32Y53         CARRY4 (Prop_carry4_CI_CO[3])
                                                      0.117     5.286 r  u_rq/rq_reg[7]_i_287/CO[3]
                         net (fo=1, estimated)        0.000     5.286    u_rq/rq_reg[7]_i_287_n_0
    SLICE_X32Y54                                                      r  u_rq/rq_reg[7]_i_132/CI
    SLICE_X32Y54         CARRY4 (Prop_carry4_CI_O[3])
                                                      0.315     5.601 r  u_rq/rq_reg[7]_i_132/O[3]
                         net (fo=64, estimated)       0.684     6.285    u_rq/rq_reg[7]_i_132_n_4
    SLICE_X33Y55                                                      r  u_rq/rq[7]_i_964/I0
    SLICE_X33Y55         LUT6 (Prop_lut6_I0_O)        0.307     6.592 r  u_rq/rq[7]_i_964/O
                         net (fo=4, estimated)        0.689     7.281    u_rq/rq[7]_i_964_n_0
    SLICE_X34Y55                                                      r  u_rq/rq[7]_i_956/I0
    SLICE_X34Y55         LUT6 (Prop_lut6_I0_O)        0.124     7.405 r  u_rq/rq[7]_i_956/O
                         net (fo=4, estimated)        0.974     8.379    u_rq/rq[7]_i_956_n_0
    SLICE_X28Y55                                                      r  u_rq/rq[7]_i_914/I0
    SLICE_X28Y55         LUT6 (Prop_lut6_I0_O)        0.124     8.503 r  u_rq/rq[7]_i_914/O
                         net (fo=1, routed)           0.000     8.503    u_rq/rq[7]_i_914_n_0
    SLICE_X28Y55                                                      r  u_rq/rq_reg[7]_i_819/I1
    SLICE_X28Y55         MUXF7 (Prop_muxf7_I1_O)      0.217     8.720 r  u_rq/rq_reg[7]_i_819/O
                         net (fo=4, estimated)        0.801     9.521    u_rq/rq_reg[7]_i_819_n_0
    SLICE_X33Y57                                                      r  u_rq/rq[7]_i_807/I1
    SLICE_X33Y57         LUT6 (Prop_lut6_I1_O)        0.299     9.820 r  u_rq/rq[7]_i_807/O
                         net (fo=1, estimated)        0.335    10.155    u_rq/rq[7]_i_807_n_0
    SLICE_X35Y57                                                      r  u_rq/rq_reg[7]_i_693/DI[0]
    SLICE_X35Y57         CARRY4 (Prop_carry4_DI[0]_CO[3])
                                                      0.526    10.681 r  u_rq/rq_reg[7]_i_693/CO[3]
                         net (fo=1, estimated)        0.000    10.681    u_rq/rq_reg[7]_i_693_n_0
    SLICE_X35Y58                                                      r  u_rq/rq_reg[7]_i_585/CI
    SLICE_X35Y58         CARRY4 (Prop_carry4_CI_CO[3])
                                                      0.114    10.795 r  u_rq/rq_reg[7]_i_585/CO[3]
                         net (fo=1, estimated)        0.000    10.795    u_rq/rq_reg[7]_i_585_n_0
    SLICE_X35Y59                                                      r  u_rq/rq_reg[7]_i_379/CI
    SLICE_X35Y59         CARRY4 (Prop_carry4_CI_CO[3])
                                                      0.114    10.909 r  u_rq/rq_reg[7]_i_379/CO[3]
                         net (fo=1, estimated)        0.000    10.909    u_rq/rq_reg[7]_i_379_n_0
    SLICE_X35Y60                                                      r  u_rq/rq_reg[7]_i_229/CI
    SLICE_X35Y60         CARRY4 (Prop_carry4_CI_CO[3])
                                                      0.114    11.023 r  u_rq/rq_reg[7]_i_229/CO[3]
                         net (fo=1, estimated)        0.000    11.023    u_rq/rq_reg[7]_i_229_n_0
    SLICE_X35Y61                                                      r  u_rq/rq_reg[7]_i_98/CI
    SLICE_X35Y61         CARRY4 (Prop_carry4_CI_CO[3])
                                                      0.114    11.137 r  u_rq/rq_reg[7]_i_98/CO[3]
                         net (fo=1, estimated)        0.000    11.137    u_rq/rq_reg[7]_i_98_n_0
    SLICE_X35Y62                                                      r  u_rq/rq_reg[7]_i_35/CI
    SLICE_X35Y62         CARRY4 (Prop_carry4_CI_CO[3])
                                                      0.114    11.251 r  u_rq/rq_reg[7]_i_35/CO[3]
                         net (fo=1, estimated)        0.000    11.251    u_rq/rq_reg[7]_i_35_n_0
    SLICE_X35Y63                                                      r  u_rq/rq_reg[7]_i_8/CI
    SLICE_X35Y63         CARRY4 (Prop_carry4_CI_CO[0])
                                                      0.271    11.522 f  u_rq/rq_reg[7]_i_8/CO[0]
                         net (fo=8, estimated)        0.837    12.359    u_rq/acc_sat2
    SLICE_X30Y63                                                      f  u_rq/rq[7]_i_2/I4
    SLICE_X30Y63         LUT5 (Prop_lut5_I4_O)        0.366    12.725 r  u_rq/rq[7]_i_2/O
                         net (fo=1, routed)           0.000    12.725    u_rq/rq[7]_i_2_n_0
    SLICE_X30Y63         FDSE                                         r  u_rq/rq_reg[7]/D
  -------------------------------------------------------------------    -------------------

                         (clock ACLK rise edge)      10.000    10.000 r  
                                                      0.000    10.000 r  clk (IN)
                         net (fo=861, unset)          0.924    10.924    u_rq/clk
    SLICE_X30Y63         FDSE                                         r  u_rq/rq_reg[7]/C
                         clock pessimism              0.000    10.924    
                         clock uncertainty           -0.035    10.889    
    SLICE_X30Y63         FDSE (Setup_fdse_C_D)        0.118    11.007    u_rq/rq_reg[7]
  -------------------------------------------------------------------
                         required time                         11.007    
                         arrival time                         -12.725    
  -------------------------------------------------------------------
                         slack                                 -1.718    

Slack (VIOLATED) :        -1.707ns  (required time - arrival time)
  Source:                 u_rq/param3_reg[69]/C
                            (rising edge-triggered cell FDRE clocked by ACLK  {rise@0.000ns fall@5.000ns period=10.000ns})
  Destination:            u_rq/rq_reg[1]/D
                            (rising edge-triggered cell FDRE clocked by ACLK  {rise@0.000ns fall@5.000ns period=10.000ns})
  Path Group:             ACLK
  Path Type:              Setup (Max at Slow Process Corner)
  Requirement:            10.000ns  (ACLK rise@10.000ns - ACLK rise@0.000ns)
  Data Path Delay:        11.741ns  (logic 6.055ns (51.571%)  route 5.686ns (48.429%))
  Logic Levels:           31  (CARRY4=23 LUT5=2 LUT6=5 MUXF7=1)
  Clock Path Skew:        -0.049ns (DCD - SCD + CPR)
    Destination Clock Delay (DCD):    0.924ns = ( 10.924 - 10.000 ) 
    Source Clock Delay      (SCD):    0.973ns
    Clock Pessimism Removal (CPR):    0.000ns
  Clock Uncertainty:      0.035ns  ((TSJ^2 + TIJ^2)^1/2 + DJ) / 2 + PE
    Total System Jitter     (TSJ):    0.071ns
    Total Input Jitter      (TIJ):    0.000ns
    Discrete Jitter          (DJ):    0.000ns
    Phase Error              (PE):    0.000ns

    Location             Delay type                Incr(ns)  Path(ns)    Netlist Resource(s)
  -------------------------------------------------------------------    -------------------
                         (clock ACLK rise edge)       0.000     0.000 r  
                                                      0.000     0.000 r  clk (IN)
                         net (fo=861, unset)          0.973     0.973    u_rq/clk
    SLICE_X30Y41         FDRE                                         r  u_rq/param3_reg[69]/C
  -------------------------------------------------------------------    -------------------
    SLICE_X30Y41         FDRE (Prop_fdre_C_Q)         0.518     1.491 r  u_rq/param3_reg[69]/Q
                         net (fo=160, estimated)      0.781     2.272    u_rq/p_0_in[5]
    SLICE_X31Y41                                                      r  u_rq/rq[7]_i_692/I0
    SLICE_X31Y41         LUT6 (Prop_lut6_I0_O)        0.124     2.396 r  u_rq/rq[7]_i_692/O
                         net (fo=16, estimated)       0.595     2.991    u_rq/rq[7]_i_692_n_0
    SLICE_X32Y39                                                      r  u_rq/rq[3]_i_19/I0
    SLICE_X32Y39         LUT5 (Prop_lut5_I0_O)        0.124     3.115 r  u_rq/rq[3]_i_19/O
                         net (fo=1, routed)           0.000     3.115    u_rq/rq[3]_i_19_n_0
    SLICE_X32Y39                                                      r  u_rq/rq_reg[3]_i_12/S[1]
    SLICE_X32Y39         CARRY4 (Prop_carry4_S[1]_CO[3])
                                                      0.533     3.648 r  u_rq/rq_reg[3]_i_12/CO[3]
                         net (fo=1, estimated)        0.000     3.648    u_rq/rq_reg[3]_i_12_n_0
    SLICE_X32Y40                                                      r  u_rq/rq_reg[7]_i_374/CI
    SLICE_X32Y40         CARRY4 (Prop_carry4_CI_CO[3])
                                                      0.117     3.765 r  u_rq/rq_reg[7]_i_374/CO[3]
                         net (fo=1, estimated)        0.000     3.765    u_rq/rq_reg[7]_i_374_n_0
    SLICE_X32Y41                                                      r  u_rq/rq_reg[7]_i_373/CI
    SLICE_X32Y41         CARRY4 (Prop_carry4_CI_CO[3])
                                                      0.117     3.882 r  u_rq/rq_reg[7]_i_373/CO[3]
                         net (fo=1, estimated)        0.000     3.882    u_rq/rq_reg[7]_i_373_n_0
    SLICE_X32Y42                                                      r  u_rq/rq_reg[7]_i_367/CI
    SLICE_X32Y42         CARRY4 (Prop_carry4_CI_CO[3])
                                                      0.117     3.999 r  u_rq/rq_reg[7]_i_367/CO[3]
                         net (fo=1, estimated)        0.000     3.999    u_rq/rq_reg[7]_i_367_n_0
    SLICE_X32Y43                                                      r  u_rq/rq_reg[7]_i_370/CI
    SLICE_X32Y43         CARRY4 (Prop_carry4_CI_CO[3])
                                                      0.117     4.116 r  u_rq/rq_reg[7]_i_370/CO[3]
                         net (fo=1, estimated)        0.000     4.116    u_rq/rq_reg[7]_i_370_n_0
    SLICE_X32Y44                                                      r  u_rq/rq_reg[7]_i_364/CI
    SLICE_X32Y44         CARRY4 (Prop_carry4_CI_CO[3])
                                                      0.117     4.233 r  u_rq/rq_reg[7]_i_364/CO[3]
                         net (fo=1, estimated)        0.000     4.233    u_rq/rq_reg[7]_i_364_n_0
    SLICE_X32Y45                                                      r  u_rq/rq_reg[7]_i_371/CI
    SLICE_X32Y45         CARRY4 (Prop_carry4_CI_CO[3])
                                                      0.117     4.350 r  u_rq/rq_reg[7]_i_371/CO[3]
                         net (fo=1, estimated)        0.000     4.350    u_rq/rq_reg[7]_i_371_n_0
    SLICE_X32Y46                                                      r  u_rq/rq_reg[7]_i_365/CI
    SLICE_X32Y46         CARRY4 (Prop_carry4_CI_CO[3])
                                                      0.117     4.467 r  u_rq/rq_reg[7]_i_365/CO[3]
                         net (fo=1, estimated)        0.000     4.467    u_rq/rq_reg[7]_i_365_n_0
    SLICE_X32Y47                                                      r  u_rq/rq_reg[7]_i_368/CI
    SLICE_X32Y47         CARRY4 (Prop_carry4_CI_CO[3])
                                                      0.117     4.584 r  u_rq/rq_reg[7]_i_368/CO[3]
                         net (fo=1, estimated)        0.000     4.584    u_rq/rq_reg[7]_i_368_n_0
    SLICE_X32Y48                                                      r  u_rq/rq_reg[7]_i_362/CI
    SLICE_X32Y48         CARRY4 (Prop_carry4_CI_CO[3])
                                                      0.117     4.701 r  u_rq/rq_reg[7]_i_362/CO[3]
                         net (fo=1, estimated)        0.000     4.701    u_rq/rq_reg[7]_i_362_n_0
    SLICE_X32Y49                                                      r  u_rq/rq_reg[7]_i_372/CI
    SLICE_X32Y49         CARRY4 (Prop_carry4_CI_CO[3])
                                                      0.117     4.818 r  u_rq/rq_reg[7]_i_372/CO[3]
                         net (fo=1, estimated)        0.000     4.818    u_rq/rq_reg[7]_i_372_n_0
    SLICE_X32Y50                                                      r  u_rq/rq_reg[7]_i_366/CI
    SLICE_X32Y50         CARRY4 (Prop_carry4_CI_CO[3])
                                                      0.117     4.935 r  u_rq/rq_reg[7]_i_366/CO[3]
                         net (fo=1, estimated)        0.000     4.935    u_rq/rq_reg[7]_i_366_n_0
    SLICE_X32Y51                                                      r  u_rq/rq_reg[7]_i_369/CI
    SLICE_X32Y51         CARRY4 (Prop_carry4_CI_CO[3])
                                                      0.117     5.052 r  u_rq/rq_reg[7]_i_369/CO[3]
                         net (fo=1, estimated)        0.000     5.052    u_rq/rq_reg[7]_i_369_n_0
    SLICE_X32Y52                                                      r  u_rq/rq_reg[7]_i_363/CI
    SLICE_X32Y52         CARRY4 (Prop_carry4_CI_CO[3])
                                                      0.117     5.169 r  u_rq/rq_reg[7]_i_363/CO[3]
                         net (fo=1, estimated)        0.000     5.169    u_rq/rq_reg[7]_i_363_n_0
    SLICE_X32Y53                                                      r  u_rq/rq_reg[7]_i_287/CI
    SLICE_X32Y53         CARRY4 (Prop_carry4_CI_CO[3])
                                                      0.117     5.286 r  u_rq/rq_reg[7]_i_287/CO[3]
                         net (fo=1, estimated)        0.000     5.286    u_rq/rq_reg[7]_i_287_n_0
    SLICE_X32Y54                                                      r  u_rq/rq_reg[7]_i_132/CI
    SLICE_X32Y54         CARRY4 (Prop_carry4_CI_O[3])
                                                      0.315     5.601 r  u_rq/rq_reg[7]_i_132/O[3]
                         net (fo=64, estimated)       0.684     6.285    u_rq/rq_reg[7]_i_132_n_4
    SLICE_X33Y55                                                      r  u_rq/rq[7]_i_964/I0
    SLICE_X33Y55         LUT6 (Prop_lut6_I0_O)        0.307     6.592 r  u_rq/rq[7]_i_964/O
                         net (fo=4, estimated)        0.689     7.281    u_rq/rq[7]_i_964_n_0
    SLICE_X34Y55                                                      r  u_rq/rq[7]_i_956/I0
    SLICE_X34Y55         LUT6 (Prop_lut6_I0_O)        0.124     7.405 r  u_rq/rq[7]_i_956/O
                         net (fo=4, estimated)        0.974     8.379    u_rq/rq[7]_i_956_n_0
    SLICE_X28Y55                                                      r  u_rq/rq[7]_i_914/I0
    SLICE_X28Y55         LUT6 (Prop_lut6_I0_O)        0.124     8.503 r  u_rq/rq[7]_i_914/O
                         net (fo=1, routed)           0.000     8.503    u_rq/rq[7]_i_914_n_0
    SLICE_X28Y55                                                      r  u_rq/rq_reg[7]_i_819/I1
    SLICE_X28Y55         MUXF7 (Prop_muxf7_I1_O)      0.217     8.720 r  u_rq/rq_reg[7]_i_819/O
                         net (fo=4, estimated)        0.801     9.521    u_rq/rq_reg[7]_i_819_n_0
    SLICE_X33Y57                                                      r  u_rq/rq[7]_i_807/I1
    SLICE_X33Y57         LUT6 (Prop_lut6_I1_O)        0.299     9.820 r  u_rq/rq[7]_i_807/O
                         net (fo=1, estimated)        0.335    10.155    u_rq/rq[7]_i_807_n_0
    SLICE_X35Y57                                                      r  u_rq/rq_reg[7]_i_693/DI[0]
    SLICE_X35Y57         CARRY4 (Prop_carry4_DI[0]_CO[3])
                                                      0.526    10.681 r  u_rq/rq_reg[7]_i_693/CO[3]
                         net (fo=1, estimated)        0.000    10.681    u_rq/rq_reg[7]_i_693_n_0
    SLICE_X35Y58                                                      r  u_rq/rq_reg[7]_i_585/CI
    SLICE_X35Y58         CARRY4 (Prop_carry4_CI_CO[3])
                                                      0.114    10.795 r  u_rq/rq_reg[7]_i_585/CO[3]
                         net (fo=1, estimated)        0.000    10.795    u_rq/rq_reg[7]_i_585_n_0
    SLICE_X35Y59                                                      r  u_rq/rq_reg[7]_i_379/CI
    SLICE_X35Y59         CARRY4 (Prop_carry4_CI_CO[3])
                                                      0.114    10.909 r  u_rq/rq_reg[7]_i_379/CO[3]
                         net (fo=1, estimated)        0.000    10.909    u_rq/rq_reg[7]_i_379_n_0
    SLICE_X35Y60                                                      r  u_rq/rq_reg[7]_i_229/CI
    SLICE_X35Y60         CARRY4 (Prop_carry4_CI_CO[3])
                                                      0.114    11.023 r  u_rq/rq_reg[7]_i_229/CO[3]
                         net (fo=1, estimated)        0.000    11.023    u_rq/rq_reg[7]_i_229_n_0
    SLICE_X35Y61                                                      r  u_rq/rq_reg[7]_i_98/CI
    SLICE_X35Y61         CARRY4 (Prop_carry4_CI_CO[3])
                                                      0.114    11.137 r  u_rq/rq_reg[7]_i_98/CO[3]
                         net (fo=1, estimated)        0.000    11.137    u_rq/rq_reg[7]_i_98_n_0
    SLICE_X35Y62                                                      r  u_rq/rq_reg[7]_i_35/CI
    SLICE_X35Y62         CARRY4 (Prop_carry4_CI_CO[3])
                                                      0.114    11.251 r  u_rq/rq_reg[7]_i_35/CO[3]
                         net (fo=1, estimated)        0.000    11.251    u_rq/rq_reg[7]_i_35_n_0
    SLICE_X35Y63                                                      r  u_rq/rq_reg[7]_i_8/CI
    SLICE_X35Y63         CARRY4 (Prop_carry4_CI_CO[0])
                                                      0.271    11.522 r  u_rq/rq_reg[7]_i_8/CO[0]
                         net (fo=8, estimated)        0.827    12.349    u_rq/acc_sat2
    SLICE_X30Y63                                                      r  u_rq/rq[1]_i_1/I4
    SLICE_X30Y63         LUT5 (Prop_lut5_I4_O)        0.365    12.714 r  u_rq/rq[1]_i_1/O
                         net (fo=1, routed)           0.000    12.714    u_rq/rq[1]_i_1_n_0
    SLICE_X30Y63         FDRE                                         r  u_rq/rq_reg[1]/D
  -------------------------------------------------------------------    -------------------

                         (clock ACLK rise edge)      10.000    10.000 r  
                                                      0.000    10.000 r  clk (IN)
                         net (fo=861, unset)          0.924    10.924    u_rq/clk
    SLICE_X30Y63         FDRE                                         r  u_rq/rq_reg[1]/C
                         clock pessimism              0.000    10.924    
                         clock uncertainty           -0.035    10.889    
    SLICE_X30Y63         FDRE (Setup_fdre_C_D)        0.118    11.007    u_rq/rq_reg[1]
  -------------------------------------------------------------------
                         required time                         11.007    
                         arrival time                         -12.714    
  -------------------------------------------------------------------
                         slack                                 -1.707    

Slack (VIOLATED) :        -1.699ns  (required time - arrival time)
  Source:                 u_rq/param3_reg[69]/C
                            (rising edge-triggered cell FDRE clocked by ACLK  {rise@0.000ns fall@5.000ns period=10.000ns})
  Destination:            u_rq/rq_reg[0]/D
                            (rising edge-triggered cell FDRE clocked by ACLK  {rise@0.000ns fall@5.000ns period=10.000ns})
  Path Group:             ACLK
  Path Type:              Setup (Max at Slow Process Corner)
  Requirement:            10.000ns  (ACLK rise@10.000ns - ACLK rise@0.000ns)
  Data Path Delay:        11.646ns  (logic 6.187ns (53.126%)  route 5.459ns (46.874%))
  Logic Levels:           32  (CARRY4=23 LUT3=1 LUT5=1 LUT6=6 MUXF7=1)
  Clock Path Skew:        -0.049ns (DCD - SCD + CPR)
    Destination Clock Delay (DCD):    0.924ns = ( 10.924 - 10.000 ) 
    Source Clock Delay      (SCD):    0.973ns
    Clock Pessimism Removal (CPR):    0.000ns
  Clock Uncertainty:      0.035ns  ((TSJ^2 + TIJ^2)^1/2 + DJ) / 2 + PE
    Total System Jitter     (TSJ):    0.071ns
    Total Input Jitter      (TIJ):    0.000ns
    Discrete Jitter          (DJ):    0.000ns
    Phase Error              (PE):    0.000ns

    Location             Delay type                Incr(ns)  Path(ns)    Netlist Resource(s)
  -------------------------------------------------------------------    -------------------
                         (clock ACLK rise edge)       0.000     0.000 r  
                                                      0.000     0.000 r  clk (IN)
                         net (fo=861, unset)          0.973     0.973    u_rq/clk
    SLICE_X30Y41         FDRE                                         r  u_rq/param3_reg[69]/C
  -------------------------------------------------------------------    -------------------
    SLICE_X30Y41         FDRE (Prop_fdre_C_Q)         0.518     1.491 r  u_rq/param3_reg[69]/Q
                         net (fo=160, estimated)      0.781     2.272    u_rq/p_0_in[5]
    SLICE_X31Y41                                                      r  u_rq/rq[7]_i_692/I0
    SLICE_X31Y41         LUT6 (Prop_lut6_I0_O)        0.124     2.396 r  u_rq/rq[7]_i_692/O
                         net (fo=16, estimated)       0.595     2.991    u_rq/rq[7]_i_692_n_0
    SLICE_X32Y39                                                      r  u_rq/rq[3]_i_19/I0
    SLICE_X32Y39         LUT5 (Prop_lut5_I0_O)        0.124     3.115 r  u_rq/rq[3]_i_19/O
                         net (fo=1, routed)           0.000     3.115    u_rq/rq[3]_i_19_n_0
    SLICE_X32Y39                                                      r  u_rq/rq_reg[3]_i_12/S[1]
    SLICE_X32Y39         CARRY4 (Prop_carry4_S[1]_CO[3])
                                                      0.533     3.648 r  u_rq/rq_reg[3]_i_12/CO[3]
                         net (fo=1, estimated)        0.000     3.648    u_rq/rq_reg[3]_i_12_n_0
    SLICE_X32Y40                                                      r  u_rq/rq_reg[7]_i_374/CI
    SLICE_X32Y40         CARRY4 (Prop_carry4_CI_CO[3])
                                                      0.117     3.765 r  u_rq/rq_reg[7]_i_374/CO[3]
                         net (fo=1, estimated)        0.000     3.765    u_rq/rq_reg[7]_i_374_n_0
    SLICE_X32Y41                                                      r  u_rq/rq_reg[7]_i_373/CI
    SLICE_X32Y41         CARRY4 (Prop_carry4_CI_CO[3])
                                                      0.117     3.882 r  u_rq/rq_reg[7]_i_373/CO[3]
                         net (fo=1, estimated)        0.000     3.882    u_rq/rq_reg[7]_i_373_n_0
    SLICE_X32Y42                                                      r  u_rq/rq_reg[7]_i_367/CI
    SLICE_X32Y42         CARRY4 (Prop_carry4_CI_CO[3])
                                                      0.117     3.999 r  u_rq/rq_reg[7]_i_367/CO[3]
                         net (fo=1, estimated)        0.000     3.999    u_rq/rq_reg[7]_i_367_n_0
    SLICE_X32Y43                                                      r  u_rq/rq_reg[7]_i_370/CI
    SLICE_X32Y43         CARRY4 (Prop_carry4_CI_CO[3])
                                                      0.117     4.116 r  u_rq/rq_reg[7]_i_370/CO[3]
                         net (fo=1, estimated)        0.000     4.116    u_rq/rq_reg[7]_i_370_n_0
    SLICE_X32Y44                                                      r  u_rq/rq_reg[7]_i_364/CI
    SLICE_X32Y44         CARRY4 (Prop_carry4_CI_CO[3])
                                                      0.117     4.233 r  u_rq/rq_reg[7]_i_364/CO[3]
                         net (fo=1, estimated)        0.000     4.233    u_rq/rq_reg[7]_i_364_n_0
    SLICE_X32Y45                                                      r  u_rq/rq_reg[7]_i_371/CI
    SLICE_X32Y45         CARRY4 (Prop_carry4_CI_CO[3])
                                                      0.117     4.350 r  u_rq/rq_reg[7]_i_371/CO[3]
                         net (fo=1, estimated)        0.000     4.350    u_rq/rq_reg[7]_i_371_n_0
    SLICE_X32Y46                                                      r  u_rq/rq_reg[7]_i_365/CI
    SLICE_X32Y46         CARRY4 (Prop_carry4_CI_CO[3])
                                                      0.117     4.467 r  u_rq/rq_reg[7]_i_365/CO[3]
                         net (fo=1, estimated)        0.000     4.467    u_rq/rq_reg[7]_i_365_n_0
    SLICE_X32Y47                                                      r  u_rq/rq_reg[7]_i_368/CI
    SLICE_X32Y47         CARRY4 (Prop_carry4_CI_CO[3])
                                                      0.117     4.584 r  u_rq/rq_reg[7]_i_368/CO[3]
                         net (fo=1, estimated)        0.000     4.584    u_rq/rq_reg[7]_i_368_n_0
    SLICE_X32Y48                                                      r  u_rq/rq_reg[7]_i_362/CI
    SLICE_X32Y48         CARRY4 (Prop_carry4_CI_CO[3])
                                                      0.117     4.701 r  u_rq/rq_reg[7]_i_362/CO[3]
                         net (fo=1, estimated)        0.000     4.701    u_rq/rq_reg[7]_i_362_n_0
    SLICE_X32Y49                                                      r  u_rq/rq_reg[7]_i_372/CI
    SLICE_X32Y49         CARRY4 (Prop_carry4_CI_CO[3])
                                                      0.117     4.818 r  u_rq/rq_reg[7]_i_372/CO[3]
                         net (fo=1, estimated)        0.000     4.818    u_rq/rq_reg[7]_i_372_n_0
    SLICE_X32Y50                                                      r  u_rq/rq_reg[7]_i_366/CI
    SLICE_X32Y50         CARRY4 (Prop_carry4_CI_CO[3])
                                                      0.117     4.935 r  u_rq/rq_reg[7]_i_366/CO[3]
                         net (fo=1, estimated)        0.000     4.935    u_rq/rq_reg[7]_i_366_n_0
    SLICE_X32Y51                                                      r  u_rq/rq_reg[7]_i_369/CI
    SLICE_X32Y51         CARRY4 (Prop_carry4_CI_CO[3])
                                                      0.117     5.052 r  u_rq/rq_reg[7]_i_369/CO[3]
                         net (fo=1, estimated)        0.000     5.052    u_rq/rq_reg[7]_i_369_n_0
    SLICE_X32Y52                                                      r  u_rq/rq_reg[7]_i_363/CI
    SLICE_X32Y52         CARRY4 (Prop_carry4_CI_CO[3])
                                                      0.117     5.169 r  u_rq/rq_reg[7]_i_363/CO[3]
                         net (fo=1, estimated)        0.000     5.169    u_rq/rq_reg[7]_i_363_n_0
    SLICE_X32Y53                                                      r  u_rq/rq_reg[7]_i_287/CI
    SLICE_X32Y53         CARRY4 (Prop_carry4_CI_CO[3])
                                                      0.117     5.286 r  u_rq/rq_reg[7]_i_287/CO[3]
                         net (fo=1, estimated)        0.000     5.286    u_rq/rq_reg[7]_i_287_n_0
    SLICE_X32Y54                                                      r  u_rq/rq_reg[7]_i_132/CI
    SLICE_X32Y54         CARRY4 (Prop_carry4_CI_O[3])
                                                      0.315     5.601 r  u_rq/rq_reg[7]_i_132/O[3]
                         net (fo=64, estimated)       0.684     6.285    u_rq/rq_reg[7]_i_132_n_4
    SLICE_X33Y55                                                      r  u_rq/rq[7]_i_964/I0
    SLICE_X33Y55         LUT6 (Prop_lut6_I0_O)        0.307     6.592 r  u_rq/rq[7]_i_964/O
                         net (fo=4, estimated)        0.689     7.281    u_rq/rq[7]_i_964_n_0
    SLICE_X34Y55                                                      r  u_rq/rq[7]_i_956/I0
    SLICE_X34Y55         LUT6 (Prop_lut6_I0_O)        0.124     7.405 r  u_rq/rq[7]_i_956/O
                         net (fo=4, estimated)        0.974     8.379    u_rq/rq[7]_i_956_n_0
    SLICE_X28Y55                                                      r  u_rq/rq[7]_i_914/I0
    SLICE_X28Y55         LUT6 (Prop_lut6_I0_O)        0.124     8.503 r  u_rq/rq[7]_i_914/O
                         net (fo=1, routed)           0.000     8.503    u_rq/rq[7]_i_914_n_0
    SLICE_X28Y55                                                      r  u_rq/rq_reg[7]_i_819/I1
    SLICE_X28Y55         MUXF7 (Prop_muxf7_I1_O)      0.217     8.720 r  u_rq/rq_reg[7]_i_819/O
                         net (fo=4, estimated)        0.801     9.521    u_rq/rq_reg[7]_i_819_n_0
    SLICE_X33Y57                                                      r  u_rq/rq[7]_i_807/I1
    SLICE_X33Y57         LUT6 (Prop_lut6_I1_O)        0.299     9.820 r  u_rq/rq[7]_i_807/O
                         net (fo=1, estimated)        0.335    10.155    u_rq/rq[7]_i_807_n_0
    SLICE_X35Y57                                                      r  u_rq/rq_reg[7]_i_693/DI[0]
    SLICE_X35Y57         CARRY4 (Prop_carry4_DI[0]_CO[3])
                                                      0.526    10.681 r  u_rq/rq_reg[7]_i_693/CO[3]
                         net (fo=1, estimated)        0.000    10.681    u_rq/rq_reg[7]_i_693_n_0
    SLICE_X35Y58                                                      r  u_rq/rq_reg[7]_i_585/CI
    SLICE_X35Y58         CARRY4 (Prop_carry4_CI_CO[3])
                                                      0.114    10.795 r  u_rq/rq_reg[7]_i_585/CO[3]
                         net (fo=1, estimated)        0.000    10.795    u_rq/rq_reg[7]_i_585_n_0
    SLICE_X35Y59                                                      r  u_rq/rq_reg[7]_i_379/CI
    SLICE_X35Y59         CARRY4 (Prop_carry4_CI_CO[3])
                                                      0.114    10.909 r  u_rq/rq_reg[7]_i_379/CO[3]
                         net (fo=1, estimated)        0.000    10.909    u_rq/rq_reg[7]_i_379_n_0
    SLICE_X35Y60                                                      r  u_rq/rq_reg[7]_i_229/CI
    SLICE_X35Y60         CARRY4 (Prop_carry4_CI_CO[3])
                                                      0.114    11.023 r  u_rq/rq_reg[7]_i_229/CO[3]
                         net (fo=1, estimated)        0.000    11.023    u_rq/rq_reg[7]_i_229_n_0
    SLICE_X35Y61                                                      r  u_rq/rq_reg[7]_i_98/CI
    SLICE_X35Y61         CARRY4 (Prop_carry4_CI_CO[3])
                                                      0.114    11.137 r  u_rq/rq_reg[7]_i_98/CO[3]
                         net (fo=1, estimated)        0.000    11.137    u_rq/rq_reg[7]_i_98_n_0
    SLICE_X35Y62                                                      r  u_rq/rq_reg[7]_i_35/CI
    SLICE_X35Y62         CARRY4 (Prop_carry4_CI_CO[3])
                                                      0.114    11.251 r  u_rq/rq_reg[7]_i_35/CO[3]
                         net (fo=1, estimated)        0.000    11.251    u_rq/rq_reg[7]_i_35_n_0
    SLICE_X35Y63                                                      r  u_rq/rq_reg[7]_i_8/CI
    SLICE_X35Y63         CARRY4 (Prop_carry4_CI_CO[0])
                                                      0.271    11.522 r  u_rq/rq_reg[7]_i_8/CO[0]
                         net (fo=8, estimated)        0.449    11.971    u_rq/acc_sat2
    SLICE_X35Y64                                                      r  u_rq/rq[0]_i_4/I1
    SLICE_X35Y64         LUT3 (Prop_lut3_I1_O)        0.373    12.344 r  u_rq/rq[0]_i_4/O
                         net (fo=1, estimated)        0.151    12.495    u_rq/rq[0]_i_4_n_0
    SLICE_X35Y64                                                      r  u_rq/rq[0]_i_1/I5
    SLICE_X35Y64         LUT6 (Prop_lut6_I5_O)        0.124    12.619 r  u_rq/rq[0]_i_1/O
                         net (fo=1, routed)           0.000    12.619    u_rq/rq[0]_i_1_n_0
    SLICE_X35Y64         FDRE                                         r  u_rq/rq_reg[0]/D
  -------------------------------------------------------------------    -------------------

                         (clock ACLK rise edge)      10.000    10.000 r  
                                                      0.000    10.000 r  clk (IN)
                         net (fo=861, unset)          0.924    10.924    u_rq/clk
    SLICE_X35Y64         FDRE                                         r  u_rq/rq_reg[0]/C
                         clock pessimism              0.000    10.924    
                         clock uncertainty           -0.035    10.889    
    SLICE_X35Y64         FDRE (Setup_fdre_C_D)        0.031    10.920    u_rq/rq_reg[0]
  -------------------------------------------------------------------
                         required time                         10.920    
                         arrival time                         -12.619    
  -------------------------------------------------------------------
                         slack                                 -1.699    




