Copyright 1986-2020 Xilinx, Inc. All Rights Reserved.
--------------------------------------------------------------------------------------------------------------------------------------------------------------------------------
| Tool Version : Vivado v.2020.2 (win64) Build 3064766 Wed Nov 18 09:12:45 MST 2020
| Date         : Sat Sep 26 19:54:31 2026
| Host         : DESKTOP-7CFQ9ND running 64-bit major release  (build 9200)
| Command      : report_timing -max_paths 3 -nworst 1 -input_pins -delay_type max -file D:/2609_final_project/cnn_rtl/docs/E-02a_runs/fc_default_10.000/post_phys_opt_paths.rpt
| Design       : fc_mac_requant_ooc
| Device       : 7z020-clg400
| Speed File   : -1  PRODUCTION 1.12 2019-11-22
--------------------------------------------------------------------------------------------------------------------------------------------------------------------------------

Timing Report

Slack (VIOLATED) :        -1.471ns  (required time - arrival time)
  Source:                 u_rq/param3_reg[69]/C
                            (rising edge-triggered cell FDRE clocked by ACLK  {rise@0.000ns fall@5.000ns period=10.000ns})
  Destination:            u_rq/rq_reg[7]/D
                            (rising edge-triggered cell FDSE clocked by ACLK  {rise@0.000ns fall@5.000ns period=10.000ns})
  Path Group:             ACLK
  Path Type:              Setup (Max at Slow Process Corner)
  Requirement:            10.000ns  (ACLK rise@10.000ns - ACLK rise@0.000ns)
  Data Path Delay:        11.505ns  (logic 6.032ns (52.429%)  route 5.473ns (47.571%))
  Logic Levels:           31  (CARRY4=23 LUT5=2 LUT6=5 MUXF7=1)
  Clock Path Skew:        -0.049ns (DCD - SCD + CPR)
    Destination Clock Delay (DCD):    0.924ns = ( 10.924 - 10.000 ) 
    Source Clock Delay      (SCD):    0.973ns
    Clock Pessimism Removal (CPR):    0.000ns
  Clock Uncertainty:      0.035ns  ((TSJ^2 + TIJ^2)^1/2 + DJ) / 2 + PE
    Total System Jitter     (TSJ):    0.071ns
    Total Input Jitter      (TIJ):    0.000ns
    Discrete Jitter          (DJ):    0.000ns
    Phase Error              (PE):    0.000ns

    Location             Delay type                Incr(ns)  Path(ns)    Netlist Resource(s)
  -------------------------------------------------------------------    -------------------
                         (clock ACLK rise edge)       0.000     0.000 r  
                                                      0.000     0.000 r  clk (IN)
                         net (fo=866, unset)          0.973     0.973    u_rq/clk
    SLICE_X30Y41         FDRE                                         r  u_rq/param3_reg[69]/C
  -------------------------------------------------------------------    -------------------
    SLICE_X30Y41         FDRE (Prop_fdre_C_Q)         0.518     1.491 r  u_rq/param3_reg[69]/Q
                         net (fo=162, estimated)      0.782     2.273    u_rq/p_0_in[5]
    SLICE_X31Y41                                                      r  u_rq/rq[7]_i_692/I0
    SLICE_X31Y41         LUT6 (Prop_lut6_I0_O)        0.124     2.397 r  u_rq/rq[7]_i_692/O
                         net (fo=10, estimated)       0.487     2.884    u_rq/rq[7]_i_692_n_0
    SLICE_X29Y39                                                      r  u_rq/rq[3]_i_15/I4
    SLICE_X29Y39         LUT5 (Prop_lut5_I4_O)        0.124     3.008 r  u_rq/rq[3]_i_15/O
                         net (fo=1, routed)           0.000     3.008    u_rq/rq[3]_i_15_n_0
    SLICE_X29Y39                                                      r  u_rq/rq_reg[3]_i_11/S[1]
    SLICE_X29Y39         CARRY4 (Prop_carry4_S[1]_CO[3])
                                                      0.550     3.558 r  u_rq/rq_reg[3]_i_11/CO[3]
                         net (fo=1, estimated)        0.000     3.558    u_rq/rq_reg[3]_i_11_n_0
    SLICE_X29Y40                                                      r  u_rq/rq_reg[7]_i_361/CI
    SLICE_X29Y40         CARRY4 (Prop_carry4_CI_CO[3])
                                                      0.114     3.672 r  u_rq/rq_reg[7]_i_361/CO[3]
                         net (fo=1, estimated)        0.000     3.672    u_rq/rq_reg[7]_i_361_n_0
    SLICE_X29Y41                                                      r  u_rq/rq_reg[7]_i_360/CI
    SLICE_X29Y41         CARRY4 (Prop_carry4_CI_CO[3])
                                                      0.114     3.786 r  u_rq/rq_reg[7]_i_360/CO[3]
                         net (fo=1, estimated)        0.000     3.786    u_rq/rq_reg[7]_i_360_n_0
    SLICE_X29Y42                                                      r  u_rq/rq_reg[7]_i_354/CI
    SLICE_X29Y42         CARRY4 (Prop_carry4_CI_CO[3])
                                                      0.114     3.900 r  u_rq/rq_reg[7]_i_354/CO[3]
                         net (fo=1, estimated)        0.000     3.900    u_rq/rq_reg[7]_i_354_n_0
    SLICE_X29Y43                                                      r  u_rq/rq_reg[7]_i_357/CI
    SLICE_X29Y43         CARRY4 (Prop_carry4_CI_CO[3])
                                                      0.114     4.014 r  u_rq/rq_reg[7]_i_357/CO[3]
                         net (fo=1, estimated)        0.000     4.014    u_rq/rq_reg[7]_i_357_n_0
    SLICE_X29Y44                                                      r  u_rq/rq_reg[7]_i_351/CI
    SLICE_X29Y44         CARRY4 (Prop_carry4_CI_CO[3])
                                                      0.114     4.128 r  u_rq/rq_reg[7]_i_351/CO[3]
                         net (fo=1, estimated)        0.000     4.128    u_rq/rq_reg[7]_i_351_n_0
    SLICE_X29Y45                                                      r  u_rq/rq_reg[7]_i_358/CI
    SLICE_X29Y45         CARRY4 (Prop_carry4_CI_CO[3])
                                                      0.114     4.242 r  u_rq/rq_reg[7]_i_358/CO[3]
                         net (fo=1, estimated)        0.000     4.242    u_rq/rq_reg[7]_i_358_n_0
    SLICE_X29Y46                                                      r  u_rq/rq_reg[7]_i_352/CI
    SLICE_X29Y46         CARRY4 (Prop_carry4_CI_CO[3])
                                                      0.114     4.356 r  u_rq/rq_reg[7]_i_352/CO[3]
                         net (fo=1, estimated)        0.000     4.356    u_rq/rq_reg[7]_i_352_n_0
    SLICE_X29Y47                                                      r  u_rq/rq_reg[7]_i_355/CI
    SLICE_X29Y47         CARRY4 (Prop_carry4_CI_CO[3])
                                                      0.114     4.470 r  u_rq/rq_reg[7]_i_355/CO[3]
                         net (fo=1, estimated)        0.000     4.470    u_rq/rq_reg[7]_i_355_n_0
    SLICE_X29Y48                                                      r  u_rq/rq_reg[7]_i_349/CI
    SLICE_X29Y48         CARRY4 (Prop_carry4_CI_CO[3])
                                                      0.114     4.584 r  u_rq/rq_reg[7]_i_349/CO[3]
                         net (fo=1, estimated)        0.000     4.584    u_rq/rq_reg[7]_i_349_n_0
    SLICE_X29Y49                                                      r  u_rq/rq_reg[7]_i_359/CI
    SLICE_X29Y49         CARRY4 (Prop_carry4_CI_CO[3])
                                                      0.114     4.698 r  u_rq/rq_reg[7]_i_359/CO[3]
                         net (fo=1, estimated)        0.000     4.698    u_rq/rq_reg[7]_i_359_n_0
    SLICE_X29Y50                                                      r  u_rq/rq_reg[7]_i_353/CI
    SLICE_X29Y50         CARRY4 (Prop_carry4_CI_CO[3])
                                                      0.114     4.812 r  u_rq/rq_reg[7]_i_353/CO[3]
                         net (fo=1, estimated)        0.000     4.812    u_rq/rq_reg[7]_i_353_n_0
    SLICE_X29Y51                                                      r  u_rq/rq_reg[7]_i_356/CI
    SLICE_X29Y51         CARRY4 (Prop_carry4_CI_CO[3])
                                                      0.114     4.926 r  u_rq/rq_reg[7]_i_356/CO[3]
                         net (fo=1, estimated)        0.000     4.926    u_rq/rq_reg[7]_i_356_n_0
    SLICE_X29Y52                                                      r  u_rq/rq_reg[7]_i_350/CI
    SLICE_X29Y52         CARRY4 (Prop_carry4_CI_CO[3])
                                                      0.114     5.040 r  u_rq/rq_reg[7]_i_350/CO[3]
                         net (fo=1, estimated)        0.000     5.040    u_rq/rq_reg[7]_i_350_n_0
    SLICE_X29Y53                                                      r  u_rq/rq_reg[7]_i_292/CI
    SLICE_X29Y53         CARRY4 (Prop_carry4_CI_CO[3])
                                                      0.114     5.154 r  u_rq/rq_reg[7]_i_292/CO[3]
                         net (fo=1, estimated)        0.000     5.154    u_rq/rq_reg[7]_i_292_n_0
    SLICE_X29Y54                                                      r  u_rq/rq_reg[7]_i_133/CI
    SLICE_X29Y54         CARRY4 (Prop_carry4_CI_O[3])
                                                      0.313     5.467 r  u_rq/rq_reg[7]_i_133/O[3]
                         net (fo=64, estimated)       0.663     6.130    u_rq/rq_reg[7]_i_133_n_4
    SLICE_X26Y54                                                      r  u_rq/rq[7]_i_962/I0
    SLICE_X26Y54         LUT6 (Prop_lut6_I0_O)        0.306     6.436 r  u_rq/rq[7]_i_962/O
                         net (fo=4, estimated)        0.686     7.122    u_rq/rq[7]_i_962_n_0
    SLICE_X30Y54                                                      r  u_rq/rq[7]_i_954/I0
    SLICE_X30Y54         LUT6 (Prop_lut6_I0_O)        0.124     7.246 r  u_rq/rq[7]_i_954/O
                         net (fo=4, estimated)        0.932     8.178    u_rq/rq[7]_i_954_n_0
    SLICE_X32Y57                                                      r  u_rq/rq[7]_i_854/I1
    SLICE_X32Y57         LUT6 (Prop_lut6_I1_O)        0.124     8.302 r  u_rq/rq[7]_i_854/O
                         net (fo=1, routed)           0.000     8.302    u_rq/acc_sh10_in[16]
    SLICE_X32Y57                                                      r  u_rq/rq_reg[7]_i_724/I0
    SLICE_X32Y57         MUXF7 (Prop_muxf7_I0_O)      0.241     8.543 r  u_rq/rq_reg[7]_i_724/O
                         net (fo=4, estimated)        0.612     9.155    u_rq/rq_reg[7]_i_724_n_0
    SLICE_X34Y58                                                      r  u_rq/rq[7]_i_806/I1
    SLICE_X34Y58         LUT6 (Prop_lut6_I1_O)        0.298     9.453 r  u_rq/rq[7]_i_806/O
                         net (fo=1, estimated)        0.474     9.927    u_rq/rq[7]_i_806_n_0
    SLICE_X35Y57                                                      r  u_rq/rq_reg[7]_i_693/DI[1]
    SLICE_X35Y57         CARRY4 (Prop_carry4_DI[1]_CO[3])
                                                      0.507    10.434 r  u_rq/rq_reg[7]_i_693/CO[3]
                         net (fo=1, estimated)        0.000    10.434    u_rq/rq_reg[7]_i_693_n_0
    SLICE_X35Y58                                                      r  u_rq/rq_reg[7]_i_585/CI
    SLICE_X35Y58         CARRY4 (Prop_carry4_CI_CO[3])
                                                      0.114    10.548 r  u_rq/rq_reg[7]_i_585/CO[3]
                         net (fo=1, estimated)        0.000    10.548    u_rq/rq_reg[7]_i_585_n_0
    SLICE_X35Y59                                                      r  u_rq/rq_reg[7]_i_379/CI
    SLICE_X35Y59         CARRY4 (Prop_carry4_CI_CO[3])
                                                      0.114    10.662 r  u_rq/rq_reg[7]_i_379/CO[3]
                         net (fo=1, estimated)        0.000    10.662    u_rq/rq_reg[7]_i_379_n_0
    SLICE_X35Y60                                                      r  u_rq/rq_reg[7]_i_229/CI
    SLICE_X35Y60         CARRY4 (Prop_carry4_CI_CO[3])
                                                      0.114    10.776 r  u_rq/rq_reg[7]_i_229/CO[3]
                         net (fo=1, estimated)        0.000    10.776    u_rq/rq_reg[7]_i_229_n_0
    SLICE_X35Y61                                                      r  u_rq/rq_reg[7]_i_98/CI
    SLICE_X35Y61         CARRY4 (Prop_carry4_CI_CO[3])
                                                      0.114    10.890 r  u_rq/rq_reg[7]_i_98/CO[3]
                         net (fo=1, estimated)        0.000    10.890    u_rq/rq_reg[7]_i_98_n_0
    SLICE_X35Y62                                                      r  u_rq/rq_reg[7]_i_35/CI
    SLICE_X35Y62         CARRY4 (Prop_carry4_CI_CO[3])
                                                      0.114    11.004 r  u_rq/rq_reg[7]_i_35/CO[3]
                         net (fo=1, estimated)        0.000    11.004    u_rq/rq_reg[7]_i_35_n_0
    SLICE_X35Y63                                                      r  u_rq/rq_reg[7]_i_8/CI
    SLICE_X35Y63         CARRY4 (Prop_carry4_CI_CO[0])
                                                      0.271    11.275 f  u_rq/rq_reg[7]_i_8/CO[0]
                         net (fo=8, estimated)        0.837    12.112    u_rq/acc_sat2
    SLICE_X30Y63                                                      f  u_rq/rq[7]_i_2/I4
    SLICE_X30Y63         LUT5 (Prop_lut5_I4_O)        0.366    12.478 r  u_rq/rq[7]_i_2/O
                         net (fo=1, routed)           0.000    12.478    u_rq/rq[7]_i_2_n_0
    SLICE_X30Y63         FDSE                                         r  u_rq/rq_reg[7]/D
  -------------------------------------------------------------------    -------------------

                         (clock ACLK rise edge)      10.000    10.000 r  
                                                      0.000    10.000 r  clk (IN)
                         net (fo=866, unset)          0.924    10.924    u_rq/clk
    SLICE_X30Y63         FDSE                                         r  u_rq/rq_reg[7]/C
                         clock pessimism              0.000    10.924    
                         clock uncertainty           -0.035    10.889    
    SLICE_X30Y63         FDSE (Setup_fdse_C_D)        0.118    11.007    u_rq/rq_reg[7]
  -------------------------------------------------------------------
                         required time                         11.007    
                         arrival time                         -12.478    
  -------------------------------------------------------------------
                         slack                                 -1.471    

Slack (VIOLATED) :        -1.460ns  (required time - arrival time)
  Source:                 u_rq/param3_reg[69]/C
                            (rising edge-triggered cell FDRE clocked by ACLK  {rise@0.000ns fall@5.000ns period=10.000ns})
  Destination:            u_rq/rq_reg[1]/D
                            (rising edge-triggered cell FDRE clocked by ACLK  {rise@0.000ns fall@5.000ns period=10.000ns})
  Path Group:             ACLK
  Path Type:              Setup (Max at Slow Process Corner)
  Requirement:            10.000ns  (ACLK rise@10.000ns - ACLK rise@0.000ns)
  Data Path Delay:        11.494ns  (logic 6.031ns (52.471%)  route 5.463ns (47.529%))
  Logic Levels:           31  (CARRY4=23 LUT5=2 LUT6=5 MUXF7=1)
  Clock Path Skew:        -0.049ns (DCD - SCD + CPR)
    Destination Clock Delay (DCD):    0.924ns = ( 10.924 - 10.000 ) 
    Source Clock Delay      (SCD):    0.973ns
    Clock Pessimism Removal (CPR):    0.000ns
  Clock Uncertainty:      0.035ns  ((TSJ^2 + TIJ^2)^1/2 + DJ) / 2 + PE
    Total System Jitter     (TSJ):    0.071ns
    Total Input Jitter      (TIJ):    0.000ns
    Discrete Jitter          (DJ):    0.000ns
    Phase Error              (PE):    0.000ns

    Location             Delay type                Incr(ns)  Path(ns)    Netlist Resource(s)
  -------------------------------------------------------------------    -------------------
                         (clock ACLK rise edge)       0.000     0.000 r  
                                                      0.000     0.000 r  clk (IN)
                         net (fo=866, unset)          0.973     0.973    u_rq/clk
    SLICE_X30Y41         FDRE                                         r  u_rq/param3_reg[69]/C
  -------------------------------------------------------------------    -------------------
    SLICE_X30Y41         FDRE (Prop_fdre_C_Q)         0.518     1.491 r  u_rq/param3_reg[69]/Q
                         net (fo=162, estimated)      0.782     2.273    u_rq/p_0_in[5]
    SLICE_X31Y41                                                      r  u_rq/rq[7]_i_692/I0
    SLICE_X31Y41         LUT6 (Prop_lut6_I0_O)        0.124     2.397 r  u_rq/rq[7]_i_692/O
                         net (fo=10, estimated)       0.487     2.884    u_rq/rq[7]_i_692_n_0
    SLICE_X29Y39                                                      r  u_rq/rq[3]_i_15/I4
    SLICE_X29Y39         LUT5 (Prop_lut5_I4_O)        0.124     3.008 r  u_rq/rq[3]_i_15/O
                         net (fo=1, routed)           0.000     3.008    u_rq/rq[3]_i_15_n_0
    SLICE_X29Y39                                                      r  u_rq/rq_reg[3]_i_11/S[1]
    SLICE_X29Y39         CARRY4 (Prop_carry4_S[1]_CO[3])
                                                      0.550     3.558 r  u_rq/rq_reg[3]_i_11/CO[3]
                         net (fo=1, estimated)        0.000     3.558    u_rq/rq_reg[3]_i_11_n_0
    SLICE_X29Y40                                                      r  u_rq/rq_reg[7]_i_361/CI
    SLICE_X29Y40         CARRY4 (Prop_carry4_CI_CO[3])
                                                      0.114     3.672 r  u_rq/rq_reg[7]_i_361/CO[3]
                         net (fo=1, estimated)        0.000     3.672    u_rq/rq_reg[7]_i_361_n_0
    SLICE_X29Y41                                                      r  u_rq/rq_reg[7]_i_360/CI
    SLICE_X29Y41         CARRY4 (Prop_carry4_CI_CO[3])
                                                      0.114     3.786 r  u_rq/rq_reg[7]_i_360/CO[3]
                         net (fo=1, estimated)        0.000     3.786    u_rq/rq_reg[7]_i_360_n_0
    SLICE_X29Y42                                                      r  u_rq/rq_reg[7]_i_354/CI
    SLICE_X29Y42         CARRY4 (Prop_carry4_CI_CO[3])
                                                      0.114     3.900 r  u_rq/rq_reg[7]_i_354/CO[3]
                         net (fo=1, estimated)        0.000     3.900    u_rq/rq_reg[7]_i_354_n_0
    SLICE_X29Y43                                                      r  u_rq/rq_reg[7]_i_357/CI
    SLICE_X29Y43         CARRY4 (Prop_carry4_CI_CO[3])
                                                      0.114     4.014 r  u_rq/rq_reg[7]_i_357/CO[3]
                         net (fo=1, estimated)        0.000     4.014    u_rq/rq_reg[7]_i_357_n_0
    SLICE_X29Y44                                                      r  u_rq/rq_reg[7]_i_351/CI
    SLICE_X29Y44         CARRY4 (Prop_carry4_CI_CO[3])
                                                      0.114     4.128 r  u_rq/rq_reg[7]_i_351/CO[3]
                         net (fo=1, estimated)        0.000     4.128    u_rq/rq_reg[7]_i_351_n_0
    SLICE_X29Y45                                                      r  u_rq/rq_reg[7]_i_358/CI
    SLICE_X29Y45         CARRY4 (Prop_carry4_CI_CO[3])
                                                      0.114     4.242 r  u_rq/rq_reg[7]_i_358/CO[3]
                         net (fo=1, estimated)        0.000     4.242    u_rq/rq_reg[7]_i_358_n_0
    SLICE_X29Y46                                                      r  u_rq/rq_reg[7]_i_352/CI
    SLICE_X29Y46         CARRY4 (Prop_carry4_CI_CO[3])
                                                      0.114     4.356 r  u_rq/rq_reg[7]_i_352/CO[3]
                         net (fo=1, estimated)        0.000     4.356    u_rq/rq_reg[7]_i_352_n_0
    SLICE_X29Y47                                                      r  u_rq/rq_reg[7]_i_355/CI
    SLICE_X29Y47         CARRY4 (Prop_carry4_CI_CO[3])
                                                      0.114     4.470 r  u_rq/rq_reg[7]_i_355/CO[3]
                         net (fo=1, estimated)        0.000     4.470    u_rq/rq_reg[7]_i_355_n_0
    SLICE_X29Y48                                                      r  u_rq/rq_reg[7]_i_349/CI
    SLICE_X29Y48         CARRY4 (Prop_carry4_CI_CO[3])
                                                      0.114     4.584 r  u_rq/rq_reg[7]_i_349/CO[3]
                         net (fo=1, estimated)        0.000     4.584    u_rq/rq_reg[7]_i_349_n_0
    SLICE_X29Y49                                                      r  u_rq/rq_reg[7]_i_359/CI
    SLICE_X29Y49         CARRY4 (Prop_carry4_CI_CO[3])
                                                      0.114     4.698 r  u_rq/rq_reg[7]_i_359/CO[3]
                         net (fo=1, estimated)        0.000     4.698    u_rq/rq_reg[7]_i_359_n_0
    SLICE_X29Y50                                                      r  u_rq/rq_reg[7]_i_353/CI
    SLICE_X29Y50         CARRY4 (Prop_carry4_CI_CO[3])
                                                      0.114     4.812 r  u_rq/rq_reg[7]_i_353/CO[3]
                         net (fo=1, estimated)        0.000     4.812    u_rq/rq_reg[7]_i_353_n_0
    SLICE_X29Y51                                                      r  u_rq/rq_reg[7]_i_356/CI
    SLICE_X29Y51         CARRY4 (Prop_carry4_CI_CO[3])
                                                      0.114     4.926 r  u_rq/rq_reg[7]_i_356/CO[3]
                         net (fo=1, estimated)        0.000     4.926    u_rq/rq_reg[7]_i_356_n_0
    SLICE_X29Y52                                                      r  u_rq/rq_reg[7]_i_350/CI
    SLICE_X29Y52         CARRY4 (Prop_carry4_CI_CO[3])
                                                      0.114     5.040 r  u_rq/rq_reg[7]_i_350/CO[3]
                         net (fo=1, estimated)        0.000     5.040    u_rq/rq_reg[7]_i_350_n_0
    SLICE_X29Y53                                                      r  u_rq/rq_reg[7]_i_292/CI
    SLICE_X29Y53         CARRY4 (Prop_carry4_CI_CO[3])
                                                      0.114     5.154 r  u_rq/rq_reg[7]_i_292/CO[3]
                         net (fo=1, estimated)        0.000     5.154    u_rq/rq_reg[7]_i_292_n_0
    SLICE_X29Y54                                                      r  u_rq/rq_reg[7]_i_133/CI
    SLICE_X29Y54         CARRY4 (Prop_carry4_CI_O[3])
                                                      0.313     5.467 r  u_rq/rq_reg[7]_i_133/O[3]
                         net (fo=64, estimated)       0.663     6.130    u_rq/rq_reg[7]_i_133_n_4
    SLICE_X26Y54                                                      r  u_rq/rq[7]_i_962/I0
    SLICE_X26Y54         LUT6 (Prop_lut6_I0_O)        0.306     6.436 r  u_rq/rq[7]_i_962/O
                         net (fo=4, estimated)        0.686     7.122    u_rq/rq[7]_i_962_n_0
    SLICE_X30Y54                                                      r  u_rq/rq[7]_i_954/I0
    SLICE_X30Y54         LUT6 (Prop_lut6_I0_O)        0.124     7.246 r  u_rq/rq[7]_i_954/O
                         net (fo=4, estimated)        0.932     8.178    u_rq/rq[7]_i_954_n_0
    SLICE_X32Y57                                                      r  u_rq/rq[7]_i_854/I1
    SLICE_X32Y57         LUT6 (Prop_lut6_I1_O)        0.124     8.302 r  u_rq/rq[7]_i_854/O
                         net (fo=1, routed)           0.000     8.302    u_rq/acc_sh10_in[16]
    SLICE_X32Y57                                                      r  u_rq/rq_reg[7]_i_724/I0
    SLICE_X32Y57         MUXF7 (Prop_muxf7_I0_O)      0.241     8.543 r  u_rq/rq_reg[7]_i_724/O
                         net (fo=4, estimated)        0.612     9.155    u_rq/rq_reg[7]_i_724_n_0
    SLICE_X34Y58                                                      r  u_rq/rq[7]_i_806/I1
    SLICE_X34Y58         LUT6 (Prop_lut6_I1_O)        0.298     9.453 r  u_rq/rq[7]_i_806/O
                         net (fo=1, estimated)        0.474     9.927    u_rq/rq[7]_i_806_n_0
    SLICE_X35Y57                                                      r  u_rq/rq_reg[7]_i_693/DI[1]
    SLICE_X35Y57         CARRY4 (Prop_carry4_DI[1]_CO[3])
                                                      0.507    10.434 r  u_rq/rq_reg[7]_i_693/CO[3]
                         net (fo=1, estimated)        0.000    10.434    u_rq/rq_reg[7]_i_693_n_0
    SLICE_X35Y58                                                      r  u_rq/rq_reg[7]_i_585/CI
    SLICE_X35Y58         CARRY4 (Prop_carry4_CI_CO[3])
                                                      0.114    10.548 r  u_rq/rq_reg[7]_i_585/CO[3]
                         net (fo=1, estimated)        0.000    10.548    u_rq/rq_reg[7]_i_585_n_0
    SLICE_X35Y59                                                      r  u_rq/rq_reg[7]_i_379/CI
    SLICE_X35Y59         CARRY4 (Prop_carry4_CI_CO[3])
                                                      0.114    10.662 r  u_rq/rq_reg[7]_i_379/CO[3]
                         net (fo=1, estimated)        0.000    10.662    u_rq/rq_reg[7]_i_379_n_0
    SLICE_X35Y60                                                      r  u_rq/rq_reg[7]_i_229/CI
    SLICE_X35Y60         CARRY4 (Prop_carry4_CI_CO[3])
                                                      0.114    10.776 r  u_rq/rq_reg[7]_i_229/CO[3]
                         net (fo=1, estimated)        0.000    10.776    u_rq/rq_reg[7]_i_229_n_0
    SLICE_X35Y61                                                      r  u_rq/rq_reg[7]_i_98/CI
    SLICE_X35Y61         CARRY4 (Prop_carry4_CI_CO[3])
                                                      0.114    10.890 r  u_rq/rq_reg[7]_i_98/CO[3]
                         net (fo=1, estimated)        0.000    10.890    u_rq/rq_reg[7]_i_98_n_0
    SLICE_X35Y62                                                      r  u_rq/rq_reg[7]_i_35/CI
    SLICE_X35Y62         CARRY4 (Prop_carry4_CI_CO[3])
                                                      0.114    11.004 r  u_rq/rq_reg[7]_i_35/CO[3]
                         net (fo=1, estimated)        0.000    11.004    u_rq/rq_reg[7]_i_35_n_0
    SLICE_X35Y63                                                      r  u_rq/rq_reg[7]_i_8/CI
    SLICE_X35Y63         CARRY4 (Prop_carry4_CI_CO[0])
                                                      0.271    11.275 r  u_rq/rq_reg[7]_i_8/CO[0]
                         net (fo=8, estimated)        0.827    12.102    u_rq/acc_sat2
    SLICE_X30Y63                                                      r  u_rq/rq[1]_i_1/I4
    SLICE_X30Y63         LUT5 (Prop_lut5_I4_O)        0.365    12.467 r  u_rq/rq[1]_i_1/O
                         net (fo=1, routed)           0.000    12.467    u_rq/rq[1]_i_1_n_0
    SLICE_X30Y63         FDRE                                         r  u_rq/rq_reg[1]/D
  -------------------------------------------------------------------    -------------------

                         (clock ACLK rise edge)      10.000    10.000 r  
                                                      0.000    10.000 r  clk (IN)
                         net (fo=866, unset)          0.924    10.924    u_rq/clk
    SLICE_X30Y63         FDRE                                         r  u_rq/rq_reg[1]/C
                         clock pessimism              0.000    10.924    
                         clock uncertainty           -0.035    10.889    
    SLICE_X30Y63         FDRE (Setup_fdre_C_D)        0.118    11.007    u_rq/rq_reg[1]
  -------------------------------------------------------------------
                         required time                         11.007    
                         arrival time                         -12.467    
  -------------------------------------------------------------------
                         slack                                 -1.460    

Slack (VIOLATED) :        -1.452ns  (required time - arrival time)
  Source:                 u_rq/param3_reg[69]/C
                            (rising edge-triggered cell FDRE clocked by ACLK  {rise@0.000ns fall@5.000ns period=10.000ns})
  Destination:            u_rq/rq_reg[0]/D
                            (rising edge-triggered cell FDRE clocked by ACLK  {rise@0.000ns fall@5.000ns period=10.000ns})
  Path Group:             ACLK
  Path Type:              Setup (Max at Slow Process Corner)
  Requirement:            10.000ns  (ACLK rise@10.000ns - ACLK rise@0.000ns)
  Data Path Delay:        11.399ns  (logic 6.163ns (54.066%)  route 5.236ns (45.934%))
  Logic Levels:           32  (CARRY4=23 LUT3=1 LUT5=1 LUT6=6 MUXF7=1)
  Clock Path Skew:        -0.049ns (DCD - SCD + CPR)
    Destination Clock Delay (DCD):    0.924ns = ( 10.924 - 10.000 ) 
    Source Clock Delay      (SCD):    0.973ns
    Clock Pessimism Removal (CPR):    0.000ns
  Clock Uncertainty:      0.035ns  ((TSJ^2 + TIJ^2)^1/2 + DJ) / 2 + PE
    Total System Jitter     (TSJ):    0.071ns
    Total Input Jitter      (TIJ):    0.000ns
    Discrete Jitter          (DJ):    0.000ns
    Phase Error              (PE):    0.000ns

    Location             Delay type                Incr(ns)  Path(ns)    Netlist Resource(s)
  -------------------------------------------------------------------    -------------------
                         (clock ACLK rise edge)       0.000     0.000 r  
                                                      0.000     0.000 r  clk (IN)
                         net (fo=866, unset)          0.973     0.973    u_rq/clk
    SLICE_X30Y41         FDRE                                         r  u_rq/param3_reg[69]/C
  -------------------------------------------------------------------    -------------------
    SLICE_X30Y41         FDRE (Prop_fdre_C_Q)         0.518     1.491 r  u_rq/param3_reg[69]/Q
                         net (fo=162, estimated)      0.782     2.273    u_rq/p_0_in[5]
    SLICE_X31Y41                                                      r  u_rq/rq[7]_i_692/I0
    SLICE_X31Y41         LUT6 (Prop_lut6_I0_O)        0.124     2.397 r  u_rq/rq[7]_i_692/O
                         net (fo=10, estimated)       0.487     2.884    u_rq/rq[7]_i_692_n_0
    SLICE_X29Y39                                                      r  u_rq/rq[3]_i_15/I4
    SLICE_X29Y39         LUT5 (Prop_lut5_I4_O)        0.124     3.008 r  u_rq/rq[3]_i_15/O
                         net (fo=1, routed)           0.000     3.008    u_rq/rq[3]_i_15_n_0
    SLICE_X29Y39                                                      r  u_rq/rq_reg[3]_i_11/S[1]
    SLICE_X29Y39         CARRY4 (Prop_carry4_S[1]_CO[3])
                                                      0.550     3.558 r  u_rq/rq_reg[3]_i_11/CO[3]
                         net (fo=1, estimated)        0.000     3.558    u_rq/rq_reg[3]_i_11_n_0
    SLICE_X29Y40                                                      r  u_rq/rq_reg[7]_i_361/CI
    SLICE_X29Y40         CARRY4 (Prop_carry4_CI_CO[3])
                                                      0.114     3.672 r  u_rq/rq_reg[7]_i_361/CO[3]
                         net (fo=1, estimated)        0.000     3.672    u_rq/rq_reg[7]_i_361_n_0
    SLICE_X29Y41                                                      r  u_rq/rq_reg[7]_i_360/CI
    SLICE_X29Y41         CARRY4 (Prop_carry4_CI_CO[3])
                                                      0.114     3.786 r  u_rq/rq_reg[7]_i_360/CO[3]
                         net (fo=1, estimated)        0.000     3.786    u_rq/rq_reg[7]_i_360_n_0
    SLICE_X29Y42                                                      r  u_rq/rq_reg[7]_i_354/CI
    SLICE_X29Y42         CARRY4 (Prop_carry4_CI_CO[3])
                                                      0.114     3.900 r  u_rq/rq_reg[7]_i_354/CO[3]
                         net (fo=1, estimated)        0.000     3.900    u_rq/rq_reg[7]_i_354_n_0
    SLICE_X29Y43                                                      r  u_rq/rq_reg[7]_i_357/CI
    SLICE_X29Y43         CARRY4 (Prop_carry4_CI_CO[3])
                                                      0.114     4.014 r  u_rq/rq_reg[7]_i_357/CO[3]
                         net (fo=1, estimated)        0.000     4.014    u_rq/rq_reg[7]_i_357_n_0
    SLICE_X29Y44                                                      r  u_rq/rq_reg[7]_i_351/CI
    SLICE_X29Y44         CARRY4 (Prop_carry4_CI_CO[3])
                                                      0.114     4.128 r  u_rq/rq_reg[7]_i_351/CO[3]
                         net (fo=1, estimated)        0.000     4.128    u_rq/rq_reg[7]_i_351_n_0
    SLICE_X29Y45                                                      r  u_rq/rq_reg[7]_i_358/CI
    SLICE_X29Y45         CARRY4 (Prop_carry4_CI_CO[3])
                                                      0.114     4.242 r  u_rq/rq_reg[7]_i_358/CO[3]
                         net (fo=1, estimated)        0.000     4.242    u_rq/rq_reg[7]_i_358_n_0
    SLICE_X29Y46                                                      r  u_rq/rq_reg[7]_i_352/CI
    SLICE_X29Y46         CARRY4 (Prop_carry4_CI_CO[3])
                                                      0.114     4.356 r  u_rq/rq_reg[7]_i_352/CO[3]
                         net (fo=1, estimated)        0.000     4.356    u_rq/rq_reg[7]_i_352_n_0
    SLICE_X29Y47                                                      r  u_rq/rq_reg[7]_i_355/CI
    SLICE_X29Y47         CARRY4 (Prop_carry4_CI_CO[3])
                                                      0.114     4.470 r  u_rq/rq_reg[7]_i_355/CO[3]
                         net (fo=1, estimated)        0.000     4.470    u_rq/rq_reg[7]_i_355_n_0
    SLICE_X29Y48                                                      r  u_rq/rq_reg[7]_i_349/CI
    SLICE_X29Y48         CARRY4 (Prop_carry4_CI_CO[3])
                                                      0.114     4.584 r  u_rq/rq_reg[7]_i_349/CO[3]
                         net (fo=1, estimated)        0.000     4.584    u_rq/rq_reg[7]_i_349_n_0
    SLICE_X29Y49                                                      r  u_rq/rq_reg[7]_i_359/CI
    SLICE_X29Y49         CARRY4 (Prop_carry4_CI_CO[3])
                                                      0.114     4.698 r  u_rq/rq_reg[7]_i_359/CO[3]
                         net (fo=1, estimated)        0.000     4.698    u_rq/rq_reg[7]_i_359_n_0
    SLICE_X29Y50                                                      r  u_rq/rq_reg[7]_i_353/CI
    SLICE_X29Y50         CARRY4 (Prop_carry4_CI_CO[3])
                                                      0.114     4.812 r  u_rq/rq_reg[7]_i_353/CO[3]
                         net (fo=1, estimated)        0.000     4.812    u_rq/rq_reg[7]_i_353_n_0
    SLICE_X29Y51                                                      r  u_rq/rq_reg[7]_i_356/CI
    SLICE_X29Y51         CARRY4 (Prop_carry4_CI_CO[3])
                                                      0.114     4.926 r  u_rq/rq_reg[7]_i_356/CO[3]
                         net (fo=1, estimated)        0.000     4.926    u_rq/rq_reg[7]_i_356_n_0
    SLICE_X29Y52                                                      r  u_rq/rq_reg[7]_i_350/CI
    SLICE_X29Y52         CARRY4 (Prop_carry4_CI_CO[3])
                                                      0.114     5.040 r  u_rq/rq_reg[7]_i_350/CO[3]
                         net (fo=1, estimated)        0.000     5.040    u_rq/rq_reg[7]_i_350_n_0
    SLICE_X29Y53                                                      r  u_rq/rq_reg[7]_i_292/CI
    SLICE_X29Y53         CARRY4 (Prop_carry4_CI_CO[3])
                                                      0.114     5.154 r  u_rq/rq_reg[7]_i_292/CO[3]
                         net (fo=1, estimated)        0.000     5.154    u_rq/rq_reg[7]_i_292_n_0
    SLICE_X29Y54                                                      r  u_rq/rq_reg[7]_i_133/CI
    SLICE_X29Y54         CARRY4 (Prop_carry4_CI_O[3])
                                                      0.313     5.467 r  u_rq/rq_reg[7]_i_133/O[3]
                         net (fo=64, estimated)       0.663     6.130    u_rq/rq_reg[7]_i_133_n_4
    SLICE_X26Y54                                                      r  u_rq/rq[7]_i_962/I0
    SLICE_X26Y54         LUT6 (Prop_lut6_I0_O)        0.306     6.436 r  u_rq/rq[7]_i_962/O
                         net (fo=4, estimated)        0.686     7.122    u_rq/rq[7]_i_962_n_0
    SLICE_X30Y54                                                      r  u_rq/rq[7]_i_954/I0
    SLICE_X30Y54         LUT6 (Prop_lut6_I0_O)        0.124     7.246 r  u_rq/rq[7]_i_954/O
                         net (fo=4, estimated)        0.932     8.178    u_rq/rq[7]_i_954_n_0
    SLICE_X32Y57                                                      r  u_rq/rq[7]_i_854/I1
    SLICE_X32Y57         LUT6 (Prop_lut6_I1_O)        0.124     8.302 r  u_rq/rq[7]_i_854/O
                         net (fo=1, routed)           0.000     8.302    u_rq/acc_sh10_in[16]
    SLICE_X32Y57                                                      r  u_rq/rq_reg[7]_i_724/I0
    SLICE_X32Y57         MUXF7 (Prop_muxf7_I0_O)      0.241     8.543 r  u_rq/rq_reg[7]_i_724/O
                         net (fo=4, estimated)        0.612     9.155    u_rq/rq_reg[7]_i_724_n_0
    SLICE_X34Y58                                                      r  u_rq/rq[7]_i_806/I1
    SLICE_X34Y58         LUT6 (Prop_lut6_I1_O)        0.298     9.453 r  u_rq/rq[7]_i_806/O
                         net (fo=1, estimated)        0.474     9.927    u_rq/rq[7]_i_806_n_0
    SLICE_X35Y57                                                      r  u_rq/rq_reg[7]_i_693/DI[1]
    SLICE_X35Y57         CARRY4 (Prop_carry4_DI[1]_CO[3])
                                                      0.507    10.434 r  u_rq/rq_reg[7]_i_693/CO[3]
                         net (fo=1, estimated)        0.000    10.434    u_rq/rq_reg[7]_i_693_n_0
    SLICE_X35Y58                                                      r  u_rq/rq_reg[7]_i_585/CI
    SLICE_X35Y58         CARRY4 (Prop_carry4_CI_CO[3])
                                                      0.114    10.548 r  u_rq/rq_reg[7]_i_585/CO[3]
                         net (fo=1, estimated)        0.000    10.548    u_rq/rq_reg[7]_i_585_n_0
    SLICE_X35Y59                                                      r  u_rq/rq_reg[7]_i_379/CI
    SLICE_X35Y59         CARRY4 (Prop_carry4_CI_CO[3])
                                                      0.114    10.662 r  u_rq/rq_reg[7]_i_379/CO[3]
                         net (fo=1, estimated)        0.000    10.662    u_rq/rq_reg[7]_i_379_n_0
    SLICE_X35Y60                                                      r  u_rq/rq_reg[7]_i_229/CI
    SLICE_X35Y60         CARRY4 (Prop_carry4_CI_CO[3])
                                                      0.114    10.776 r  u_rq/rq_reg[7]_i_229/CO[3]
                         net (fo=1, estimated)        0.000    10.776    u_rq/rq_reg[7]_i_229_n_0
    SLICE_X35Y61                                                      r  u_rq/rq_reg[7]_i_98/CI
    SLICE_X35Y61         CARRY4 (Prop_carry4_CI_CO[3])
                                                      0.114    10.890 r  u_rq/rq_reg[7]_i_98/CO[3]
                         net (fo=1, estimated)        0.000    10.890    u_rq/rq_reg[7]_i_98_n_0
    SLICE_X35Y62                                                      r  u_rq/rq_reg[7]_i_35/CI
    SLICE_X35Y62         CARRY4 (Prop_carry4_CI_CO[3])
                                                      0.114    11.004 r  u_rq/rq_reg[7]_i_35/CO[3]
                         net (fo=1, estimated)        0.000    11.004    u_rq/rq_reg[7]_i_35_n_0
    SLICE_X35Y63                                                      r  u_rq/rq_reg[7]_i_8/CI
    SLICE_X35Y63         CARRY4 (Prop_carry4_CI_CO[0])
                                                      0.271    11.275 r  u_rq/rq_reg[7]_i_8/CO[0]
                         net (fo=8, estimated)        0.449    11.724    u_rq/acc_sat2
    SLICE_X35Y64                                                      r  u_rq/rq[0]_i_4/I1
    SLICE_X35Y64         LUT3 (Prop_lut3_I1_O)        0.373    12.097 r  u_rq/rq[0]_i_4/O
                         net (fo=1, estimated)        0.151    12.248    u_rq/rq[0]_i_4_n_0
    SLICE_X35Y64                                                      r  u_rq/rq[0]_i_1/I5
    SLICE_X35Y64         LUT6 (Prop_lut6_I5_O)        0.124    12.372 r  u_rq/rq[0]_i_1/O
                         net (fo=1, routed)           0.000    12.372    u_rq/rq[0]_i_1_n_0
    SLICE_X35Y64         FDRE                                         r  u_rq/rq_reg[0]/D
  -------------------------------------------------------------------    -------------------

                         (clock ACLK rise edge)      10.000    10.000 r  
                                                      0.000    10.000 r  clk (IN)
                         net (fo=866, unset)          0.924    10.924    u_rq/clk
    SLICE_X35Y64         FDRE                                         r  u_rq/rq_reg[0]/C
                         clock pessimism              0.000    10.924    
                         clock uncertainty           -0.035    10.889    
    SLICE_X35Y64         FDRE (Setup_fdre_C_D)        0.031    10.920    u_rq/rq_reg[0]
  -------------------------------------------------------------------
                         required time                         10.920    
                         arrival time                         -12.372    
  -------------------------------------------------------------------
                         slack                                 -1.452    




